  ▲ Next.js 14.2.35
  - Environments: .env.production, .env
  - Experiments (use with caution):
    · instrumentationHook

   Creating an optimized production build ...
 ⚠ Compiled with warnings

./node_modules/bullmq/dist/esm/classes/child-processor.js
Critical dependency: the request of a dependency is an expression

Import trace for requested module:
./node_modules/bullmq/dist/esm/classes/child-processor.js
./node_modules/bullmq/dist/esm/classes/index.js
./node_modules/bullmq/dist/esm/index.js
./src/app/api/lip-sync/status/[jobId]/route.ts

   Linting and checking validity of types ...
   Collecting page data ...
{"level":"error","message":"Redis cache error","timestamp":"2026-02-16T06:36:37.620Z","error":{"message":"","stack":"AggregateError [ECONNREFUSED]: \n    at internalConnectMultiple (node:net:1122:18)\n    at afterConnectMultiple (node:net:1689:7)","name":"AggregateError"}}
{"level":"warn","message":"Failed to connect to Redis cache","timestamp":"2026-02-16T06:36:37.640Z","error":"Connection is closed."}
{"level":"error","message":"Redis cache error","timestamp":"2026-02-16T06:36:37.962Z","error":{"message":"","stack":"AggregateError [ECONNREFUSED]: \n    at internalConnectMultiple (node:net:1122:18)\n    at afterConnectMultiple (node:net:1689:7)","name":"AggregateError"}}
AggregateError [ECONNREFUSED]: 
    at internalConnectMultiple (node:net:1122:18)
    at afterConnectMultiple (node:net:1689:7) {
  code: 'ECONNREFUSED',
  [errors]: [
    Error: connect ECONNREFUSED ::1:6379
        at createConnectionError (node:net:1652:14)
        at afterConnectMultiple (node:net:1682:16) {
      errno: -111,
      code: 'ECONNREFUSED',
      syscall: 'connect',
      address: '::1',
      port: 6379
    },
    Error: connect ECONNREFUSED 127.0.0.1:6379
        at createConnectionError (node:net:1652:14)
        at afterConnectMultiple (node:net:1682:16) {
      errno: -111,
      code: 'ECONNREFUSED',
      syscall: 'connect',
      address: '127.0.0.1',
      port: 6379
    }
  ]
}
{"level":"warn","message":"Failed to connect to Redis cache","timestamp":"2026-02-16T06:36:37.968Z","error":"Connection is closed."}
{"level":"error","message":"Redis cache error","timestamp":"2026-02-16T06:36:37.979Z","error":{"message":"","stack":"AggregateError [ECONNREFUSED]: \n    at internalConnectMultiple (node:net:1122:18)\n    at afterConnectMultiple (node:net:1689:7)","name":"AggregateError"}}
AggregateError [ECONNREFUSED]: 
    at internalConnectMultiple (node:net:1122:18)
    at afterConnectMultiple (node:net:1689:7) {
  code: 'ECONNREFUSED',
  [errors]: [
    Error: connect ECONNREFUSED ::1:6379
        at createConnectionError (node:net:1652:14)
        at afterConnectMultiple (node:net:1682:16) {
      errno: -111,
      code: 'ECONNREFUSED',
      syscall: 'connect',
      address: '::1',
      port: 6379
    },
    Error: connect ECONNREFUSED 127.0.0.1:6379
        at createConnectionError (node:net:1652:14)
        at afterConnectMultiple (node:net:1682:16) {
      errno: -111,
      code: 'ECONNREFUSED',
      syscall: 'connect',
      address: '127.0.0.1',
      port: 6379
    }
  ]
}
AggregateError [ECONNREFUSED]: 
    at internalConnectMultiple (node:net:1122:18)
    at afterConnectMultiple (node:net:1689:7) {
  code: 'ECONNREFUSED',
  [errors]: [
    Error: connect ECONNREFUSED ::1:6379
        at createConnectionError (node:net:1652:14)
        at afterConnectMultiple (node:net:1682:16) {
      errno: -111,
      code: 'ECONNREFUSED',
      syscall: 'connect',
      address: '::1',
      port: 6379
    },
    Error: connect ECONNREFUSED 127.0.0.1:6379
        at createConnectionError (node:net:1652:14)
        at afterConnectMultiple (node:net:1682:16) {
      errno: -111,
      code: 'ECONNREFUSED',
      syscall: 'connect',
      address: '127.0.0.1',
      port: 6379
    }
  ]
}
AggregateError [ECONNREFUSED]: 
    at internalConnectMultiple (node:net:1122:18)
    at afterConnectMultiple (node:net:1689:7) {
  code: 'ECONNREFUSED',
  [errors]: [
    Error: connect ECONNREFUSED ::1:6379
        at createConnectionError (node:net:1652:14)
        at afterConnectMultiple (node:net:1682:16) {
      errno: -111,
      code: 'ECONNREFUSED',
      syscall: 'connect',
      address: '::1',
      port: 6379
    },
    Error: connect ECONNREFUSED 127.0.0.1:6379
        at createConnectionError (node:net:1652:14)
        at afterConnectMultiple (node:net:1682:16) {
      errno: -111,
      code: 'ECONNREFUSED',
      syscall: 'connect',
      address: '127.0.0.1',
      port: 6379
    }
  ]
}
AggregateError [ECONNREFUSED]: 
    at internalConnectMultiple (node:net:1122:18)
    at afterConnectMultiple (node:net:1689:7)
    at TCPConnectWrap.callbackTrampoline (node:internal/async_hooks:130:17) {
  code: 'ECONNREFUSED',
  [errors]: [
    Error: connect ECONNREFUSED ::1:6379
        at createConnectionError (node:net:1652:14)
        at afterConnectMultiple (node:net:1682:16)
        at TCPConnectWrap.callbackTrampoline (node:internal/async_hooks:130:17) {
      errno: -111,
      code: 'ECONNREFUSED',
      syscall: 'connect',
      address: '::1',
      port: 6379
    },
    Error: connect ECONNREFUSED 127.0.0.1:6379
        at createConnectionError (node:net:1652:14)
        at afterConnectMultiple (node:net:1682:16)
        at TCPConnectWrap.callbackTrampoline (node:internal/async_hooks:130:17) {
      errno: -111,
      code: 'ECONNREFUSED',
      syscall: 'connect',
      address: '127.0.0.1',
      port: 6379
    }
  ]
}
{"level":"error","message":"Redis cache error","timestamp":"2026-02-16T06:36:38.081Z","error":{"message":"","stack":"AggregateError [ECONNREFUSED]: \n    at internalConnectMultiple (node:net:1122:18)\n    at afterConnectMultiple (node:net:1689:7)\n    at TCPConnectWrap.callbackTrampoline (node:internal/async_hooks:130:17)","name":"AggregateError"}}
AggregateError [ECONNREFUSED]: 
    at internalConnectMultiple (node:net:1122:18)
    at afterConnectMultiple (node:net:1689:7)
    at TCPConnectWrap.callbackTrampoline (node:internal/async_hooks:130:17) {
  code: 'ECONNREFUSED',
  [errors]: [
    Error: connect ECONNREFUSED ::1:6379
        at createConnectionError (node:net:1652:14)
        at afterConnectMultiple (node:net:1682:16)
        at TCPConnectWrap.callbackTrampoline (node:internal/async_hooks:130:17) {
      errno: -111,
      code: 'ECONNREFUSED',
      syscall: 'connect',
      address: '::1',
      port: 6379
    },
    Error: connect ECONNREFUSED 127.0.0.1:6379
        at createConnectionError (node:net:1652:14)
        at afterConnectMultiple (node:net:1682:16)
        at TCPConnectWrap.callbackTrampoline (node:internal/async_hooks:130:17) {
      errno: -111,
      code: 'ECONNREFUSED',
      syscall: 'connect',
      address: '127.0.0.1',
      port: 6379
    }
  ]
}
{"level":"error","message":"Redis cache error","timestamp":"2026-02-16T06:36:38.244Z","error":{"message":"","stack":"AggregateError [ECONNREFUSED]: \n    at internalConnectMultiple (node:net:1122:18)\n    at afterConnectMultiple (node:net:1689:7)","name":"AggregateError"}}
{"level":"warn","message":"Failed to connect to Redis cache","timestamp":"2026-02-16T06:36:38.254Z","error":"Connection is closed."}
AggregateError [ECONNREFUSED]: 
    at internalConnectMultiple (node:net:1122:18)
    at afterConnectMultiple (node:net:1689:7)
    at TCPConnectWrap.callbackTrampoline (node:internal/async_hooks:130:17) {
  code: 'ECONNREFUSED',
  [errors]: [
    Error: connect ECONNREFUSED ::1:6379
        at createConnectionError (node:net:1652:14)
        at afterConnectMultiple (node:net:1682:16)
        at TCPConnectWrap.callbackTrampoline (node:internal/async_hooks:130:17) {
      errno: -111,
      code: 'ECONNREFUSED',
      syscall: 'connect',
      address: '::1',
      port: 6379
    },
    Error: connect ECONNREFUSED 127.0.0.1:6379
        at createConnectionError (node:net:1652:14)
        at afterConnectMultiple (node:net:1682:16)
        at TCPConnectWrap.callbackTrampoline (node:internal/async_hooks:130:17) {
      errno: -111,
      code: 'ECONNREFUSED',
      syscall: 'connect',
      address: '127.0.0.1',
      port: 6379
    }
  ]
}
AggregateError [ECONNREFUSED]: 
    at internalConnectMultiple (node:net:1122:18)
    at afterConnectMultiple (node:net:1689:7)
    at TCPConnectWrap.callbackTrampoline (node:internal/async_hooks:130:17) {
  code: 'ECONNREFUSED',
  [errors]: [
    Error: connect ECONNREFUSED ::1:6379
        at createConnectionError (node:net:1652:14)
        at afterConnectMultiple (node:net:1682:16)
        at TCPConnectWrap.callbackTrampoline (node:internal/async_hooks:130:17) {
      errno: -111,
      code: 'ECONNREFUSED',
      syscall: 'connect',
      address: '::1',
      port: 6379
    },
    Error: connect ECONNREFUSED 127.0.0.1:6379
        at createConnectionError (node:net:1652:14)
        at afterConnectMultiple (node:net:1682:16)
        at TCPConnectWrap.callbackTrampoline (node:internal/async_hooks:130:17) {
      errno: -111,
      code: 'ECONNREFUSED',
      syscall: 'connect',
      address: '127.0.0.1',
      port: 6379
    }
  ]
}
{"level":"error","message":"Redis cache error","timestamp":"2026-02-16T06:36:38.295Z","error":{"message":"","stack":"AggregateError [ECONNREFUSED]: \n    at internalConnectMultiple (node:net:1122:18)\n    at afterConnectMultiple (node:net:1689:7)\n    at TCPConnectWrap.callbackTrampoline (node:internal/async_hooks:130:17)","name":"AggregateError"}}
AggregateError [ECONNREFUSED]: 
    at internalConnectMultiple (node:net:1122:18)
    at afterConnectMultiple (node:net:1689:7)
    at TCPConnectWrap.callbackTrampoline (node:internal/async_hooks:130:17) {
  code: 'ECONNREFUSED',
  [errors]: [
    Error: connect ECONNREFUSED ::1:6379
        at createConnectionError (node:net:1652:14)
        at afterConnectMultiple (node:net:1682:16)
        at TCPConnectWrap.callbackTrampoline (node:internal/async_hooks:130:17) {
      errno: -111,
      code: 'ECONNREFUSED',
      syscall: 'connect',
      address: '::1',
      port: 6379
    },
    Error: connect ECONNREFUSED 127.0.0.1:6379
        at createConnectionError (node:net:1652:14)
        at afterConnectMultiple (node:net:1682:16)
        at TCPConnectWrap.callbackTrampoline (node:internal/async_hooks:130:17) {
      errno: -111,
      code: 'ECONNREFUSED',
      syscall: 'connect',
      address: '127.0.0.1',
      port: 6379
    }
  ]
}
{"level":"error","message":"Redis cache error","timestamp":"2026-02-16T06:36:38.321Z","error":{"message":"","stack":"AggregateError [ECONNREFUSED]: \n    at internalConnectMultiple (node:net:1122:18)\n    at afterConnectMultiple (node:net:1689:7)\n    at TCPConnectWrap.callbackTrampoline (node:internal/async_hooks:130:17)","name":"AggregateError"}}
AggregateError [ECONNREFUSED]: 
    at internalConnectMultiple (node:net:1122:18)
    at afterConnectMultiple (node:net:1689:7)
    at TCPConnectWrap.callbackTrampoline (node:internal/async_hooks:130:17) {
  code: 'ECONNREFUSED',
  [errors]: [
    Error: connect ECONNREFUSED ::1:6379
        at createConnectionError (node:net:1652:14)
        at afterConnectMultiple (node:net:1682:16)
        at TCPConnectWrap.callbackTrampoline (node:internal/async_hooks:130:17) {
      errno: -111,
      code: 'ECONNREFUSED',
      syscall: 'connect',
      address: '::1',
      port: 6379
    },
    Error: connect ECONNREFUSED 127.0.0.1:6379
        at createConnectionError (node:net:1652:14)
        at afterConnectMultiple (node:net:1682:16)
        at TCPConnectWrap.callbackTrampoline (node:internal/async_hooks:130:17) {
      errno: -111,
      code: 'ECONNREFUSED',
      syscall: 'connect',
      address: '127.0.0.1',
      port: 6379
    }
  ]
}
AggregateError [ECONNREFUSED]: 
    at internalConnectMultiple (node:net:1122:18)
    at afterConnectMultiple (node:net:1689:7)
    at TCPConnectWrap.callbackTrampoline (node:internal/async_hooks:130:17) {
  code: 'ECONNREFUSED',
  [errors]: [
    Error: connect ECONNREFUSED ::1:6379
        at createConnectionError (node:net:1652:14)
        at afterConnectMultiple (node:net:1682:16)
        at TCPConnectWrap.callbackTrampoline (node:internal/async_hooks:130:17) {
      errno: -111,
      code: 'ECONNREFUSED',
      syscall: 'connect',
      address: '::1',
      port: 6379
    },
    Error: connect ECONNREFUSED 127.0.0.1:6379
        at createConnectionError (node:net:1652:14)
        at afterConnectMultiple (node:net:1682:16)
        at TCPConnectWrap.callbackTrampoline (node:internal/async_hooks:130:17) {
      errno: -111,
      code: 'ECONNREFUSED',
      syscall: 'connect',
      address: '127.0.0.1',
      port: 6379
    }
  ]
}
AggregateError [ECONNREFUSED]: 
    at internalConnectMultiple (node:net:1122:18)
    at afterConnectMultiple (node:net:1689:7)
    at TCPConnectWrap.callbackTrampoline (node:internal/async_hooks:130:17) {
  code: 'ECONNREFUSED',
  [errors]: [
    Error: connect ECONNREFUSED ::1:6379
        at createConnectionError (node:net:1652:14)
        at afterConnectMultiple (node:net:1682:16)
        at TCPConnectWrap.callbackTrampoline (node:internal/async_hooks:130:17) {
      errno: -111,
      code: 'ECONNREFUSED',
      syscall: 'connect',
      address: '::1',
      port: 6379
    },
    Error: connect ECONNREFUSED 127.0.0.1:6379
        at createConnectionError (node:net:1652:14)
        at afterConnectMultiple (node:net:1682:16)
        at TCPConnectWrap.callbackTrampoline (node:internal/async_hooks:130:17) {
      errno: -111,
      code: 'ECONNREFUSED',
      syscall: 'connect',
      address: '127.0.0.1',
      port: 6379
    }
  ]
}
{"level":"error","message":"Redis cache error","timestamp":"2026-02-16T06:36:38.467Z","error":{"message":"","stack":"AggregateError [ECONNREFUSED]: \n    at internalConnectMultiple (node:net:1122:18)\n    at afterConnectMultiple (node:net:1689:7)\n    at TCPConnectWrap.callbackTrampoline (node:internal/async_hooks:130:17)","name":"AggregateError"}}
BullMQ: WARNING! Your redis options maxRetriesPerRequest must be null and will be overridden by BullMQ.
{"level":"error","message":"Redis connection error","timestamp":"2026-02-16T06:36:38.590Z","error":{"message":"","stack":"AggregateError [ECONNREFUSED]: \n    at internalConnectMultiple (node:net:1122:18)\n    at afterConnectMultiple (node:net:1689:7)\n    at TCPConnectWrap.callbackTrampoline (node:internal/async_hooks:130:17)","name":"AggregateError"}}
AggregateError [ECONNREFUSED]: 
    at internalConnectMultiple (node:net:1122:18)
    at afterConnectMultiple (node:net:1689:7)
    at TCPConnectWrap.callbackTrampoline (node:internal/async_hooks:130:17) {
  code: 'ECONNREFUSED',
  [errors]: [
    Error: connect ECONNREFUSED ::1:6379
        at createConnectionError (node:net:1652:14)
        at afterConnectMultiple (node:net:1682:16)
        at TCPConnectWrap.callbackTrampoline (node:internal/async_hooks:130:17) {
      errno: -111,
      code: 'ECONNREFUSED',
      syscall: 'connect',
      address: '::1',
      port: 6379
    },
    Error: connect ECONNREFUSED 127.0.0.1:6379
        at createConnectionError (node:net:1652:14)
        at afterConnectMultiple (node:net:1682:16)
        at TCPConnectWrap.callbackTrampoline (node:internal/async_hooks:130:17) {
      errno: -111,
      code: 'ECONNREFUSED',
      syscall: 'connect',
      address: '127.0.0.1',
      port: 6379
    }
  ]
}
AggregateError [ECONNREFUSED]: 
    at internalConnectMultiple (node:net:1122:18)
    at afterConnectMultiple (node:net:1689:7)
    at TCPConnectWrap.callbackTrampoline (node:internal/async_hooks:130:17) {
  code: 'ECONNREFUSED',
  [errors]: [
    Error: connect ECONNREFUSED ::1:6379
        at createConnectionError (node:net:1652:14)
        at afterConnectMultiple (node:net:1682:16)
        at TCPConnectWrap.callbackTrampoline (node:internal/async_hooks:130:17) {
      errno: -111,
      code: 'ECONNREFUSED',
      syscall: 'connect',
      address: '::1',
      port: 6379
    },
    Error: connect ECONNREFUSED 127.0.0.1:6379
        at createConnectionError (node:net:1652:14)
        at afterConnectMultiple (node:net:1682:16)
        at TCPConnectWrap.callbackTrampoline (node:internal/async_hooks:130:17) {
      errno: -111,
      code: 'ECONNREFUSED',
      syscall: 'connect',
      address: '127.0.0.1',
      port: 6379
    }
  ]
}
AggregateError [ECONNREFUSED]: 
    at internalConnectMultiple (node:net:1122:18)
    at afterConnectMultiple (node:net:1689:7)
    at TCPConnectWrap.callbackTrampoline (node:internal/async_hooks:130:17) {
  code: 'ECONNREFUSED',
  [errors]: [
    Error: connect ECONNREFUSED ::1:6379
        at createConnectionError (node:net:1652:14)
        at afterConnectMultiple (node:net:1682:16)
        at TCPConnectWrap.callbackTrampoline (node:internal/async_hooks:130:17) {
      errno: -111,
      code: 'ECONNREFUSED',
      syscall: 'connect',
      address: '::1',
      port: 6379
    },
    Error: connect ECONNREFUSED 127.0.0.1:6379
        at createConnectionError (node:net:1652:14)
        at afterConnectMultiple (node:net:1682:16)
        at TCPConnectWrap.callbackTrampoline (node:internal/async_hooks:130:17) {
      errno: -111,
      code: 'ECONNREFUSED',
      syscall: 'connect',
      address: '127.0.0.1',
      port: 6379
    }
  ]
}
AggregateError [ECONNREFUSED]: 
    at internalConnectMultiple (node:net:1122:18)
    at afterConnectMultiple (node:net:1689:7)
    at TCPConnectWrap.callbackTrampoline (node:internal/async_hooks:130:17) {
  code: 'ECONNREFUSED',
  [errors]: [
    Error: connect ECONNREFUSED ::1:6379
        at createConnectionError (node:net:1652:14)
        at afterConnectMultiple (node:net:1682:16)
        at TCPConnectWrap.callbackTrampoline (node:internal/async_hooks:130:17) {
      errno: -111,
      code: 'ECONNREFUSED',
      syscall: 'connect',
      address: '::1',
      port: 6379
    },
    Error: connect ECONNREFUSED 127.0.0.1:6379
        at createConnectionError (node:net:1652:14)
        at afterConnectMultiple (node:net:1682:16)
        at TCPConnectWrap.callbackTrampoline (node:internal/async_hooks:130:17) {
      errno: -111,
      code: 'ECONNREFUSED',
      syscall: 'connect',
      address: '127.0.0.1',
      port: 6379
    }
  ]
}
{"level":"warn","message":"Redis connection closed","timestamp":"2026-02-16T06:36:38.601Z","service":"RenderQueue"}
{"level":"error","message":"Redis connection error","timestamp":"2026-02-16T06:36:38.816Z","error":{"message":"","stack":"AggregateError [ECONNREFUSED]: \n    at internalConnectMultiple (node:net:1122:18)\n    at afterConnectMultiple (node:net:1689:7)\n    at TCPConnectWrap.callbackTrampoline (node:internal/async_hooks:130:17)","name":"AggregateError"}}
{"level":"error","message":"Redis cache error","timestamp":"2026-02-16T06:36:38.817Z","error":{"message":"","stack":"AggregateError [ECONNREFUSED]: \n    at internalConnectMultiple (node:net:1122:18)\n    at afterConnectMultiple (node:net:1689:7)\n    at TCPConnectWrap.callbackTrampoline (node:internal/async_hooks:130:17)","name":"AggregateError"}}
{"level":"warn","message":"Redis connection closed","timestamp":"2026-02-16T06:36:38.818Z","service":"RenderQueue"}
AggregateError [ECONNREFUSED]: 
    at internalConnectMultiple (node:net:1122:18)
    at afterConnectMultiple (node:net:1689:7)
    at TCPConnectWrap.callbackTrampoline (node:internal/async_hooks:130:17) {
  code: 'ECONNREFUSED',
  [errors]: [
    Error: connect ECONNREFUSED ::1:6379
        at createConnectionError (node:net:1652:14)
        at afterConnectMultiple (node:net:1682:16)
        at TCPConnectWrap.callbackTrampoline (node:internal/async_hooks:130:17) {
      errno: -111,
      code: 'ECONNREFUSED',
      syscall: 'connect',
      address: '::1',
      port: 6379
    },
    Error: connect ECONNREFUSED 127.0.0.1:6379
        at createConnectionError (node:net:1652:14)
        at afterConnectMultiple (node:net:1682:16)
        at TCPConnectWrap.callbackTrampoline (node:internal/async_hooks:130:17) {
      errno: -111,
      code: 'ECONNREFUSED',
      syscall: 'connect',
      address: '127.0.0.1',
      port: 6379
    }
  ]
}
AggregateError [ECONNREFUSED]: 
    at internalConnectMultiple (node:net:1122:18)
    at afterConnectMultiple (node:net:1689:7)
    at TCPConnectWrap.callbackTrampoline (node:internal/async_hooks:130:17) {
  code: 'ECONNREFUSED',
  [errors]: [
    Error: connect ECONNREFUSED ::1:6379
        at createConnectionError (node:net:1652:14)
        at afterConnectMultiple (node:net:1682:16)
        at TCPConnectWrap.callbackTrampoline (node:internal/async_hooks:130:17) {
      errno: -111,
      code: 'ECONNREFUSED',
      syscall: 'connect',
      address: '::1',
      port: 6379
    },
    Error: connect ECONNREFUSED 127.0.0.1:6379
        at createConnectionError (node:net:1652:14)
        at afterConnectMultiple (node:net:1682:16)
        at TCPConnectWrap.callbackTrampoline (node:internal/async_hooks:130:17) {
      errno: -111,
      code: 'ECONNREFUSED',
      syscall: 'connect',
      address: '127.0.0.1',
      port: 6379
    }
  ]
}
{"level":"error","message":"Redis connection error","timestamp":"2026-02-16T06:36:38.939Z","error":{"message":"","stack":"AggregateError [ECONNREFUSED]: \n    at internalConnectMultiple (node:net:1122:18)\n    at afterConnectMultiple (node:net:1689:7)\n    at TCPConnectWrap.callbackTrampoline (node:internal/async_hooks:130:17)","name":"AggregateError"}}
{"level":"warn","message":"Redis connection closed","timestamp":"2026-02-16T06:36:38.940Z","service":"RenderQueue"}
BullMQ: WARNING! Your redis options maxRetriesPerRequest must be null and will be overridden by BullMQ.
AggregateError [ECONNREFUSED]: 
    at internalConnectMultiple (node:net:1122:18)
    at afterConnectMultiple (node:net:1689:7) {
  code: 'ECONNREFUSED',
  [errors]: [
    Error: connect ECONNREFUSED ::1:6379
        at createConnectionError (node:net:1652:14)
        at afterConnectMultiple (node:net:1682:16) {
      errno: -111,
      code: 'ECONNREFUSED',
      syscall: 'connect',
      address: '::1',
      port: 6379
    },
    Error: connect ECONNREFUSED 127.0.0.1:6379
        at createConnectionError (node:net:1652:14)
        at afterConnectMultiple (node:net:1682:16) {
      errno: -111,
      code: 'ECONNREFUSED',
      syscall: 'connect',
      address: '127.0.0.1',
      port: 6379
    }
  ]
}
AggregateError [ECONNREFUSED]: 
    at internalConnectMultiple (node:net:1122:18)
    at afterConnectMultiple (node:net:1689:7) {
  code: 'ECONNREFUSED',
  [errors]: [
    Error: connect ECONNREFUSED ::1:6379
        at createConnectionError (node:net:1652:14)
        at afterConnectMultiple (node:net:1682:16) {
      errno: -111,
      code: 'ECONNREFUSED',
      syscall: 'connect',
      address: '::1',
      port: 6379
    },
    Error: connect ECONNREFUSED 127.0.0.1:6379
        at createConnectionError (node:net:1652:14)
        at afterConnectMultiple (node:net:1682:16) {
      errno: -111,
      code: 'ECONNREFUSED',
      syscall: 'connect',
      address: '127.0.0.1',
      port: 6379
    }
  ]
}
AggregateError [ECONNREFUSED]: 
    at internalConnectMultiple (node:net:1122:18)
    at afterConnectMultiple (node:net:1689:7) {
  code: 'ECONNREFUSED',
  [errors]: [
    Error: connect ECONNREFUSED ::1:6379
        at createConnectionError (node:net:1652:14)
        at afterConnectMultiple (node:net:1682:16) {
      errno: -111,
      code: 'ECONNREFUSED',
      syscall: 'connect',
      address: '::1',
      port: 6379
    },
    Error: connect ECONNREFUSED 127.0.0.1:6379
        at createConnectionError (node:net:1652:14)
        at afterConnectMultiple (node:net:1682:16) {
      errno: -111,
      code: 'ECONNREFUSED',
      syscall: 'connect',
      address: '127.0.0.1',
      port: 6379
    }
  ]
}
{"level":"error","message":"Redis cache error","timestamp":"2026-02-16T06:36:38.972Z","error":{"message":"","stack":"AggregateError [ECONNREFUSED]: \n    at internalConnectMultiple (node:net:1122:18)\n    at afterConnectMultiple (node:net:1689:7)","name":"AggregateError"}}
AggregateError [ECONNREFUSED]: 
    at internalConnectMultiple (node:net:1122:18)
    at afterConnectMultiple (node:net:1689:7)
    at TCPConnectWrap.callbackTrampoline (node:internal/async_hooks:130:17) {
  code: 'ECONNREFUSED',
  [errors]: [
    Error: connect ECONNREFUSED ::1:6379
        at createConnectionError (node:net:1652:14)
        at afterConnectMultiple (node:net:1682:16)
        at TCPConnectWrap.callbackTrampoline (node:internal/async_hooks:130:17) {
      errno: -111,
      code: 'ECONNREFUSED',
      syscall: 'connect',
      address: '::1',
      port: 6379
    },
    Error: connect ECONNREFUSED 127.0.0.1:6379
        at createConnectionError (node:net:1652:14)
        at afterConnectMultiple (node:net:1682:16)
        at TCPConnectWrap.callbackTrampoline (node:internal/async_hooks:130:17) {
      errno: -111,
      code: 'ECONNREFUSED',
      syscall: 'connect',
      address: '127.0.0.1',
      port: 6379
    }
  ]
}
{"level":"error","message":"Redis cache error","timestamp":"2026-02-16T06:36:38.985Z","error":{"message":"","stack":"AggregateError [ECONNREFUSED]: \n    at internalConnectMultiple (node:net:1122:18)\n    at afterConnectMultiple (node:net:1689:7)\n    at TCPConnectWrap.callbackTrampoline (node:internal/async_hooks:130:17)","name":"AggregateError"}}
AggregateError [ECONNREFUSED]: 
    at internalConnectMultiple (node:net:1122:18)
    at afterConnectMultiple (node:net:1689:7)
    at TCPConnectWrap.callbackTrampoline (node:internal/async_hooks:130:17) {
  code: 'ECONNREFUSED',
  [errors]: [
    Error: connect ECONNREFUSED ::1:6379
        at createConnectionError (node:net:1652:14)
        at afterConnectMultiple (node:net:1682:16)
        at TCPConnectWrap.callbackTrampoline (node:internal/async_hooks:130:17) {
      errno: -111,
      code: 'ECONNREFUSED',
      syscall: 'connect',
      address: '::1',
      port: 6379
    },
    Error: connect ECONNREFUSED 127.0.0.1:6379
        at createConnectionError (node:net:1652:14)
        at afterConnectMultiple (node:net:1682:16)
        at TCPConnectWrap.callbackTrampoline (node:internal/async_hooks:130:17) {
      errno: -111,
      code: 'ECONNREFUSED',
      syscall: 'connect',
      address: '127.0.0.1',
      port: 6379
    }
  ]
}
{"level":"error","message":"Redis connection error","timestamp":"2026-02-16T06:36:38.988Z","error":{"message":"","stack":"AggregateError [ECONNREFUSED]: \n    at internalConnectMultiple (node:net:1122:18)\n    at afterConnectMultiple (node:net:1689:7)\n    at TCPConnectWrap.callbackTrampoline (node:internal/async_hooks:130:17)","name":"AggregateError"}}
{"level":"warn","message":"Redis connection closed","timestamp":"2026-02-16T06:36:38.989Z","service":"RenderQueue"}
AggregateError [ECONNREFUSED]: 
    at internalConnectMultiple (node:net:1122:18)
    at afterConnectMultiple (node:net:1689:7)
    at TCPConnectWrap.callbackTrampoline (node:internal/async_hooks:130:17) {
  code: 'ECONNREFUSED',
  [errors]: [
    Error: connect ECONNREFUSED ::1:6379
        at createConnectionError (node:net:1652:14)
        at afterConnectMultiple (node:net:1682:16)
        at TCPConnectWrap.callbackTrampoline (node:internal/async_hooks:130:17) {
      errno: -111,
      code: 'ECONNREFUSED',
      syscall: 'connect',
      address: '::1',
      port: 6379
    },
    Error: connect ECONNREFUSED 127.0.0.1:6379
        at createConnectionError (node:net:1652:14)
        at afterConnectMultiple (node:net:1682:16)
        at TCPConnectWrap.callbackTrampoline (node:internal/async_hooks:130:17) {
      errno: -111,
      code: 'ECONNREFUSED',
      syscall: 'connect',
      address: '127.0.0.1',
      port: 6379
    }
  ]
}
AggregateError [ECONNREFUSED]: 
    at internalConnectMultiple (node:net:1122:18)
    at afterConnectMultiple (node:net:1689:7)
    at TCPConnectWrap.callbackTrampoline (node:internal/async_hooks:130:17) {
  code: 'ECONNREFUSED',
  [errors]: [
    Error: connect ECONNREFUSED ::1:6379
        at createConnectionError (node:net:1652:14)
        at afterConnectMultiple (node:net:1682:16)
        at TCPConnectWrap.callbackTrampoline (node:internal/async_hooks:130:17) {
      errno: -111,
      code: 'ECONNREFUSED',
      syscall: 'connect',
      address: '::1',
      port: 6379
    },
    Error: connect ECONNREFUSED 127.0.0.1:6379
        at createConnectionError (node:net:1652:14)
        at afterConnectMultiple (node:net:1682:16)
        at TCPConnectWrap.callbackTrampoline (node:internal/async_hooks:130:17) {
      errno: -111,
      code: 'ECONNREFUSED',
      syscall: 'connect',
      address: '127.0.0.1',
      port: 6379
    }
  ]
}
{"level":"error","message":"Redis connection error","timestamp":"2026-02-16T06:36:39.066Z","error":{"message":"","stack":"AggregateError [ECONNREFUSED]: \n    at internalConnectMultiple (node:net:1122:18)\n    at afterConnectMultiple (node:net:1689:7)\n    at TCPConnectWrap.callbackTrampoline (node:internal/async_hooks:130:17)","name":"AggregateError"}}
{"level":"warn","message":"Redis connection closed","timestamp":"2026-02-16T06:36:39.066Z","service":"RenderQueue"}
AggregateError [ECONNREFUSED]: 
    at internalConnectMultiple (node:net:1122:18)
    at afterConnectMultiple (node:net:1689:7)
    at TCPConnectWrap.callbackTrampoline (node:internal/async_hooks:130:17) {
  code: 'ECONNREFUSED',
  [errors]: [
    Error: connect ECONNREFUSED ::1:6379
        at createConnectionError (node:net:1652:14)
        at afterConnectMultiple (node:net:1682:16)
        at TCPConnectWrap.callbackTrampoline (node:internal/async_hooks:130:17) {
      errno: -111,
      code: 'ECONNREFUSED',
      syscall: 'connect',
      address: '::1',
      port: 6379
    },
    Error: connect ECONNREFUSED 127.0.0.1:6379
        at createConnectionError (node:net:1652:14)
        at afterConnectMultiple (node:net:1682:16)
        at TCPConnectWrap.callbackTrampoline (node:internal/async_hooks:130:17) {
      errno: -111,
      code: 'ECONNREFUSED',
      syscall: 'connect',
      address: '127.0.0.1',
      port: 6379
    }
  ]
}
AggregateError [ECONNREFUSED]: 
    at internalConnectMultiple (node:net:1122:18)
    at afterConnectMultiple (node:net:1689:7)
    at TCPConnectWrap.callbackTrampoline (node:internal/async_hooks:130:17) {
  code: 'ECONNREFUSED',
  [errors]: [
    Error: connect ECONNREFUSED ::1:6379
        at createConnectionError (node:net:1652:14)
        at afterConnectMultiple (node:net:1682:16)
        at TCPConnectWrap.callbackTrampoline (node:internal/async_hooks:130:17) {
      errno: -111,
      code: 'ECONNREFUSED',
      syscall: 'connect',
      address: '::1',
      port: 6379
    },
    Error: connect ECONNREFUSED 127.0.0.1:6379
        at createConnectionError (node:net:1652:14)
        at afterConnectMultiple (node:net:1682:16)
        at TCPConnectWrap.callbackTrampoline (node:internal/async_hooks:130:17) {
      errno: -111,
      code: 'ECONNREFUSED',
      syscall: 'connect',
      address: '127.0.0.1',
      port: 6379
    }
  ]
}
AggregateError [ECONNREFUSED]: 
    at internalConnectMultiple (node:net:1122:18)
    at afterConnectMultiple (node:net:1689:7)
    at TCPConnectWrap.callbackTrampoline (node:internal/async_hooks:130:17) {
  code: 'ECONNREFUSED',
  [errors]: [
    Error: connect ECONNREFUSED ::1:6379
        at createConnectionError (node:net:1652:14)
        at afterConnectMultiple (node:net:1682:16)
        at TCPConnectWrap.callbackTrampoline (node:internal/async_hooks:130:17) {
      errno: -111,
      code: 'ECONNREFUSED',
      syscall: 'connect',
      address: '::1',
      port: 6379
    },
    Error: connect ECONNREFUSED 127.0.0.1:6379
        at createConnectionError (node:net:1652:14)
        at afterConnectMultiple (node:net:1682:16)
        at TCPConnectWrap.callbackTrampoline (node:internal/async_hooks:130:17) {
      errno: -111,
      code: 'ECONNREFUSED',
      syscall: 'connect',
      address: '127.0.0.1',
      port: 6379
    }
  ]
}
{"level":"error","message":"Redis cache error","timestamp":"2026-02-16T06:36:39.095Z","error":{"message":"","stack":"AggregateError [ECONNREFUSED]: \n    at internalConnectMultiple (node:net:1122:18)\n    at afterConnectMultiple (node:net:1689:7)\n    at TCPConnectWrap.callbackTrampoline (node:internal/async_hooks:130:17)","name":"AggregateError"}}
AggregateError [ECONNREFUSED]: 
    at internalConnectMultiple (node:net:1122:18)
    at afterConnectMultiple (node:net:1689:7)
    at TCPConnectWrap.callbackTrampoline (node:internal/async_hooks:130:17) {
  code: 'ECONNREFUSED',
  [errors]: [
    Error: connect ECONNREFUSED ::1:6379
        at createConnectionError (node:net:1652:14)
        at afterConnectMultiple (node:net:1682:16)
        at TCPConnectWrap.callbackTrampoline (node:internal/async_hooks:130:17) {
      errno: -111,
      code: 'ECONNREFUSED',
      syscall: 'connect',
      address: '::1',
      port: 6379
    },
    Error: connect ECONNREFUSED 127.0.0.1:6379
        at createConnectionError (node:net:1652:14)
        at afterConnectMultiple (node:net:1682:16)
        at TCPConnectWrap.callbackTrampoline (node:internal/async_hooks:130:17) {
      errno: -111,
      code: 'ECONNREFUSED',
      syscall: 'connect',
      address: '127.0.0.1',
      port: 6379
    }
  ]
}
AggregateError [ECONNREFUSED]: 
    at internalConnectMultiple (node:net:1122:18)
    at afterConnectMultiple (node:net:1689:7)
    at TCPConnectWrap.callbackTrampoline (node:internal/async_hooks:130:17) {
  code: 'ECONNREFUSED',
  [errors]: [
    Error: connect ECONNREFUSED ::1:6379
        at createConnectionError (node:net:1652:14)
        at afterConnectMultiple (node:net:1682:16)
        at TCPConnectWrap.callbackTrampoline (node:internal/async_hooks:130:17) {
      errno: -111,
      code: 'ECONNREFUSED',
      syscall: 'connect',
      address: '::1',
      port: 6379
    },
    Error: connect ECONNREFUSED 127.0.0.1:6379
        at createConnectionError (node:net:1652:14)
        at afterConnectMultiple (node:net:1682:16)
        at TCPConnectWrap.callbackTrampoline (node:internal/async_hooks:130:17) {
      errno: -111,
      code: 'ECONNREFUSED',
      syscall: 'connect',
      address: '127.0.0.1',
      port: 6379
    }
  ]
}
{"level":"error","message":"Redis connection error","timestamp":"2026-02-16T06:36:39.115Z","error":{"message":"","stack":"AggregateError [ECONNREFUSED]: \n    at internalConnectMultiple (node:net:1122:18)\n    at afterConnectMultiple (node:net:1689:7)\n    at TCPConnectWrap.callbackTrampoline (node:internal/async_hooks:130:17)","name":"AggregateError"}}
{"level":"warn","message":"Redis connection closed","timestamp":"2026-02-16T06:36:39.115Z","service":"RenderQueue"}
BullMQ: WARNING! Your redis options maxRetriesPerRequest must be null and will be overridden by BullMQ.
{"level":"error","message":"Redis cache error","timestamp":"2026-02-16T06:36:39.142Z","error":{"message":"","stack":"AggregateError [ECONNREFUSED]: \n    at internalConnectMultiple (node:net:1122:18)\n    at afterConnectMultiple (node:net:1689:7)\n    at TCPConnectWrap.callbackTrampoline (node:internal/async_hooks:130:17)","name":"AggregateError"}}
{"level":"error","message":"Redis connection error","timestamp":"2026-02-16T06:36:39.173Z","error":{"message":"","stack":"AggregateError [ECONNREFUSED]: \n    at internalConnectMultiple (node:net:1122:18)\n    at afterConnectMultiple (node:net:1689:7)\n    at TCPConnectWrap.callbackTrampoline (node:internal/async_hooks:130:17)","name":"AggregateError"}}
{"level":"warn","message":"Redis connection closed","timestamp":"2026-02-16T06:36:39.174Z","service":"RenderQueue"}
{"level":"error","message":"Redis connection error","timestamp":"2026-02-16T06:36:39.174Z","error":{"message":"","stack":"AggregateError [ECONNREFUSED]: \n    at internalConnectMultiple (node:net:1122:18)\n    at afterConnectMultiple (node:net:1689:7)\n    at TCPConnectWrap.callbackTrampoline (node:internal/async_hooks:130:17)","name":"AggregateError"}}
AggregateError [ECONNREFUSED]: 
    at internalConnectMultiple (node:net:1122:18)
    at afterConnectMultiple (node:net:1689:7)
    at TCPConnectWrap.callbackTrampoline (node:internal/async_hooks:130:17) {
  code: 'ECONNREFUSED',
  [errors]: [
    Error: connect ECONNREFUSED ::1:6379
        at createConnectionError (node:net:1652:14)
        at afterConnectMultiple (node:net:1682:16)
        at TCPConnectWrap.callbackTrampoline (node:internal/async_hooks:130:17) {
      errno: -111,
      code: 'ECONNREFUSED',
      syscall: 'connect',
      address: '::1',
      port: 6379
    },
    Error: connect ECONNREFUSED 127.0.0.1:6379
        at createConnectionError (node:net:1652:14)
        at afterConnectMultiple (node:net:1682:16)
        at TCPConnectWrap.callbackTrampoline (node:internal/async_hooks:130:17) {
      errno: -111,
      code: 'ECONNREFUSED',
      syscall: 'connect',
      address: '127.0.0.1',
      port: 6379
    }
  ]
}
AggregateError [ECONNREFUSED]: 
    at internalConnectMultiple (node:net:1122:18)
    at afterConnectMultiple (node:net:1689:7)
    at TCPConnectWrap.callbackTrampoline (node:internal/async_hooks:130:17) {
  code: 'ECONNREFUSED',
  [errors]: [
    Error: connect ECONNREFUSED ::1:6379
        at createConnectionError (node:net:1652:14)
        at afterConnectMultiple (node:net:1682:16)
        at TCPConnectWrap.callbackTrampoline (node:internal/async_hooks:130:17) {
      errno: -111,
      code: 'ECONNREFUSED',
      syscall: 'connect',
      address: '::1',
      port: 6379
    },
    Error: connect ECONNREFUSED 127.0.0.1:6379
        at createConnectionError (node:net:1652:14)
        at afterConnectMultiple (node:net:1682:16)
        at TCPConnectWrap.callbackTrampoline (node:internal/async_hooks:130:17) {
      errno: -111,
      code: 'ECONNREFUSED',
      syscall: 'connect',
      address: '127.0.0.1',
      port: 6379
    }
  ]
}
{"level":"warn","message":"Redis connection closed","timestamp":"2026-02-16T06:36:39.175Z","service":"RenderQueue"}
AggregateError [ECONNREFUSED]: 
    at internalConnectMultiple (node:net:1122:18)
    at afterConnectMultiple (node:net:1689:7)
    at TCPConnectWrap.callbackTrampoline (node:internal/async_hooks:130:17) {
  code: 'ECONNREFUSED',
  [errors]: [
    Error: connect ECONNREFUSED ::1:6379
        at createConnectionError (node:net:1652:14)
        at afterConnectMultiple (node:net:1682:16)
        at TCPConnectWrap.callbackTrampoline (node:internal/async_hooks:130:17) {
      errno: -111,
      code: 'ECONNREFUSED',
      syscall: 'connect',
      address: '::1',
      port: 6379
    },
    Error: connect ECONNREFUSED 127.0.0.1:6379
        at createConnectionError (node:net:1652:14)
        at afterConnectMultiple (node:net:1682:16)
        at TCPConnectWrap.callbackTrampoline (node:internal/async_hooks:130:17) {
      errno: -111,
      code: 'ECONNREFUSED',
      syscall: 'connect',
      address: '127.0.0.1',
      port: 6379
    }
  ]
}
AggregateError [ECONNREFUSED]: 
    at internalConnectMultiple (node:net:1122:18)
    at afterConnectMultiple (node:net:1689:7)
    at TCPConnectWrap.callbackTrampoline (node:internal/async_hooks:130:17) {
  code: 'ECONNREFUSED',
  [errors]: [
    Error: connect ECONNREFUSED ::1:6379
        at createConnectionError (node:net:1652:14)
        at afterConnectMultiple (node:net:1682:16)
        at TCPConnectWrap.callbackTrampoline (node:internal/async_hooks:130:17) {
      errno: -111,
      code: 'ECONNREFUSED',
      syscall: 'connect',
      address: '::1',
      port: 6379
    },
    Error: connect ECONNREFUSED 127.0.0.1:6379
        at createConnectionError (node:net:1652:14)
        at afterConnectMultiple (node:net:1682:16)
        at TCPConnectWrap.callbackTrampoline (node:internal/async_hooks:130:17) {
      errno: -111,
      code: 'ECONNREFUSED',
      syscall: 'connect',
      address: '127.0.0.1',
      port: 6379
    }
  ]
}
AggregateError [ECONNREFUSED]: 
    at internalConnectMultiple (node:net:1122:18)
    at afterConnectMultiple (node:net:1689:7)
    at TCPConnectWrap.callbackTrampoline (node:internal/async_hooks:130:17) {
  code: 'ECONNREFUSED',
  [errors]: [
    Error: connect ECONNREFUSED ::1:6379
        at createConnectionError (node:net:1652:14)
        at afterConnectMultiple (node:net:1682:16)
        at TCPConnectWrap.callbackTrampoline (node:internal/async_hooks:130:17) {
      errno: -111,
      code: 'ECONNREFUSED',
      syscall: 'connect',
      address: '::1',
      port: 6379
    },
    Error: connect ECONNREFUSED 127.0.0.1:6379
        at createConnectionError (node:net:1652:14)
        at afterConnectMultiple (node:net:1682:16)
        at TCPConnectWrap.callbackTrampoline (node:internal/async_hooks:130:17) {
      errno: -111,
      code: 'ECONNREFUSED',
      syscall: 'connect',
      address: '127.0.0.1',
      port: 6379
    }
  ]
}
AggregateError [ECONNREFUSED]: 
    at internalConnectMultiple (node:net:1122:18)
    at afterConnectMultiple (node:net:1689:7)
    at TCPConnectWrap.callbackTrampoline (node:internal/async_hooks:130:17) {
  code: 'ECONNREFUSED',
  [errors]: [
    Error: connect ECONNREFUSED ::1:6379
        at createConnectionError (node:net:1652:14)
        at afterConnectMultiple (node:net:1682:16)
        at TCPConnectWrap.callbackTrampoline (node:internal/async_hooks:130:17) {
      errno: -111,
      code: 'ECONNREFUSED',
      syscall: 'connect',
      address: '::1',
      port: 6379
    },
    Error: connect ECONNREFUSED 127.0.0.1:6379
        at createConnectionError (node:net:1652:14)
        at afterConnectMultiple (node:net:1682:16)
        at TCPConnectWrap.callbackTrampoline (node:internal/async_hooks:130:17) {
      errno: -111,
      code: 'ECONNREFUSED',
      syscall: 'connect',
      address: '127.0.0.1',
      port: 6379
    }
  ]
}
{"level":"error","message":"Redis cache error","timestamp":"2026-02-16T06:36:39.203Z","error":{"message":"","stack":"AggregateError [ECONNREFUSED]: \n    at internalConnectMultiple (node:net:1122:18)\n    at afterConnectMultiple (node:net:1689:7)\n    at TCPConnectWrap.callbackTrampoline (node:internal/async_hooks:130:17)","name":"AggregateError"}}
AggregateError [ECONNREFUSED]: 
    at internalConnectMultiple (node:net:1122:18)
    at afterConnectMultiple (node:net:1689:7)
    at TCPConnectWrap.callbackTrampoline (node:internal/async_hooks:130:17) {
  code: 'ECONNREFUSED',
  [errors]: [
    Error: connect ECONNREFUSED ::1:6379
        at createConnectionError (node:net:1652:14)
        at afterConnectMultiple (node:net:1682:16)
        at TCPConnectWrap.callbackTrampoline (node:internal/async_hooks:130:17) {
      errno: -111,
      code: 'ECONNREFUSED',
      syscall: 'connect',
      address: '::1',
      port: 6379
    },
    Error: connect ECONNREFUSED 127.0.0.1:6379
        at createConnectionError (node:net:1652:14)
        at afterConnectMultiple (node:net:1682:16)
        at TCPConnectWrap.callbackTrampoline (node:internal/async_hooks:130:17) {
      errno: -111,
      code: 'ECONNREFUSED',
      syscall: 'connect',
      address: '127.0.0.1',
      port: 6379
    }
  ]
}
AggregateError [ECONNREFUSED]: 
    at internalConnectMultiple (node:net:1122:18)
    at afterConnectMultiple (node:net:1689:7)
    at TCPConnectWrap.callbackTrampoline (node:internal/async_hooks:130:17) {
  code: 'ECONNREFUSED',
  [errors]: [
    Error: connect ECONNREFUSED ::1:6379
        at createConnectionError (node:net:1652:14)
        at afterConnectMultiple (node:net:1682:16)
        at TCPConnectWrap.callbackTrampoline (node:internal/async_hooks:130:17) {
      errno: -111,
      code: 'ECONNREFUSED',
      syscall: 'connect',
      address: '::1',
      port: 6379
    },
    Error: connect ECONNREFUSED 127.0.0.1:6379
        at createConnectionError (node:net:1652:14)
        at afterConnectMultiple (node:net:1682:16)
        at TCPConnectWrap.callbackTrampoline (node:internal/async_hooks:130:17) {
      errno: -111,
      code: 'ECONNREFUSED',
      syscall: 'connect',
      address: '127.0.0.1',
      port: 6379
    }
  ]
}
{"level":"error","message":"Redis connection error","timestamp":"2026-02-16T06:36:39.321Z","error":{"message":"","stack":"AggregateError [ECONNREFUSED]: \n    at internalConnectMultiple (node:net:1122:18)\n    at afterConnectMultiple (node:net:1689:7)\n    at TCPConnectWrap.callbackTrampoline (node:internal/async_hooks:130:17)","name":"AggregateError"}}
{"level":"error","message":"Redis cache error","timestamp":"2026-02-16T06:36:39.322Z","error":{"message":"","stack":"AggregateError [ECONNREFUSED]: \n    at internalConnectMultiple (node:net:1122:18)\n    at afterConnectMultiple (node:net:1689:7)\n    at TCPConnectWrap.callbackTrampoline (node:internal/async_hooks:130:17)","name":"AggregateError"}}
{"level":"warn","message":"Redis connection closed","timestamp":"2026-02-16T06:36:39.323Z","service":"RenderQueue"}
{"level":"error","message":"Redis connection error","timestamp":"2026-02-16T06:36:39.340Z","error":{"message":"","stack":"AggregateError [ECONNREFUSED]: \n    at internalConnectMultiple (node:net:1122:18)\n    at afterConnectMultiple (node:net:1689:7)\n    at TCPConnectWrap.callbackTrampoline (node:internal/async_hooks:130:17)","name":"AggregateError"}}
{"level":"warn","message":"Redis connection closed","timestamp":"2026-02-16T06:36:39.340Z","service":"RenderQueue"}
AggregateError [ECONNREFUSED]: 
    at internalConnectMultiple (node:net:1122:18)
    at afterConnectMultiple (node:net:1689:7)
    at TCPConnectWrap.callbackTrampoline (node:internal/async_hooks:130:17) {
  code: 'ECONNREFUSED',
  [errors]: [
    Error: connect ECONNREFUSED ::1:6379
        at createConnectionError (node:net:1652:14)
        at afterConnectMultiple (node:net:1682:16)
        at TCPConnectWrap.callbackTrampoline (node:internal/async_hooks:130:17) {
      errno: -111,
      code: 'ECONNREFUSED',
      syscall: 'connect',
      address: '::1',
      port: 6379
    },
    Error: connect ECONNREFUSED 127.0.0.1:6379
        at createConnectionError (node:net:1652:14)
        at afterConnectMultiple (node:net:1682:16)
        at TCPConnectWrap.callbackTrampoline (node:internal/async_hooks:130:17) {
      errno: -111,
      code: 'ECONNREFUSED',
      syscall: 'connect',
      address: '127.0.0.1',
      port: 6379
    }
  ]
}
AggregateError [ECONNREFUSED]: 
    at internalConnectMultiple (node:net:1122:18)
    at afterConnectMultiple (node:net:1689:7)
    at TCPConnectWrap.callbackTrampoline (node:internal/async_hooks:130:17) {
  code: 'ECONNREFUSED',
  [errors]: [
    Error: connect ECONNREFUSED ::1:6379
        at createConnectionError (node:net:1652:14)
        at afterConnectMultiple (node:net:1682:16)
        at TCPConnectWrap.callbackTrampoline (node:internal/async_hooks:130:17) {
      errno: -111,
      code: 'ECONNREFUSED',
      syscall: 'connect',
      address: '::1',
      port: 6379
    },
    Error: connect ECONNREFUSED 127.0.0.1:6379
        at createConnectionError (node:net:1652:14)
        at afterConnectMultiple (node:net:1682:16)
        at TCPConnectWrap.callbackTrampoline (node:internal/async_hooks:130:17) {
      errno: -111,
      code: 'ECONNREFUSED',
      syscall: 'connect',
      address: '127.0.0.1',
      port: 6379
    }
  ]
}
AggregateError [ECONNREFUSED]: 
    at internalConnectMultiple (node:net:1122:18)
    at afterConnectMultiple (node:net:1689:7)
    at TCPConnectWrap.callbackTrampoline (node:internal/async_hooks:130:17) {
  code: 'ECONNREFUSED',
  [errors]: [
    Error: connect ECONNREFUSED ::1:6379
        at createConnectionError (node:net:1652:14)
        at afterConnectMultiple (node:net:1682:16)
        at TCPConnectWrap.callbackTrampoline (node:internal/async_hooks:130:17) {
      errno: -111,
      code: 'ECONNREFUSED',
      syscall: 'connect',
      address: '::1',
      port: 6379
    },
    Error: connect ECONNREFUSED 127.0.0.1:6379
        at createConnectionError (node:net:1652:14)
        at afterConnectMultiple (node:net:1682:16)
        at TCPConnectWrap.callbackTrampoline (node:internal/async_hooks:130:17) {
      errno: -111,
      code: 'ECONNREFUSED',
      syscall: 'connect',
      address: '127.0.0.1',
      port: 6379
    }
  ]
}
{"level":"error","message":"Redis connection error","timestamp":"2026-02-16T06:36:39.477Z","error":{"message":"","stack":"AggregateError [ECONNREFUSED]: \n    at internalConnectMultiple (node:net:1122:18)\n    at afterConnectMultiple (node:net:1689:7)\n    at TCPConnectWrap.callbackTrampoline (node:internal/async_hooks:130:17)","name":"AggregateError"}}
{"level":"warn","message":"Redis connection closed","timestamp":"2026-02-16T06:36:39.480Z","service":"RenderQueue"}
{"level":"error","message":"Redis cache error","timestamp":"2026-02-16T06:36:39.555Z","error":{"message":"","stack":"AggregateError [ECONNREFUSED]: \n    at internalConnectMultiple (node:net:1122:18)\n    at afterConnectMultiple (node:net:1689:7)\n    at TCPConnectWrap.callbackTrampoline (node:internal/async_hooks:130:17)","name":"AggregateError"}}
AggregateError [ECONNREFUSED]: 
    at internalConnectMultiple (node:net:1122:18)
    at afterConnectMultiple (node:net:1689:7)
    at TCPConnectWrap.callbackTrampoline (node:internal/async_hooks:130:17) {
  code: 'ECONNREFUSED',
  [errors]: [
    Error: connect ECONNREFUSED ::1:6379
        at createConnectionError (node:net:1652:14)
        at afterConnectMultiple (node:net:1682:16)
        at TCPConnectWrap.callbackTrampoline (node:internal/async_hooks:130:17) {
      errno: -111,
      code: 'ECONNREFUSED',
      syscall: 'connect',
      address: '::1',
      port: 6379
    },
    Error: connect ECONNREFUSED 127.0.0.1:6379
        at createConnectionError (node:net:1652:14)
        at afterConnectMultiple (node:net:1682:16)
        at TCPConnectWrap.callbackTrampoline (node:internal/async_hooks:130:17) {
      errno: -111,
      code: 'ECONNREFUSED',
      syscall: 'connect',
      address: '127.0.0.1',
      port: 6379
    }
  ]
}
{"level":"error","message":"Redis connection error","timestamp":"2026-02-16T06:36:39.628Z","error":{"message":"","stack":"AggregateError [ECONNREFUSED]: \n    at internalConnectMultiple (node:net:1122:18)\n    at afterConnectMultiple (node:net:1689:7)\n    at TCPConnectWrap.callbackTrampoline (node:internal/async_hooks:130:17)","name":"AggregateError"}}
{"level":"error","message":"Redis cache error","timestamp":"2026-02-16T06:36:39.628Z","error":{"message":"","stack":"AggregateError [ECONNREFUSED]: \n    at internalConnectMultiple (node:net:1122:18)\n    at afterConnectMultiple (node:net:1689:7)\n    at TCPConnectWrap.callbackTrampoline (node:internal/async_hooks:130:17)","name":"AggregateError"}}
AggregateError [ECONNREFUSED]: 
    at internalConnectMultiple (node:net:1122:18)
    at afterConnectMultiple (node:net:1689:7)
    at TCPConnectWrap.callbackTrampoline (node:internal/async_hooks:130:17) {
  code: 'ECONNREFUSED',
  [errors]: [
    Error: connect ECONNREFUSED ::1:6379
        at createConnectionError (node:net:1652:14)
        at afterConnectMultiple (node:net:1682:16)
        at TCPConnectWrap.callbackTrampoline (node:internal/async_hooks:130:17) {
      errno: -111,
      code: 'ECONNREFUSED',
      syscall: 'connect',
      address: '::1',
      port: 6379
    },
    Error: connect ECONNREFUSED 127.0.0.1:6379
        at createConnectionError (node:net:1652:14)
        at afterConnectMultiple (node:net:1682:16)
        at TCPConnectWrap.callbackTrampoline (node:internal/async_hooks:130:17) {
      errno: -111,
      code: 'ECONNREFUSED',
      syscall: 'connect',
      address: '127.0.0.1',
      port: 6379
    }
  ]
}
AggregateError [ECONNREFUSED]: 
    at internalConnectMultiple (node:net:1122:18)
    at afterConnectMultiple (node:net:1689:7)
    at TCPConnectWrap.callbackTrampoline (node:internal/async_hooks:130:17) {
  code: 'ECONNREFUSED',
  [errors]: [
    Error: connect ECONNREFUSED ::1:6379
        at createConnectionError (node:net:1652:14)
        at afterConnectMultiple (node:net:1682:16)
        at TCPConnectWrap.callbackTrampoline (node:internal/async_hooks:130:17) {
      errno: -111,
      code: 'ECONNREFUSED',
      syscall: 'connect',
      address: '::1',
      port: 6379
    },
    Error: connect ECONNREFUSED 127.0.0.1:6379
        at createConnectionError (node:net:1652:14)
        at afterConnectMultiple (node:net:1682:16)
        at TCPConnectWrap.callbackTrampoline (node:internal/async_hooks:130:17) {
      errno: -111,
      code: 'ECONNREFUSED',
      syscall: 'connect',
      address: '127.0.0.1',
      port: 6379
    }
  ]
}
{"level":"warn","message":"Redis connection closed","timestamp":"2026-02-16T06:36:39.630Z","service":"RenderQueue"}
AggregateError [ECONNREFUSED]: 
    at internalConnectMultiple (node:net:1122:18)
    at afterConnectMultiple (node:net:1689:7)
    at TCPConnectWrap.callbackTrampoline (node:internal/async_hooks:130:17) {
  code: 'ECONNREFUSED',
  [errors]: [
    Error: connect ECONNREFUSED ::1:6379
        at createConnectionError (node:net:1652:14)
        at afterConnectMultiple (node:net:1682:16)
        at TCPConnectWrap.callbackTrampoline (node:internal/async_hooks:130:17) {
      errno: -111,
      code: 'ECONNREFUSED',
      syscall: 'connect',
      address: '::1',
      port: 6379
    },
    Error: connect ECONNREFUSED 127.0.0.1:6379
        at createConnectionError (node:net:1652:14)
        at afterConnectMultiple (node:net:1682:16)
        at TCPConnectWrap.callbackTrampoline (node:internal/async_hooks:130:17) {
      errno: -111,
      code: 'ECONNREFUSED',
      syscall: 'connect',
      address: '127.0.0.1',
      port: 6379
    }
  ]
}
AggregateError [ECONNREFUSED]: 
    at internalConnectMultiple (node:net:1122:18)
    at afterConnectMultiple (node:net:1689:7)
    at TCPConnectWrap.callbackTrampoline (node:internal/async_hooks:130:17) {
  code: 'ECONNREFUSED',
  [errors]: [
    Error: connect ECONNREFUSED ::1:6379
        at createConnectionError (node:net:1652:14)
        at afterConnectMultiple (node:net:1682:16)
        at TCPConnectWrap.callbackTrampoline (node:internal/async_hooks:130:17) {
      errno: -111,
      code: 'ECONNREFUSED',
      syscall: 'connect',
      address: '::1',
      port: 6379
    },
    Error: connect ECONNREFUSED 127.0.0.1:6379
        at createConnectionError (node:net:1652:14)
        at afterConnectMultiple (node:net:1682:16)
        at TCPConnectWrap.callbackTrampoline (node:internal/async_hooks:130:17) {
      errno: -111,
      code: 'ECONNREFUSED',
      syscall: 'connect',
      address: '127.0.0.1',
      port: 6379
    }
  ]
}
AggregateError [ECONNREFUSED]: 
    at internalConnectMultiple (node:net:1122:18)
    at afterConnectMultiple (node:net:1689:7)
    at TCPConnectWrap.callbackTrampoline (node:internal/async_hooks:130:17) {
  code: 'ECONNREFUSED',
  [errors]: [
    Error: connect ECONNREFUSED ::1:6379
        at createConnectionError (node:net:1652:14)
        at afterConnectMultiple (node:net:1682:16)
        at TCPConnectWrap.callbackTrampoline (node:internal/async_hooks:130:17) {
      errno: -111,
      code: 'ECONNREFUSED',
      syscall: 'connect',
      address: '::1',
      port: 6379
    },
    Error: connect ECONNREFUSED 127.0.0.1:6379
        at createConnectionError (node:net:1652:14)
        at afterConnectMultiple (node:net:1682:16)
        at TCPConnectWrap.callbackTrampoline (node:internal/async_hooks:130:17) {
      errno: -111,
      code: 'ECONNREFUSED',
      syscall: 'connect',
      address: '127.0.0.1',
      port: 6379
    }
  ]
}
AggregateError [ECONNREFUSED]: 
    at internalConnectMultiple (node:net:1122:18)
    at afterConnectMultiple (node:net:1689:7)
    at TCPConnectWrap.callbackTrampoline (node:internal/async_hooks:130:17) {
  code: 'ECONNREFUSED',
  [errors]: [
    Error: connect ECONNREFUSED ::1:6379
        at createConnectionError (node:net:1652:14)
        at afterConnectMultiple (node:net:1682:16)
        at TCPConnectWrap.callbackTrampoline (node:internal/async_hooks:130:17) {
      errno: -111,
      code: 'ECONNREFUSED',
      syscall: 'connect',
      address: '::1',
      port: 6379
    },
    Error: connect ECONNREFUSED 127.0.0.1:6379
        at createConnectionError (node:net:1652:14)
        at afterConnectMultiple (node:net:1682:16)
        at TCPConnectWrap.callbackTrampoline (node:internal/async_hooks:130:17) {
      errno: -111,
      code: 'ECONNREFUSED',
      syscall: 'connect',
      address: '127.0.0.1',
      port: 6379
    }
  ]
}
AggregateError [ECONNREFUSED]: 
    at internalConnectMultiple (node:net:1122:18)
    at afterConnectMultiple (node:net:1689:7)
    at TCPConnectWrap.callbackTrampoline (node:internal/async_hooks:130:17) {
  code: 'ECONNREFUSED',
  [errors]: [
    Error: connect ECONNREFUSED ::1:6379
        at createConnectionError (node:net:1652:14)
        at afterConnectMultiple (node:net:1682:16)
        at TCPConnectWrap.callbackTrampoline (node:internal/async_hooks:130:17) {
      errno: -111,
      code: 'ECONNREFUSED',
      syscall: 'connect',
      address: '::1',
      port: 6379
    },
    Error: connect ECONNREFUSED 127.0.0.1:6379
        at createConnectionError (node:net:1652:14)
        at afterConnectMultiple (node:net:1682:16)
        at TCPConnectWrap.callbackTrampoline (node:internal/async_hooks:130:17) {
      errno: -111,
      code: 'ECONNREFUSED',
      syscall: 'connect',
      address: '127.0.0.1',
      port: 6379
    }
  ]
}
AggregateError [ECONNREFUSED]: 
    at internalConnectMultiple (node:net:1122:18)
    at afterConnectMultiple (node:net:1689:7)
    at TCPConnectWrap.callbackTrampoline (node:internal/async_hooks:130:17) {
  code: 'ECONNREFUSED',
  [errors]: [
    Error: connect ECONNREFUSED ::1:6379
        at createConnectionError (node:net:1652:14)
        at afterConnectMultiple (node:net:1682:16)
        at TCPConnectWrap.callbackTrampoline (node:internal/async_hooks:130:17) {
      errno: -111,
      code: 'ECONNREFUSED',
      syscall: 'connect',
      address: '::1',
      port: 6379
    },
    Error: connect ECONNREFUSED 127.0.0.1:6379
        at createConnectionError (node:net:1652:14)
        at afterConnectMultiple (node:net:1682:16)
        at TCPConnectWrap.callbackTrampoline (node:internal/async_hooks:130:17) {
      errno: -111,
      code: 'ECONNREFUSED',
      syscall: 'connect',
      address: '127.0.0.1',
      port: 6379
    }
  ]
}
{"level":"error","message":"Redis connection error","timestamp":"2026-02-16T06:36:39.708Z","error":{"message":"","stack":"AggregateError [ECONNREFUSED]: \n    at internalConnectMultiple (node:net:1122:18)\n    at afterConnectMultiple (node:net:1689:7)\n    at TCPConnectWrap.callbackTrampoline (node:internal/async_hooks:130:17)","name":"AggregateError"}}
{"level":"warn","message":"Redis connection closed","timestamp":"2026-02-16T06:36:39.709Z","service":"RenderQueue"}
{"level":"error","message":"Redis cache error","timestamp":"2026-02-16T06:36:39.829Z","error":{"message":"","stack":"AggregateError [ECONNREFUSED]: \n    at internalConnectMultiple (node:net:1122:18)\n    at afterConnectMultiple (node:net:1689:7)\n    at TCPConnectWrap.callbackTrampoline (node:internal/async_hooks:130:17)","name":"AggregateError"}}
AggregateError [ECONNREFUSED]: 
    at internalConnectMultiple (node:net:1122:18)
    at afterConnectMultiple (node:net:1689:7)
    at TCPConnectWrap.callbackTrampoline (node:internal/async_hooks:130:17) {
  code: 'ECONNREFUSED',
  [errors]: [
    Error: connect ECONNREFUSED ::1:6379
        at createConnectionError (node:net:1652:14)
        at afterConnectMultiple (node:net:1682:16)
        at TCPConnectWrap.callbackTrampoline (node:internal/async_hooks:130:17) {
      errno: -111,
      code: 'ECONNREFUSED',
      syscall: 'connect',
      address: '::1',
      port: 6379
    },
    Error: connect ECONNREFUSED 127.0.0.1:6379
        at createConnectionError (node:net:1652:14)
        at afterConnectMultiple (node:net:1682:16)
        at TCPConnectWrap.callbackTrampoline (node:internal/async_hooks:130:17) {
      errno: -111,
      code: 'ECONNREFUSED',
      syscall: 'connect',
      address: '127.0.0.1',
      port: 6379
    }
  ]
}
AggregateError [ECONNREFUSED]: 
    at internalConnectMultiple (node:net:1122:18)
    at afterConnectMultiple (node:net:1689:7)
    at TCPConnectWrap.callbackTrampoline (node:internal/async_hooks:130:17) {
  code: 'ECONNREFUSED',
  [errors]: [
    Error: connect ECONNREFUSED ::1:6379
        at createConnectionError (node:net:1652:14)
        at afterConnectMultiple (node:net:1682:16)
        at TCPConnectWrap.callbackTrampoline (node:internal/async_hooks:130:17) {
      errno: -111,
      code: 'ECONNREFUSED',
      syscall: 'connect',
      address: '::1',
      port: 6379
    },
    Error: connect ECONNREFUSED 127.0.0.1:6379
        at createConnectionError (node:net:1652:14)
        at afterConnectMultiple (node:net:1682:16)
        at TCPConnectWrap.callbackTrampoline (node:internal/async_hooks:130:17) {
      errno: -111,
      code: 'ECONNREFUSED',
      syscall: 'connect',
      address: '127.0.0.1',
      port: 6379
    }
  ]
}
{"level":"error","message":"Redis cache error","timestamp":"2026-02-16T06:36:39.860Z","error":{"message":"","stack":"AggregateError [ECONNREFUSED]: \n    at internalConnectMultiple (node:net:1122:18)\n    at afterConnectMultiple (node:net:1689:7)\n    at TCPConnectWrap.callbackTrampoline (node:internal/async_hooks:130:17)","name":"AggregateError"}}
AggregateError [ECONNREFUSED]: 
    at internalConnectMultiple (node:net:1122:18)
    at afterConnectMultiple (node:net:1689:7)
    at TCPConnectWrap.callbackTrampoline (node:internal/async_hooks:130:17) {
  code: 'ECONNREFUSED',
  [errors]: [
    Error: connect ECONNREFUSED ::1:6379
        at createConnectionError (node:net:1652:14)
        at afterConnectMultiple (node:net:1682:16)
        at TCPConnectWrap.callbackTrampoline (node:internal/async_hooks:130:17) {
      errno: -111,
      code: 'ECONNREFUSED',
      syscall: 'connect',
      address: '::1',
      port: 6379
    },
    Error: connect ECONNREFUSED 127.0.0.1:6379
        at createConnectionError (node:net:1652:14)
        at afterConnectMultiple (node:net:1682:16)
        at TCPConnectWrap.callbackTrampoline (node:internal/async_hooks:130:17) {
      errno: -111,
      code: 'ECONNREFUSED',
      syscall: 'connect',
      address: '127.0.0.1',
      port: 6379
    }
  ]
}
{"level":"error","message":"Redis connection error","timestamp":"2026-02-16T06:36:39.861Z","error":{"message":"","stack":"AggregateError [ECONNREFUSED]: \n    at internalConnectMultiple (node:net:1122:18)\n    at afterConnectMultiple (node:net:1689:7)\n    at TCPConnectWrap.callbackTrampoline (node:internal/async_hooks:130:17)","name":"AggregateError"}}
{"level":"warn","message":"Redis connection closed","timestamp":"2026-02-16T06:36:39.861Z","service":"RenderQueue"}
prisma:error 
Invalid `prisma.render_jobs.findMany()` invocation:


Can't reach database server at `db.imwqhvidwunnsvyrltkb.supabase.co:5432`

Please make sure your database server is running at `db.imwqhvidwunnsvyrltkb.supabase.co:5432`.
{"level":"error","message":"Error finding stuck jobs","timestamp":"2026-02-16T06:36:39.954Z","component":"JobManager","error":{"message":"\nInvalid `prisma.render_jobs.findMany()` invocation:\n\n\nCan't reach database server at `db.imwqhvidwunnsvyrltkb.supabase.co:5432`\n\nPlease make sure your database server is running at `db.imwqhvidwunnsvyrltkb.supabase.co:5432`.","stack":"PrismaClientInitializationError: \nInvalid `prisma.render_jobs.findMany()` invocation:\n\n\nCan't reach database server at `db.imwqhvidwunnsvyrltkb.supabase.co:5432`\n\nPlease make sure your database server is running at `db.imwqhvidwunnsvyrltkb.supabase.co:5432`.\n    at $n.handleRequestError (/root/_MVP_Video_TecnicoCursos_v7/estudio_ia_videos/node_modules/@prisma/client/runtime/library.js:121:7615)\n    at $n.handleAndLogRequestError (/root/_MVP_Video_TecnicoCursos_v7/estudio_ia_videos/node_modules/@prisma/client/runtime/library.js:121:6623)\n    at $n.request (/root/_MVP_Video_TecnicoCursos_v7/estudio_ia_videos/node_modules/@prisma/client/runtime/library.js:121:6307)\n    at async l (/root/_MVP_Video_TecnicoCursos_v7/estudio_ia_videos/node_modules/@prisma/client/runtime/library.js:130:9633)\n    at async u (/root/_MVP_Video_TecnicoCursos_v7/estudio_ia_videos/.next/server/chunks/16126.js:1:5427)\n    at async i.findStuckJobs (/root/_MVP_Video_TecnicoCursos_v7/estudio_ia_videos/.next/server/chunks/23276.js:1:6635)\n    at async d.checkStuckJobs (/root/_MVP_Video_TecnicoCursos_v7/estudio_ia_videos/.next/server/app/api/render/stuck-jobs/route.js:1:4057)","name":"PrismaClientInitializationError"}}
{"level":"error","message":"Redis connection error","timestamp":"2026-02-16T06:36:39.960Z","error":{"message":"","stack":"AggregateError [ECONNREFUSED]: \n    at internalConnectMultiple (node:net:1122:18)\n    at afterConnectMultiple (node:net:1689:7)\n    at TCPConnectWrap.callbackTrampoline (node:internal/async_hooks:130:17)","name":"AggregateError"}}
{"level":"warn","message":"Redis connection closed","timestamp":"2026-02-16T06:36:39.960Z","service":"RenderQueue"}
AggregateError [ECONNREFUSED]: 
    at internalConnectMultiple (node:net:1122:18)
    at afterConnectMultiple (node:net:1689:7)
    at TCPConnectWrap.callbackTrampoline (node:internal/async_hooks:130:17) {
  code: 'ECONNREFUSED',
  [errors]: [
    Error: connect ECONNREFUSED ::1:6379
        at createConnectionError (node:net:1652:14)
        at afterConnectMultiple (node:net:1682:16)
        at TCPConnectWrap.callbackTrampoline (node:internal/async_hooks:130:17) {
      errno: -111,
      code: 'ECONNREFUSED',
      syscall: 'connect',
      address: '::1',
      port: 6379
    },
    Error: connect ECONNREFUSED 127.0.0.1:6379
        at createConnectionError (node:net:1652:14)
        at afterConnectMultiple (node:net:1682:16)
        at TCPConnectWrap.callbackTrampoline (node:internal/async_hooks:130:17) {
      errno: -111,
      code: 'ECONNREFUSED',
      syscall: 'connect',
      address: '127.0.0.1',
      port: 6379
    }
  ]
}
AggregateError [ECONNREFUSED]: 
    at internalConnectMultiple (node:net:1122:18)
    at afterConnectMultiple (node:net:1689:7)
    at TCPConnectWrap.callbackTrampoline (node:internal/async_hooks:130:17) {
  code: 'ECONNREFUSED',
  [errors]: [
    Error: connect ECONNREFUSED ::1:6379
        at createConnectionError (node:net:1652:14)
        at afterConnectMultiple (node:net:1682:16)
        at TCPConnectWrap.callbackTrampoline (node:internal/async_hooks:130:17) {
      errno: -111,
      code: 'ECONNREFUSED',
      syscall: 'connect',
      address: '::1',
      port: 6379
    },
    Error: connect ECONNREFUSED 127.0.0.1:6379
        at createConnectionError (node:net:1652:14)
        at afterConnectMultiple (node:net:1682:16)
        at TCPConnectWrap.callbackTrampoline (node:internal/async_hooks:130:17) {
      errno: -111,
      code: 'ECONNREFUSED',
      syscall: 'connect',
      address: '127.0.0.1',
      port: 6379
    }
  ]
}
{"level":"error","message":"Redis cache error","timestamp":"2026-02-16T06:36:39.991Z","error":{"message":"","stack":"AggregateError [ECONNREFUSED]: \n    at internalConnectMultiple (node:net:1122:18)\n    at afterConnectMultiple (node:net:1689:7)\n    at TCPConnectWrap.callbackTrampoline (node:internal/async_hooks:130:17)","name":"AggregateError"}}
AggregateError [ECONNREFUSED]: 
    at internalConnectMultiple (node:net:1122:18)
    at afterConnectMultiple (node:net:1689:7)
    at TCPConnectWrap.callbackTrampoline (node:internal/async_hooks:130:17) {
  code: 'ECONNREFUSED',
  [errors]: [
    Error: connect ECONNREFUSED ::1:6379
        at createConnectionError (node:net:1652:14)
        at afterConnectMultiple (node:net:1682:16)
        at TCPConnectWrap.callbackTrampoline (node:internal/async_hooks:130:17) {
      errno: -111,
      code: 'ECONNREFUSED',
      syscall: 'connect',
      address: '::1',
      port: 6379
    },
    Error: connect ECONNREFUSED 127.0.0.1:6379
        at createConnectionError (node:net:1652:14)
        at afterConnectMultiple (node:net:1682:16)
        at TCPConnectWrap.callbackTrampoline (node:internal/async_hooks:130:17) {
      errno: -111,
      code: 'ECONNREFUSED',
      syscall: 'connect',
      address: '127.0.0.1',
      port: 6379
    }
  ]
}
AggregateError [ECONNREFUSED]: 
    at internalConnectMultiple (node:net:1122:18)
    at afterConnectMultiple (node:net:1689:7)
    at TCPConnectWrap.callbackTrampoline (node:internal/async_hooks:130:17) {
  code: 'ECONNREFUSED',
  [errors]: [
    Error: connect ECONNREFUSED ::1:6379
        at createConnectionError (node:net:1652:14)
        at afterConnectMultiple (node:net:1682:16)
        at TCPConnectWrap.callbackTrampoline (node:internal/async_hooks:130:17) {
      errno: -111,
      code: 'ECONNREFUSED',
      syscall: 'connect',
      address: '::1',
      port: 6379
    },
    Error: connect ECONNREFUSED 127.0.0.1:6379
        at createConnectionError (node:net:1652:14)
        at afterConnectMultiple (node:net:1682:16)
        at TCPConnectWrap.callbackTrampoline (node:internal/async_hooks:130:17) {
      errno: -111,
      code: 'ECONNREFUSED',
      syscall: 'connect',
      address: '127.0.0.1',
      port: 6379
    }
  ]
}
AggregateError [ECONNREFUSED]: 
    at internalConnectMultiple (node:net:1122:18)
    at afterConnectMultiple (node:net:1689:7)
    at TCPConnectWrap.callbackTrampoline (node:internal/async_hooks:130:17) {
  code: 'ECONNREFUSED',
  [errors]: [
    Error: connect ECONNREFUSED ::1:6379
        at createConnectionError (node:net:1652:14)
        at afterConnectMultiple (node:net:1682:16)
        at TCPConnectWrap.callbackTrampoline (node:internal/async_hooks:130:17) {
      errno: -111,
      code: 'ECONNREFUSED',
      syscall: 'connect',
      address: '::1',
      port: 6379
    },
    Error: connect ECONNREFUSED 127.0.0.1:6379
        at createConnectionError (node:net:1652:14)
        at afterConnectMultiple (node:net:1682:16)
        at TCPConnectWrap.callbackTrampoline (node:internal/async_hooks:130:17) {
      errno: -111,
      code: 'ECONNREFUSED',
      syscall: 'connect',
      address: '127.0.0.1',
      port: 6379
    }
  ]
}
{"level":"error","message":"Redis connection error","timestamp":"2026-02-16T06:36:40.013Z","error":{"message":"","stack":"AggregateError [ECONNREFUSED]: \n    at internalConnectMultiple (node:net:1122:18)\n    at afterConnectMultiple (node:net:1689:7)\n    at TCPConnectWrap.callbackTrampoline (node:internal/async_hooks:130:17)","name":"AggregateError"}}
{"level":"warn","message":"Redis connection closed","timestamp":"2026-02-16T06:36:40.013Z","service":"RenderQueue"}
AggregateError [ECONNREFUSED]: 
    at internalConnectMultiple (node:net:1122:18)
    at afterConnectMultiple (node:net:1689:7)
    at TCPConnectWrap.callbackTrampoline (node:internal/async_hooks:130:17) {
  code: 'ECONNREFUSED',
  [errors]: [
    Error: connect ECONNREFUSED ::1:6379
        at createConnectionError (node:net:1652:14)
        at afterConnectMultiple (node:net:1682:16)
        at TCPConnectWrap.callbackTrampoline (node:internal/async_hooks:130:17) {
      errno: -111,
      code: 'ECONNREFUSED',
      syscall: 'connect',
      address: '::1',
      port: 6379
    },
    Error: connect ECONNREFUSED 127.0.0.1:6379
        at createConnectionError (node:net:1652:14)
        at afterConnectMultiple (node:net:1682:16)
        at TCPConnectWrap.callbackTrampoline (node:internal/async_hooks:130:17) {
      errno: -111,
      code: 'ECONNREFUSED',
      syscall: 'connect',
      address: '127.0.0.1',
      port: 6379
    }
  ]
}
AggregateError [ECONNREFUSED]: 
    at internalConnectMultiple (node:net:1122:18)
    at afterConnectMultiple (node:net:1689:7)
    at TCPConnectWrap.callbackTrampoline (node:internal/async_hooks:130:17) {
  code: 'ECONNREFUSED',
  [errors]: [
    Error: connect ECONNREFUSED ::1:6379
        at createConnectionError (node:net:1652:14)
        at afterConnectMultiple (node:net:1682:16)
        at TCPConnectWrap.callbackTrampoline (node:internal/async_hooks:130:17) {
      errno: -111,
      code: 'ECONNREFUSED',
      syscall: 'connect',
      address: '::1',
      port: 6379
    },
    Error: connect ECONNREFUSED 127.0.0.1:6379
        at createConnectionError (node:net:1652:14)
        at afterConnectMultiple (node:net:1682:16)
        at TCPConnectWrap.callbackTrampoline (node:internal/async_hooks:130:17) {
      errno: -111,
      code: 'ECONNREFUSED',
      syscall: 'connect',
      address: '127.0.0.1',
      port: 6379
    }
  ]
}
AggregateError [ECONNREFUSED]: 
    at internalConnectMultiple (node:net:1122:18)
    at afterConnectMultiple (node:net:1689:7)
    at TCPConnectWrap.callbackTrampoline (node:internal/async_hooks:130:17) {
  code: 'ECONNREFUSED',
  [errors]: [
    Error: connect ECONNREFUSED ::1:6379
        at createConnectionError (node:net:1652:14)
        at afterConnectMultiple (node:net:1682:16)
        at TCPConnectWrap.callbackTrampoline (node:internal/async_hooks:130:17) {
      errno: -111,
      code: 'ECONNREFUSED',
      syscall: 'connect',
      address: '::1',
      port: 6379
    },
    Error: connect ECONNREFUSED 127.0.0.1:6379
        at createConnectionError (node:net:1652:14)
        at afterConnectMultiple (node:net:1682:16)
        at TCPConnectWrap.callbackTrampoline (node:internal/async_hooks:130:17) {
      errno: -111,
      code: 'ECONNREFUSED',
      syscall: 'connect',
      address: '127.0.0.1',
      port: 6379
    }
  ]
}
{"level":"error","message":"Redis connection error","timestamp":"2026-02-16T06:36:40.113Z","error":{"message":"","stack":"AggregateError [ECONNREFUSED]: \n    at internalConnectMultiple (node:net:1122:18)\n    at afterConnectMultiple (node:net:1689:7)\n    at TCPConnectWrap.callbackTrampoline (node:internal/async_hooks:130:17)","name":"AggregateError"}}
{"level":"warn","message":"Redis connection closed","timestamp":"2026-02-16T06:36:40.113Z","service":"RenderQueue"}
{"level":"error","message":"Redis cache error","timestamp":"2026-02-16T06:36:40.138Z","error":{"message":"","stack":"AggregateError [ECONNREFUSED]: \n    at internalConnectMultiple (node:net:1122:18)\n    at afterConnectMultiple (node:net:1689:7)\n    at TCPConnectWrap.callbackTrampoline (node:internal/async_hooks:130:17)","name":"AggregateError"}}
AggregateError [ECONNREFUSED]: 
    at internalConnectMultiple (node:net:1122:18)
    at afterConnectMultiple (node:net:1689:7)
    at TCPConnectWrap.callbackTrampoline (node:internal/async_hooks:130:17) {
  code: 'ECONNREFUSED',
  [errors]: [
    Error: connect ECONNREFUSED ::1:6379
        at createConnectionError (node:net:1652:14)
        at afterConnectMultiple (node:net:1682:16)
        at TCPConnectWrap.callbackTrampoline (node:internal/async_hooks:130:17) {
      errno: -111,
      code: 'ECONNREFUSED',
      syscall: 'connect',
      address: '::1',
      port: 6379
    },
    Error: connect ECONNREFUSED 127.0.0.1:6379
        at createConnectionError (node:net:1652:14)
        at afterConnectMultiple (node:net:1682:16)
        at TCPConnectWrap.callbackTrampoline (node:internal/async_hooks:130:17) {
      errno: -111,
      code: 'ECONNREFUSED',
      syscall: 'connect',
      address: '127.0.0.1',
      port: 6379
    }
  ]
}
AggregateError [ECONNREFUSED]: 
    at internalConnectMultiple (node:net:1122:18)
    at afterConnectMultiple (node:net:1689:7)
    at TCPConnectWrap.callbackTrampoline (node:internal/async_hooks:130:17) {
  code: 'ECONNREFUSED',
  [errors]: [
    Error: connect ECONNREFUSED ::1:6379
        at createConnectionError (node:net:1652:14)
        at afterConnectMultiple (node:net:1682:16)
        at TCPConnectWrap.callbackTrampoline (node:internal/async_hooks:130:17) {
      errno: -111,
      code: 'ECONNREFUSED',
      syscall: 'connect',
      address: '::1',
      port: 6379
    },
    Error: connect ECONNREFUSED 127.0.0.1:6379
        at createConnectionError (node:net:1652:14)
        at afterConnectMultiple (node:net:1682:16)
        at TCPConnectWrap.callbackTrampoline (node:internal/async_hooks:130:17) {
      errno: -111,
      code: 'ECONNREFUSED',
      syscall: 'connect',
      address: '127.0.0.1',
      port: 6379
    }
  ]
}
AggregateError [ECONNREFUSED]: 
    at internalConnectMultiple (node:net:1122:18)
    at afterConnectMultiple (node:net:1689:7)
    at TCPConnectWrap.callbackTrampoline (node:internal/async_hooks:130:17) {
  code: 'ECONNREFUSED',
  [errors]: [
    Error: connect ECONNREFUSED ::1:6379
        at createConnectionError (node:net:1652:14)
        at afterConnectMultiple (node:net:1682:16)
        at TCPConnectWrap.callbackTrampoline (node:internal/async_hooks:130:17) {
      errno: -111,
      code: 'ECONNREFUSED',
      syscall: 'connect',
      address: '::1',
      port: 6379
    },
    Error: connect ECONNREFUSED 127.0.0.1:6379
        at createConnectionError (node:net:1652:14)
        at afterConnectMultiple (node:net:1682:16)
        at TCPConnectWrap.callbackTrampoline (node:internal/async_hooks:130:17) {
      errno: -111,
      code: 'ECONNREFUSED',
      syscall: 'connect',
      address: '127.0.0.1',
      port: 6379
    }
  ]
}
AggregateError [ECONNREFUSED]: 
    at internalConnectMultiple (node:net:1122:18)
    at afterConnectMultiple (node:net:1689:7)
    at TCPConnectWrap.callbackTrampoline (node:internal/async_hooks:130:17) {
  code: 'ECONNREFUSED',
  [errors]: [
    Error: connect ECONNREFUSED ::1:6379
        at createConnectionError (node:net:1652:14)
        at afterConnectMultiple (node:net:1682:16)
        at TCPConnectWrap.callbackTrampoline (node:internal/async_hooks:130:17) {
      errno: -111,
      code: 'ECONNREFUSED',
      syscall: 'connect',
      address: '::1',
      port: 6379
    },
    Error: connect ECONNREFUSED 127.0.0.1:6379
        at createConnectionError (node:net:1652:14)
        at afterConnectMultiple (node:net:1682:16)
        at TCPConnectWrap.callbackTrampoline (node:internal/async_hooks:130:17) {
      errno: -111,
      code: 'ECONNREFUSED',
      syscall: 'connect',
      address: '127.0.0.1',
      port: 6379
    }
  ]
}
{"level":"error","message":"Redis cache error","timestamp":"2026-02-16T06:36:40.313Z","error":{"message":"","stack":"AggregateError [ECONNREFUSED]: \n    at internalConnectMultiple (node:net:1122:18)\n    at afterConnectMultiple (node:net:1689:7)\n    at TCPConnectWrap.callbackTrampoline (node:internal/async_hooks:130:17)","name":"AggregateError"}}
{"level":"error","message":"Redis connection error","timestamp":"2026-02-16T06:36:40.325Z","error":{"message":"","stack":"AggregateError [ECONNREFUSED]: \n    at internalConnectMultiple (node:net:1122:18)\n    at afterConnectMultiple (node:net:1689:7)\n    at TCPConnectWrap.callbackTrampoline (node:internal/async_hooks:130:17)","name":"AggregateError"}}
{"level":"warn","message":"Redis connection closed","timestamp":"2026-02-16T06:36:40.325Z","service":"RenderQueue"}
AggregateError [ECONNREFUSED]: 
    at internalConnectMultiple (node:net:1122:18)
    at afterConnectMultiple (node:net:1689:7)
    at TCPConnectWrap.callbackTrampoline (node:internal/async_hooks:130:17) {
  code: 'ECONNREFUSED',
  [errors]: [
    Error: connect ECONNREFUSED ::1:6379
        at createConnectionError (node:net:1652:14)
        at afterConnectMultiple (node:net:1682:16)
        at TCPConnectWrap.callbackTrampoline (node:internal/async_hooks:130:17) {
      errno: -111,
      code: 'ECONNREFUSED',
      syscall: 'connect',
      address: '::1',
      port: 6379
    },
    Error: connect ECONNREFUSED 127.0.0.1:6379
        at createConnectionError (node:net:1652:14)
        at afterConnectMultiple (node:net:1682:16)
        at TCPConnectWrap.callbackTrampoline (node:internal/async_hooks:130:17) {
      errno: -111,
      code: 'ECONNREFUSED',
      syscall: 'connect',
      address: '127.0.0.1',
      port: 6379
    }
  ]
}
{"level":"error","message":"Redis connection error","timestamp":"2026-02-16T06:36:40.336Z","error":{"message":"","stack":"AggregateError [ECONNREFUSED]: \n    at internalConnectMultiple (node:net:1122:18)\n    at afterConnectMultiple (node:net:1689:7)\n    at TCPConnectWrap.callbackTrampoline (node:internal/async_hooks:130:17)","name":"AggregateError"}}
AggregateError [ECONNREFUSED]: 
    at internalConnectMultiple (node:net:1122:18)
    at afterConnectMultiple (node:net:1689:7)
    at TCPConnectWrap.callbackTrampoline (node:internal/async_hooks:130:17) {
  code: 'ECONNREFUSED',
  [errors]: [
    Error: connect ECONNREFUSED ::1:6379
        at createConnectionError (node:net:1652:14)
        at afterConnectMultiple (node:net:1682:16)
        at TCPConnectWrap.callbackTrampoline (node:internal/async_hooks:130:17) {
      errno: -111,
      code: 'ECONNREFUSED',
      syscall: 'connect',
      address: '::1',
      port: 6379
    },
    Error: connect ECONNREFUSED 127.0.0.1:6379
        at createConnectionError (node:net:1652:14)
        at afterConnectMultiple (node:net:1682:16)
        at TCPConnectWrap.callbackTrampoline (node:internal/async_hooks:130:17) {
      errno: -111,
      code: 'ECONNREFUSED',
      syscall: 'connect',
      address: '127.0.0.1',
      port: 6379
    }
  ]
}
AggregateError [ECONNREFUSED]: 
    at internalConnectMultiple (node:net:1122:18)
    at afterConnectMultiple (node:net:1689:7)
    at TCPConnectWrap.callbackTrampoline (node:internal/async_hooks:130:17) {
  code: 'ECONNREFUSED',
  [errors]: [
    Error: connect ECONNREFUSED ::1:6379
        at createConnectionError (node:net:1652:14)
        at afterConnectMultiple (node:net:1682:16)
        at TCPConnectWrap.callbackTrampoline (node:internal/async_hooks:130:17) {
      errno: -111,
      code: 'ECONNREFUSED',
      syscall: 'connect',
      address: '::1',
      port: 6379
    },
    Error: connect ECONNREFUSED 127.0.0.1:6379
        at createConnectionError (node:net:1652:14)
        at afterConnectMultiple (node:net:1682:16)
        at TCPConnectWrap.callbackTrampoline (node:internal/async_hooks:130:17) {
      errno: -111,
      code: 'ECONNREFUSED',
      syscall: 'connect',
      address: '127.0.0.1',
      port: 6379
    }
  ]
}
AggregateError [ECONNREFUSED]: 
    at internalConnectMultiple (node:net:1122:18)
    at afterConnectMultiple (node:net:1689:7)
    at TCPConnectWrap.callbackTrampoline (node:internal/async_hooks:130:17) {
  code: 'ECONNREFUSED',
  [errors]: [
    Error: connect ECONNREFUSED ::1:6379
        at createConnectionError (node:net:1652:14)
        at afterConnectMultiple (node:net:1682:16)
        at TCPConnectWrap.callbackTrampoline (node:internal/async_hooks:130:17) {
      errno: -111,
      code: 'ECONNREFUSED',
      syscall: 'connect',
      address: '::1',
      port: 6379
    },
    Error: connect ECONNREFUSED 127.0.0.1:6379
        at createConnectionError (node:net:1652:14)
        at afterConnectMultiple (node:net:1682:16)
        at TCPConnectWrap.callbackTrampoline (node:internal/async_hooks:130:17) {
      errno: -111,
      code: 'ECONNREFUSED',
      syscall: 'connect',
      address: '127.0.0.1',
      port: 6379
    }
  ]
}
{"level":"warn","message":"Redis connection closed","timestamp":"2026-02-16T06:36:40.343Z","service":"RenderQueue"}
{"level":"error","message":"Redis connection error","timestamp":"2026-02-16T06:36:40.443Z","error":{"message":"","stack":"AggregateError [ECONNREFUSED]: \n    at internalConnectMultiple (node:net:1122:18)\n    at afterConnectMultiple (node:net:1689:7)\n    at TCPConnectWrap.callbackTrampoline (node:internal/async_hooks:130:17)","name":"AggregateError"}}
{"level":"warn","message":"Redis connection closed","timestamp":"2026-02-16T06:36:40.443Z","service":"RenderQueue"}
{"level":"error","message":"Redis cache error","timestamp":"2026-02-16T06:36:40.512Z","error":{"message":"","stack":"AggregateError [ECONNREFUSED]: \n    at internalConnectMultiple (node:net:1122:18)\n    at afterConnectMultiple (node:net:1689:7)\n    at TCPConnectWrap.callbackTrampoline (node:internal/async_hooks:130:17)","name":"AggregateError"}}
{"level":"error","message":"Redis cache error","timestamp":"2026-02-16T06:36:40.629Z","error":{"message":"","stack":"AggregateError [ECONNREFUSED]: \n    at internalConnectMultiple (node:net:1122:18)\n    at afterConnectMultiple (node:net:1689:7)\n    at TCPConnectWrap.callbackTrampoline (node:internal/async_hooks:130:17)","name":"AggregateError"}}
AggregateError [ECONNREFUSED]: 
    at internalConnectMultiple (node:net:1122:18)
    at afterConnectMultiple (node:net:1689:7)
    at TCPConnectWrap.callbackTrampoline (node:internal/async_hooks:130:17) {
  code: 'ECONNREFUSED',
  [errors]: [
    Error: connect ECONNREFUSED ::1:6379
        at createConnectionError (node:net:1652:14)
        at afterConnectMultiple (node:net:1682:16)
        at TCPConnectWrap.callbackTrampoline (node:internal/async_hooks:130:17) {
      errno: -111,
      code: 'ECONNREFUSED',
      syscall: 'connect',
      address: '::1',
      port: 6379
    },
    Error: connect ECONNREFUSED 127.0.0.1:6379
        at createConnectionError (node:net:1652:14)
        at afterConnectMultiple (node:net:1682:16)
        at TCPConnectWrap.callbackTrampoline (node:internal/async_hooks:130:17) {
      errno: -111,
      code: 'ECONNREFUSED',
      syscall: 'connect',
      address: '127.0.0.1',
      port: 6379
    }
  ]
}
AggregateError [ECONNREFUSED]: 
    at internalConnectMultiple (node:net:1122:18)
    at afterConnectMultiple (node:net:1689:7)
    at TCPConnectWrap.callbackTrampoline (node:internal/async_hooks:130:17) {
  code: 'ECONNREFUSED',
  [errors]: [
    Error: connect ECONNREFUSED ::1:6379
        at createConnectionError (node:net:1652:14)
        at afterConnectMultiple (node:net:1682:16)
        at TCPConnectWrap.callbackTrampoline (node:internal/async_hooks:130:17) {
      errno: -111,
      code: 'ECONNREFUSED',
      syscall: 'connect',
      address: '::1',
      port: 6379
    },
    Error: connect ECONNREFUSED 127.0.0.1:6379
        at createConnectionError (node:net:1652:14)
        at afterConnectMultiple (node:net:1682:16)
        at TCPConnectWrap.callbackTrampoline (node:internal/async_hooks:130:17) {
      errno: -111,
      code: 'ECONNREFUSED',
      syscall: 'connect',
      address: '127.0.0.1',
      port: 6379
    }
  ]
}
{"level":"warn","message":"AZURE_SPEECH_KEY not configured","timestamp":"2026-02-16T06:36:40.655Z"}
AggregateError [ECONNREFUSED]: 
    at internalConnectMultiple (node:net:1122:18)
    at afterConnectMultiple (node:net:1689:7)
    at TCPConnectWrap.callbackTrampoline (node:internal/async_hooks:130:17) {
  code: 'ECONNREFUSED',
  [errors]: [
    Error: connect ECONNREFUSED ::1:6379
        at createConnectionError (node:net:1652:14)
        at afterConnectMultiple (node:net:1682:16)
        at TCPConnectWrap.callbackTrampoline (node:internal/async_hooks:130:17) {
      errno: -111,
      code: 'ECONNREFUSED',
      syscall: 'connect',
      address: '::1',
      port: 6379
    },
    Error: connect ECONNREFUSED 127.0.0.1:6379
        at createConnectionError (node:net:1652:14)
        at afterConnectMultiple (node:net:1682:16)
        at TCPConnectWrap.callbackTrampoline (node:internal/async_hooks:130:17) {
      errno: -111,
      code: 'ECONNREFUSED',
      syscall: 'connect',
      address: '127.0.0.1',
      port: 6379
    }
  ]
}
AggregateError [ECONNREFUSED]: 
    at internalConnectMultiple (node:net:1122:18)
    at afterConnectMultiple (node:net:1689:7)
    at TCPConnectWrap.callbackTrampoline (node:internal/async_hooks:130:17) {
  code: 'ECONNREFUSED',
  [errors]: [
    Error: connect ECONNREFUSED ::1:6379
        at createConnectionError (node:net:1652:14)
        at afterConnectMultiple (node:net:1682:16)
        at TCPConnectWrap.callbackTrampoline (node:internal/async_hooks:130:17) {
      errno: -111,
      code: 'ECONNREFUSED',
      syscall: 'connect',
      address: '::1',
      port: 6379
    },
    Error: connect ECONNREFUSED 127.0.0.1:6379
        at createConnectionError (node:net:1652:14)
        at afterConnectMultiple (node:net:1682:16)
        at TCPConnectWrap.callbackTrampoline (node:internal/async_hooks:130:17) {
      errno: -111,
      code: 'ECONNREFUSED',
      syscall: 'connect',
      address: '127.0.0.1',
      port: 6379
    }
  ]
}
AggregateError [ECONNREFUSED]: 
    at internalConnectMultiple (node:net:1122:18)
    at afterConnectMultiple (node:net:1689:7)
    at TCPConnectWrap.callbackTrampoline (node:internal/async_hooks:130:17) {
  code: 'ECONNREFUSED',
  [errors]: [
    Error: connect ECONNREFUSED ::1:6379
        at createConnectionError (node:net:1652:14)
        at afterConnectMultiple (node:net:1682:16)
        at TCPConnectWrap.callbackTrampoline (node:internal/async_hooks:130:17) {
      errno: -111,
      code: 'ECONNREFUSED',
      syscall: 'connect',
      address: '::1',
      port: 6379
    },
    Error: connect ECONNREFUSED 127.0.0.1:6379
        at createConnectionError (node:net:1652:14)
        at afterConnectMultiple (node:net:1682:16)
        at TCPConnectWrap.callbackTrampoline (node:internal/async_hooks:130:17) {
      errno: -111,
      code: 'ECONNREFUSED',
      syscall: 'connect',
      address: '127.0.0.1',
      port: 6379
    }
  ]
}
{"level":"error","message":"Redis connection error","timestamp":"2026-02-16T06:36:40.797Z","error":{"message":"","stack":"AggregateError [ECONNREFUSED]: \n    at internalConnectMultiple (node:net:1122:18)\n    at afterConnectMultiple (node:net:1689:7)\n    at TCPConnectWrap.callbackTrampoline (node:internal/async_hooks:130:17)","name":"AggregateError"}}
{"level":"warn","message":"Redis connection closed","timestamp":"2026-02-16T06:36:40.798Z","service":"RenderQueue"}
{"level":"error","message":"Redis connection error","timestamp":"2026-02-16T06:36:40.891Z","error":{"message":"","stack":"AggregateError [ECONNREFUSED]: \n    at internalConnectMultiple (node:net:1122:18)\n    at afterConnectMultiple (node:net:1689:7)\n    at TCPConnectWrap.callbackTrampoline (node:internal/async_hooks:130:17)","name":"AggregateError"}}
{"level":"warn","message":"Redis connection closed","timestamp":"2026-02-16T06:36:40.892Z","service":"RenderQueue"}
AggregateError [ECONNREFUSED]: 
    at internalConnectMultiple (node:net:1122:18)
    at afterConnectMultiple (node:net:1689:7)
    at TCPConnectWrap.callbackTrampoline (node:internal/async_hooks:130:17) {
  code: 'ECONNREFUSED',
  [errors]: [
    Error: connect ECONNREFUSED ::1:6379
        at createConnectionError (node:net:1652:14)
        at afterConnectMultiple (node:net:1682:16)
        at TCPConnectWrap.callbackTrampoline (node:internal/async_hooks:130:17) {
      errno: -111,
      code: 'ECONNREFUSED',
      syscall: 'connect',
      address: '::1',
      port: 6379
    },
    Error: connect ECONNREFUSED 127.0.0.1:6379
        at createConnectionError (node:net:1652:14)
        at afterConnectMultiple (node:net:1682:16)
        at TCPConnectWrap.callbackTrampoline (node:internal/async_hooks:130:17) {
      errno: -111,
      code: 'ECONNREFUSED',
      syscall: 'connect',
      address: '127.0.0.1',
      port: 6379
    }
  ]
}
AggregateError [ECONNREFUSED]: 
    at internalConnectMultiple (node:net:1122:18)
    at afterConnectMultiple (node:net:1689:7)
    at TCPConnectWrap.callbackTrampoline (node:internal/async_hooks:130:17) {
  code: 'ECONNREFUSED',
  [errors]: [
    Error: connect ECONNREFUSED ::1:6379
        at createConnectionError (node:net:1652:14)
        at afterConnectMultiple (node:net:1682:16)
        at TCPConnectWrap.callbackTrampoline (node:internal/async_hooks:130:17) {
      errno: -111,
      code: 'ECONNREFUSED',
      syscall: 'connect',
      address: '::1',
      port: 6379
    },
    Error: connect ECONNREFUSED 127.0.0.1:6379
        at createConnectionError (node:net:1652:14)
        at afterConnectMultiple (node:net:1682:16)
        at TCPConnectWrap.callbackTrampoline (node:internal/async_hooks:130:17) {
      errno: -111,
      code: 'ECONNREFUSED',
      syscall: 'connect',
      address: '127.0.0.1',
      port: 6379
    }
  ]
}
AggregateError [ECONNREFUSED]: 
    at internalConnectMultiple (node:net:1122:18)
    at afterConnectMultiple (node:net:1689:7)
    at TCPConnectWrap.callbackTrampoline (node:internal/async_hooks:130:17) {
  code: 'ECONNREFUSED',
  [errors]: [
    Error: connect ECONNREFUSED ::1:6379
        at createConnectionError (node:net:1652:14)
        at afterConnectMultiple (node:net:1682:16)
        at TCPConnectWrap.callbackTrampoline (node:internal/async_hooks:130:17) {
      errno: -111,
      code: 'ECONNREFUSED',
      syscall: 'connect',
      address: '::1',
      port: 6379
    },
    Error: connect ECONNREFUSED 127.0.0.1:6379
        at createConnectionError (node:net:1652:14)
        at afterConnectMultiple (node:net:1682:16)
        at TCPConnectWrap.callbackTrampoline (node:internal/async_hooks:130:17) {
      errno: -111,
      code: 'ECONNREFUSED',
      syscall: 'connect',
      address: '127.0.0.1',
      port: 6379
    }
  ]
}
{"level":"error","message":"Redis cache error","timestamp":"2026-02-16T06:36:41.048Z","error":{"message":"","stack":"AggregateError [ECONNREFUSED]: \n    at internalConnectMultiple (node:net:1122:18)\n    at afterConnectMultiple (node:net:1689:7)\n    at TCPConnectWrap.callbackTrampoline (node:internal/async_hooks:130:17)","name":"AggregateError"}}
AggregateError [ECONNREFUSED]: 
    at internalConnectMultiple (node:net:1122:18)
    at afterConnectMultiple (node:net:1689:7)
    at TCPConnectWrap.callbackTrampoline (node:internal/async_hooks:130:17) {
  code: 'ECONNREFUSED',
  [errors]: [
    Error: connect ECONNREFUSED ::1:6379
        at createConnectionError (node:net:1652:14)
        at afterConnectMultiple (node:net:1682:16)
        at TCPConnectWrap.callbackTrampoline (node:internal/async_hooks:130:17) {
      errno: -111,
      code: 'ECONNREFUSED',
      syscall: 'connect',
      address: '::1',
      port: 6379
    },
    Error: connect ECONNREFUSED 127.0.0.1:6379
        at createConnectionError (node:net:1652:14)
        at afterConnectMultiple (node:net:1682:16)
        at TCPConnectWrap.callbackTrampoline (node:internal/async_hooks:130:17) {
      errno: -111,
      code: 'ECONNREFUSED',
      syscall: 'connect',
      address: '127.0.0.1',
      port: 6379
    }
  ]
}
{"level":"error","message":"Redis cache error","timestamp":"2026-02-16T06:36:41.231Z","error":{"message":"","stack":"AggregateError [ECONNREFUSED]: \n    at internalConnectMultiple (node:net:1122:18)\n    at afterConnectMultiple (node:net:1689:7)\n    at TCPConnectWrap.callbackTrampoline (node:internal/async_hooks:130:17)","name":"AggregateError"}}
AggregateError [ECONNREFUSED]: 
    at internalConnectMultiple (node:net:1122:18)
    at afterConnectMultiple (node:net:1689:7)
    at TCPConnectWrap.callbackTrampoline (node:internal/async_hooks:130:17) {
  code: 'ECONNREFUSED',
  [errors]: [
    Error: connect ECONNREFUSED ::1:6379
        at createConnectionError (node:net:1652:14)
        at afterConnectMultiple (node:net:1682:16)
        at TCPConnectWrap.callbackTrampoline (node:internal/async_hooks:130:17) {
      errno: -111,
      code: 'ECONNREFUSED',
      syscall: 'connect',
      address: '::1',
      port: 6379
    },
    Error: connect ECONNREFUSED 127.0.0.1:6379
        at createConnectionError (node:net:1652:14)
        at afterConnectMultiple (node:net:1682:16)
        at TCPConnectWrap.callbackTrampoline (node:internal/async_hooks:130:17) {
      errno: -111,
      code: 'ECONNREFUSED',
      syscall: 'connect',
      address: '127.0.0.1',
      port: 6379
    }
  ]
}
AggregateError [ECONNREFUSED]: 
    at internalConnectMultiple (node:net:1122:18)
    at afterConnectMultiple (node:net:1689:7)
    at TCPConnectWrap.callbackTrampoline (node:internal/async_hooks:130:17) {
  code: 'ECONNREFUSED',
  [errors]: [
    Error: connect ECONNREFUSED ::1:6379
        at createConnectionError (node:net:1652:14)
        at afterConnectMultiple (node:net:1682:16)
        at TCPConnectWrap.callbackTrampoline (node:internal/async_hooks:130:17) {
      errno: -111,
      code: 'ECONNREFUSED',
      syscall: 'connect',
      address: '::1',
      port: 6379
    },
    Error: connect ECONNREFUSED 127.0.0.1:6379
        at createConnectionError (node:net:1652:14)
        at afterConnectMultiple (node:net:1682:16)
        at TCPConnectWrap.callbackTrampoline (node:internal/async_hooks:130:17) {
      errno: -111,
      code: 'ECONNREFUSED',
      syscall: 'connect',
      address: '127.0.0.1',
      port: 6379
    }
  ]
}
{"level":"error","message":"Redis cache error","timestamp":"2026-02-16T06:36:41.257Z","error":{"message":"","stack":"AggregateError [ECONNREFUSED]: \n    at internalConnectMultiple (node:net:1122:18)\n    at afterConnectMultiple (node:net:1689:7)\n    at TCPConnectWrap.callbackTrampoline (node:internal/async_hooks:130:17)","name":"AggregateError"}}
AggregateError [ECONNREFUSED]: 
    at internalConnectMultiple (node:net:1122:18)
    at afterConnectMultiple (node:net:1689:7)
    at TCPConnectWrap.callbackTrampoline (node:internal/async_hooks:130:17) {
  code: 'ECONNREFUSED',
  [errors]: [
    Error: connect ECONNREFUSED ::1:6379
        at createConnectionError (node:net:1652:14)
        at afterConnectMultiple (node:net:1682:16)
        at TCPConnectWrap.callbackTrampoline (node:internal/async_hooks:130:17) {
      errno: -111,
      code: 'ECONNREFUSED',
      syscall: 'connect',
      address: '::1',
      port: 6379
    },
    Error: connect ECONNREFUSED 127.0.0.1:6379
        at createConnectionError (node:net:1652:14)
        at afterConnectMultiple (node:net:1682:16)
        at TCPConnectWrap.callbackTrampoline (node:internal/async_hooks:130:17) {
      errno: -111,
      code: 'ECONNREFUSED',
      syscall: 'connect',
      address: '127.0.0.1',
      port: 6379
    }
  ]
}
AggregateError [ECONNREFUSED]: 
    at internalConnectMultiple (node:net:1122:18)
    at afterConnectMultiple (node:net:1689:7)
    at TCPConnectWrap.callbackTrampoline (node:internal/async_hooks:130:17) {
  code: 'ECONNREFUSED',
  [errors]: [
    Error: connect ECONNREFUSED ::1:6379
        at createConnectionError (node:net:1652:14)
        at afterConnectMultiple (node:net:1682:16)
        at TCPConnectWrap.callbackTrampoline (node:internal/async_hooks:130:17) {
      errno: -111,
      code: 'ECONNREFUSED',
      syscall: 'connect',
      address: '::1',
      port: 6379
    },
    Error: connect ECONNREFUSED 127.0.0.1:6379
        at createConnectionError (node:net:1652:14)
        at afterConnectMultiple (node:net:1682:16)
        at TCPConnectWrap.callbackTrampoline (node:internal/async_hooks:130:17) {
      errno: -111,
      code: 'ECONNREFUSED',
      syscall: 'connect',
      address: '127.0.0.1',
      port: 6379
    }
  ]
}
{"level":"error","message":"Redis connection error","timestamp":"2026-02-16T06:36:41.259Z","error":{"message":"","stack":"AggregateError [ECONNREFUSED]: \n    at internalConnectMultiple (node:net:1122:18)\n    at afterConnectMultiple (node:net:1689:7)\n    at TCPConnectWrap.callbackTrampoline (node:internal/async_hooks:130:17)","name":"AggregateError"}}
AggregateError [ECONNREFUSED]: 
    at internalConnectMultiple (node:net:1122:18)
    at afterConnectMultiple (node:net:1689:7)
    at TCPConnectWrap.callbackTrampoline (node:internal/async_hooks:130:17) {
  code: 'ECONNREFUSED',
  [errors]: [
    Error: connect ECONNREFUSED ::1:6379
        at createConnectionError (node:net:1652:14)
        at afterConnectMultiple (node:net:1682:16)
        at TCPConnectWrap.callbackTrampoline (node:internal/async_hooks:130:17) {
      errno: -111,
      code: 'ECONNREFUSED',
      syscall: 'connect',
      address: '::1',
      port: 6379
    },
    Error: connect ECONNREFUSED 127.0.0.1:6379
        at createConnectionError (node:net:1652:14)
        at afterConnectMultiple (node:net:1682:16)
        at TCPConnectWrap.callbackTrampoline (node:internal/async_hooks:130:17) {
      errno: -111,
      code: 'ECONNREFUSED',
      syscall: 'connect',
      address: '127.0.0.1',
      port: 6379
    }
  ]
}
{"level":"warn","message":"Redis connection closed","timestamp":"2026-02-16T06:36:41.261Z","service":"RenderQueue"}
AggregateError [ECONNREFUSED]: 
    at internalConnectMultiple (node:net:1122:18)
    at afterConnectMultiple (node:net:1689:7)
    at TCPConnectWrap.callbackTrampoline (node:internal/async_hooks:130:17) {
  code: 'ECONNREFUSED',
  [errors]: [
    Error: connect ECONNREFUSED ::1:6379
        at createConnectionError (node:net:1652:14)
        at afterConnectMultiple (node:net:1682:16)
        at TCPConnectWrap.callbackTrampoline (node:internal/async_hooks:130:17) {
      errno: -111,
      code: 'ECONNREFUSED',
      syscall: 'connect',
      address: '::1',
      port: 6379
    },
    Error: connect ECONNREFUSED 127.0.0.1:6379
        at createConnectionError (node:net:1652:14)
        at afterConnectMultiple (node:net:1682:16)
        at TCPConnectWrap.callbackTrampoline (node:internal/async_hooks:130:17) {
      errno: -111,
      code: 'ECONNREFUSED',
      syscall: 'connect',
      address: '127.0.0.1',
      port: 6379
    }
  ]
}
{"level":"error","message":"Redis connection error","timestamp":"2026-02-16T06:36:41.304Z","error":{"message":"","stack":"AggregateError [ECONNREFUSED]: \n    at internalConnectMultiple (node:net:1122:18)\n    at afterConnectMultiple (node:net:1689:7)\n    at TCPConnectWrap.callbackTrampoline (node:internal/async_hooks:130:17)","name":"AggregateError"}}
{"level":"warn","message":"Redis connection closed","timestamp":"2026-02-16T06:36:41.305Z","service":"RenderQueue"}
{"level":"error","message":"Redis connection error","timestamp":"2026-02-16T06:36:41.307Z","error":{"message":"","stack":"AggregateError [ECONNREFUSED]: \n    at internalConnectMultiple (node:net:1122:18)\n    at afterConnectMultiple (node:net:1689:7)\n    at TCPConnectWrap.callbackTrampoline (node:internal/async_hooks:130:17)","name":"AggregateError"}}
{"level":"warn","message":"Redis connection closed","timestamp":"2026-02-16T06:36:41.307Z","service":"RenderQueue"}
AggregateError [ECONNREFUSED]: 
    at internalConnectMultiple (node:net:1122:18)
    at afterConnectMultiple (node:net:1689:7)
    at TCPConnectWrap.callbackTrampoline (node:internal/async_hooks:130:17) {
  code: 'ECONNREFUSED',
  [errors]: [
    Error: connect ECONNREFUSED ::1:6379
        at createConnectionError (node:net:1652:14)
        at afterConnectMultiple (node:net:1682:16)
        at TCPConnectWrap.callbackTrampoline (node:internal/async_hooks:130:17) {
      errno: -111,
      code: 'ECONNREFUSED',
      syscall: 'connect',
      address: '::1',
      port: 6379
    },
    Error: connect ECONNREFUSED 127.0.0.1:6379
        at createConnectionError (node:net:1652:14)
        at afterConnectMultiple (node:net:1682:16)
        at TCPConnectWrap.callbackTrampoline (node:internal/async_hooks:130:17) {
      errno: -111,
      code: 'ECONNREFUSED',
      syscall: 'connect',
      address: '127.0.0.1',
      port: 6379
    }
  ]
}
AggregateError [ECONNREFUSED]: 
    at internalConnectMultiple (node:net:1122:18)
    at afterConnectMultiple (node:net:1689:7)
    at TCPConnectWrap.callbackTrampoline (node:internal/async_hooks:130:17) {
  code: 'ECONNREFUSED',
  [errors]: [
    Error: connect ECONNREFUSED ::1:6379
        at createConnectionError (node:net:1652:14)
        at afterConnectMultiple (node:net:1682:16)
        at TCPConnectWrap.callbackTrampoline (node:internal/async_hooks:130:17) {
      errno: -111,
      code: 'ECONNREFUSED',
      syscall: 'connect',
      address: '::1',
      port: 6379
    },
    Error: connect ECONNREFUSED 127.0.0.1:6379
        at createConnectionError (node:net:1652:14)
        at afterConnectMultiple (node:net:1682:16)
        at TCPConnectWrap.callbackTrampoline (node:internal/async_hooks:130:17) {
      errno: -111,
      code: 'ECONNREFUSED',
      syscall: 'connect',
      address: '127.0.0.1',
      port: 6379
    }
  ]
}
AggregateError [ECONNREFUSED]: 
    at internalConnectMultiple (node:net:1122:18)
    at afterConnectMultiple (node:net:1689:7)
    at TCPConnectWrap.callbackTrampoline (node:internal/async_hooks:130:17) {
  code: 'ECONNREFUSED',
  [errors]: [
    Error: connect ECONNREFUSED ::1:6379
        at createConnectionError (node:net:1652:14)
        at afterConnectMultiple (node:net:1682:16)
        at TCPConnectWrap.callbackTrampoline (node:internal/async_hooks:130:17) {
      errno: -111,
      code: 'ECONNREFUSED',
      syscall: 'connect',
      address: '::1',
      port: 6379
    },
    Error: connect ECONNREFUSED 127.0.0.1:6379
        at createConnectionError (node:net:1652:14)
        at afterConnectMultiple (node:net:1682:16)
        at TCPConnectWrap.callbackTrampoline (node:internal/async_hooks:130:17) {
      errno: -111,
      code: 'ECONNREFUSED',
      syscall: 'connect',
      address: '127.0.0.1',
      port: 6379
    }
  ]
}
AggregateError [ECONNREFUSED]: 
    at internalConnectMultiple (node:net:1122:18)
    at afterConnectMultiple (node:net:1689:7)
    at TCPConnectWrap.callbackTrampoline (node:internal/async_hooks:130:17) {
  code: 'ECONNREFUSED',
  [errors]: [
    Error: connect ECONNREFUSED ::1:6379
        at createConnectionError (node:net:1652:14)
        at afterConnectMultiple (node:net:1682:16)
        at TCPConnectWrap.callbackTrampoline (node:internal/async_hooks:130:17) {
      errno: -111,
      code: 'ECONNREFUSED',
      syscall: 'connect',
      address: '::1',
      port: 6379
    },
    Error: connect ECONNREFUSED 127.0.0.1:6379
        at createConnectionError (node:net:1652:14)
        at afterConnectMultiple (node:net:1682:16)
        at TCPConnectWrap.callbackTrampoline (node:internal/async_hooks:130:17) {
      errno: -111,
      code: 'ECONNREFUSED',
      syscall: 'connect',
      address: '127.0.0.1',
      port: 6379
    }
  ]
}
AggregateError [ECONNREFUSED]: 
    at internalConnectMultiple (node:net:1122:18)
    at afterConnectMultiple (node:net:1689:7)
    at TCPConnectWrap.callbackTrampoline (node:internal/async_hooks:130:17) {
  code: 'ECONNREFUSED',
  [errors]: [
    Error: connect ECONNREFUSED ::1:6379
        at createConnectionError (node:net:1652:14)
        at afterConnectMultiple (node:net:1682:16)
        at TCPConnectWrap.callbackTrampoline (node:internal/async_hooks:130:17) {
      errno: -111,
      code: 'ECONNREFUSED',
      syscall: 'connect',
      address: '::1',
      port: 6379
    },
    Error: connect ECONNREFUSED 127.0.0.1:6379
        at createConnectionError (node:net:1652:14)
        at afterConnectMultiple (node:net:1682:16)
        at TCPConnectWrap.callbackTrampoline (node:internal/async_hooks:130:17) {
      errno: -111,
      code: 'ECONNREFUSED',
      syscall: 'connect',
      address: '127.0.0.1',
      port: 6379
    }
  ]
}
AggregateError [ECONNREFUSED]: 
    at internalConnectMultiple (node:net:1122:18)
    at afterConnectMultiple (node:net:1689:7)
    at TCPConnectWrap.callbackTrampoline (node:internal/async_hooks:130:17) {
  code: 'ECONNREFUSED',
  [errors]: [
    Error: connect ECONNREFUSED ::1:6379
        at createConnectionError (node:net:1652:14)
        at afterConnectMultiple (node:net:1682:16)
        at TCPConnectWrap.callbackTrampoline (node:internal/async_hooks:130:17) {
      errno: -111,
      code: 'ECONNREFUSED',
      syscall: 'connect',
      address: '::1',
      port: 6379
    },
    Error: connect ECONNREFUSED 127.0.0.1:6379
        at createConnectionError (node:net:1652:14)
        at afterConnectMultiple (node:net:1682:16)
        at TCPConnectWrap.callbackTrampoline (node:internal/async_hooks:130:17) {
      errno: -111,
      code: 'ECONNREFUSED',
      syscall: 'connect',
      address: '127.0.0.1',
      port: 6379
    }
  ]
}
{"level":"error","message":"Redis cache error","timestamp":"2026-02-16T06:36:41.501Z","error":{"message":"","stack":"AggregateError [ECONNREFUSED]: \n    at internalConnectMultiple (node:net:1122:18)\n    at afterConnectMultiple (node:net:1689:7)\n    at TCPConnectWrap.callbackTrampoline (node:internal/async_hooks:130:17)","name":"AggregateError"}}
{"level":"error","message":"Redis connection error","timestamp":"2026-02-16T06:36:41.672Z","error":{"message":"","stack":"AggregateError [ECONNREFUSED]: \n    at internalConnectMultiple (node:net:1122:18)\n    at afterConnectMultiple (node:net:1689:7)\n    at TCPConnectWrap.callbackTrampoline (node:internal/async_hooks:130:17)","name":"AggregateError"}}
{"level":"warn","message":"Redis connection closed","timestamp":"2026-02-16T06:36:41.672Z","service":"RenderQueue"}
AggregateError [ECONNREFUSED]: 
    at internalConnectMultiple (node:net:1122:18)
    at afterConnectMultiple (node:net:1689:7)
    at TCPConnectWrap.callbackTrampoline (node:internal/async_hooks:130:17) {
  code: 'ECONNREFUSED',
  [errors]: [
    Error: connect ECONNREFUSED ::1:6379
        at createConnectionError (node:net:1652:14)
        at afterConnectMultiple (node:net:1682:16)
        at TCPConnectWrap.callbackTrampoline (node:internal/async_hooks:130:17) {
      errno: -111,
      code: 'ECONNREFUSED',
      syscall: 'connect',
      address: '::1',
      port: 6379
    },
    Error: connect ECONNREFUSED 127.0.0.1:6379
        at createConnectionError (node:net:1652:14)
        at afterConnectMultiple (node:net:1682:16)
        at TCPConnectWrap.callbackTrampoline (node:internal/async_hooks:130:17) {
      errno: -111,
      code: 'ECONNREFUSED',
      syscall: 'connect',
      address: '127.0.0.1',
      port: 6379
    }
  ]
}
{"level":"error","message":"Redis cache error","timestamp":"2026-02-16T06:36:41.676Z","error":{"message":"","stack":"AggregateError [ECONNREFUSED]: \n    at internalConnectMultiple (node:net:1122:18)\n    at afterConnectMultiple (node:net:1689:7)\n    at TCPConnectWrap.callbackTrampoline (node:internal/async_hooks:130:17)","name":"AggregateError"}}
AggregateError [ECONNREFUSED]: 
    at internalConnectMultiple (node:net:1122:18)
    at afterConnectMultiple (node:net:1689:7)
    at TCPConnectWrap.callbackTrampoline (node:internal/async_hooks:130:17) {
  code: 'ECONNREFUSED',
  [errors]: [
    Error: connect ECONNREFUSED ::1:6379
        at createConnectionError (node:net:1652:14)
        at afterConnectMultiple (node:net:1682:16)
        at TCPConnectWrap.callbackTrampoline (node:internal/async_hooks:130:17) {
      errno: -111,
      code: 'ECONNREFUSED',
      syscall: 'connect',
      address: '::1',
      port: 6379
    },
    Error: connect ECONNREFUSED 127.0.0.1:6379
        at createConnectionError (node:net:1652:14)
        at afterConnectMultiple (node:net:1682:16)
        at TCPConnectWrap.callbackTrampoline (node:internal/async_hooks:130:17) {
      errno: -111,
      code: 'ECONNREFUSED',
      syscall: 'connect',
      address: '127.0.0.1',
      port: 6379
    }
  ]
}
AggregateError [ECONNREFUSED]: 
    at internalConnectMultiple (node:net:1122:18)
    at afterConnectMultiple (node:net:1689:7)
    at TCPConnectWrap.callbackTrampoline (node:internal/async_hooks:130:17) {
  code: 'ECONNREFUSED',
  [errors]: [
    Error: connect ECONNREFUSED ::1:6379
        at createConnectionError (node:net:1652:14)
        at afterConnectMultiple (node:net:1682:16)
        at TCPConnectWrap.callbackTrampoline (node:internal/async_hooks:130:17) {
      errno: -111,
      code: 'ECONNREFUSED',
      syscall: 'connect',
      address: '::1',
      port: 6379
    },
    Error: connect ECONNREFUSED 127.0.0.1:6379
        at createConnectionError (node:net:1652:14)
        at afterConnectMultiple (node:net:1682:16)
        at TCPConnectWrap.callbackTrampoline (node:internal/async_hooks:130:17) {
      errno: -111,
      code: 'ECONNREFUSED',
      syscall: 'connect',
      address: '127.0.0.1',
      port: 6379
    }
  ]
}
AggregateError [ECONNREFUSED]: 
    at internalConnectMultiple (node:net:1122:18)
    at afterConnectMultiple (node:net:1689:7)
    at TCPConnectWrap.callbackTrampoline (node:internal/async_hooks:130:17) {
  code: 'ECONNREFUSED',
  [errors]: [
    Error: connect ECONNREFUSED ::1:6379
        at createConnectionError (node:net:1652:14)
        at afterConnectMultiple (node:net:1682:16)
        at TCPConnectWrap.callbackTrampoline (node:internal/async_hooks:130:17) {
      errno: -111,
      code: 'ECONNREFUSED',
      syscall: 'connect',
      address: '::1',
      port: 6379
    },
    Error: connect ECONNREFUSED 127.0.0.1:6379
        at createConnectionError (node:net:1652:14)
        at afterConnectMultiple (node:net:1682:16)
        at TCPConnectWrap.callbackTrampoline (node:internal/async_hooks:130:17) {
      errno: -111,
      code: 'ECONNREFUSED',
      syscall: 'connect',
      address: '127.0.0.1',
      port: 6379
    }
  ]
}
AggregateError [ECONNREFUSED]: 
    at internalConnectMultiple (node:net:1122:18)
    at afterConnectMultiple (node:net:1689:7)
    at TCPConnectWrap.callbackTrampoline (node:internal/async_hooks:130:17) {
  code: 'ECONNREFUSED',
  [errors]: [
    Error: connect ECONNREFUSED ::1:6379
        at createConnectionError (node:net:1652:14)
        at afterConnectMultiple (node:net:1682:16)
        at TCPConnectWrap.callbackTrampoline (node:internal/async_hooks:130:17) {
      errno: -111,
      code: 'ECONNREFUSED',
      syscall: 'connect',
      address: '::1',
      port: 6379
    },
    Error: connect ECONNREFUSED 127.0.0.1:6379
        at createConnectionError (node:net:1652:14)
        at afterConnectMultiple (node:net:1682:16)
        at TCPConnectWrap.callbackTrampoline (node:internal/async_hooks:130:17) {
      errno: -111,
      code: 'ECONNREFUSED',
      syscall: 'connect',
      address: '127.0.0.1',
      port: 6379
    }
  ]
}
AggregateError [ECONNREFUSED]: 
    at internalConnectMultiple (node:net:1122:18)
    at afterConnectMultiple (node:net:1689:7)
    at TCPConnectWrap.callbackTrampoline (node:internal/async_hooks:130:17) {
  code: 'ECONNREFUSED',
  [errors]: [
    Error: connect ECONNREFUSED ::1:6379
        at createConnectionError (node:net:1652:14)
        at afterConnectMultiple (node:net:1682:16)
        at TCPConnectWrap.callbackTrampoline (node:internal/async_hooks:130:17) {
      errno: -111,
      code: 'ECONNREFUSED',
      syscall: 'connect',
      address: '::1',
      port: 6379
    },
    Error: connect ECONNREFUSED 127.0.0.1:6379
        at createConnectionError (node:net:1652:14)
        at afterConnectMultiple (node:net:1682:16)
        at TCPConnectWrap.callbackTrampoline (node:internal/async_hooks:130:17) {
      errno: -111,
      code: 'ECONNREFUSED',
      syscall: 'connect',
      address: '127.0.0.1',
      port: 6379
    }
  ]
}
{"level":"error","message":"Redis cache error","timestamp":"2026-02-16T06:36:41.750Z","error":{"message":"","stack":"AggregateError [ECONNREFUSED]: \n    at internalConnectMultiple (node:net:1122:18)\n    at afterConnectMultiple (node:net:1689:7)\n    at TCPConnectWrap.callbackTrampoline (node:internal/async_hooks:130:17)","name":"AggregateError"}}
{"level":"error","message":"Redis connection error","timestamp":"2026-02-16T06:36:41.758Z","error":{"message":"","stack":"AggregateError [ECONNREFUSED]: \n    at internalConnectMultiple (node:net:1122:18)\n    at afterConnectMultiple (node:net:1689:7)\n    at TCPConnectWrap.callbackTrampoline (node:internal/async_hooks:130:17)","name":"AggregateError"}}
{"level":"warn","message":"Redis connection closed","timestamp":"2026-02-16T06:36:41.758Z","service":"RenderQueue"}
{"level":"error","message":"Redis connection error","timestamp":"2026-02-16T06:36:41.708Z","error":{"message":"","stack":"AggregateError [ECONNREFUSED]: \n    at internalConnectMultiple (node:net:1122:18)\n    at afterConnectMultiple (node:net:1689:7)\n    at TCPConnectWrap.callbackTrampoline (node:internal/async_hooks:130:17)","name":"AggregateError"}}
{"level":"warn","message":"Redis connection closed","timestamp":"2026-02-16T06:36:41.709Z","service":"RenderQueue"}
AggregateError [ECONNREFUSED]: 
    at internalConnectMultiple (node:net:1122:18)
    at afterConnectMultiple (node:net:1689:7)
    at TCPConnectWrap.callbackTrampoline (node:internal/async_hooks:130:17) {
  code: 'ECONNREFUSED',
  [errors]: [
    Error: connect ECONNREFUSED ::1:6379
        at createConnectionError (node:net:1652:14)
        at afterConnectMultiple (node:net:1682:16)
        at TCPConnectWrap.callbackTrampoline (node:internal/async_hooks:130:17) {
      errno: -111,
      code: 'ECONNREFUSED',
      syscall: 'connect',
      address: '::1',
      port: 6379
    },
    Error: connect ECONNREFUSED 127.0.0.1:6379
        at createConnectionError (node:net:1652:14)
        at afterConnectMultiple (node:net:1682:16)
        at TCPConnectWrap.callbackTrampoline (node:internal/async_hooks:130:17) {
      errno: -111,
      code: 'ECONNREFUSED',
      syscall: 'connect',
      address: '127.0.0.1',
      port: 6379
    }
  ]
}
AggregateError [ECONNREFUSED]: 
    at internalConnectMultiple (node:net:1122:18)
    at afterConnectMultiple (node:net:1689:7)
    at TCPConnectWrap.callbackTrampoline (node:internal/async_hooks:130:17) {
  code: 'ECONNREFUSED',
  [errors]: [
    Error: connect ECONNREFUSED ::1:6379
        at createConnectionError (node:net:1652:14)
        at afterConnectMultiple (node:net:1682:16)
        at TCPConnectWrap.callbackTrampoline (node:internal/async_hooks:130:17) {
      errno: -111,
      code: 'ECONNREFUSED',
      syscall: 'connect',
      address: '::1',
      port: 6379
    },
    Error: connect ECONNREFUSED 127.0.0.1:6379
        at createConnectionError (node:net:1652:14)
        at afterConnectMultiple (node:net:1682:16)
        at TCPConnectWrap.callbackTrampoline (node:internal/async_hooks:130:17) {
      errno: -111,
      code: 'ECONNREFUSED',
      syscall: 'connect',
      address: '127.0.0.1',
      port: 6379
    }
  ]
}
AggregateError [ECONNREFUSED]: 
    at internalConnectMultiple (node:net:1122:18)
    at afterConnectMultiple (node:net:1689:7)
    at TCPConnectWrap.callbackTrampoline (node:internal/async_hooks:130:17) {
  code: 'ECONNREFUSED',
  [errors]: [
    Error: connect ECONNREFUSED ::1:6379
        at createConnectionError (node:net:1652:14)
        at afterConnectMultiple (node:net:1682:16)
        at TCPConnectWrap.callbackTrampoline (node:internal/async_hooks:130:17) {
      errno: -111,
      code: 'ECONNREFUSED',
      syscall: 'connect',
      address: '::1',
      port: 6379
    },
    Error: connect ECONNREFUSED 127.0.0.1:6379
        at createConnectionError (node:net:1652:14)
        at afterConnectMultiple (node:net:1682:16)
        at TCPConnectWrap.callbackTrampoline (node:internal/async_hooks:130:17) {
      errno: -111,
      code: 'ECONNREFUSED',
      syscall: 'connect',
      address: '127.0.0.1',
      port: 6379
    }
  ]
}
AggregateError [ECONNREFUSED]: 
    at internalConnectMultiple (node:net:1122:18)
    at afterConnectMultiple (node:net:1689:7)
    at TCPConnectWrap.callbackTrampoline (node:internal/async_hooks:130:17) {
  code: 'ECONNREFUSED',
  [errors]: [
    Error: connect ECONNREFUSED ::1:6379
        at createConnectionError (node:net:1652:14)
        at afterConnectMultiple (node:net:1682:16)
        at TCPConnectWrap.callbackTrampoline (node:internal/async_hooks:130:17) {
      errno: -111,
      code: 'ECONNREFUSED',
      syscall: 'connect',
      address: '::1',
      port: 6379
    },
    Error: connect ECONNREFUSED 127.0.0.1:6379
        at createConnectionError (node:net:1652:14)
        at afterConnectMultiple (node:net:1682:16)
        at TCPConnectWrap.callbackTrampoline (node:internal/async_hooks:130:17) {
      errno: -111,
      code: 'ECONNREFUSED',
      syscall: 'connect',
      address: '127.0.0.1',
      port: 6379
    }
  ]
}
{"level":"error","message":"Redis cache error","timestamp":"2026-02-16T06:36:42.006Z","error":{"message":"","stack":"AggregateError [ECONNREFUSED]: \n    at internalConnectMultiple (node:net:1122:18)\n    at afterConnectMultiple (node:net:1689:7)\n    at TCPConnectWrap.callbackTrampoline (node:internal/async_hooks:130:17)","name":"AggregateError"}}
{"level":"error","message":"Redis connection error","timestamp":"2026-02-16T06:36:42.122Z","error":{"message":"","stack":"AggregateError [ECONNREFUSED]: \n    at internalConnectMultiple (node:net:1122:18)\n    at afterConnectMultiple (node:net:1689:7)\n    at TCPConnectWrap.callbackTrampoline (node:internal/async_hooks:130:17)","name":"AggregateError"}}
{"level":"warn","message":"Redis connection closed","timestamp":"2026-02-16T06:36:42.123Z","service":"RenderQueue"}
AggregateError [ECONNREFUSED]: 
    at internalConnectMultiple (node:net:1122:18)
    at afterConnectMultiple (node:net:1689:7)
    at TCPConnectWrap.callbackTrampoline (node:internal/async_hooks:130:17) {
  code: 'ECONNREFUSED',
  [errors]: [
    Error: connect ECONNREFUSED ::1:6379
        at createConnectionError (node:net:1652:14)
        at afterConnectMultiple (node:net:1682:16)
        at TCPConnectWrap.callbackTrampoline (node:internal/async_hooks:130:17) {
      errno: -111,
      code: 'ECONNREFUSED',
      syscall: 'connect',
      address: '::1',
      port: 6379
    },
    Error: connect ECONNREFUSED 127.0.0.1:6379
        at createConnectionError (node:net:1652:14)
        at afterConnectMultiple (node:net:1682:16)
        at TCPConnectWrap.callbackTrampoline (node:internal/async_hooks:130:17) {
      errno: -111,
      code: 'ECONNREFUSED',
      syscall: 'connect',
      address: '127.0.0.1',
      port: 6379
    }
  ]
}
{"level":"error","message":"Redis cache error","timestamp":"2026-02-16T06:36:42.130Z","error":{"message":"","stack":"AggregateError [ECONNREFUSED]: \n    at internalConnectMultiple (node:net:1122:18)\n    at afterConnectMultiple (node:net:1689:7)\n    at TCPConnectWrap.callbackTrampoline (node:internal/async_hooks:130:17)","name":"AggregateError"}}
AggregateError [ECONNREFUSED]: 
    at internalConnectMultiple (node:net:1122:18)
    at afterConnectMultiple (node:net:1689:7)
    at TCPConnectWrap.callbackTrampoline (node:internal/async_hooks:130:17) {
  code: 'ECONNREFUSED',
  [errors]: [
    Error: connect ECONNREFUSED ::1:6379
        at createConnectionError (node:net:1652:14)
        at afterConnectMultiple (node:net:1682:16)
        at TCPConnectWrap.callbackTrampoline (node:internal/async_hooks:130:17) {
      errno: -111,
      code: 'ECONNREFUSED',
      syscall: 'connect',
      address: '::1',
      port: 6379
    },
    Error: connect ECONNREFUSED 127.0.0.1:6379
        at createConnectionError (node:net:1652:14)
        at afterConnectMultiple (node:net:1682:16)
        at TCPConnectWrap.callbackTrampoline (node:internal/async_hooks:130:17) {
      errno: -111,
      code: 'ECONNREFUSED',
      syscall: 'connect',
      address: '127.0.0.1',
      port: 6379
    }
  ]
}
{"level":"error","message":"Redis connection error","timestamp":"2026-02-16T06:36:42.160Z","error":{"message":"","stack":"AggregateError [ECONNREFUSED]: \n    at internalConnectMultiple (node:net:1122:18)\n    at afterConnectMultiple (node:net:1689:7)\n    at TCPConnectWrap.callbackTrampoline (node:internal/async_hooks:130:17)","name":"AggregateError"}}
{"level":"warn","message":"Redis connection closed","timestamp":"2026-02-16T06:36:42.160Z","service":"RenderQueue"}
{"level":"error","message":"Redis connection error","timestamp":"2026-02-16T06:36:42.264Z","error":{"message":"","stack":"AggregateError [ECONNREFUSED]: \n    at internalConnectMultiple (node:net:1122:18)\n    at afterConnectMultiple (node:net:1689:7)\n    at TCPConnectWrap.callbackTrampoline (node:internal/async_hooks:130:17)","name":"AggregateError"}}
{"level":"warn","message":"Redis connection closed","timestamp":"2026-02-16T06:36:42.264Z","service":"RenderQueue"}
AggregateError [ECONNREFUSED]: 
    at internalConnectMultiple (node:net:1122:18)
    at afterConnectMultiple (node:net:1689:7)
    at TCPConnectWrap.callbackTrampoline (node:internal/async_hooks:130:17) {
  code: 'ECONNREFUSED',
  [errors]: [
    Error: connect ECONNREFUSED ::1:6379
        at createConnectionError (node:net:1652:14)
        at afterConnectMultiple (node:net:1682:16)
        at TCPConnectWrap.callbackTrampoline (node:internal/async_hooks:130:17) {
      errno: -111,
      code: 'ECONNREFUSED',
      syscall: 'connect',
      address: '::1',
      port: 6379
    },
    Error: connect ECONNREFUSED 127.0.0.1:6379
        at createConnectionError (node:net:1652:14)
        at afterConnectMultiple (node:net:1682:16)
        at TCPConnectWrap.callbackTrampoline (node:internal/async_hooks:130:17) {
      errno: -111,
      code: 'ECONNREFUSED',
      syscall: 'connect',
      address: '127.0.0.1',
      port: 6379
    }
  ]
}
{"level":"error","message":"Redis cache error","timestamp":"2026-02-16T06:36:42.301Z","error":{"message":"","stack":"AggregateError [ECONNREFUSED]: \n    at internalConnectMultiple (node:net:1122:18)\n    at afterConnectMultiple (node:net:1689:7)\n    at TCPConnectWrap.callbackTrampoline (node:internal/async_hooks:130:17)","name":"AggregateError"}}
AggregateError [ECONNREFUSED]: 
    at internalConnectMultiple (node:net:1122:18)
    at afterConnectMultiple (node:net:1689:7)
    at TCPConnectWrap.callbackTrampoline (node:internal/async_hooks:130:17) {
  code: 'ECONNREFUSED',
  [errors]: [
    Error: connect ECONNREFUSED ::1:6379
        at createConnectionError (node:net:1652:14)
        at afterConnectMultiple (node:net:1682:16)
        at TCPConnectWrap.callbackTrampoline (node:internal/async_hooks:130:17) {
      errno: -111,
      code: 'ECONNREFUSED',
      syscall: 'connect',
      address: '::1',
      port: 6379
    },
    Error: connect ECONNREFUSED 127.0.0.1:6379
        at createConnectionError (node:net:1652:14)
        at afterConnectMultiple (node:net:1682:16)
        at TCPConnectWrap.callbackTrampoline (node:internal/async_hooks:130:17) {
      errno: -111,
      code: 'ECONNREFUSED',
      syscall: 'connect',
      address: '127.0.0.1',
      port: 6379
    }
  ]
}
AggregateError [ECONNREFUSED]: 
    at internalConnectMultiple (node:net:1122:18)
    at afterConnectMultiple (node:net:1689:7)
    at TCPConnectWrap.callbackTrampoline (node:internal/async_hooks:130:17) {
  code: 'ECONNREFUSED',
  [errors]: [
    Error: connect ECONNREFUSED ::1:6379
        at createConnectionError (node:net:1652:14)
        at afterConnectMultiple (node:net:1682:16)
        at TCPConnectWrap.callbackTrampoline (node:internal/async_hooks:130:17) {
      errno: -111,
      code: 'ECONNREFUSED',
      syscall: 'connect',
      address: '::1',
      port: 6379
    },
    Error: connect ECONNREFUSED 127.0.0.1:6379
        at createConnectionError (node:net:1652:14)
        at afterConnectMultiple (node:net:1682:16)
        at TCPConnectWrap.callbackTrampoline (node:internal/async_hooks:130:17) {
      errno: -111,
      code: 'ECONNREFUSED',
      syscall: 'connect',
      address: '127.0.0.1',
      port: 6379
    }
  ]
}
AggregateError [ECONNREFUSED]: 
    at internalConnectMultiple (node:net:1122:18)
    at afterConnectMultiple (node:net:1689:7)
    at TCPConnectWrap.callbackTrampoline (node:internal/async_hooks:130:17) {
  code: 'ECONNREFUSED',
  [errors]: [
    Error: connect ECONNREFUSED ::1:6379
        at createConnectionError (node:net:1652:14)
        at afterConnectMultiple (node:net:1682:16)
        at TCPConnectWrap.callbackTrampoline (node:internal/async_hooks:130:17) {
      errno: -111,
      code: 'ECONNREFUSED',
      syscall: 'connect',
      address: '::1',
      port: 6379
    },
    Error: connect ECONNREFUSED 127.0.0.1:6379
        at createConnectionError (node:net:1652:14)
        at afterConnectMultiple (node:net:1682:16)
        at TCPConnectWrap.callbackTrampoline (node:internal/async_hooks:130:17) {
      errno: -111,
      code: 'ECONNREFUSED',
      syscall: 'connect',
      address: '127.0.0.1',
      port: 6379
    }
  ]
}
AggregateError [ECONNREFUSED]: 
    at internalConnectMultiple (node:net:1122:18)
    at afterConnectMultiple (node:net:1689:7)
    at TCPConnectWrap.callbackTrampoline (node:internal/async_hooks:130:17) {
  code: 'ECONNREFUSED',
  [errors]: [
    Error: connect ECONNREFUSED ::1:6379
        at createConnectionError (node:net:1652:14)
        at afterConnectMultiple (node:net:1682:16)
        at TCPConnectWrap.callbackTrampoline (node:internal/async_hooks:130:17) {
      errno: -111,
      code: 'ECONNREFUSED',
      syscall: 'connect',
      address: '::1',
      port: 6379
    },
    Error: connect ECONNREFUSED 127.0.0.1:6379
        at createConnectionError (node:net:1652:14)
        at afterConnectMultiple (node:net:1682:16)
        at TCPConnectWrap.callbackTrampoline (node:internal/async_hooks:130:17) {
      errno: -111,
      code: 'ECONNREFUSED',
      syscall: 'connect',
      address: '127.0.0.1',
      port: 6379
    }
  ]
}
AggregateError [ECONNREFUSED]: 
    at internalConnectMultiple (node:net:1122:18)
    at afterConnectMultiple (node:net:1689:7)
    at TCPConnectWrap.callbackTrampoline (node:internal/async_hooks:130:17) {
  code: 'ECONNREFUSED',
  [errors]: [
    Error: connect ECONNREFUSED ::1:6379
        at createConnectionError (node:net:1652:14)
        at afterConnectMultiple (node:net:1682:16)
        at TCPConnectWrap.callbackTrampoline (node:internal/async_hooks:130:17) {
      errno: -111,
      code: 'ECONNREFUSED',
      syscall: 'connect',
      address: '::1',
      port: 6379
    },
    Error: connect ECONNREFUSED 127.0.0.1:6379
        at createConnectionError (node:net:1652:14)
        at afterConnectMultiple (node:net:1682:16)
        at TCPConnectWrap.callbackTrampoline (node:internal/async_hooks:130:17) {
      errno: -111,
      code: 'ECONNREFUSED',
      syscall: 'connect',
      address: '127.0.0.1',
      port: 6379
    }
  ]
}
AggregateError [ECONNREFUSED]: 
    at internalConnectMultiple (node:net:1122:18)
    at afterConnectMultiple (node:net:1689:7)
    at TCPConnectWrap.callbackTrampoline (node:internal/async_hooks:130:17) {
  code: 'ECONNREFUSED',
  [errors]: [
    Error: connect ECONNREFUSED ::1:6379
        at createConnectionError (node:net:1652:14)
        at afterConnectMultiple (node:net:1682:16)
        at TCPConnectWrap.callbackTrampoline (node:internal/async_hooks:130:17) {
      errno: -111,
      code: 'ECONNREFUSED',
      syscall: 'connect',
      address: '::1',
      port: 6379
    },
    Error: connect ECONNREFUSED 127.0.0.1:6379
        at createConnectionError (node:net:1652:14)
        at afterConnectMultiple (node:net:1682:16)
        at TCPConnectWrap.callbackTrampoline (node:internal/async_hooks:130:17) {
      errno: -111,
      code: 'ECONNREFUSED',
      syscall: 'connect',
      address: '127.0.0.1',
      port: 6379
    }
  ]
}
AggregateError [ECONNREFUSED]: 
    at internalConnectMultiple (node:net:1122:18)
    at afterConnectMultiple (node:net:1689:7)
    at TCPConnectWrap.callbackTrampoline (node:internal/async_hooks:130:17) {
  code: 'ECONNREFUSED',
  [errors]: [
    Error: connect ECONNREFUSED ::1:6379
        at createConnectionError (node:net:1652:14)
        at afterConnectMultiple (node:net:1682:16)
        at TCPConnectWrap.callbackTrampoline (node:internal/async_hooks:130:17) {
      errno: -111,
      code: 'ECONNREFUSED',
      syscall: 'connect',
      address: '::1',
      port: 6379
    },
    Error: connect ECONNREFUSED 127.0.0.1:6379
        at createConnectionError (node:net:1652:14)
        at afterConnectMultiple (node:net:1682:16)
        at TCPConnectWrap.callbackTrampoline (node:internal/async_hooks:130:17) {
      errno: -111,
      code: 'ECONNREFUSED',
      syscall: 'connect',
      address: '127.0.0.1',
      port: 6379
    }
  ]
}
AggregateError [ECONNREFUSED]: 
    at internalConnectMultiple (node:net:1122:18)
    at afterConnectMultiple (node:net:1689:7)
    at TCPConnectWrap.callbackTrampoline (node:internal/async_hooks:130:17) {
  code: 'ECONNREFUSED',
  [errors]: [
    Error: connect ECONNREFUSED ::1:6379
        at createConnectionError (node:net:1652:14)
        at afterConnectMultiple (node:net:1682:16)
        at TCPConnectWrap.callbackTrampoline (node:internal/async_hooks:130:17) {
      errno: -111,
      code: 'ECONNREFUSED',
      syscall: 'connect',
      address: '::1',
      port: 6379
    },
    Error: connect ECONNREFUSED 127.0.0.1:6379
        at createConnectionError (node:net:1652:14)
        at afterConnectMultiple (node:net:1682:16)
        at TCPConnectWrap.callbackTrampoline (node:internal/async_hooks:130:17) {
      errno: -111,
      code: 'ECONNREFUSED',
      syscall: 'connect',
      address: '127.0.0.1',
      port: 6379
    }
  ]
}
AggregateError [ECONNREFUSED]: 
    at internalConnectMultiple (node:net:1122:18)
    at afterConnectMultiple (node:net:1689:7)
    at TCPConnectWrap.callbackTrampoline (node:internal/async_hooks:130:17) {
  code: 'ECONNREFUSED',
  [errors]: [
    Error: connect ECONNREFUSED ::1:6379
        at createConnectionError (node:net:1652:14)
        at afterConnectMultiple (node:net:1682:16)
        at TCPConnectWrap.callbackTrampoline (node:internal/async_hooks:130:17) {
      errno: -111,
      code: 'ECONNREFUSED',
      syscall: 'connect',
      address: '::1',
      port: 6379
    },
    Error: connect ECONNREFUSED 127.0.0.1:6379
        at createConnectionError (node:net:1652:14)
        at afterConnectMultiple (node:net:1682:16)
        at TCPConnectWrap.callbackTrampoline (node:internal/async_hooks:130:17) {
      errno: -111,
      code: 'ECONNREFUSED',
      syscall: 'connect',
      address: '127.0.0.1',
      port: 6379
    }
  ]
}
{"level":"error","message":"Redis cache error","timestamp":"2026-02-16T06:36:42.562Z","error":{"message":"","stack":"AggregateError [ECONNREFUSED]: \n    at internalConnectMultiple (node:net:1122:18)\n    at afterConnectMultiple (node:net:1689:7)\n    at TCPConnectWrap.callbackTrampoline (node:internal/async_hooks:130:17)","name":"AggregateError"}}
{"level":"error","message":"Redis connection error","timestamp":"2026-02-16T06:36:42.662Z","error":{"message":"","stack":"AggregateError [ECONNREFUSED]: \n    at internalConnectMultiple (node:net:1122:18)\n    at afterConnectMultiple (node:net:1689:7)\n    at TCPConnectWrap.callbackTrampoline (node:internal/async_hooks:130:17)","name":"AggregateError"}}
{"level":"warn","message":"Redis connection closed","timestamp":"2026-02-16T06:36:42.663Z","service":"RenderQueue"}
AggregateError [ECONNREFUSED]: 
    at internalConnectMultiple (node:net:1122:18)
    at afterConnectMultiple (node:net:1689:7)
    at TCPConnectWrap.callbackTrampoline (node:internal/async_hooks:130:17) {
  code: 'ECONNREFUSED',
  [errors]: [
    Error: connect ECONNREFUSED ::1:6379
        at createConnectionError (node:net:1652:14)
        at afterConnectMultiple (node:net:1682:16)
        at TCPConnectWrap.callbackTrampoline (node:internal/async_hooks:130:17) {
      errno: -111,
      code: 'ECONNREFUSED',
      syscall: 'connect',
      address: '::1',
      port: 6379
    },
    Error: connect ECONNREFUSED 127.0.0.1:6379
        at createConnectionError (node:net:1652:14)
        at afterConnectMultiple (node:net:1682:16)
        at TCPConnectWrap.callbackTrampoline (node:internal/async_hooks:130:17) {
      errno: -111,
      code: 'ECONNREFUSED',
      syscall: 'connect',
      address: '127.0.0.1',
      port: 6379
    }
  ]
}
AggregateError [ECONNREFUSED]: 
    at internalConnectMultiple (node:net:1122:18)
    at afterConnectMultiple (node:net:1689:7)
    at TCPConnectWrap.callbackTrampoline (node:internal/async_hooks:130:17) {
  code: 'ECONNREFUSED',
  [errors]: [
    Error: connect ECONNREFUSED ::1:6379
        at createConnectionError (node:net:1652:14)
        at afterConnectMultiple (node:net:1682:16)
        at TCPConnectWrap.callbackTrampoline (node:internal/async_hooks:130:17) {
      errno: -111,
      code: 'ECONNREFUSED',
      syscall: 'connect',
      address: '::1',
      port: 6379
    },
    Error: connect ECONNREFUSED 127.0.0.1:6379
        at createConnectionError (node:net:1652:14)
        at afterConnectMultiple (node:net:1682:16)
        at TCPConnectWrap.callbackTrampoline (node:internal/async_hooks:130:17) {
      errno: -111,
      code: 'ECONNREFUSED',
      syscall: 'connect',
      address: '127.0.0.1',
      port: 6379
    }
  ]
}
AggregateError [ECONNREFUSED]: 
    at internalConnectMultiple (node:net:1122:18)
    at afterConnectMultiple (node:net:1689:7)
    at TCPConnectWrap.callbackTrampoline (node:internal/async_hooks:130:17) {
  code: 'ECONNREFUSED',
  [errors]: [
    Error: connect ECONNREFUSED ::1:6379
        at createConnectionError (node:net:1652:14)
        at afterConnectMultiple (node:net:1682:16)
        at TCPConnectWrap.callbackTrampoline (node:internal/async_hooks:130:17) {
      errno: -111,
      code: 'ECONNREFUSED',
      syscall: 'connect',
      address: '::1',
      port: 6379
    },
    Error: connect ECONNREFUSED 127.0.0.1:6379
        at createConnectionError (node:net:1652:14)
        at afterConnectMultiple (node:net:1682:16)
        at TCPConnectWrap.callbackTrampoline (node:internal/async_hooks:130:17) {
      errno: -111,
      code: 'ECONNREFUSED',
      syscall: 'connect',
      address: '127.0.0.1',
      port: 6379
    }
  ]
}
{"level":"error","message":"Redis connection error","timestamp":"2026-02-16T06:36:42.627Z","error":{"message":"","stack":"AggregateError [ECONNREFUSED]: \n    at internalConnectMultiple (node:net:1122:18)\n    at afterConnectMultiple (node:net:1689:7)\n    at TCPConnectWrap.callbackTrampoline (node:internal/async_hooks:130:17)","name":"AggregateError"}}
{"level":"warn","message":"Redis connection closed","timestamp":"2026-02-16T06:36:42.628Z","service":"RenderQueue"}
AggregateError [ECONNREFUSED]: 
    at internalConnectMultiple (node:net:1122:18)
    at afterConnectMultiple (node:net:1689:7)
    at TCPConnectWrap.callbackTrampoline (node:internal/async_hooks:130:17) {
  code: 'ECONNREFUSED',
  [errors]: [
    Error: connect ECONNREFUSED ::1:6379
        at createConnectionError (node:net:1652:14)
        at afterConnectMultiple (node:net:1682:16)
        at TCPConnectWrap.callbackTrampoline (node:internal/async_hooks:130:17) {
      errno: -111,
      code: 'ECONNREFUSED',
      syscall: 'connect',
      address: '::1',
      port: 6379
    },
    Error: connect ECONNREFUSED 127.0.0.1:6379
        at createConnectionError (node:net:1652:14)
        at afterConnectMultiple (node:net:1682:16)
        at TCPConnectWrap.callbackTrampoline (node:internal/async_hooks:130:17) {
      errno: -111,
      code: 'ECONNREFUSED',
      syscall: 'connect',
      address: '127.0.0.1',
      port: 6379
    }
  ]
}
{"level":"error","message":"Redis cache error","timestamp":"2026-02-16T06:36:42.636Z","error":{"message":"","stack":"AggregateError [ECONNREFUSED]: \n    at internalConnectMultiple (node:net:1122:18)\n    at afterConnectMultiple (node:net:1689:7)\n    at TCPConnectWrap.callbackTrampoline (node:internal/async_hooks:130:17)","name":"AggregateError"}}
AggregateError [ECONNREFUSED]: 
    at internalConnectMultiple (node:net:1122:18)
    at afterConnectMultiple (node:net:1689:7)
    at TCPConnectWrap.callbackTrampoline (node:internal/async_hooks:130:17) {
  code: 'ECONNREFUSED',
  [errors]: [
    Error: connect ECONNREFUSED ::1:6379
        at createConnectionError (node:net:1652:14)
        at afterConnectMultiple (node:net:1682:16)
        at TCPConnectWrap.callbackTrampoline (node:internal/async_hooks:130:17) {
      errno: -111,
      code: 'ECONNREFUSED',
      syscall: 'connect',
      address: '::1',
      port: 6379
    },
    Error: connect ECONNREFUSED 127.0.0.1:6379
        at createConnectionError (node:net:1652:14)
        at afterConnectMultiple (node:net:1682:16)
        at TCPConnectWrap.callbackTrampoline (node:internal/async_hooks:130:17) {
      errno: -111,
      code: 'ECONNREFUSED',
      syscall: 'connect',
      address: '127.0.0.1',
      port: 6379
    }
  ]
}
AggregateError [ECONNREFUSED]: 
    at internalConnectMultiple (node:net:1122:18)
    at afterConnectMultiple (node:net:1689:7)
    at TCPConnectWrap.callbackTrampoline (node:internal/async_hooks:130:17) {
  code: 'ECONNREFUSED',
  [errors]: [
    Error: connect ECONNREFUSED ::1:6379
        at createConnectionError (node:net:1652:14)
        at afterConnectMultiple (node:net:1682:16)
        at TCPConnectWrap.callbackTrampoline (node:internal/async_hooks:130:17) {
      errno: -111,
      code: 'ECONNREFUSED',
      syscall: 'connect',
      address: '::1',
      port: 6379
    },
    Error: connect ECONNREFUSED 127.0.0.1:6379
        at createConnectionError (node:net:1652:14)
        at afterConnectMultiple (node:net:1682:16)
        at TCPConnectWrap.callbackTrampoline (node:internal/async_hooks:130:17) {
      errno: -111,
      code: 'ECONNREFUSED',
      syscall: 'connect',
      address: '127.0.0.1',
      port: 6379
    }
  ]
}
AggregateError [ECONNREFUSED]: 
    at internalConnectMultiple (node:net:1122:18)
    at afterConnectMultiple (node:net:1689:7)
    at TCPConnectWrap.callbackTrampoline (node:internal/async_hooks:130:17) {
  code: 'ECONNREFUSED',
  [errors]: [
    Error: connect ECONNREFUSED ::1:6379
        at createConnectionError (node:net:1652:14)
        at afterConnectMultiple (node:net:1682:16)
        at TCPConnectWrap.callbackTrampoline (node:internal/async_hooks:130:17) {
      errno: -111,
      code: 'ECONNREFUSED',
      syscall: 'connect',
      address: '::1',
      port: 6379
    },
    Error: connect ECONNREFUSED 127.0.0.1:6379
        at createConnectionError (node:net:1652:14)
        at afterConnectMultiple (node:net:1682:16)
        at TCPConnectWrap.callbackTrampoline (node:internal/async_hooks:130:17) {
      errno: -111,
      code: 'ECONNREFUSED',
      syscall: 'connect',
      address: '127.0.0.1',
      port: 6379
    }
  ]
}
{"level":"error","message":"Redis connection error","timestamp":"2026-02-16T06:36:42.818Z","error":{"message":"","stack":"AggregateError [ECONNREFUSED]: \n    at internalConnectMultiple (node:net:1122:18)\n    at afterConnectMultiple (node:net:1689:7)\n    at TCPConnectWrap.callbackTrampoline (node:internal/async_hooks:130:17)","name":"AggregateError"}}
{"level":"warn","message":"Redis connection closed","timestamp":"2026-02-16T06:36:42.818Z","service":"RenderQueue"}
AggregateError [ECONNREFUSED]: 
    at internalConnectMultiple (node:net:1122:18)
    at afterConnectMultiple (node:net:1689:7)
    at TCPConnectWrap.callbackTrampoline (node:internal/async_hooks:130:17) {
  code: 'ECONNREFUSED',
  [errors]: [
    Error: connect ECONNREFUSED ::1:6379
        at createConnectionError (node:net:1652:14)
        at afterConnectMultiple (node:net:1682:16)
        at TCPConnectWrap.callbackTrampoline (node:internal/async_hooks:130:17) {
      errno: -111,
      code: 'ECONNREFUSED',
      syscall: 'connect',
      address: '::1',
      port: 6379
    },
    Error: connect ECONNREFUSED 127.0.0.1:6379
        at createConnectionError (node:net:1652:14)
        at afterConnectMultiple (node:net:1682:16)
        at TCPConnectWrap.callbackTrampoline (node:internal/async_hooks:130:17) {
      errno: -111,
      code: 'ECONNREFUSED',
      syscall: 'connect',
      address: '127.0.0.1',
      port: 6379
    }
  ]
}
{"level":"error","message":"Redis cache error","timestamp":"2026-02-16T06:36:42.904Z","error":{"message":"","stack":"AggregateError [ECONNREFUSED]: \n    at internalConnectMultiple (node:net:1122:18)\n    at afterConnectMultiple (node:net:1689:7)\n    at TCPConnectWrap.callbackTrampoline (node:internal/async_hooks:130:17)","name":"AggregateError"}}
AggregateError [ECONNREFUSED]: 
    at internalConnectMultiple (node:net:1122:18)
    at afterConnectMultiple (node:net:1689:7)
    at TCPConnectWrap.callbackTrampoline (node:internal/async_hooks:130:17) {
  code: 'ECONNREFUSED',
  [errors]: [
    Error: connect ECONNREFUSED ::1:6379
        at createConnectionError (node:net:1652:14)
        at afterConnectMultiple (node:net:1682:16)
        at TCPConnectWrap.callbackTrampoline (node:internal/async_hooks:130:17) {
      errno: -111,
      code: 'ECONNREFUSED',
      syscall: 'connect',
      address: '::1',
      port: 6379
    },
    Error: connect ECONNREFUSED 127.0.0.1:6379
        at createConnectionError (node:net:1652:14)
        at afterConnectMultiple (node:net:1682:16)
        at TCPConnectWrap.callbackTrampoline (node:internal/async_hooks:130:17) {
      errno: -111,
      code: 'ECONNREFUSED',
      syscall: 'connect',
      address: '127.0.0.1',
      port: 6379
    }
  ]
}
AggregateError [ECONNREFUSED]: 
    at internalConnectMultiple (node:net:1122:18)
    at afterConnectMultiple (node:net:1689:7)
    at TCPConnectWrap.callbackTrampoline (node:internal/async_hooks:130:17) {
  code: 'ECONNREFUSED',
  [errors]: [
    Error: connect ECONNREFUSED ::1:6379
        at createConnectionError (node:net:1652:14)
        at afterConnectMultiple (node:net:1682:16)
        at TCPConnectWrap.callbackTrampoline (node:internal/async_hooks:130:17) {
      errno: -111,
      code: 'ECONNREFUSED',
      syscall: 'connect',
      address: '::1',
      port: 6379
    },
    Error: connect ECONNREFUSED 127.0.0.1:6379
        at createConnectionError (node:net:1652:14)
        at afterConnectMultiple (node:net:1682:16)
        at TCPConnectWrap.callbackTrampoline (node:internal/async_hooks:130:17) {
      errno: -111,
      code: 'ECONNREFUSED',
      syscall: 'connect',
      address: '127.0.0.1',
      port: 6379
    }
  ]
}
{"level":"error","message":"Redis cache error","timestamp":"2026-02-16T06:36:43.164Z","error":{"message":"","stack":"AggregateError [ECONNREFUSED]: \n    at internalConnectMultiple (node:net:1122:18)\n    at afterConnectMultiple (node:net:1689:7)\n    at TCPConnectWrap.callbackTrampoline (node:internal/async_hooks:130:17)","name":"AggregateError"}}
{"level":"error","message":"Redis connection error","timestamp":"2026-02-16T06:36:43.216Z","error":{"message":"","stack":"AggregateError [ECONNREFUSED]: \n    at internalConnectMultiple (node:net:1122:18)\n    at afterConnectMultiple (node:net:1689:7)\n    at TCPConnectWrap.callbackTrampoline (node:internal/async_hooks:130:17)","name":"AggregateError"}}
{"level":"warn","message":"Redis connection closed","timestamp":"2026-02-16T06:36:43.216Z","service":"RenderQueue"}
{"level":"error","message":"Redis connection error","timestamp":"2026-02-16T06:36:43.181Z","error":{"message":"","stack":"AggregateError [ECONNREFUSED]: \n    at internalConnectMultiple (node:net:1122:18)\n    at afterConnectMultiple (node:net:1689:7)\n    at TCPConnectWrap.callbackTrampoline (node:internal/async_hooks:130:17)","name":"AggregateError"}}
{"level":"warn","message":"Redis connection closed","timestamp":"2026-02-16T06:36:43.181Z","service":"RenderQueue"}
AggregateError [ECONNREFUSED]: 
    at internalConnectMultiple (node:net:1122:18)
    at afterConnectMultiple (node:net:1689:7)
    at TCPConnectWrap.callbackTrampoline (node:internal/async_hooks:130:17) {
  code: 'ECONNREFUSED',
  [errors]: [
    Error: connect ECONNREFUSED ::1:6379
        at createConnectionError (node:net:1652:14)
        at afterConnectMultiple (node:net:1682:16)
        at TCPConnectWrap.callbackTrampoline (node:internal/async_hooks:130:17) {
      errno: -111,
      code: 'ECONNREFUSED',
      syscall: 'connect',
      address: '::1',
      port: 6379
    },
    Error: connect ECONNREFUSED 127.0.0.1:6379
        at createConnectionError (node:net:1652:14)
        at afterConnectMultiple (node:net:1682:16)
        at TCPConnectWrap.callbackTrampoline (node:internal/async_hooks:130:17) {
      errno: -111,
      code: 'ECONNREFUSED',
      syscall: 'connect',
      address: '127.0.0.1',
      port: 6379
    }
  ]
}
AggregateError [ECONNREFUSED]: 
    at internalConnectMultiple (node:net:1122:18)
    at afterConnectMultiple (node:net:1689:7)
    at TCPConnectWrap.callbackTrampoline (node:internal/async_hooks:130:17) {
  code: 'ECONNREFUSED',
  [errors]: [
    Error: connect ECONNREFUSED ::1:6379
        at createConnectionError (node:net:1652:14)
        at afterConnectMultiple (node:net:1682:16)
        at TCPConnectWrap.callbackTrampoline (node:internal/async_hooks:130:17) {
      errno: -111,
      code: 'ECONNREFUSED',
      syscall: 'connect',
      address: '::1',
      port: 6379
    },
    Error: connect ECONNREFUSED 127.0.0.1:6379
        at createConnectionError (node:net:1652:14)
        at afterConnectMultiple (node:net:1682:16)
        at TCPConnectWrap.callbackTrampoline (node:internal/async_hooks:130:17) {
      errno: -111,
      code: 'ECONNREFUSED',
      syscall: 'connect',
      address: '127.0.0.1',
      port: 6379
    }
  ]
}
{"level":"error","message":"Redis cache error","timestamp":"2026-02-16T06:36:43.189Z","error":{"message":"","stack":"AggregateError [ECONNREFUSED]: \n    at internalConnectMultiple (node:net:1122:18)\n    at afterConnectMultiple (node:net:1689:7)\n    at TCPConnectWrap.callbackTrampoline (node:internal/async_hooks:130:17)","name":"AggregateError"}}
AggregateError [ECONNREFUSED]: 
    at internalConnectMultiple (node:net:1122:18)
    at afterConnectMultiple (node:net:1689:7)
    at TCPConnectWrap.callbackTrampoline (node:internal/async_hooks:130:17) {
  code: 'ECONNREFUSED',
  [errors]: [
    Error: connect ECONNREFUSED ::1:6379
        at createConnectionError (node:net:1652:14)
        at afterConnectMultiple (node:net:1682:16)
        at TCPConnectWrap.callbackTrampoline (node:internal/async_hooks:130:17) {
      errno: -111,
      code: 'ECONNREFUSED',
      syscall: 'connect',
      address: '::1',
      port: 6379
    },
    Error: connect ECONNREFUSED 127.0.0.1:6379
        at createConnectionError (node:net:1652:14)
        at afterConnectMultiple (node:net:1682:16)
        at TCPConnectWrap.callbackTrampoline (node:internal/async_hooks:130:17) {
      errno: -111,
      code: 'ECONNREFUSED',
      syscall: 'connect',
      address: '127.0.0.1',
      port: 6379
    }
  ]
}
AggregateError [ECONNREFUSED]: 
    at internalConnectMultiple (node:net:1122:18)
    at afterConnectMultiple (node:net:1689:7)
    at TCPConnectWrap.callbackTrampoline (node:internal/async_hooks:130:17) {
  code: 'ECONNREFUSED',
  [errors]: [
    Error: connect ECONNREFUSED ::1:6379
        at createConnectionError (node:net:1652:14)
        at afterConnectMultiple (node:net:1682:16)
        at TCPConnectWrap.callbackTrampoline (node:internal/async_hooks:130:17) {
      errno: -111,
      code: 'ECONNREFUSED',
      syscall: 'connect',
      address: '::1',
      port: 6379
    },
    Error: connect ECONNREFUSED 127.0.0.1:6379
        at createConnectionError (node:net:1652:14)
        at afterConnectMultiple (node:net:1682:16)
        at TCPConnectWrap.callbackTrampoline (node:internal/async_hooks:130:17) {
      errno: -111,
      code: 'ECONNREFUSED',
      syscall: 'connect',
      address: '127.0.0.1',
      port: 6379
    }
  ]
}
AggregateError [ECONNREFUSED]: 
    at internalConnectMultiple (node:net:1122:18)
    at afterConnectMultiple (node:net:1689:7)
    at TCPConnectWrap.callbackTrampoline (node:internal/async_hooks:130:17) {
  code: 'ECONNREFUSED',
  [errors]: [
    Error: connect ECONNREFUSED ::1:6379
        at createConnectionError (node:net:1652:14)
        at afterConnectMultiple (node:net:1682:16)
        at TCPConnectWrap.callbackTrampoline (node:internal/async_hooks:130:17) {
      errno: -111,
      code: 'ECONNREFUSED',
      syscall: 'connect',
      address: '::1',
      port: 6379
    },
    Error: connect ECONNREFUSED 127.0.0.1:6379
        at createConnectionError (node:net:1652:14)
        at afterConnectMultiple (node:net:1682:16)
        at TCPConnectWrap.callbackTrampoline (node:internal/async_hooks:130:17) {
      errno: -111,
      code: 'ECONNREFUSED',
      syscall: 'connect',
      address: '127.0.0.1',
      port: 6379
    }
  ]
}
AggregateError [ECONNREFUSED]: 
    at internalConnectMultiple (node:net:1122:18)
    at afterConnectMultiple (node:net:1689:7)
    at TCPConnectWrap.callbackTrampoline (node:internal/async_hooks:130:17) {
  code: 'ECONNREFUSED',
  [errors]: [
    Error: connect ECONNREFUSED ::1:6379
        at createConnectionError (node:net:1652:14)
        at afterConnectMultiple (node:net:1682:16)
        at TCPConnectWrap.callbackTrampoline (node:internal/async_hooks:130:17) {
      errno: -111,
      code: 'ECONNREFUSED',
      syscall: 'connect',
      address: '::1',
      port: 6379
    },
    Error: connect ECONNREFUSED 127.0.0.1:6379
        at createConnectionError (node:net:1652:14)
        at afterConnectMultiple (node:net:1682:16)
        at TCPConnectWrap.callbackTrampoline (node:internal/async_hooks:130:17) {
      errno: -111,
      code: 'ECONNREFUSED',
      syscall: 'connect',
      address: '127.0.0.1',
      port: 6379
    }
  ]
}
AggregateError [ECONNREFUSED]: 
    at internalConnectMultiple (node:net:1122:18)
    at afterConnectMultiple (node:net:1689:7)
    at TCPConnectWrap.callbackTrampoline (node:internal/async_hooks:130:17) {
  code: 'ECONNREFUSED',
  [errors]: [
    Error: connect ECONNREFUSED ::1:6379
        at createConnectionError (node:net:1652:14)
        at afterConnectMultiple (node:net:1682:16)
        at TCPConnectWrap.callbackTrampoline (node:internal/async_hooks:130:17) {
      errno: -111,
      code: 'ECONNREFUSED',
      syscall: 'connect',
      address: '::1',
      port: 6379
    },
    Error: connect ECONNREFUSED 127.0.0.1:6379
        at createConnectionError (node:net:1652:14)
        at afterConnectMultiple (node:net:1682:16)
        at TCPConnectWrap.callbackTrampoline (node:internal/async_hooks:130:17) {
      errno: -111,
      code: 'ECONNREFUSED',
      syscall: 'connect',
      address: '127.0.0.1',
      port: 6379
    }
  ]
}
AggregateError [ECONNREFUSED]: 
    at internalConnectMultiple (node:net:1122:18)
    at afterConnectMultiple (node:net:1689:7)
    at TCPConnectWrap.callbackTrampoline (node:internal/async_hooks:130:17) {
  code: 'ECONNREFUSED',
  [errors]: [
    Error: connect ECONNREFUSED ::1:6379
        at createConnectionError (node:net:1652:14)
        at afterConnectMultiple (node:net:1682:16)
        at TCPConnectWrap.callbackTrampoline (node:internal/async_hooks:130:17) {
      errno: -111,
      code: 'ECONNREFUSED',
      syscall: 'connect',
      address: '::1',
      port: 6379
    },
    Error: connect ECONNREFUSED 127.0.0.1:6379
        at createConnectionError (node:net:1652:14)
        at afterConnectMultiple (node:net:1682:16)
        at TCPConnectWrap.callbackTrampoline (node:internal/async_hooks:130:17) {
      errno: -111,
      code: 'ECONNREFUSED',
      syscall: 'connect',
      address: '127.0.0.1',
      port: 6379
    }
  ]
}
AggregateError [ECONNREFUSED]: 
    at internalConnectMultiple (node:net:1122:18)
    at afterConnectMultiple (node:net:1689:7)
    at TCPConnectWrap.callbackTrampoline (node:internal/async_hooks:130:17) {
  code: 'ECONNREFUSED',
  [errors]: [
    Error: connect ECONNREFUSED ::1:6379
        at createConnectionError (node:net:1652:14)
        at afterConnectMultiple (node:net:1682:16)
        at TCPConnectWrap.callbackTrampoline (node:internal/async_hooks:130:17) {
      errno: -111,
      code: 'ECONNREFUSED',
      syscall: 'connect',
      address: '::1',
      port: 6379
    },
    Error: connect ECONNREFUSED 127.0.0.1:6379
        at createConnectionError (node:net:1652:14)
        at afterConnectMultiple (node:net:1682:16)
        at TCPConnectWrap.callbackTrampoline (node:internal/async_hooks:130:17) {
      errno: -111,
      code: 'ECONNREFUSED',
      syscall: 'connect',
      address: '127.0.0.1',
      port: 6379
    }
  ]
}
{"level":"error","message":"Redis connection error","timestamp":"2026-02-16T06:36:43.432Z","error":{"message":"","stack":"AggregateError [ECONNREFUSED]: \n    at internalConnectMultiple (node:net:1122:18)\n    at afterConnectMultiple (node:net:1689:7)\n    at TCPConnectWrap.callbackTrampoline (node:internal/async_hooks:130:17)","name":"AggregateError"}}
{"level":"warn","message":"Redis connection closed","timestamp":"2026-02-16T06:36:43.433Z","service":"RenderQueue"}
AggregateError [ECONNREFUSED]: 
    at internalConnectMultiple (node:net:1122:18)
    at afterConnectMultiple (node:net:1689:7)
    at TCPConnectWrap.callbackTrampoline (node:internal/async_hooks:130:17) {
  code: 'ECONNREFUSED',
  [errors]: [
    Error: connect ECONNREFUSED ::1:6379
        at createConnectionError (node:net:1652:14)
        at afterConnectMultiple (node:net:1682:16)
        at TCPConnectWrap.callbackTrampoline (node:internal/async_hooks:130:17) {
      errno: -111,
      code: 'ECONNREFUSED',
      syscall: 'connect',
      address: '::1',
      port: 6379
    },
    Error: connect ECONNREFUSED 127.0.0.1:6379
        at createConnectionError (node:net:1652:14)
        at afterConnectMultiple (node:net:1682:16)
        at TCPConnectWrap.callbackTrampoline (node:internal/async_hooks:130:17) {
      errno: -111,
      code: 'ECONNREFUSED',
      syscall: 'connect',
      address: '127.0.0.1',
      port: 6379
    }
  ]
}
{"level":"error","message":"Redis cache error","timestamp":"2026-02-16T06:36:43.561Z","error":{"message":"","stack":"AggregateError [ECONNREFUSED]: \n    at internalConnectMultiple (node:net:1122:18)\n    at afterConnectMultiple (node:net:1689:7)\n    at TCPConnectWrap.callbackTrampoline (node:internal/async_hooks:130:17)","name":"AggregateError"}}
AggregateError [ECONNREFUSED]: 
    at internalConnectMultiple (node:net:1122:18)
    at afterConnectMultiple (node:net:1689:7)
    at TCPConnectWrap.callbackTrampoline (node:internal/async_hooks:130:17) {
  code: 'ECONNREFUSED',
  [errors]: [
    Error: connect ECONNREFUSED ::1:6379
        at createConnectionError (node:net:1652:14)
        at afterConnectMultiple (node:net:1682:16)
        at TCPConnectWrap.callbackTrampoline (node:internal/async_hooks:130:17) {
      errno: -111,
      code: 'ECONNREFUSED',
      syscall: 'connect',
      address: '::1',
      port: 6379
    },
    Error: connect ECONNREFUSED 127.0.0.1:6379
        at createConnectionError (node:net:1652:14)
        at afterConnectMultiple (node:net:1682:16)
        at TCPConnectWrap.callbackTrampoline (node:internal/async_hooks:130:17) {
      errno: -111,
      code: 'ECONNREFUSED',
      syscall: 'connect',
      address: '127.0.0.1',
      port: 6379
    }
  ]
}
AggregateError [ECONNREFUSED]: 
    at internalConnectMultiple (node:net:1122:18)
    at afterConnectMultiple (node:net:1689:7)
    at TCPConnectWrap.callbackTrampoline (node:internal/async_hooks:130:17) {
  code: 'ECONNREFUSED',
  [errors]: [
    Error: connect ECONNREFUSED ::1:6379
        at createConnectionError (node:net:1652:14)
        at afterConnectMultiple (node:net:1682:16)
        at TCPConnectWrap.callbackTrampoline (node:internal/async_hooks:130:17) {
      errno: -111,
      code: 'ECONNREFUSED',
      syscall: 'connect',
      address: '::1',
      port: 6379
    },
    Error: connect ECONNREFUSED 127.0.0.1:6379
        at createConnectionError (node:net:1652:14)
        at afterConnectMultiple (node:net:1682:16)
        at TCPConnectWrap.callbackTrampoline (node:internal/async_hooks:130:17) {
      errno: -111,
      code: 'ECONNREFUSED',
      syscall: 'connect',
      address: '127.0.0.1',
      port: 6379
    }
  ]
}
AggregateError [ECONNREFUSED]: 
    at internalConnectMultiple (node:net:1122:18)
    at afterConnectMultiple (node:net:1689:7)
    at TCPConnectWrap.callbackTrampoline (node:internal/async_hooks:130:17) {
  code: 'ECONNREFUSED',
  [errors]: [
    Error: connect ECONNREFUSED ::1:6379
        at createConnectionError (node:net:1652:14)
        at afterConnectMultiple (node:net:1682:16)
        at TCPConnectWrap.callbackTrampoline (node:internal/async_hooks:130:17) {
      errno: -111,
      code: 'ECONNREFUSED',
      syscall: 'connect',
      address: '::1',
      port: 6379
    },
    Error: connect ECONNREFUSED 127.0.0.1:6379
        at createConnectionError (node:net:1652:14)
        at afterConnectMultiple (node:net:1682:16)
        at TCPConnectWrap.callbackTrampoline (node:internal/async_hooks:130:17) {
      errno: -111,
      code: 'ECONNREFUSED',
      syscall: 'connect',
      address: '127.0.0.1',
      port: 6379
    }
  ]
}
AggregateError [ECONNREFUSED]: 
    at internalConnectMultiple (node:net:1122:18)
    at afterConnectMultiple (node:net:1689:7)
    at TCPConnectWrap.callbackTrampoline (node:internal/async_hooks:130:17) {
  code: 'ECONNREFUSED',
  [errors]: [
    Error: connect ECONNREFUSED ::1:6379
        at createConnectionError (node:net:1652:14)
        at afterConnectMultiple (node:net:1682:16)
        at TCPConnectWrap.callbackTrampoline (node:internal/async_hooks:130:17) {
      errno: -111,
      code: 'ECONNREFUSED',
      syscall: 'connect',
      address: '::1',
      port: 6379
    },
    Error: connect ECONNREFUSED 127.0.0.1:6379
        at createConnectionError (node:net:1652:14)
        at afterConnectMultiple (node:net:1682:16)
        at TCPConnectWrap.callbackTrampoline (node:internal/async_hooks:130:17) {
      errno: -111,
      code: 'ECONNREFUSED',
      syscall: 'connect',
      address: '127.0.0.1',
      port: 6379
    }
  ]
}
{"level":"error","message":"Redis connection error","timestamp":"2026-02-16T06:36:44.083Z","error":{"message":"","stack":"AggregateError [ECONNREFUSED]: \n    at internalConnectMultiple (node:net:1122:18)\n    at afterConnectMultiple (node:net:1689:7)\n    at TCPConnectWrap.callbackTrampoline (node:internal/async_hooks:130:17)","name":"AggregateError"}}
{"level":"warn","message":"Redis connection closed","timestamp":"2026-02-16T06:36:44.084Z","service":"RenderQueue"}
AggregateError [ECONNREFUSED]: 
    at internalConnectMultiple (node:net:1122:18)
    at afterConnectMultiple (node:net:1689:7)
    at TCPConnectWrap.callbackTrampoline (node:internal/async_hooks:130:17) {
  code: 'ECONNREFUSED',
  [errors]: [
    Error: connect ECONNREFUSED ::1:6379
        at createConnectionError (node:net:1652:14)
        at afterConnectMultiple (node:net:1682:16)
        at TCPConnectWrap.callbackTrampoline (node:internal/async_hooks:130:17) {
      errno: -111,
      code: 'ECONNREFUSED',
      syscall: 'connect',
      address: '::1',
      port: 6379
    },
    Error: connect ECONNREFUSED 127.0.0.1:6379
        at createConnectionError (node:net:1652:14)
        at afterConnectMultiple (node:net:1682:16)
        at TCPConnectWrap.callbackTrampoline (node:internal/async_hooks:130:17) {
      errno: -111,
      code: 'ECONNREFUSED',
      syscall: 'connect',
      address: '127.0.0.1',
      port: 6379
    }
  ]
}
AggregateError [ECONNREFUSED]: 
    at internalConnectMultiple (node:net:1122:18)
    at afterConnectMultiple (node:net:1689:7)
    at TCPConnectWrap.callbackTrampoline (node:internal/async_hooks:130:17) {
  code: 'ECONNREFUSED',
  [errors]: [
    Error: connect ECONNREFUSED ::1:6379
        at createConnectionError (node:net:1652:14)
        at afterConnectMultiple (node:net:1682:16)
        at TCPConnectWrap.callbackTrampoline (node:internal/async_hooks:130:17) {
      errno: -111,
      code: 'ECONNREFUSED',
      syscall: 'connect',
      address: '::1',
      port: 6379
    },
    Error: connect ECONNREFUSED 127.0.0.1:6379
        at createConnectionError (node:net:1652:14)
        at afterConnectMultiple (node:net:1682:16)
        at TCPConnectWrap.callbackTrampoline (node:internal/async_hooks:130:17) {
      errno: -111,
      code: 'ECONNREFUSED',
      syscall: 'connect',
      address: '127.0.0.1',
      port: 6379
    }
  ]
}
AggregateError [ECONNREFUSED]: 
    at internalConnectMultiple (node:net:1122:18)
    at afterConnectMultiple (node:net:1689:7)
    at TCPConnectWrap.callbackTrampoline (node:internal/async_hooks:130:17) {
  code: 'ECONNREFUSED',
  [errors]: [
    Error: connect ECONNREFUSED ::1:6379
        at createConnectionError (node:net:1652:14)
        at afterConnectMultiple (node:net:1682:16)
        at TCPConnectWrap.callbackTrampoline (node:internal/async_hooks:130:17) {
      errno: -111,
      code: 'ECONNREFUSED',
      syscall: 'connect',
      address: '::1',
      port: 6379
    },
    Error: connect ECONNREFUSED 127.0.0.1:6379
        at createConnectionError (node:net:1652:14)
        at afterConnectMultiple (node:net:1682:16)
        at TCPConnectWrap.callbackTrampoline (node:internal/async_hooks:130:17) {
      errno: -111,
      code: 'ECONNREFUSED',
      syscall: 'connect',
      address: '127.0.0.1',
      port: 6379
    }
  ]
}
{"level":"error","message":"Redis cache error","timestamp":"2026-02-16T06:36:44.269Z","error":{"message":"","stack":"AggregateError [ECONNREFUSED]: \n    at internalConnectMultiple (node:net:1122:18)\n    at afterConnectMultiple (node:net:1689:7)\n    at TCPConnectWrap.callbackTrampoline (node:internal/async_hooks:130:17)","name":"AggregateError"}}
AggregateError [ECONNREFUSED]: 
    at internalConnectMultiple (node:net:1122:18)
    at afterConnectMultiple (node:net:1689:7)
    at TCPConnectWrap.callbackTrampoline (node:internal/async_hooks:130:17) {
  code: 'ECONNREFUSED',
  [errors]: [
    Error: connect ECONNREFUSED ::1:6379
        at createConnectionError (node:net:1652:14)
        at afterConnectMultiple (node:net:1682:16)
        at TCPConnectWrap.callbackTrampoline (node:internal/async_hooks:130:17) {
      errno: -111,
      code: 'ECONNREFUSED',
      syscall: 'connect',
      address: '::1',
      port: 6379
    },
    Error: connect ECONNREFUSED 127.0.0.1:6379
        at createConnectionError (node:net:1652:14)
        at afterConnectMultiple (node:net:1682:16)
        at TCPConnectWrap.callbackTrampoline (node:internal/async_hooks:130:17) {
      errno: -111,
      code: 'ECONNREFUSED',
      syscall: 'connect',
      address: '127.0.0.1',
      port: 6379
    }
  ]
}
AggregateError [ECONNREFUSED]: 
    at internalConnectMultiple (node:net:1122:18)
    at afterConnectMultiple (node:net:1689:7)
    at TCPConnectWrap.callbackTrampoline (node:internal/async_hooks:130:17) {
  code: 'ECONNREFUSED',
  [errors]: [
    Error: connect ECONNREFUSED ::1:6379
        at createConnectionError (node:net:1652:14)
        at afterConnectMultiple (node:net:1682:16)
        at TCPConnectWrap.callbackTrampoline (node:internal/async_hooks:130:17) {
      errno: -111,
      code: 'ECONNREFUSED',
      syscall: 'connect',
      address: '::1',
      port: 6379
    },
    Error: connect ECONNREFUSED 127.0.0.1:6379
        at createConnectionError (node:net:1652:14)
        at afterConnectMultiple (node:net:1682:16)
        at TCPConnectWrap.callbackTrampoline (node:internal/async_hooks:130:17) {
      errno: -111,
      code: 'ECONNREFUSED',
      syscall: 'connect',
      address: '127.0.0.1',
      port: 6379
    }
  ]
}
{"level":"error","message":"Redis connection error","timestamp":"2026-02-16T06:36:44.786Z","error":{"message":"","stack":"AggregateError [ECONNREFUSED]: \n    at internalConnectMultiple (node:net:1122:18)\n    at afterConnectMultiple (node:net:1689:7)\n    at TCPConnectWrap.callbackTrampoline (node:internal/async_hooks:130:17)","name":"AggregateError"}}
{"level":"warn","message":"Redis connection closed","timestamp":"2026-02-16T06:36:44.787Z","service":"RenderQueue"}
AggregateError [ECONNREFUSED]: 
    at internalConnectMultiple (node:net:1122:18)
    at afterConnectMultiple (node:net:1689:7)
    at TCPConnectWrap.callbackTrampoline (node:internal/async_hooks:130:17) {
  code: 'ECONNREFUSED',
  [errors]: [
    Error: connect ECONNREFUSED ::1:6379
        at createConnectionError (node:net:1652:14)
        at afterConnectMultiple (node:net:1682:16)
        at TCPConnectWrap.callbackTrampoline (node:internal/async_hooks:130:17) {
      errno: -111,
      code: 'ECONNREFUSED',
      syscall: 'connect',
      address: '::1',
      port: 6379
    },
    Error: connect ECONNREFUSED 127.0.0.1:6379
        at createConnectionError (node:net:1652:14)
        at afterConnectMultiple (node:net:1682:16)
        at TCPConnectWrap.callbackTrampoline (node:internal/async_hooks:130:17) {
      errno: -111,
      code: 'ECONNREFUSED',
      syscall: 'connect',
      address: '127.0.0.1',
      port: 6379
    }
  ]
}
AggregateError [ECONNREFUSED]: 
    at internalConnectMultiple (node:net:1122:18)
    at afterConnectMultiple (node:net:1689:7)
    at TCPConnectWrap.callbackTrampoline (node:internal/async_hooks:130:17) {
  code: 'ECONNREFUSED',
  [errors]: [
    Error: connect ECONNREFUSED ::1:6379
        at createConnectionError (node:net:1652:14)
        at afterConnectMultiple (node:net:1682:16)
        at TCPConnectWrap.callbackTrampoline (node:internal/async_hooks:130:17) {
      errno: -111,
      code: 'ECONNREFUSED',
      syscall: 'connect',
      address: '::1',
      port: 6379
    },
    Error: connect ECONNREFUSED 127.0.0.1:6379
        at createConnectionError (node:net:1652:14)
        at afterConnectMultiple (node:net:1682:16)
        at TCPConnectWrap.callbackTrampoline (node:internal/async_hooks:130:17) {
      errno: -111,
      code: 'ECONNREFUSED',
      syscall: 'connect',
      address: '127.0.0.1',
      port: 6379
    }
  ]
}
AggregateError [ECONNREFUSED]: 
    at internalConnectMultiple (node:net:1122:18)
    at afterConnectMultiple (node:net:1689:7)
    at TCPConnectWrap.callbackTrampoline (node:internal/async_hooks:130:17) {
  code: 'ECONNREFUSED',
  [errors]: [
    Error: connect ECONNREFUSED ::1:6379
        at createConnectionError (node:net:1652:14)
        at afterConnectMultiple (node:net:1682:16)
        at TCPConnectWrap.callbackTrampoline (node:internal/async_hooks:130:17) {
      errno: -111,
      code: 'ECONNREFUSED',
      syscall: 'connect',
      address: '::1',
      port: 6379
    },
    Error: connect ECONNREFUSED 127.0.0.1:6379
        at createConnectionError (node:net:1652:14)
        at afterConnectMultiple (node:net:1682:16)
        at TCPConnectWrap.callbackTrampoline (node:internal/async_hooks:130:17) {
      errno: -111,
      code: 'ECONNREFUSED',
      syscall: 'connect',
      address: '127.0.0.1',
      port: 6379
    }
  ]
}
{"level":"error","message":"Redis cache error","timestamp":"2026-02-16T06:36:45.024Z","error":{"message":"","stack":"AggregateError [ECONNREFUSED]: \n    at internalConnectMultiple (node:net:1122:18)\n    at afterConnectMultiple (node:net:1689:7)\n    at TCPConnectWrap.callbackTrampoline (node:internal/async_hooks:130:17)","name":"AggregateError"}}
{"level":"error","message":"Redis connection error","timestamp":"2026-02-16T06:36:45.540Z","error":{"message":"","stack":"AggregateError [ECONNREFUSED]: \n    at internalConnectMultiple (node:net:1122:18)\n    at afterConnectMultiple (node:net:1689:7)\n    at TCPConnectWrap.callbackTrampoline (node:internal/async_hooks:130:17)","name":"AggregateError"}}
{"level":"warn","message":"Redis connection closed","timestamp":"2026-02-16T06:36:45.540Z","service":"RenderQueue"}
AggregateError [ECONNREFUSED]: 
    at internalConnectMultiple (node:net:1122:18)
    at afterConnectMultiple (node:net:1689:7)
    at TCPConnectWrap.callbackTrampoline (node:internal/async_hooks:130:17) {
  code: 'ECONNREFUSED',
  [errors]: [
    Error: connect ECONNREFUSED ::1:6379
        at createConnectionError (node:net:1652:14)
        at afterConnectMultiple (node:net:1682:16)
        at TCPConnectWrap.callbackTrampoline (node:internal/async_hooks:130:17) {
      errno: -111,
      code: 'ECONNREFUSED',
      syscall: 'connect',
      address: '::1',
      port: 6379
    },
    Error: connect ECONNREFUSED 127.0.0.1:6379
        at createConnectionError (node:net:1652:14)
        at afterConnectMultiple (node:net:1682:16)
        at TCPConnectWrap.callbackTrampoline (node:internal/async_hooks:130:17) {
      errno: -111,
      code: 'ECONNREFUSED',
      syscall: 'connect',
      address: '127.0.0.1',
      port: 6379
    }
  ]
}
AggregateError [ECONNREFUSED]: 
    at internalConnectMultiple (node:net:1122:18)
    at afterConnectMultiple (node:net:1689:7)
    at TCPConnectWrap.callbackTrampoline (node:internal/async_hooks:130:17) {
  code: 'ECONNREFUSED',
  [errors]: [
    Error: connect ECONNREFUSED ::1:6379
        at createConnectionError (node:net:1652:14)
        at afterConnectMultiple (node:net:1682:16)
        at TCPConnectWrap.callbackTrampoline (node:internal/async_hooks:130:17) {
      errno: -111,
      code: 'ECONNREFUSED',
      syscall: 'connect',
      address: '::1',
      port: 6379
    },
    Error: connect ECONNREFUSED 127.0.0.1:6379
        at createConnectionError (node:net:1652:14)
        at afterConnectMultiple (node:net:1682:16)
        at TCPConnectWrap.callbackTrampoline (node:internal/async_hooks:130:17) {
      errno: -111,
      code: 'ECONNREFUSED',
      syscall: 'connect',
      address: '127.0.0.1',
      port: 6379
    }
  ]
}
AggregateError [ECONNREFUSED]: 
    at internalConnectMultiple (node:net:1122:18)
    at afterConnectMultiple (node:net:1689:7)
    at TCPConnectWrap.callbackTrampoline (node:internal/async_hooks:130:17) {
  code: 'ECONNREFUSED',
  [errors]: [
    Error: connect ECONNREFUSED ::1:6379
        at createConnectionError (node:net:1652:14)
        at afterConnectMultiple (node:net:1682:16)
        at TCPConnectWrap.callbackTrampoline (node:internal/async_hooks:130:17) {
      errno: -111,
      code: 'ECONNREFUSED',
      syscall: 'connect',
      address: '::1',
      port: 6379
    },
    Error: connect ECONNREFUSED 127.0.0.1:6379
        at createConnectionError (node:net:1652:14)
        at afterConnectMultiple (node:net:1682:16)
        at TCPConnectWrap.callbackTrampoline (node:internal/async_hooks:130:17) {
      errno: -111,
      code: 'ECONNREFUSED',
      syscall: 'connect',
      address: '127.0.0.1',
      port: 6379
    }
  ]
}
AggregateError [ECONNREFUSED]: 
    at internalConnectMultiple (node:net:1122:18)
    at afterConnectMultiple (node:net:1689:7)
    at TCPConnectWrap.callbackTrampoline (node:internal/async_hooks:130:17) {
  code: 'ECONNREFUSED',
  [errors]: [
    Error: connect ECONNREFUSED ::1:6379
        at createConnectionError (node:net:1652:14)
        at afterConnectMultiple (node:net:1682:16)
        at TCPConnectWrap.callbackTrampoline (node:internal/async_hooks:130:17) {
      errno: -111,
      code: 'ECONNREFUSED',
      syscall: 'connect',
      address: '::1',
      port: 6379
    },
    Error: connect ECONNREFUSED 127.0.0.1:6379
        at createConnectionError (node:net:1652:14)
        at afterConnectMultiple (node:net:1682:16)
        at TCPConnectWrap.callbackTrampoline (node:internal/async_hooks:130:17) {
      errno: -111,
      code: 'ECONNREFUSED',
      syscall: 'connect',
      address: '127.0.0.1',
      port: 6379
    }
  ]
}
AggregateError [ECONNREFUSED]: 
    at internalConnectMultiple (node:net:1122:18)
    at afterConnectMultiple (node:net:1689:7)
    at TCPConnectWrap.callbackTrampoline (node:internal/async_hooks:130:17) {
  code: 'ECONNREFUSED',
  [errors]: [
    Error: connect ECONNREFUSED ::1:6379
        at createConnectionError (node:net:1652:14)
        at afterConnectMultiple (node:net:1682:16)
        at TCPConnectWrap.callbackTrampoline (node:internal/async_hooks:130:17) {
      errno: -111,
      code: 'ECONNREFUSED',
      syscall: 'connect',
      address: '::1',
      port: 6379
    },
    Error: connect ECONNREFUSED 127.0.0.1:6379
        at createConnectionError (node:net:1652:14)
        at afterConnectMultiple (node:net:1682:16)
        at TCPConnectWrap.callbackTrampoline (node:internal/async_hooks:130:17) {
      errno: -111,
      code: 'ECONNREFUSED',
      syscall: 'connect',
      address: '127.0.0.1',
      port: 6379
    }
  ]
}
{"level":"error","message":"Redis cache error","timestamp":"2026-02-16T06:36:45.827Z","error":{"message":"","stack":"AggregateError [ECONNREFUSED]: \n    at internalConnectMultiple (node:net:1122:18)\n    at afterConnectMultiple (node:net:1689:7)\n    at TCPConnectWrap.callbackTrampoline (node:internal/async_hooks:130:17)","name":"AggregateError"}}
{"level":"error","message":"Redis connection error","timestamp":"2026-02-16T06:36:46.344Z","error":{"message":"","stack":"AggregateError [ECONNREFUSED]: \n    at internalConnectMultiple (node:net:1122:18)\n    at afterConnectMultiple (node:net:1689:7)\n    at TCPConnectWrap.callbackTrampoline (node:internal/async_hooks:130:17)","name":"AggregateError"}}
{"level":"warn","message":"Redis connection closed","timestamp":"2026-02-16T06:36:46.345Z","service":"RenderQueue"}
AggregateError [ECONNREFUSED]: 
    at internalConnectMultiple (node:net:1122:18)
    at afterConnectMultiple (node:net:1689:7)
    at TCPConnectWrap.callbackTrampoline (node:internal/async_hooks:130:17) {
  code: 'ECONNREFUSED',
  [errors]: [
    Error: connect ECONNREFUSED ::1:6379
        at createConnectionError (node:net:1652:14)
        at afterConnectMultiple (node:net:1682:16)
        at TCPConnectWrap.callbackTrampoline (node:internal/async_hooks:130:17) {
      errno: -111,
      code: 'ECONNREFUSED',
      syscall: 'connect',
      address: '::1',
      port: 6379
    },
    Error: connect ECONNREFUSED 127.0.0.1:6379
        at createConnectionError (node:net:1652:14)
        at afterConnectMultiple (node:net:1682:16)
        at TCPConnectWrap.callbackTrampoline (node:internal/async_hooks:130:17) {
      errno: -111,
      code: 'ECONNREFUSED',
      syscall: 'connect',
      address: '127.0.0.1',
      port: 6379
    }
  ]
}
AggregateError [ECONNREFUSED]: 
    at internalConnectMultiple (node:net:1122:18)
    at afterConnectMultiple (node:net:1689:7)
    at TCPConnectWrap.callbackTrampoline (node:internal/async_hooks:130:17) {
  code: 'ECONNREFUSED',
  [errors]: [
    Error: connect ECONNREFUSED ::1:6379
        at createConnectionError (node:net:1652:14)
        at afterConnectMultiple (node:net:1682:16)
        at TCPConnectWrap.callbackTrampoline (node:internal/async_hooks:130:17) {
      errno: -111,
      code: 'ECONNREFUSED',
      syscall: 'connect',
      address: '::1',
      port: 6379
    },
    Error: connect ECONNREFUSED 127.0.0.1:6379
        at createConnectionError (node:net:1652:14)
        at afterConnectMultiple (node:net:1682:16)
        at TCPConnectWrap.callbackTrampoline (node:internal/async_hooks:130:17) {
      errno: -111,
      code: 'ECONNREFUSED',
      syscall: 'connect',
      address: '127.0.0.1',
      port: 6379
    }
  ]
}
AggregateError [ECONNREFUSED]: 
    at internalConnectMultiple (node:net:1122:18)
    at afterConnectMultiple (node:net:1689:7)
    at TCPConnectWrap.callbackTrampoline (node:internal/async_hooks:130:17) {
  code: 'ECONNREFUSED',
  [errors]: [
    Error: connect ECONNREFUSED ::1:6379
        at createConnectionError (node:net:1652:14)
        at afterConnectMultiple (node:net:1682:16)
        at TCPConnectWrap.callbackTrampoline (node:internal/async_hooks:130:17) {
      errno: -111,
      code: 'ECONNREFUSED',
      syscall: 'connect',
      address: '::1',
      port: 6379
    },
    Error: connect ECONNREFUSED 127.0.0.1:6379
        at createConnectionError (node:net:1652:14)
        at afterConnectMultiple (node:net:1682:16)
        at TCPConnectWrap.callbackTrampoline (node:internal/async_hooks:130:17) {
      errno: -111,
      code: 'ECONNREFUSED',
      syscall: 'connect',
      address: '127.0.0.1',
      port: 6379
    }
  ]
}
{"level":"error","message":"Redis cache error","timestamp":"2026-02-16T06:36:46.678Z","error":{"message":"","stack":"AggregateError [ECONNREFUSED]: \n    at internalConnectMultiple (node:net:1122:18)\n    at afterConnectMultiple (node:net:1689:7)\n    at TCPConnectWrap.callbackTrampoline (node:internal/async_hooks:130:17)","name":"AggregateError"}}
{"level":"error","message":"Redis connection error","timestamp":"2026-02-16T06:36:47.198Z","error":{"message":"","stack":"AggregateError [ECONNREFUSED]: \n    at internalConnectMultiple (node:net:1122:18)\n    at afterConnectMultiple (node:net:1689:7)\n    at TCPConnectWrap.callbackTrampoline (node:internal/async_hooks:130:17)","name":"AggregateError"}}
{"level":"warn","message":"Redis connection closed","timestamp":"2026-02-16T06:36:47.198Z","service":"RenderQueue"}
AggregateError [ECONNREFUSED]: 
    at internalConnectMultiple (node:net:1122:18)
    at afterConnectMultiple (node:net:1689:7)
    at TCPConnectWrap.callbackTrampoline (node:internal/async_hooks:130:17) {
  code: 'ECONNREFUSED',
  [errors]: [
    Error: connect ECONNREFUSED ::1:6379
        at createConnectionError (node:net:1652:14)
        at afterConnectMultiple (node:net:1682:16)
        at TCPConnectWrap.callbackTrampoline (node:internal/async_hooks:130:17) {
      errno: -111,
      code: 'ECONNREFUSED',
      syscall: 'connect',
      address: '::1',
      port: 6379
    },
    Error: connect ECONNREFUSED 127.0.0.1:6379
        at createConnectionError (node:net:1652:14)
        at afterConnectMultiple (node:net:1682:16)
        at TCPConnectWrap.callbackTrampoline (node:internal/async_hooks:130:17) {
      errno: -111,
      code: 'ECONNREFUSED',
      syscall: 'connect',
      address: '127.0.0.1',
      port: 6379
    }
  ]
}
AggregateError [ECONNREFUSED]: 
    at internalConnectMultiple (node:net:1122:18)
    at afterConnectMultiple (node:net:1689:7)
    at TCPConnectWrap.callbackTrampoline (node:internal/async_hooks:130:17) {
  code: 'ECONNREFUSED',
  [errors]: [
    Error: connect ECONNREFUSED ::1:6379
        at createConnectionError (node:net:1652:14)
        at afterConnectMultiple (node:net:1682:16)
        at TCPConnectWrap.callbackTrampoline (node:internal/async_hooks:130:17) {
      errno: -111,
      code: 'ECONNREFUSED',
      syscall: 'connect',
      address: '::1',
      port: 6379
    },
    Error: connect ECONNREFUSED 127.0.0.1:6379
        at createConnectionError (node:net:1652:14)
        at afterConnectMultiple (node:net:1682:16)
        at TCPConnectWrap.callbackTrampoline (node:internal/async_hooks:130:17) {
      errno: -111,
      code: 'ECONNREFUSED',
      syscall: 'connect',
      address: '127.0.0.1',
      port: 6379
    }
  ]
}
AggregateError [ECONNREFUSED]: 
    at internalConnectMultiple (node:net:1122:18)
    at afterConnectMultiple (node:net:1689:7)
    at TCPConnectWrap.callbackTrampoline (node:internal/async_hooks:130:17) {
  code: 'ECONNREFUSED',
  [errors]: [
    Error: connect ECONNREFUSED ::1:6379
        at createConnectionError (node:net:1652:14)
        at afterConnectMultiple (node:net:1682:16)
        at TCPConnectWrap.callbackTrampoline (node:internal/async_hooks:130:17) {
      errno: -111,
      code: 'ECONNREFUSED',
      syscall: 'connect',
      address: '::1',
      port: 6379
    },
    Error: connect ECONNREFUSED 127.0.0.1:6379
        at createConnectionError (node:net:1652:14)
        at afterConnectMultiple (node:net:1682:16)
        at TCPConnectWrap.callbackTrampoline (node:internal/async_hooks:130:17) {
      errno: -111,
      code: 'ECONNREFUSED',
      syscall: 'connect',
      address: '127.0.0.1',
      port: 6379
    }
  ]
}
{"level":"error","message":"Redis cache error","timestamp":"2026-02-16T06:36:47.581Z","error":{"message":"","stack":"AggregateError [ECONNREFUSED]: \n    at internalConnectMultiple (node:net:1122:18)\n    at afterConnectMultiple (node:net:1689:7)\n    at TCPConnectWrap.callbackTrampoline (node:internal/async_hooks:130:17)","name":"AggregateError"}}
{"level":"error","message":"Redis connection error","timestamp":"2026-02-16T06:36:43.787Z","error":{"message":"","stack":"AggregateError [ECONNREFUSED]: \n    at internalConnectMultiple (node:net:1122:18)\n    at afterConnectMultiple (node:net:1689:7)\n    at TCPConnectWrap.callbackTrampoline (node:internal/async_hooks:130:17)","name":"AggregateError"}}
{"level":"warn","message":"Redis connection closed","timestamp":"2026-02-16T06:36:43.787Z","service":"RenderQueue"}
AggregateError [ECONNREFUSED]: 
    at internalConnectMultiple (node:net:1122:18)
    at afterConnectMultiple (node:net:1689:7)
    at TCPConnectWrap.callbackTrampoline (node:internal/async_hooks:130:17) {
  code: 'ECONNREFUSED',
  [errors]: [
    Error: connect ECONNREFUSED ::1:6379
        at createConnectionError (node:net:1652:14)
        at afterConnectMultiple (node:net:1682:16)
        at TCPConnectWrap.callbackTrampoline (node:internal/async_hooks:130:17) {
      errno: -111,
      code: 'ECONNREFUSED',
      syscall: 'connect',
      address: '::1',
      port: 6379
    },
    Error: connect ECONNREFUSED 127.0.0.1:6379
        at createConnectionError (node:net:1652:14)
        at afterConnectMultiple (node:net:1682:16)
        at TCPConnectWrap.callbackTrampoline (node:internal/async_hooks:130:17) {
      errno: -111,
      code: 'ECONNREFUSED',
      syscall: 'connect',
      address: '127.0.0.1',
      port: 6379
    }
  ]
}
AggregateError [ECONNREFUSED]: 
    at internalConnectMultiple (node:net:1122:18)
    at afterConnectMultiple (node:net:1689:7)
    at TCPConnectWrap.callbackTrampoline (node:internal/async_hooks:130:17) {
  code: 'ECONNREFUSED',
  [errors]: [
    Error: connect ECONNREFUSED ::1:6379
        at createConnectionError (node:net:1652:14)
        at afterConnectMultiple (node:net:1682:16)
        at TCPConnectWrap.callbackTrampoline (node:internal/async_hooks:130:17) {
      errno: -111,
      code: 'ECONNREFUSED',
      syscall: 'connect',
      address: '::1',
      port: 6379
    },
    Error: connect ECONNREFUSED 127.0.0.1:6379
        at createConnectionError (node:net:1652:14)
        at afterConnectMultiple (node:net:1682:16)
        at TCPConnectWrap.callbackTrampoline (node:internal/async_hooks:130:17) {
      errno: -111,
      code: 'ECONNREFUSED',
      syscall: 'connect',
      address: '127.0.0.1',
      port: 6379
    }
  ]
}
{"level":"error","message":"Redis cache error","timestamp":"2026-02-16T06:36:43.792Z","error":{"message":"","stack":"AggregateError [ECONNREFUSED]: \n    at internalConnectMultiple (node:net:1122:18)\n    at afterConnectMultiple (node:net:1689:7)\n    at TCPConnectWrap.callbackTrampoline (node:internal/async_hooks:130:17)","name":"AggregateError"}}
AggregateError [ECONNREFUSED]: 
    at internalConnectMultiple (node:net:1122:18)
    at afterConnectMultiple (node:net:1689:7)
    at TCPConnectWrap.callbackTrampoline (node:internal/async_hooks:130:17) {
  code: 'ECONNREFUSED',
  [errors]: [
    Error: connect ECONNREFUSED ::1:6379
        at createConnectionError (node:net:1652:14)
        at afterConnectMultiple (node:net:1682:16)
        at TCPConnectWrap.callbackTrampoline (node:internal/async_hooks:130:17) {
      errno: -111,
      code: 'ECONNREFUSED',
      syscall: 'connect',
      address: '::1',
      port: 6379
    },
    Error: connect ECONNREFUSED 127.0.0.1:6379
        at createConnectionError (node:net:1652:14)
        at afterConnectMultiple (node:net:1682:16)
        at TCPConnectWrap.callbackTrampoline (node:internal/async_hooks:130:17) {
      errno: -111,
      code: 'ECONNREFUSED',
      syscall: 'connect',
      address: '127.0.0.1',
      port: 6379
    }
  ]
}
AggregateError [ECONNREFUSED]: 
    at internalConnectMultiple (node:net:1122:18)
    at afterConnectMultiple (node:net:1689:7)
    at TCPConnectWrap.callbackTrampoline (node:internal/async_hooks:130:17) {
  code: 'ECONNREFUSED',
  [errors]: [
    Error: connect ECONNREFUSED ::1:6379
        at createConnectionError (node:net:1652:14)
        at afterConnectMultiple (node:net:1682:16)
        at TCPConnectWrap.callbackTrampoline (node:internal/async_hooks:130:17) {
      errno: -111,
      code: 'ECONNREFUSED',
      syscall: 'connect',
      address: '::1',
      port: 6379
    },
    Error: connect ECONNREFUSED 127.0.0.1:6379
        at createConnectionError (node:net:1652:14)
        at afterConnectMultiple (node:net:1682:16)
        at TCPConnectWrap.callbackTrampoline (node:internal/async_hooks:130:17) {
      errno: -111,
      code: 'ECONNREFUSED',
      syscall: 'connect',
      address: '127.0.0.1',
      port: 6379
    }
  ]
}
{"level":"error","message":"Redis connection error","timestamp":"2026-02-16T06:36:44.442Z","error":{"message":"","stack":"AggregateError [ECONNREFUSED]: \n    at internalConnectMultiple (node:net:1122:18)\n    at afterConnectMultiple (node:net:1689:7)\n    at TCPConnectWrap.callbackTrampoline (node:internal/async_hooks:130:17)","name":"AggregateError"}}
{"level":"warn","message":"Redis connection closed","timestamp":"2026-02-16T06:36:44.442Z","service":"RenderQueue"}
AggregateError [ECONNREFUSED]: 
    at internalConnectMultiple (node:net:1122:18)
    at afterConnectMultiple (node:net:1689:7)
    at TCPConnectWrap.callbackTrampoline (node:internal/async_hooks:130:17) {
  code: 'ECONNREFUSED',
  [errors]: [
    Error: connect ECONNREFUSED ::1:6379
        at createConnectionError (node:net:1652:14)
        at afterConnectMultiple (node:net:1682:16)
        at TCPConnectWrap.callbackTrampoline (node:internal/async_hooks:130:17) {
      errno: -111,
      code: 'ECONNREFUSED',
      syscall: 'connect',
      address: '::1',
      port: 6379
    },
    Error: connect ECONNREFUSED 127.0.0.1:6379
        at createConnectionError (node:net:1652:14)
        at afterConnectMultiple (node:net:1682:16)
        at TCPConnectWrap.callbackTrampoline (node:internal/async_hooks:130:17) {
      errno: -111,
      code: 'ECONNREFUSED',
      syscall: 'connect',
      address: '127.0.0.1',
      port: 6379
    }
  ]
}
AggregateError [ECONNREFUSED]: 
    at internalConnectMultiple (node:net:1122:18)
    at afterConnectMultiple (node:net:1689:7)
    at TCPConnectWrap.callbackTrampoline (node:internal/async_hooks:130:17) {
  code: 'ECONNREFUSED',
  [errors]: [
    Error: connect ECONNREFUSED ::1:6379
        at createConnectionError (node:net:1652:14)
        at afterConnectMultiple (node:net:1682:16)
        at TCPConnectWrap.callbackTrampoline (node:internal/async_hooks:130:17) {
      errno: -111,
      code: 'ECONNREFUSED',
      syscall: 'connect',
      address: '::1',
      port: 6379
    },
    Error: connect ECONNREFUSED 127.0.0.1:6379
        at createConnectionError (node:net:1652:14)
        at afterConnectMultiple (node:net:1682:16)
        at TCPConnectWrap.callbackTrampoline (node:internal/async_hooks:130:17) {
      errno: -111,
      code: 'ECONNREFUSED',
      syscall: 'connect',
      address: '127.0.0.1',
      port: 6379
    }
  ]
}
{"level":"error","message":"Redis cache error","timestamp":"2026-02-16T06:36:44.448Z","error":{"message":"","stack":"AggregateError [ECONNREFUSED]: \n    at internalConnectMultiple (node:net:1122:18)\n    at afterConnectMultiple (node:net:1689:7)\n    at TCPConnectWrap.callbackTrampoline (node:internal/async_hooks:130:17)","name":"AggregateError"}}
{"level":"error","message":"Redis connection error","timestamp":"2026-02-16T06:36:45.144Z","error":{"message":"","stack":"AggregateError [ECONNREFUSED]: \n    at internalConnectMultiple (node:net:1122:18)\n    at afterConnectMultiple (node:net:1689:7)\n    at TCPConnectWrap.callbackTrampoline (node:internal/async_hooks:130:17)","name":"AggregateError"}}
{"level":"warn","message":"Redis connection closed","timestamp":"2026-02-16T06:36:45.144Z","service":"RenderQueue"}
AggregateError [ECONNREFUSED]: 
    at internalConnectMultiple (node:net:1122:18)
    at afterConnectMultiple (node:net:1689:7)
    at TCPConnectWrap.callbackTrampoline (node:internal/async_hooks:130:17) {
  code: 'ECONNREFUSED',
  [errors]: [
    Error: connect ECONNREFUSED ::1:6379
        at createConnectionError (node:net:1652:14)
        at afterConnectMultiple (node:net:1682:16)
        at TCPConnectWrap.callbackTrampoline (node:internal/async_hooks:130:17) {
      errno: -111,
      code: 'ECONNREFUSED',
      syscall: 'connect',
      address: '::1',
      port: 6379
    },
    Error: connect ECONNREFUSED 127.0.0.1:6379
        at createConnectionError (node:net:1652:14)
        at afterConnectMultiple (node:net:1682:16)
        at TCPConnectWrap.callbackTrampoline (node:internal/async_hooks:130:17) {
      errno: -111,
      code: 'ECONNREFUSED',
      syscall: 'connect',
      address: '127.0.0.1',
      port: 6379
    }
  ]
}
AggregateError [ECONNREFUSED]: 
    at internalConnectMultiple (node:net:1122:18)
    at afterConnectMultiple (node:net:1689:7)
    at TCPConnectWrap.callbackTrampoline (node:internal/async_hooks:130:17) {
  code: 'ECONNREFUSED',
  [errors]: [
    Error: connect ECONNREFUSED ::1:6379
        at createConnectionError (node:net:1652:14)
        at afterConnectMultiple (node:net:1682:16)
        at TCPConnectWrap.callbackTrampoline (node:internal/async_hooks:130:17) {
      errno: -111,
      code: 'ECONNREFUSED',
      syscall: 'connect',
      address: '::1',
      port: 6379
    },
    Error: connect ECONNREFUSED 127.0.0.1:6379
        at createConnectionError (node:net:1652:14)
        at afterConnectMultiple (node:net:1682:16)
        at TCPConnectWrap.callbackTrampoline (node:internal/async_hooks:130:17) {
      errno: -111,
      code: 'ECONNREFUSED',
      syscall: 'connect',
      address: '127.0.0.1',
      port: 6379
    }
  ]
}
{"level":"error","message":"Redis cache error","timestamp":"2026-02-16T06:36:45.153Z","error":{"message":"","stack":"AggregateError [ECONNREFUSED]: \n    at internalConnectMultiple (node:net:1122:18)\n    at afterConnectMultiple (node:net:1689:7)\n    at TCPConnectWrap.callbackTrampoline (node:internal/async_hooks:130:17)","name":"AggregateError"}}
AggregateError [ECONNREFUSED]: 
    at internalConnectMultiple (node:net:1122:18)
    at afterConnectMultiple (node:net:1689:7)
    at TCPConnectWrap.callbackTrampoline (node:internal/async_hooks:130:17) {
  code: 'ECONNREFUSED',
  [errors]: [
    Error: connect ECONNREFUSED ::1:6379
        at createConnectionError (node:net:1652:14)
        at afterConnectMultiple (node:net:1682:16)
        at TCPConnectWrap.callbackTrampoline (node:internal/async_hooks:130:17) {
      errno: -111,
      code: 'ECONNREFUSED',
      syscall: 'connect',
      address: '::1',
      port: 6379
    },
    Error: connect ECONNREFUSED 127.0.0.1:6379
        at createConnectionError (node:net:1652:14)
        at afterConnectMultiple (node:net:1682:16)
        at TCPConnectWrap.callbackTrampoline (node:internal/async_hooks:130:17) {
      errno: -111,
      code: 'ECONNREFUSED',
      syscall: 'connect',
      address: '127.0.0.1',
      port: 6379
    }
  ]
}
AggregateError [ECONNREFUSED]: 
    at internalConnectMultiple (node:net:1122:18)
    at afterConnectMultiple (node:net:1689:7)
    at TCPConnectWrap.callbackTrampoline (node:internal/async_hooks:130:17) {
  code: 'ECONNREFUSED',
  [errors]: [
    Error: connect ECONNREFUSED ::1:6379
        at createConnectionError (node:net:1652:14)
        at afterConnectMultiple (node:net:1682:16)
        at TCPConnectWrap.callbackTrampoline (node:internal/async_hooks:130:17) {
      errno: -111,
      code: 'ECONNREFUSED',
      syscall: 'connect',
      address: '::1',
      port: 6379
    },
    Error: connect ECONNREFUSED 127.0.0.1:6379
        at createConnectionError (node:net:1652:14)
        at afterConnectMultiple (node:net:1682:16)
        at TCPConnectWrap.callbackTrampoline (node:internal/async_hooks:130:17) {
      errno: -111,
      code: 'ECONNREFUSED',
      syscall: 'connect',
      address: '127.0.0.1',
      port: 6379
    }
  ]
}
{"level":"error","message":"Redis connection error","timestamp":"2026-02-16T06:36:45.900Z","error":{"message":"","stack":"AggregateError [ECONNREFUSED]: \n    at internalConnectMultiple (node:net:1122:18)\n    at afterConnectMultiple (node:net:1689:7)\n    at TCPConnectWrap.callbackTrampoline (node:internal/async_hooks:130:17)","name":"AggregateError"}}
{"level":"warn","message":"Redis connection closed","timestamp":"2026-02-16T06:36:45.901Z","service":"RenderQueue"}
{"level":"error","message":"Redis cache error","timestamp":"2026-02-16T06:36:45.905Z","error":{"message":"","stack":"AggregateError [ECONNREFUSED]: \n    at internalConnectMultiple (node:net:1122:18)\n    at afterConnectMultiple (node:net:1689:7)\n    at TCPConnectWrap.callbackTrampoline (node:internal/async_hooks:130:17)","name":"AggregateError"}}
AggregateError [ECONNREFUSED]: 
    at internalConnectMultiple (node:net:1122:18)
    at afterConnectMultiple (node:net:1689:7)
    at TCPConnectWrap.callbackTrampoline (node:internal/async_hooks:130:17) {
  code: 'ECONNREFUSED',
  [errors]: [
    Error: connect ECONNREFUSED ::1:6379
        at createConnectionError (node:net:1652:14)
        at afterConnectMultiple (node:net:1682:16)
        at TCPConnectWrap.callbackTrampoline (node:internal/async_hooks:130:17) {
      errno: -111,
      code: 'ECONNREFUSED',
      syscall: 'connect',
      address: '::1',
      port: 6379
    },
    Error: connect ECONNREFUSED 127.0.0.1:6379
        at createConnectionError (node:net:1652:14)
        at afterConnectMultiple (node:net:1682:16)
        at TCPConnectWrap.callbackTrampoline (node:internal/async_hooks:130:17) {
      errno: -111,
      code: 'ECONNREFUSED',
      syscall: 'connect',
      address: '127.0.0.1',
      port: 6379
    }
  ]
}
AggregateError [ECONNREFUSED]: 
    at internalConnectMultiple (node:net:1122:18)
    at afterConnectMultiple (node:net:1689:7)
    at TCPConnectWrap.callbackTrampoline (node:internal/async_hooks:130:17) {
  code: 'ECONNREFUSED',
  [errors]: [
    Error: connect ECONNREFUSED ::1:6379
        at createConnectionError (node:net:1652:14)
        at afterConnectMultiple (node:net:1682:16)
        at TCPConnectWrap.callbackTrampoline (node:internal/async_hooks:130:17) {
      errno: -111,
      code: 'ECONNREFUSED',
      syscall: 'connect',
      address: '::1',
      port: 6379
    },
    Error: connect ECONNREFUSED 127.0.0.1:6379
        at createConnectionError (node:net:1652:14)
        at afterConnectMultiple (node:net:1682:16)
        at TCPConnectWrap.callbackTrampoline (node:internal/async_hooks:130:17) {
      errno: -111,
      code: 'ECONNREFUSED',
      syscall: 'connect',
      address: '127.0.0.1',
      port: 6379
    }
  ]
}
AggregateError [ECONNREFUSED]: 
    at internalConnectMultiple (node:net:1122:18)
    at afterConnectMultiple (node:net:1689:7)
    at TCPConnectWrap.callbackTrampoline (node:internal/async_hooks:130:17) {
  code: 'ECONNREFUSED',
  [errors]: [
    Error: connect ECONNREFUSED ::1:6379
        at createConnectionError (node:net:1652:14)
        at afterConnectMultiple (node:net:1682:16)
        at TCPConnectWrap.callbackTrampoline (node:internal/async_hooks:130:17) {
      errno: -111,
      code: 'ECONNREFUSED',
      syscall: 'connect',
      address: '::1',
      port: 6379
    },
    Error: connect ECONNREFUSED 127.0.0.1:6379
        at createConnectionError (node:net:1652:14)
        at afterConnectMultiple (node:net:1682:16)
        at TCPConnectWrap.callbackTrampoline (node:internal/async_hooks:130:17) {
      errno: -111,
      code: 'ECONNREFUSED',
      syscall: 'connect',
      address: '127.0.0.1',
      port: 6379
    }
  ]
}
AggregateError [ECONNREFUSED]: 
    at internalConnectMultiple (node:net:1122:18)
    at afterConnectMultiple (node:net:1689:7)
    at TCPConnectWrap.callbackTrampoline (node:internal/async_hooks:130:17) {
  code: 'ECONNREFUSED',
  [errors]: [
    Error: connect ECONNREFUSED ::1:6379
        at createConnectionError (node:net:1652:14)
        at afterConnectMultiple (node:net:1682:16)
        at TCPConnectWrap.callbackTrampoline (node:internal/async_hooks:130:17) {
      errno: -111,
      code: 'ECONNREFUSED',
      syscall: 'connect',
      address: '::1',
      port: 6379
    },
    Error: connect ECONNREFUSED 127.0.0.1:6379
        at createConnectionError (node:net:1652:14)
        at afterConnectMultiple (node:net:1682:16)
        at TCPConnectWrap.callbackTrampoline (node:internal/async_hooks:130:17) {
      errno: -111,
      code: 'ECONNREFUSED',
      syscall: 'connect',
      address: '127.0.0.1',
      port: 6379
    }
  ]
}
{"level":"error","message":"Redis connection error","timestamp":"2026-02-16T06:36:46.703Z","error":{"message":"","stack":"AggregateError [ECONNREFUSED]: \n    at internalConnectMultiple (node:net:1122:18)\n    at afterConnectMultiple (node:net:1689:7)\n    at TCPConnectWrap.callbackTrampoline (node:internal/async_hooks:130:17)","name":"AggregateError"}}
{"level":"warn","message":"Redis connection closed","timestamp":"2026-02-16T06:36:46.703Z","service":"RenderQueue"}
AggregateError [ECONNREFUSED]: 
    at internalConnectMultiple (node:net:1122:18)
    at afterConnectMultiple (node:net:1689:7)
    at TCPConnectWrap.callbackTrampoline (node:internal/async_hooks:130:17) {
  code: 'ECONNREFUSED',
  [errors]: [
    Error: connect ECONNREFUSED ::1:6379
        at createConnectionError (node:net:1652:14)
        at afterConnectMultiple (node:net:1682:16)
        at TCPConnectWrap.callbackTrampoline (node:internal/async_hooks:130:17) {
      errno: -111,
      code: 'ECONNREFUSED',
      syscall: 'connect',
      address: '::1',
      port: 6379
    },
    Error: connect ECONNREFUSED 127.0.0.1:6379
        at createConnectionError (node:net:1652:14)
        at afterConnectMultiple (node:net:1682:16)
        at TCPConnectWrap.callbackTrampoline (node:internal/async_hooks:130:17) {
      errno: -111,
      code: 'ECONNREFUSED',
      syscall: 'connect',
      address: '127.0.0.1',
      port: 6379
    }
  ]
}
AggregateError [ECONNREFUSED]: 
    at internalConnectMultiple (node:net:1122:18)
    at afterConnectMultiple (node:net:1689:7)
    at TCPConnectWrap.callbackTrampoline (node:internal/async_hooks:130:17) {
  code: 'ECONNREFUSED',
  [errors]: [
    Error: connect ECONNREFUSED ::1:6379
        at createConnectionError (node:net:1652:14)
        at afterConnectMultiple (node:net:1682:16)
        at TCPConnectWrap.callbackTrampoline (node:internal/async_hooks:130:17) {
      errno: -111,
      code: 'ECONNREFUSED',
      syscall: 'connect',
      address: '::1',
      port: 6379
    },
    Error: connect ECONNREFUSED 127.0.0.1:6379
        at createConnectionError (node:net:1652:14)
        at afterConnectMultiple (node:net:1682:16)
        at TCPConnectWrap.callbackTrampoline (node:internal/async_hooks:130:17) {
      errno: -111,
      code: 'ECONNREFUSED',
      syscall: 'connect',
      address: '127.0.0.1',
      port: 6379
    }
  ]
}
{"level":"error","message":"Redis cache error","timestamp":"2026-02-16T06:36:46.712Z","error":{"message":"","stack":"AggregateError [ECONNREFUSED]: \n    at internalConnectMultiple (node:net:1122:18)\n    at afterConnectMultiple (node:net:1689:7)\n    at TCPConnectWrap.callbackTrampoline (node:internal/async_hooks:130:17)","name":"AggregateError"}}
{"level":"error","message":"Redis connection error","timestamp":"2026-02-16T06:36:47.555Z","error":{"message":"","stack":"AggregateError [ECONNREFUSED]: \n    at internalConnectMultiple (node:net:1122:18)\n    at afterConnectMultiple (node:net:1689:7)\n    at TCPConnectWrap.callbackTrampoline (node:internal/async_hooks:130:17)","name":"AggregateError"}}
{"level":"warn","message":"Redis connection closed","timestamp":"2026-02-16T06:36:47.555Z","service":"RenderQueue"}
{"level":"error","message":"Redis cache error","timestamp":"2026-02-16T06:36:47.564Z","error":{"message":"","stack":"AggregateError [ECONNREFUSED]: \n    at internalConnectMultiple (node:net:1122:18)\n    at afterConnectMultiple (node:net:1689:7)\n    at TCPConnectWrap.callbackTrampoline (node:internal/async_hooks:130:17)","name":"AggregateError"}}
AggregateError [ECONNREFUSED]: 
    at internalConnectMultiple (node:net:1122:18)
    at afterConnectMultiple (node:net:1689:7)
    at TCPConnectWrap.callbackTrampoline (node:internal/async_hooks:130:17) {
  code: 'ECONNREFUSED',
  [errors]: [
    Error: connect ECONNREFUSED ::1:6379
        at createConnectionError (node:net:1652:14)
        at afterConnectMultiple (node:net:1682:16)
        at TCPConnectWrap.callbackTrampoline (node:internal/async_hooks:130:17) {
      errno: -111,
      code: 'ECONNREFUSED',
      syscall: 'connect',
      address: '::1',
      port: 6379
    },
    Error: connect ECONNREFUSED 127.0.0.1:6379
        at createConnectionError (node:net:1652:14)
        at afterConnectMultiple (node:net:1682:16)
        at TCPConnectWrap.callbackTrampoline (node:internal/async_hooks:130:17) {
      errno: -111,
      code: 'ECONNREFUSED',
      syscall: 'connect',
      address: '127.0.0.1',
      port: 6379
    }
  ]
}
AggregateError [ECONNREFUSED]: 
    at internalConnectMultiple (node:net:1122:18)
    at afterConnectMultiple (node:net:1689:7)
    at TCPConnectWrap.callbackTrampoline (node:internal/async_hooks:130:17) {
  code: 'ECONNREFUSED',
  [errors]: [
    Error: connect ECONNREFUSED ::1:6379
        at createConnectionError (node:net:1652:14)
        at afterConnectMultiple (node:net:1682:16)
        at TCPConnectWrap.callbackTrampoline (node:internal/async_hooks:130:17) {
      errno: -111,
      code: 'ECONNREFUSED',
      syscall: 'connect',
      address: '::1',
      port: 6379
    },
    Error: connect ECONNREFUSED 127.0.0.1:6379
        at createConnectionError (node:net:1652:14)
        at afterConnectMultiple (node:net:1682:16)
        at TCPConnectWrap.callbackTrampoline (node:internal/async_hooks:130:17) {
      errno: -111,
      code: 'ECONNREFUSED',
      syscall: 'connect',
      address: '127.0.0.1',
      port: 6379
    }
  ]
}
{"level":"error","message":"Redis cache error","timestamp":"2026-02-16T06:36:43.817Z","error":{"message":"","stack":"AggregateError [ECONNREFUSED]: \n    at internalConnectMultiple (node:net:1122:18)\n    at afterConnectMultiple (node:net:1689:7)\n    at TCPConnectWrap.callbackTrampoline (node:internal/async_hooks:130:17)","name":"AggregateError"}}
{"level":"error","message":"Redis connection error","timestamp":"2026-02-16T06:36:43.817Z","error":{"message":"","stack":"AggregateError [ECONNREFUSED]: \n    at internalConnectMultiple (node:net:1122:18)\n    at afterConnectMultiple (node:net:1689:7)\n    at TCPConnectWrap.callbackTrampoline (node:internal/async_hooks:130:17)","name":"AggregateError"}}
{"level":"warn","message":"Redis connection closed","timestamp":"2026-02-16T06:36:43.817Z","service":"RenderQueue"}
AggregateError [ECONNREFUSED]: 
    at internalConnectMultiple (node:net:1122:18)
    at afterConnectMultiple (node:net:1689:7)
    at TCPConnectWrap.callbackTrampoline (node:internal/async_hooks:130:17) {
  code: 'ECONNREFUSED',
  [errors]: [
    Error: connect ECONNREFUSED ::1:6379
        at createConnectionError (node:net:1652:14)
        at afterConnectMultiple (node:net:1682:16)
        at TCPConnectWrap.callbackTrampoline (node:internal/async_hooks:130:17) {
      errno: -111,
      code: 'ECONNREFUSED',
      syscall: 'connect',
      address: '::1',
      port: 6379
    },
    Error: connect ECONNREFUSED 127.0.0.1:6379
        at createConnectionError (node:net:1652:14)
        at afterConnectMultiple (node:net:1682:16)
        at TCPConnectWrap.callbackTrampoline (node:internal/async_hooks:130:17) {
      errno: -111,
      code: 'ECONNREFUSED',
      syscall: 'connect',
      address: '127.0.0.1',
      port: 6379
    }
  ]
}
AggregateError [ECONNREFUSED]: 
    at internalConnectMultiple (node:net:1122:18)
    at afterConnectMultiple (node:net:1689:7)
    at TCPConnectWrap.callbackTrampoline (node:internal/async_hooks:130:17) {
  code: 'ECONNREFUSED',
  [errors]: [
    Error: connect ECONNREFUSED ::1:6379
        at createConnectionError (node:net:1652:14)
        at afterConnectMultiple (node:net:1682:16)
        at TCPConnectWrap.callbackTrampoline (node:internal/async_hooks:130:17) {
      errno: -111,
      code: 'ECONNREFUSED',
      syscall: 'connect',
      address: '::1',
      port: 6379
    },
    Error: connect ECONNREFUSED 127.0.0.1:6379
        at createConnectionError (node:net:1652:14)
        at afterConnectMultiple (node:net:1682:16)
        at TCPConnectWrap.callbackTrampoline (node:internal/async_hooks:130:17) {
      errno: -111,
      code: 'ECONNREFUSED',
      syscall: 'connect',
      address: '127.0.0.1',
      port: 6379
    }
  ]
}
AggregateError [ECONNREFUSED]: 
    at internalConnectMultiple (node:net:1122:18)
    at afterConnectMultiple (node:net:1689:7)
    at TCPConnectWrap.callbackTrampoline (node:internal/async_hooks:130:17) {
  code: 'ECONNREFUSED',
  [errors]: [
    Error: connect ECONNREFUSED ::1:6379
        at createConnectionError (node:net:1652:14)
        at afterConnectMultiple (node:net:1682:16)
        at TCPConnectWrap.callbackTrampoline (node:internal/async_hooks:130:17) {
      errno: -111,
      code: 'ECONNREFUSED',
      syscall: 'connect',
      address: '::1',
      port: 6379
    },
    Error: connect ECONNREFUSED 127.0.0.1:6379
        at createConnectionError (node:net:1652:14)
        at afterConnectMultiple (node:net:1682:16)
        at TCPConnectWrap.callbackTrampoline (node:internal/async_hooks:130:17) {
      errno: -111,
      code: 'ECONNREFUSED',
      syscall: 'connect',
      address: '127.0.0.1',
      port: 6379
    }
  ]
}
AggregateError [ECONNREFUSED]: 
    at internalConnectMultiple (node:net:1122:18)
    at afterConnectMultiple (node:net:1689:7)
    at TCPConnectWrap.callbackTrampoline (node:internal/async_hooks:130:17) {
  code: 'ECONNREFUSED',
  [errors]: [
    Error: connect ECONNREFUSED ::1:6379
        at createConnectionError (node:net:1652:14)
        at afterConnectMultiple (node:net:1682:16)
        at TCPConnectWrap.callbackTrampoline (node:internal/async_hooks:130:17) {
      errno: -111,
      code: 'ECONNREFUSED',
      syscall: 'connect',
      address: '::1',
      port: 6379
    },
    Error: connect ECONNREFUSED 127.0.0.1:6379
        at createConnectionError (node:net:1652:14)
        at afterConnectMultiple (node:net:1682:16)
        at TCPConnectWrap.callbackTrampoline (node:internal/async_hooks:130:17) {
      errno: -111,
      code: 'ECONNREFUSED',
      syscall: 'connect',
      address: '127.0.0.1',
      port: 6379
    }
  ]
}
AggregateError [ECONNREFUSED]: 
    at internalConnectMultiple (node:net:1122:18)
    at afterConnectMultiple (node:net:1689:7)
    at TCPConnectWrap.callbackTrampoline (node:internal/async_hooks:130:17) {
  code: 'ECONNREFUSED',
  [errors]: [
    Error: connect ECONNREFUSED ::1:6379
        at createConnectionError (node:net:1652:14)
        at afterConnectMultiple (node:net:1682:16)
        at TCPConnectWrap.callbackTrampoline (node:internal/async_hooks:130:17) {
      errno: -111,
      code: 'ECONNREFUSED',
      syscall: 'connect',
      address: '::1',
      port: 6379
    },
    Error: connect ECONNREFUSED 127.0.0.1:6379
        at createConnectionError (node:net:1652:14)
        at afterConnectMultiple (node:net:1682:16)
        at TCPConnectWrap.callbackTrampoline (node:internal/async_hooks:130:17) {
      errno: -111,
      code: 'ECONNREFUSED',
      syscall: 'connect',
      address: '127.0.0.1',
      port: 6379
    }
  ]
}
{"level":"error","message":"Redis connection error","timestamp":"2026-02-16T06:36:44.471Z","error":{"message":"","stack":"AggregateError [ECONNREFUSED]: \n    at internalConnectMultiple (node:net:1122:18)\n    at afterConnectMultiple (node:net:1689:7)\n    at TCPConnectWrap.callbackTrampoline (node:internal/async_hooks:130:17)","name":"AggregateError"}}
{"level":"warn","message":"Redis connection closed","timestamp":"2026-02-16T06:36:44.471Z","service":"RenderQueue"}
{"level":"error","message":"Redis cache error","timestamp":"2026-02-16T06:36:44.521Z","error":{"message":"","stack":"AggregateError [ECONNREFUSED]: \n    at internalConnectMultiple (node:net:1122:18)\n    at afterConnectMultiple (node:net:1689:7)\n    at TCPConnectWrap.callbackTrampoline (node:internal/async_hooks:130:17)","name":"AggregateError"}}
AggregateError [ECONNREFUSED]: 
    at internalConnectMultiple (node:net:1122:18)
    at afterConnectMultiple (node:net:1689:7)
    at TCPConnectWrap.callbackTrampoline (node:internal/async_hooks:130:17) {
  code: 'ECONNREFUSED',
  [errors]: [
    Error: connect ECONNREFUSED ::1:6379
        at createConnectionError (node:net:1652:14)
        at afterConnectMultiple (node:net:1682:16)
        at TCPConnectWrap.callbackTrampoline (node:internal/async_hooks:130:17) {
      errno: -111,
      code: 'ECONNREFUSED',
      syscall: 'connect',
      address: '::1',
      port: 6379
    },
    Error: connect ECONNREFUSED 127.0.0.1:6379
        at createConnectionError (node:net:1652:14)
        at afterConnectMultiple (node:net:1682:16)
        at TCPConnectWrap.callbackTrampoline (node:internal/async_hooks:130:17) {
      errno: -111,
      code: 'ECONNREFUSED',
      syscall: 'connect',
      address: '127.0.0.1',
      port: 6379
    }
  ]
}
AggregateError [ECONNREFUSED]: 
    at internalConnectMultiple (node:net:1122:18)
    at afterConnectMultiple (node:net:1689:7)
    at TCPConnectWrap.callbackTrampoline (node:internal/async_hooks:130:17) {
  code: 'ECONNREFUSED',
  [errors]: [
    Error: connect ECONNREFUSED ::1:6379
        at createConnectionError (node:net:1652:14)
        at afterConnectMultiple (node:net:1682:16)
        at TCPConnectWrap.callbackTrampoline (node:internal/async_hooks:130:17) {
      errno: -111,
      code: 'ECONNREFUSED',
      syscall: 'connect',
      address: '::1',
      port: 6379
    },
    Error: connect ECONNREFUSED 127.0.0.1:6379
        at createConnectionError (node:net:1652:14)
        at afterConnectMultiple (node:net:1682:16)
        at TCPConnectWrap.callbackTrampoline (node:internal/async_hooks:130:17) {
      errno: -111,
      code: 'ECONNREFUSED',
      syscall: 'connect',
      address: '127.0.0.1',
      port: 6379
    }
  ]
}
AggregateError [ECONNREFUSED]: 
    at internalConnectMultiple (node:net:1122:18)
    at afterConnectMultiple (node:net:1689:7)
    at TCPConnectWrap.callbackTrampoline (node:internal/async_hooks:130:17) {
  code: 'ECONNREFUSED',
  [errors]: [
    Error: connect ECONNREFUSED ::1:6379
        at createConnectionError (node:net:1652:14)
        at afterConnectMultiple (node:net:1682:16)
        at TCPConnectWrap.callbackTrampoline (node:internal/async_hooks:130:17) {
      errno: -111,
      code: 'ECONNREFUSED',
      syscall: 'connect',
      address: '::1',
      port: 6379
    },
    Error: connect ECONNREFUSED 127.0.0.1:6379
        at createConnectionError (node:net:1652:14)
        at afterConnectMultiple (node:net:1682:16)
        at TCPConnectWrap.callbackTrampoline (node:internal/async_hooks:130:17) {
      errno: -111,
      code: 'ECONNREFUSED',
      syscall: 'connect',
      address: '127.0.0.1',
      port: 6379
    }
  ]
}
{"level":"error","message":"Redis connection error","timestamp":"2026-02-16T06:36:45.173Z","error":{"message":"","stack":"AggregateError [ECONNREFUSED]: \n    at internalConnectMultiple (node:net:1122:18)\n    at afterConnectMultiple (node:net:1689:7)\n    at TCPConnectWrap.callbackTrampoline (node:internal/async_hooks:130:17)","name":"AggregateError"}}
{"level":"warn","message":"Redis connection closed","timestamp":"2026-02-16T06:36:45.173Z","service":"RenderQueue"}
{"level":"error","message":"Redis cache error","timestamp":"2026-02-16T06:36:45.276Z","error":{"message":"","stack":"AggregateError [ECONNREFUSED]: \n    at internalConnectMultiple (node:net:1122:18)\n    at afterConnectMultiple (node:net:1689:7)\n    at TCPConnectWrap.callbackTrampoline (node:internal/async_hooks:130:17)","name":"AggregateError"}}
AggregateError [ECONNREFUSED]: 
    at internalConnectMultiple (node:net:1122:18)
    at afterConnectMultiple (node:net:1689:7)
    at TCPConnectWrap.callbackTrampoline (node:internal/async_hooks:130:17) {
  code: 'ECONNREFUSED',
  [errors]: [
    Error: connect ECONNREFUSED ::1:6379
        at createConnectionError (node:net:1652:14)
        at afterConnectMultiple (node:net:1682:16)
        at TCPConnectWrap.callbackTrampoline (node:internal/async_hooks:130:17) {
      errno: -111,
      code: 'ECONNREFUSED',
      syscall: 'connect',
      address: '::1',
      port: 6379
    },
    Error: connect ECONNREFUSED 127.0.0.1:6379
        at createConnectionError (node:net:1652:14)
        at afterConnectMultiple (node:net:1682:16)
        at TCPConnectWrap.callbackTrampoline (node:internal/async_hooks:130:17) {
      errno: -111,
      code: 'ECONNREFUSED',
      syscall: 'connect',
      address: '127.0.0.1',
      port: 6379
    }
  ]
}
AggregateError [ECONNREFUSED]: 
    at internalConnectMultiple (node:net:1122:18)
    at afterConnectMultiple (node:net:1689:7)
    at TCPConnectWrap.callbackTrampoline (node:internal/async_hooks:130:17) {
  code: 'ECONNREFUSED',
  [errors]: [
    Error: connect ECONNREFUSED ::1:6379
        at createConnectionError (node:net:1652:14)
        at afterConnectMultiple (node:net:1682:16)
        at TCPConnectWrap.callbackTrampoline (node:internal/async_hooks:130:17) {
      errno: -111,
      code: 'ECONNREFUSED',
      syscall: 'connect',
      address: '::1',
      port: 6379
    },
    Error: connect ECONNREFUSED 127.0.0.1:6379
        at createConnectionError (node:net:1652:14)
        at afterConnectMultiple (node:net:1682:16)
        at TCPConnectWrap.callbackTrampoline (node:internal/async_hooks:130:17) {
      errno: -111,
      code: 'ECONNREFUSED',
      syscall: 'connect',
      address: '127.0.0.1',
      port: 6379
    }
  ]
}
AggregateError [ECONNREFUSED]: 
    at internalConnectMultiple (node:net:1122:18)
    at afterConnectMultiple (node:net:1689:7)
    at TCPConnectWrap.callbackTrampoline (node:internal/async_hooks:130:17) {
  code: 'ECONNREFUSED',
  [errors]: [
    Error: connect ECONNREFUSED ::1:6379
        at createConnectionError (node:net:1652:14)
        at afterConnectMultiple (node:net:1682:16)
        at TCPConnectWrap.callbackTrampoline (node:internal/async_hooks:130:17) {
      errno: -111,
      code: 'ECONNREFUSED',
      syscall: 'connect',
      address: '::1',
      port: 6379
    },
    Error: connect ECONNREFUSED 127.0.0.1:6379
        at createConnectionError (node:net:1652:14)
        at afterConnectMultiple (node:net:1682:16)
        at TCPConnectWrap.callbackTrampoline (node:internal/async_hooks:130:17) {
      errno: -111,
      code: 'ECONNREFUSED',
      syscall: 'connect',
      address: '127.0.0.1',
      port: 6379
    }
  ]
}
AggregateError [ECONNREFUSED]: 
    at internalConnectMultiple (node:net:1122:18)
    at afterConnectMultiple (node:net:1689:7)
    at TCPConnectWrap.callbackTrampoline (node:internal/async_hooks:130:17) {
  code: 'ECONNREFUSED',
  [errors]: [
    Error: connect ECONNREFUSED ::1:6379
        at createConnectionError (node:net:1652:14)
        at afterConnectMultiple (node:net:1682:16)
        at TCPConnectWrap.callbackTrampoline (node:internal/async_hooks:130:17) {
      errno: -111,
      code: 'ECONNREFUSED',
      syscall: 'connect',
      address: '::1',
      port: 6379
    },
    Error: connect ECONNREFUSED 127.0.0.1:6379
        at createConnectionError (node:net:1652:14)
        at afterConnectMultiple (node:net:1682:16)
        at TCPConnectWrap.callbackTrampoline (node:internal/async_hooks:130:17) {
      errno: -111,
      code: 'ECONNREFUSED',
      syscall: 'connect',
      address: '127.0.0.1',
      port: 6379
    }
  ]
}
AggregateError [ECONNREFUSED]: 
    at internalConnectMultiple (node:net:1122:18)
    at afterConnectMultiple (node:net:1689:7)
    at TCPConnectWrap.callbackTrampoline (node:internal/async_hooks:130:17) {
  code: 'ECONNREFUSED',
  [errors]: [
    Error: connect ECONNREFUSED ::1:6379
        at createConnectionError (node:net:1652:14)
        at afterConnectMultiple (node:net:1682:16)
        at TCPConnectWrap.callbackTrampoline (node:internal/async_hooks:130:17) {
      errno: -111,
      code: 'ECONNREFUSED',
      syscall: 'connect',
      address: '::1',
      port: 6379
    },
    Error: connect ECONNREFUSED 127.0.0.1:6379
        at createConnectionError (node:net:1652:14)
        at afterConnectMultiple (node:net:1682:16)
        at TCPConnectWrap.callbackTrampoline (node:internal/async_hooks:130:17) {
      errno: -111,
      code: 'ECONNREFUSED',
      syscall: 'connect',
      address: '127.0.0.1',
      port: 6379
    }
  ]
}
{"level":"error","message":"Redis connection error","timestamp":"2026-02-16T06:36:45.926Z","error":{"message":"","stack":"AggregateError [ECONNREFUSED]: \n    at internalConnectMultiple (node:net:1122:18)\n    at afterConnectMultiple (node:net:1689:7)\n    at TCPConnectWrap.callbackTrampoline (node:internal/async_hooks:130:17)","name":"AggregateError"}}
{"level":"warn","message":"Redis connection closed","timestamp":"2026-02-16T06:36:45.926Z","service":"RenderQueue"}
{"level":"error","message":"Redis cache error","timestamp":"2026-02-16T06:36:46.078Z","error":{"message":"","stack":"AggregateError [ECONNREFUSED]: \n    at internalConnectMultiple (node:net:1122:18)\n    at afterConnectMultiple (node:net:1689:7)\n    at TCPConnectWrap.callbackTrampoline (node:internal/async_hooks:130:17)","name":"AggregateError"}}
AggregateError [ECONNREFUSED]: 
    at internalConnectMultiple (node:net:1122:18)
    at afterConnectMultiple (node:net:1689:7)
    at TCPConnectWrap.callbackTrampoline (node:internal/async_hooks:130:17) {
  code: 'ECONNREFUSED',
  [errors]: [
    Error: connect ECONNREFUSED ::1:6379
        at createConnectionError (node:net:1652:14)
        at afterConnectMultiple (node:net:1682:16)
        at TCPConnectWrap.callbackTrampoline (node:internal/async_hooks:130:17) {
      errno: -111,
      code: 'ECONNREFUSED',
      syscall: 'connect',
      address: '::1',
      port: 6379
    },
    Error: connect ECONNREFUSED 127.0.0.1:6379
        at createConnectionError (node:net:1652:14)
        at afterConnectMultiple (node:net:1682:16)
        at TCPConnectWrap.callbackTrampoline (node:internal/async_hooks:130:17) {
      errno: -111,
      code: 'ECONNREFUSED',
      syscall: 'connect',
      address: '127.0.0.1',
      port: 6379
    }
  ]
}
AggregateError [ECONNREFUSED]: 
    at internalConnectMultiple (node:net:1122:18)
    at afterConnectMultiple (node:net:1689:7)
    at TCPConnectWrap.callbackTrampoline (node:internal/async_hooks:130:17) {
  code: 'ECONNREFUSED',
  [errors]: [
    Error: connect ECONNREFUSED ::1:6379
        at createConnectionError (node:net:1652:14)
        at afterConnectMultiple (node:net:1682:16)
        at TCPConnectWrap.callbackTrampoline (node:internal/async_hooks:130:17) {
      errno: -111,
      code: 'ECONNREFUSED',
      syscall: 'connect',
      address: '::1',
      port: 6379
    },
    Error: connect ECONNREFUSED 127.0.0.1:6379
        at createConnectionError (node:net:1652:14)
        at afterConnectMultiple (node:net:1682:16)
        at TCPConnectWrap.callbackTrampoline (node:internal/async_hooks:130:17) {
      errno: -111,
      code: 'ECONNREFUSED',
      syscall: 'connect',
      address: '127.0.0.1',
      port: 6379
    }
  ]
}
AggregateError [ECONNREFUSED]: 
    at internalConnectMultiple (node:net:1122:18)
    at afterConnectMultiple (node:net:1689:7)
    at TCPConnectWrap.callbackTrampoline (node:internal/async_hooks:130:17) {
  code: 'ECONNREFUSED',
  [errors]: [
    Error: connect ECONNREFUSED ::1:6379
        at createConnectionError (node:net:1652:14)
        at afterConnectMultiple (node:net:1682:16)
        at TCPConnectWrap.callbackTrampoline (node:internal/async_hooks:130:17) {
      errno: -111,
      code: 'ECONNREFUSED',
      syscall: 'connect',
      address: '::1',
      port: 6379
    },
    Error: connect ECONNREFUSED 127.0.0.1:6379
        at createConnectionError (node:net:1652:14)
        at afterConnectMultiple (node:net:1682:16)
        at TCPConnectWrap.callbackTrampoline (node:internal/async_hooks:130:17) {
      errno: -111,
      code: 'ECONNREFUSED',
      syscall: 'connect',
      address: '127.0.0.1',
      port: 6379
    }
  ]
}
AggregateError [ECONNREFUSED]: 
    at internalConnectMultiple (node:net:1122:18)
    at afterConnectMultiple (node:net:1689:7)
    at TCPConnectWrap.callbackTrampoline (node:internal/async_hooks:130:17) {
  code: 'ECONNREFUSED',
  [errors]: [
    Error: connect ECONNREFUSED ::1:6379
        at createConnectionError (node:net:1652:14)
        at afterConnectMultiple (node:net:1682:16)
        at TCPConnectWrap.callbackTrampoline (node:internal/async_hooks:130:17) {
      errno: -111,
      code: 'ECONNREFUSED',
      syscall: 'connect',
      address: '::1',
      port: 6379
    },
    Error: connect ECONNREFUSED 127.0.0.1:6379
        at createConnectionError (node:net:1652:14)
        at afterConnectMultiple (node:net:1682:16)
        at TCPConnectWrap.callbackTrampoline (node:internal/async_hooks:130:17) {
      errno: -111,
      code: 'ECONNREFUSED',
      syscall: 'connect',
      address: '127.0.0.1',
      port: 6379
    }
  ]
}
AggregateError [ECONNREFUSED]: 
    at internalConnectMultiple (node:net:1122:18)
    at afterConnectMultiple (node:net:1689:7)
    at TCPConnectWrap.callbackTrampoline (node:internal/async_hooks:130:17) {
  code: 'ECONNREFUSED',
  [errors]: [
    Error: connect ECONNREFUSED ::1:6379
        at createConnectionError (node:net:1652:14)
        at afterConnectMultiple (node:net:1682:16)
        at TCPConnectWrap.callbackTrampoline (node:internal/async_hooks:130:17) {
      errno: -111,
      code: 'ECONNREFUSED',
      syscall: 'connect',
      address: '::1',
      port: 6379
    },
    Error: connect ECONNREFUSED 127.0.0.1:6379
        at createConnectionError (node:net:1652:14)
        at afterConnectMultiple (node:net:1682:16)
        at TCPConnectWrap.callbackTrampoline (node:internal/async_hooks:130:17) {
      errno: -111,
      code: 'ECONNREFUSED',
      syscall: 'connect',
      address: '127.0.0.1',
      port: 6379
    }
  ]
}
{"level":"error","message":"Redis connection error","timestamp":"2026-02-16T06:36:46.730Z","error":{"message":"","stack":"AggregateError [ECONNREFUSED]: \n    at internalConnectMultiple (node:net:1122:18)\n    at afterConnectMultiple (node:net:1689:7)\n    at TCPConnectWrap.callbackTrampoline (node:internal/async_hooks:130:17)","name":"AggregateError"}}
{"level":"warn","message":"Redis connection closed","timestamp":"2026-02-16T06:36:46.730Z","service":"RenderQueue"}
{"level":"error","message":"Redis cache error","timestamp":"2026-02-16T06:36:46.934Z","error":{"message":"","stack":"AggregateError [ECONNREFUSED]: \n    at internalConnectMultiple (node:net:1122:18)\n    at afterConnectMultiple (node:net:1689:7)\n    at TCPConnectWrap.callbackTrampoline (node:internal/async_hooks:130:17)","name":"AggregateError"}}
AggregateError [ECONNREFUSED]: 
    at internalConnectMultiple (node:net:1122:18)
    at afterConnectMultiple (node:net:1689:7)
    at TCPConnectWrap.callbackTrampoline (node:internal/async_hooks:130:17) {
  code: 'ECONNREFUSED',
  [errors]: [
    Error: connect ECONNREFUSED ::1:6379
        at createConnectionError (node:net:1652:14)
        at afterConnectMultiple (node:net:1682:16)
        at TCPConnectWrap.callbackTrampoline (node:internal/async_hooks:130:17) {
      errno: -111,
      code: 'ECONNREFUSED',
      syscall: 'connect',
      address: '::1',
      port: 6379
    },
    Error: connect ECONNREFUSED 127.0.0.1:6379
        at createConnectionError (node:net:1652:14)
        at afterConnectMultiple (node:net:1682:16)
        at TCPConnectWrap.callbackTrampoline (node:internal/async_hooks:130:17) {
      errno: -111,
      code: 'ECONNREFUSED',
      syscall: 'connect',
      address: '127.0.0.1',
      port: 6379
    }
  ]
}
AggregateError [ECONNREFUSED]: 
    at internalConnectMultiple (node:net:1122:18)
    at afterConnectMultiple (node:net:1689:7)
    at TCPConnectWrap.callbackTrampoline (node:internal/async_hooks:130:17) {
  code: 'ECONNREFUSED',
  [errors]: [
    Error: connect ECONNREFUSED ::1:6379
        at createConnectionError (node:net:1652:14)
        at afterConnectMultiple (node:net:1682:16)
        at TCPConnectWrap.callbackTrampoline (node:internal/async_hooks:130:17) {
      errno: -111,
      code: 'ECONNREFUSED',
      syscall: 'connect',
      address: '::1',
      port: 6379
    },
    Error: connect ECONNREFUSED 127.0.0.1:6379
        at createConnectionError (node:net:1652:14)
        at afterConnectMultiple (node:net:1682:16)
        at TCPConnectWrap.callbackTrampoline (node:internal/async_hooks:130:17) {
      errno: -111,
      code: 'ECONNREFUSED',
      syscall: 'connect',
      address: '127.0.0.1',
      port: 6379
    }
  ]
}
AggregateError [ECONNREFUSED]: 
    at internalConnectMultiple (node:net:1122:18)
    at afterConnectMultiple (node:net:1689:7)
    at TCPConnectWrap.callbackTrampoline (node:internal/async_hooks:130:17) {
  code: 'ECONNREFUSED',
  [errors]: [
    Error: connect ECONNREFUSED ::1:6379
        at createConnectionError (node:net:1652:14)
        at afterConnectMultiple (node:net:1682:16)
        at TCPConnectWrap.callbackTrampoline (node:internal/async_hooks:130:17) {
      errno: -111,
      code: 'ECONNREFUSED',
      syscall: 'connect',
      address: '::1',
      port: 6379
    },
    Error: connect ECONNREFUSED 127.0.0.1:6379
        at createConnectionError (node:net:1652:14)
        at afterConnectMultiple (node:net:1682:16)
        at TCPConnectWrap.callbackTrampoline (node:internal/async_hooks:130:17) {
      errno: -111,
      code: 'ECONNREFUSED',
      syscall: 'connect',
      address: '127.0.0.1',
      port: 6379
    }
  ]
}
{"level":"error","message":"Redis connection error","timestamp":"2026-02-16T06:36:47.582Z","error":{"message":"","stack":"AggregateError [ECONNREFUSED]: \n    at internalConnectMultiple (node:net:1122:18)\n    at afterConnectMultiple (node:net:1689:7)\n    at TCPConnectWrap.callbackTrampoline (node:internal/async_hooks:130:17)","name":"AggregateError"}}
{"level":"warn","message":"Redis connection closed","timestamp":"2026-02-16T06:36:47.582Z","service":"RenderQueue"}
{"level":"error","message":"Redis cache error","timestamp":"2026-02-16T06:36:47.842Z","error":{"message":"","stack":"AggregateError [ECONNREFUSED]: \n    at internalConnectMultiple (node:net:1122:18)\n    at afterConnectMultiple (node:net:1689:7)\n    at TCPConnectWrap.callbackTrampoline (node:internal/async_hooks:130:17)","name":"AggregateError"}}
AggregateError [ECONNREFUSED]: 
    at internalConnectMultiple (node:net:1122:18)
    at afterConnectMultiple (node:net:1689:7)
    at TCPConnectWrap.callbackTrampoline (node:internal/async_hooks:130:17) {
  code: 'ECONNREFUSED',
  [errors]: [
    Error: connect ECONNREFUSED ::1:6379
        at createConnectionError (node:net:1652:14)
        at afterConnectMultiple (node:net:1682:16)
        at TCPConnectWrap.callbackTrampoline (node:internal/async_hooks:130:17) {
      errno: -111,
      code: 'ECONNREFUSED',
      syscall: 'connect',
      address: '::1',
      port: 6379
    },
    Error: connect ECONNREFUSED 127.0.0.1:6379
        at createConnectionError (node:net:1652:14)
        at afterConnectMultiple (node:net:1682:16)
        at TCPConnectWrap.callbackTrampoline (node:internal/async_hooks:130:17) {
      errno: -111,
      code: 'ECONNREFUSED',
      syscall: 'connect',
      address: '127.0.0.1',
      port: 6379
    }
  ]
}
AggregateError [ECONNREFUSED]: 
    at internalConnectMultiple (node:net:1122:18)
    at afterConnectMultiple (node:net:1689:7)
    at TCPConnectWrap.callbackTrampoline (node:internal/async_hooks:130:17) {
  code: 'ECONNREFUSED',
  [errors]: [
    Error: connect ECONNREFUSED ::1:6379
        at createConnectionError (node:net:1652:14)
        at afterConnectMultiple (node:net:1682:16)
        at TCPConnectWrap.callbackTrampoline (node:internal/async_hooks:130:17) {
      errno: -111,
      code: 'ECONNREFUSED',
      syscall: 'connect',
      address: '::1',
      port: 6379
    },
    Error: connect ECONNREFUSED 127.0.0.1:6379
        at createConnectionError (node:net:1652:14)
        at afterConnectMultiple (node:net:1682:16)
        at TCPConnectWrap.callbackTrampoline (node:internal/async_hooks:130:17) {
      errno: -111,
      code: 'ECONNREFUSED',
      syscall: 'connect',
      address: '127.0.0.1',
      port: 6379
    }
  ]
}
AggregateError [ECONNREFUSED]: 
    at internalConnectMultiple (node:net:1122:18)
    at afterConnectMultiple (node:net:1689:7)
    at TCPConnectWrap.callbackTrampoline (node:internal/async_hooks:130:17) {
  code: 'ECONNREFUSED',
  [errors]: [
    Error: connect ECONNREFUSED ::1:6379
        at createConnectionError (node:net:1652:14)
        at afterConnectMultiple (node:net:1682:16)
        at TCPConnectWrap.callbackTrampoline (node:internal/async_hooks:130:17) {
      errno: -111,
      code: 'ECONNREFUSED',
      syscall: 'connect',
      address: '::1',
      port: 6379
    },
    Error: connect ECONNREFUSED 127.0.0.1:6379
        at createConnectionError (node:net:1652:14)
        at afterConnectMultiple (node:net:1682:16)
        at TCPConnectWrap.callbackTrampoline (node:internal/async_hooks:130:17) {
      errno: -111,
      code: 'ECONNREFUSED',
      syscall: 'connect',
      address: '127.0.0.1',
      port: 6379
    }
  ]
}
{"level":"error","message":"Redis connection error","timestamp":"2026-02-16T06:36:48.485Z","error":{"message":"","stack":"AggregateError [ECONNREFUSED]: \n    at internalConnectMultiple (node:net:1122:18)\n    at afterConnectMultiple (node:net:1689:7)\n    at TCPConnectWrap.callbackTrampoline (node:internal/async_hooks:130:17)","name":"AggregateError"}}
{"level":"warn","message":"Redis connection closed","timestamp":"2026-02-16T06:36:48.485Z","service":"RenderQueue"}
{"level":"error","message":"Redis cache error","timestamp":"2026-02-16T06:36:48.814Z","error":{"message":"","stack":"AggregateError [ECONNREFUSED]: \n    at internalConnectMultiple (node:net:1122:18)\n    at afterConnectMultiple (node:net:1689:7)\n    at TCPConnectWrap.callbackTrampoline (node:internal/async_hooks:130:17)","name":"AggregateError"}}
   Generating static pages (0/354) ...
{"level":"error","message":"Redis connection error","timestamp":"2026-02-16T06:36:48.102Z","error":{"message":"","stack":"AggregateError [ECONNREFUSED]: \n    at internalConnectMultiple (node:net:1122:18)\n    at afterConnectMultiple (node:net:1689:7)\n    at TCPConnectWrap.callbackTrampoline (node:internal/async_hooks:130:17)","name":"AggregateError"}}
{"level":"warn","message":"Redis connection closed","timestamp":"2026-02-16T06:36:48.102Z","service":"RenderQueue"}
AggregateError [ECONNREFUSED]: 
    at internalConnectMultiple (node:net:1122:18)
    at afterConnectMultiple (node:net:1689:7)
    at TCPConnectWrap.callbackTrampoline (node:internal/async_hooks:130:17) {
  code: 'ECONNREFUSED',
  [errors]: [
    Error: connect ECONNREFUSED ::1:6379
        at createConnectionError (node:net:1652:14)
        at afterConnectMultiple (node:net:1682:16)
        at TCPConnectWrap.callbackTrampoline (node:internal/async_hooks:130:17) {
      errno: -111,
      code: 'ECONNREFUSED',
      syscall: 'connect',
      address: '::1',
      port: 6379
    },
    Error: connect ECONNREFUSED 127.0.0.1:6379
        at createConnectionError (node:net:1652:14)
        at afterConnectMultiple (node:net:1682:16)
        at TCPConnectWrap.callbackTrampoline (node:internal/async_hooks:130:17) {
      errno: -111,
      code: 'ECONNREFUSED',
      syscall: 'connect',
      address: '127.0.0.1',
      port: 6379
    }
  ]
}
AggregateError [ECONNREFUSED]: 
    at internalConnectMultiple (node:net:1122:18)
    at afterConnectMultiple (node:net:1689:7)
    at TCPConnectWrap.callbackTrampoline (node:internal/async_hooks:130:17) {
  code: 'ECONNREFUSED',
  [errors]: [
    Error: connect ECONNREFUSED ::1:6379
        at createConnectionError (node:net:1652:14)
        at afterConnectMultiple (node:net:1682:16)
        at TCPConnectWrap.callbackTrampoline (node:internal/async_hooks:130:17) {
      errno: -111,
      code: 'ECONNREFUSED',
      syscall: 'connect',
      address: '::1',
      port: 6379
    },
    Error: connect ECONNREFUSED 127.0.0.1:6379
        at createConnectionError (node:net:1652:14)
        at afterConnectMultiple (node:net:1682:16)
        at TCPConnectWrap.callbackTrampoline (node:internal/async_hooks:130:17) {
      errno: -111,
      code: 'ECONNREFUSED',
      syscall: 'connect',
      address: '127.0.0.1',
      port: 6379
    }
  ]
}
{"level":"error","message":"Redis cache error","timestamp":"2026-02-16T06:36:48.536Z","error":{"message":"","stack":"AggregateError [ECONNREFUSED]: \n    at internalConnectMultiple (node:net:1122:18)\n    at afterConnectMultiple (node:net:1689:7)\n    at TCPConnectWrap.callbackTrampoline (node:internal/async_hooks:130:17)","name":"AggregateError"}}
AggregateError [ECONNREFUSED]: 
    at internalConnectMultiple (node:net:1122:18)
    at afterConnectMultiple (node:net:1689:7)
    at TCPConnectWrap.callbackTrampoline (node:internal/async_hooks:130:17) {
  code: 'ECONNREFUSED',
  [errors]: [
    Error: connect ECONNREFUSED ::1:6379
        at createConnectionError (node:net:1652:14)
        at afterConnectMultiple (node:net:1682:16)
        at TCPConnectWrap.callbackTrampoline (node:internal/async_hooks:130:17) {
      errno: -111,
      code: 'ECONNREFUSED',
      syscall: 'connect',
      address: '::1',
      port: 6379
    },
    Error: connect ECONNREFUSED 127.0.0.1:6379
        at createConnectionError (node:net:1652:14)
        at afterConnectMultiple (node:net:1682:16)
        at TCPConnectWrap.callbackTrampoline (node:internal/async_hooks:130:17) {
      errno: -111,
      code: 'ECONNREFUSED',
      syscall: 'connect',
      address: '127.0.0.1',
      port: 6379
    }
  ]
}
AggregateError [ECONNREFUSED]: 
    at internalConnectMultiple (node:net:1122:18)
    at afterConnectMultiple (node:net:1689:7)
    at TCPConnectWrap.callbackTrampoline (node:internal/async_hooks:130:17) {
  code: 'ECONNREFUSED',
  [errors]: [
    Error: connect ECONNREFUSED ::1:6379
        at createConnectionError (node:net:1652:14)
        at afterConnectMultiple (node:net:1682:16)
        at TCPConnectWrap.callbackTrampoline (node:internal/async_hooks:130:17) {
      errno: -111,
      code: 'ECONNREFUSED',
      syscall: 'connect',
      address: '::1',
      port: 6379
    },
    Error: connect ECONNREFUSED 127.0.0.1:6379
        at createConnectionError (node:net:1652:14)
        at afterConnectMultiple (node:net:1682:16)
        at TCPConnectWrap.callbackTrampoline (node:internal/async_hooks:130:17) {
      errno: -111,
      code: 'ECONNREFUSED',
      syscall: 'connect',
      address: '127.0.0.1',
      port: 6379
    }
  ]
}
AggregateError [ECONNREFUSED]: 
    at internalConnectMultiple (node:net:1122:18)
    at afterConnectMultiple (node:net:1689:7)
    at TCPConnectWrap.callbackTrampoline (node:internal/async_hooks:130:17) {
  code: 'ECONNREFUSED',
  [errors]: [
    Error: connect ECONNREFUSED ::1:6379
        at createConnectionError (node:net:1652:14)
        at afterConnectMultiple (node:net:1682:16)
        at TCPConnectWrap.callbackTrampoline (node:internal/async_hooks:130:17) {
      errno: -111,
      code: 'ECONNREFUSED',
      syscall: 'connect',
      address: '::1',
      port: 6379
    },
    Error: connect ECONNREFUSED 127.0.0.1:6379
        at createConnectionError (node:net:1652:14)
        at afterConnectMultiple (node:net:1682:16)
        at TCPConnectWrap.callbackTrampoline (node:internal/async_hooks:130:17) {
      errno: -111,
      code: 'ECONNREFUSED',
      syscall: 'connect',
      address: '127.0.0.1',
      port: 6379
    }
  ]
}
{"level":"error","message":"Redis connection error","timestamp":"2026-02-16T06:36:49.056Z","error":{"message":"","stack":"AggregateError [ECONNREFUSED]: \n    at internalConnectMultiple (node:net:1122:18)\n    at afterConnectMultiple (node:net:1689:7)\n    at TCPConnectWrap.callbackTrampoline (node:internal/async_hooks:130:17)","name":"AggregateError"}}
{"level":"warn","message":"Redis connection closed","timestamp":"2026-02-16T06:36:49.058Z","service":"RenderQueue"}
AggregateError [ECONNREFUSED]: 
    at internalConnectMultiple (node:net:1122:18)
    at afterConnectMultiple (node:net:1689:7)
    at TCPConnectWrap.callbackTrampoline (node:internal/async_hooks:130:17) {
  code: 'ECONNREFUSED',
  [errors]: [
    Error: connect ECONNREFUSED ::1:6379
        at createConnectionError (node:net:1652:14)
        at afterConnectMultiple (node:net:1682:16)
        at TCPConnectWrap.callbackTrampoline (node:internal/async_hooks:130:17) {
      errno: -111,
      code: 'ECONNREFUSED',
      syscall: 'connect',
      address: '::1',
      port: 6379
    },
    Error: connect ECONNREFUSED 127.0.0.1:6379
        at createConnectionError (node:net:1652:14)
        at afterConnectMultiple (node:net:1682:16)
        at TCPConnectWrap.callbackTrampoline (node:internal/async_hooks:130:17) {
      errno: -111,
      code: 'ECONNREFUSED',
      syscall: 'connect',
      address: '127.0.0.1',
      port: 6379
    }
  ]
}
AggregateError [ECONNREFUSED]: 
    at internalConnectMultiple (node:net:1122:18)
    at afterConnectMultiple (node:net:1689:7)
    at TCPConnectWrap.callbackTrampoline (node:internal/async_hooks:130:17) {
  code: 'ECONNREFUSED',
  [errors]: [
    Error: connect ECONNREFUSED ::1:6379
        at createConnectionError (node:net:1652:14)
        at afterConnectMultiple (node:net:1682:16)
        at TCPConnectWrap.callbackTrampoline (node:internal/async_hooks:130:17) {
      errno: -111,
      code: 'ECONNREFUSED',
      syscall: 'connect',
      address: '::1',
      port: 6379
    },
    Error: connect ECONNREFUSED 127.0.0.1:6379
        at createConnectionError (node:net:1652:14)
        at afterConnectMultiple (node:net:1682:16)
        at TCPConnectWrap.callbackTrampoline (node:internal/async_hooks:130:17) {
      errno: -111,
      code: 'ECONNREFUSED',
      syscall: 'connect',
      address: '127.0.0.1',
      port: 6379
    }
  ]
}
AggregateError [ECONNREFUSED]: 
    at internalConnectMultiple (node:net:1122:18)
    at afterConnectMultiple (node:net:1689:7)
    at TCPConnectWrap.callbackTrampoline (node:internal/async_hooks:130:17) {
  code: 'ECONNREFUSED',
  [errors]: [
    Error: connect ECONNREFUSED ::1:6379
        at createConnectionError (node:net:1652:14)
        at afterConnectMultiple (node:net:1682:16)
        at TCPConnectWrap.callbackTrampoline (node:internal/async_hooks:130:17) {
      errno: -111,
      code: 'ECONNREFUSED',
      syscall: 'connect',
      address: '::1',
      port: 6379
    },
    Error: connect ECONNREFUSED 127.0.0.1:6379
        at createConnectionError (node:net:1652:14)
        at afterConnectMultiple (node:net:1682:16)
        at TCPConnectWrap.callbackTrampoline (node:internal/async_hooks:130:17) {
      errno: -111,
      code: 'ECONNREFUSED',
      syscall: 'connect',
      address: '127.0.0.1',
      port: 6379
    }
  ]
}
{"level":"error","message":"Redis cache error","timestamp":"2026-02-16T06:36:49.542Z","error":{"message":"","stack":"AggregateError [ECONNREFUSED]: \n    at internalConnectMultiple (node:net:1122:18)\n    at afterConnectMultiple (node:net:1689:7)\n    at TCPConnectWrap.callbackTrampoline (node:internal/async_hooks:130:17)","name":"AggregateError"}}
{"level":"error","message":"Redis connection error","timestamp":"2026-02-16T06:36:48.457Z","error":{"message":"","stack":"AggregateError [ECONNREFUSED]: \n    at internalConnectMultiple (node:net:1122:18)\n    at afterConnectMultiple (node:net:1689:7)\n    at TCPConnectWrap.callbackTrampoline (node:internal/async_hooks:130:17)","name":"AggregateError"}}
{"level":"warn","message":"Redis connection closed","timestamp":"2026-02-16T06:36:48.457Z","service":"RenderQueue"}
{"level":"error","message":"Redis cache error","timestamp":"2026-02-16T06:36:48.468Z","error":{"message":"","stack":"AggregateError [ECONNREFUSED]: \n    at internalConnectMultiple (node:net:1122:18)\n    at afterConnectMultiple (node:net:1689:7)\n    at TCPConnectWrap.callbackTrampoline (node:internal/async_hooks:130:17)","name":"AggregateError"}}
AggregateError [ECONNREFUSED]: 
    at internalConnectMultiple (node:net:1122:18)
    at afterConnectMultiple (node:net:1689:7)
    at TCPConnectWrap.callbackTrampoline (node:internal/async_hooks:130:17) {
  code: 'ECONNREFUSED',
  [errors]: [
    Error: connect ECONNREFUSED ::1:6379
        at createConnectionError (node:net:1652:14)
        at afterConnectMultiple (node:net:1682:16)
        at TCPConnectWrap.callbackTrampoline (node:internal/async_hooks:130:17) {
      errno: -111,
      code: 'ECONNREFUSED',
      syscall: 'connect',
      address: '::1',
      port: 6379
    },
    Error: connect ECONNREFUSED 127.0.0.1:6379
        at createConnectionError (node:net:1652:14)
        at afterConnectMultiple (node:net:1682:16)
        at TCPConnectWrap.callbackTrampoline (node:internal/async_hooks:130:17) {
      errno: -111,
      code: 'ECONNREFUSED',
      syscall: 'connect',
      address: '127.0.0.1',
      port: 6379
    }
  ]
}
AggregateError [ECONNREFUSED]: 
    at internalConnectMultiple (node:net:1122:18)
    at afterConnectMultiple (node:net:1689:7)
    at TCPConnectWrap.callbackTrampoline (node:internal/async_hooks:130:17) {
  code: 'ECONNREFUSED',
  [errors]: [
    Error: connect ECONNREFUSED ::1:6379
        at createConnectionError (node:net:1652:14)
        at afterConnectMultiple (node:net:1682:16)
        at TCPConnectWrap.callbackTrampoline (node:internal/async_hooks:130:17) {
      errno: -111,
      code: 'ECONNREFUSED',
      syscall: 'connect',
      address: '::1',
      port: 6379
    },
    Error: connect ECONNREFUSED 127.0.0.1:6379
        at createConnectionError (node:net:1652:14)
        at afterConnectMultiple (node:net:1682:16)
        at TCPConnectWrap.callbackTrampoline (node:internal/async_hooks:130:17) {
      errno: -111,
      code: 'ECONNREFUSED',
      syscall: 'connect',
      address: '127.0.0.1',
      port: 6379
    }
  ]
}
AggregateError [ECONNREFUSED]: 
    at internalConnectMultiple (node:net:1122:18)
    at afterConnectMultiple (node:net:1689:7)
    at TCPConnectWrap.callbackTrampoline (node:internal/async_hooks:130:17) {
  code: 'ECONNREFUSED',
  [errors]: [
    Error: connect ECONNREFUSED ::1:6379
        at createConnectionError (node:net:1652:14)
        at afterConnectMultiple (node:net:1682:16)
        at TCPConnectWrap.callbackTrampoline (node:internal/async_hooks:130:17) {
      errno: -111,
      code: 'ECONNREFUSED',
      syscall: 'connect',
      address: '::1',
      port: 6379
    },
    Error: connect ECONNREFUSED 127.0.0.1:6379
        at createConnectionError (node:net:1652:14)
        at afterConnectMultiple (node:net:1682:16)
        at TCPConnectWrap.callbackTrampoline (node:internal/async_hooks:130:17) {
      errno: -111,
      code: 'ECONNREFUSED',
      syscall: 'connect',
      address: '127.0.0.1',
      port: 6379
    }
  ]
}
AggregateError [ECONNREFUSED]: 
    at internalConnectMultiple (node:net:1122:18)
    at afterConnectMultiple (node:net:1689:7)
    at TCPConnectWrap.callbackTrampoline (node:internal/async_hooks:130:17) {
  code: 'ECONNREFUSED',
  [errors]: [
    Error: connect ECONNREFUSED ::1:6379
        at createConnectionError (node:net:1652:14)
        at afterConnectMultiple (node:net:1682:16)
        at TCPConnectWrap.callbackTrampoline (node:internal/async_hooks:130:17) {
      errno: -111,
      code: 'ECONNREFUSED',
      syscall: 'connect',
      address: '::1',
      port: 6379
    },
    Error: connect ECONNREFUSED 127.0.0.1:6379
        at createConnectionError (node:net:1652:14)
        at afterConnectMultiple (node:net:1682:16)
        at TCPConnectWrap.callbackTrampoline (node:internal/async_hooks:130:17) {
      errno: -111,
      code: 'ECONNREFUSED',
      syscall: 'connect',
      address: '127.0.0.1',
      port: 6379
    }
  ]
}
{"level":"error","message":"Redis connection error","timestamp":"2026-02-16T06:36:49.410Z","error":{"message":"","stack":"AggregateError [ECONNREFUSED]: \n    at internalConnectMultiple (node:net:1122:18)\n    at afterConnectMultiple (node:net:1689:7)\n    at TCPConnectWrap.callbackTrampoline (node:internal/async_hooks:130:17)","name":"AggregateError"}}
{"level":"warn","message":"Redis connection closed","timestamp":"2026-02-16T06:36:49.411Z","service":"RenderQueue"}
{"level":"error","message":"Redis cache error","timestamp":"2026-02-16T06:36:49.446Z","error":{"message":"","stack":"AggregateError [ECONNREFUSED]: \n    at internalConnectMultiple (node:net:1122:18)\n    at afterConnectMultiple (node:net:1689:7)\n    at TCPConnectWrap.callbackTrampoline (node:internal/async_hooks:130:17)","name":"AggregateError"}}
AggregateError [ECONNREFUSED]: 
    at internalConnectMultiple (node:net:1122:18)
    at afterConnectMultiple (node:net:1689:7)
    at TCPConnectWrap.callbackTrampoline (node:internal/async_hooks:130:17) {
  code: 'ECONNREFUSED',
  [errors]: [
    Error: connect ECONNREFUSED ::1:6379
        at createConnectionError (node:net:1652:14)
        at afterConnectMultiple (node:net:1682:16)
        at TCPConnectWrap.callbackTrampoline (node:internal/async_hooks:130:17) {
      errno: -111,
      code: 'ECONNREFUSED',
      syscall: 'connect',
      address: '::1',
      port: 6379
    },
    Error: connect ECONNREFUSED 127.0.0.1:6379
        at createConnectionError (node:net:1652:14)
        at afterConnectMultiple (node:net:1682:16)
        at TCPConnectWrap.callbackTrampoline (node:internal/async_hooks:130:17) {
      errno: -111,
      code: 'ECONNREFUSED',
      syscall: 'connect',
      address: '127.0.0.1',
      port: 6379
    }
  ]
}
AggregateError [ECONNREFUSED]: 
    at internalConnectMultiple (node:net:1122:18)
    at afterConnectMultiple (node:net:1689:7)
    at TCPConnectWrap.callbackTrampoline (node:internal/async_hooks:130:17) {
  code: 'ECONNREFUSED',
  [errors]: [
    Error: connect ECONNREFUSED ::1:6379
        at createConnectionError (node:net:1652:14)
        at afterConnectMultiple (node:net:1682:16)
        at TCPConnectWrap.callbackTrampoline (node:internal/async_hooks:130:17) {
      errno: -111,
      code: 'ECONNREFUSED',
      syscall: 'connect',
      address: '::1',
      port: 6379
    },
    Error: connect ECONNREFUSED 127.0.0.1:6379
        at createConnectionError (node:net:1652:14)
        at afterConnectMultiple (node:net:1682:16)
        at TCPConnectWrap.callbackTrampoline (node:internal/async_hooks:130:17) {
      errno: -111,
      code: 'ECONNREFUSED',
      syscall: 'connect',
      address: '127.0.0.1',
      port: 6379
    }
  ]
}
AggregateError [ECONNREFUSED]: 
    at internalConnectMultiple (node:net:1122:18)
    at afterConnectMultiple (node:net:1689:7)
    at TCPConnectWrap.callbackTrampoline (node:internal/async_hooks:130:17) {
  code: 'ECONNREFUSED',
  [errors]: [
    Error: connect ECONNREFUSED ::1:6379
        at createConnectionError (node:net:1652:14)
        at afterConnectMultiple (node:net:1682:16)
        at TCPConnectWrap.callbackTrampoline (node:internal/async_hooks:130:17) {
      errno: -111,
      code: 'ECONNREFUSED',
      syscall: 'connect',
      address: '::1',
      port: 6379
    },
    Error: connect ECONNREFUSED 127.0.0.1:6379
        at createConnectionError (node:net:1652:14)
        at afterConnectMultiple (node:net:1682:16)
        at TCPConnectWrap.callbackTrampoline (node:internal/async_hooks:130:17) {
      errno: -111,
      code: 'ECONNREFUSED',
      syscall: 'connect',
      address: '127.0.0.1',
      port: 6379
    }
  ]
}
AggregateError [ECONNREFUSED]: 
    at internalConnectMultiple (node:net:1122:18)
    at afterConnectMultiple (node:net:1689:7)
    at TCPConnectWrap.callbackTrampoline (node:internal/async_hooks:130:17) {
  code: 'ECONNREFUSED',
  [errors]: [
    Error: connect ECONNREFUSED ::1:6379
        at createConnectionError (node:net:1652:14)
        at afterConnectMultiple (node:net:1682:16)
        at TCPConnectWrap.callbackTrampoline (node:internal/async_hooks:130:17) {
      errno: -111,
      code: 'ECONNREFUSED',
      syscall: 'connect',
      address: '::1',
      port: 6379
    },
    Error: connect ECONNREFUSED 127.0.0.1:6379
        at createConnectionError (node:net:1652:14)
        at afterConnectMultiple (node:net:1682:16)
        at TCPConnectWrap.callbackTrampoline (node:internal/async_hooks:130:17) {
      errno: -111,
      code: 'ECONNREFUSED',
      syscall: 'connect',
      address: '127.0.0.1',
      port: 6379
    }
  ]
}
AggregateError [ECONNREFUSED]: 
    at internalConnectMultiple (node:net:1122:18)
    at afterConnectMultiple (node:net:1689:7)
    at TCPConnectWrap.callbackTrampoline (node:internal/async_hooks:130:17) {
  code: 'ECONNREFUSED',
  [errors]: [
    Error: connect ECONNREFUSED ::1:6379
        at createConnectionError (node:net:1652:14)
        at afterConnectMultiple (node:net:1682:16)
        at TCPConnectWrap.callbackTrampoline (node:internal/async_hooks:130:17) {
      errno: -111,
      code: 'ECONNREFUSED',
      syscall: 'connect',
      address: '::1',
      port: 6379
    },
    Error: connect ECONNREFUSED 127.0.0.1:6379
        at createConnectionError (node:net:1652:14)
        at afterConnectMultiple (node:net:1682:16)
        at TCPConnectWrap.callbackTrampoline (node:internal/async_hooks:130:17) {
      errno: -111,
      code: 'ECONNREFUSED',
      syscall: 'connect',
      address: '127.0.0.1',
      port: 6379
    }
  ]
}
AggregateError [ECONNREFUSED]: 
    at internalConnectMultiple (node:net:1122:18)
    at afterConnectMultiple (node:net:1689:7)
    at TCPConnectWrap.callbackTrampoline (node:internal/async_hooks:130:17) {
  code: 'ECONNREFUSED',
  [errors]: [
    Error: connect ECONNREFUSED ::1:6379
        at createConnectionError (node:net:1652:14)
        at afterConnectMultiple (node:net:1682:16)
        at TCPConnectWrap.callbackTrampoline (node:internal/async_hooks:130:17) {
      errno: -111,
      code: 'ECONNREFUSED',
      syscall: 'connect',
      address: '::1',
      port: 6379
    },
    Error: connect ECONNREFUSED 127.0.0.1:6379
        at createConnectionError (node:net:1652:14)
        at afterConnectMultiple (node:net:1682:16)
        at TCPConnectWrap.callbackTrampoline (node:internal/async_hooks:130:17) {
      errno: -111,
      code: 'ECONNREFUSED',
      syscall: 'connect',
      address: '127.0.0.1',
      port: 6379
    }
  ]
}
AggregateError [ECONNREFUSED]: 
    at internalConnectMultiple (node:net:1122:18)
    at afterConnectMultiple (node:net:1689:7)
    at TCPConnectWrap.callbackTrampoline (node:internal/async_hooks:130:17) {
  code: 'ECONNREFUSED',
  [errors]: [
    Error: connect ECONNREFUSED ::1:6379
        at createConnectionError (node:net:1652:14)
        at afterConnectMultiple (node:net:1682:16)
        at TCPConnectWrap.callbackTrampoline (node:internal/async_hooks:130:17) {
      errno: -111,
      code: 'ECONNREFUSED',
      syscall: 'connect',
      address: '::1',
      port: 6379
    },
    Error: connect ECONNREFUSED 127.0.0.1:6379
        at createConnectionError (node:net:1652:14)
        at afterConnectMultiple (node:net:1682:16)
        at TCPConnectWrap.callbackTrampoline (node:internal/async_hooks:130:17) {
      errno: -111,
      code: 'ECONNREFUSED',
      syscall: 'connect',
      address: '127.0.0.1',
      port: 6379
    }
  ]
}
{"level":"error","message":"Redis connection error","timestamp":"2026-02-16T06:36:49.459Z","error":{"message":"","stack":"AggregateError [ECONNREFUSED]: \n    at internalConnectMultiple (node:net:1122:18)\n    at afterConnectMultiple (node:net:1689:7)\n    at TCPConnectWrap.callbackTrampoline (node:internal/async_hooks:130:17)","name":"AggregateError"}}
{"level":"warn","message":"Redis connection closed","timestamp":"2026-02-16T06:36:49.459Z","service":"RenderQueue"}
{"level":"error","message":"Redis cache error","timestamp":"2026-02-16T06:36:49.854Z","error":{"message":"","stack":"AggregateError [ECONNREFUSED]: \n    at internalConnectMultiple (node:net:1122:18)\n    at afterConnectMultiple (node:net:1689:7)\n    at TCPConnectWrap.callbackTrampoline (node:internal/async_hooks:130:17)","name":"AggregateError"}}
AggregateError [ECONNREFUSED]: 
    at internalConnectMultiple (node:net:1122:18)
    at afterConnectMultiple (node:net:1689:7)
    at TCPConnectWrap.callbackTrampoline (node:internal/async_hooks:130:17) {
  code: 'ECONNREFUSED',
  [errors]: [
    Error: connect ECONNREFUSED ::1:6379
        at createConnectionError (node:net:1652:14)
        at afterConnectMultiple (node:net:1682:16)
        at TCPConnectWrap.callbackTrampoline (node:internal/async_hooks:130:17) {
      errno: -111,
      code: 'ECONNREFUSED',
      syscall: 'connect',
      address: '::1',
      port: 6379
    },
    Error: connect ECONNREFUSED 127.0.0.1:6379
        at createConnectionError (node:net:1652:14)
        at afterConnectMultiple (node:net:1682:16)
        at TCPConnectWrap.callbackTrampoline (node:internal/async_hooks:130:17) {
      errno: -111,
      code: 'ECONNREFUSED',
      syscall: 'connect',
      address: '127.0.0.1',
      port: 6379
    }
  ]
}
AggregateError [ECONNREFUSED]: 
    at internalConnectMultiple (node:net:1122:18)
    at afterConnectMultiple (node:net:1689:7)
    at TCPConnectWrap.callbackTrampoline (node:internal/async_hooks:130:17) {
  code: 'ECONNREFUSED',
  [errors]: [
    Error: connect ECONNREFUSED ::1:6379
        at createConnectionError (node:net:1652:14)
        at afterConnectMultiple (node:net:1682:16)
        at TCPConnectWrap.callbackTrampoline (node:internal/async_hooks:130:17) {
      errno: -111,
      code: 'ECONNREFUSED',
      syscall: 'connect',
      address: '::1',
      port: 6379
    },
    Error: connect ECONNREFUSED 127.0.0.1:6379
        at createConnectionError (node:net:1652:14)
        at afterConnectMultiple (node:net:1682:16)
        at TCPConnectWrap.callbackTrampoline (node:internal/async_hooks:130:17) {
      errno: -111,
      code: 'ECONNREFUSED',
      syscall: 'connect',
      address: '127.0.0.1',
      port: 6379
    }
  ]
}
AggregateError [ECONNREFUSED]: 
    at internalConnectMultiple (node:net:1122:18)
    at afterConnectMultiple (node:net:1689:7)
    at TCPConnectWrap.callbackTrampoline (node:internal/async_hooks:130:17) {
  code: 'ECONNREFUSED',
  [errors]: [
    Error: connect ECONNREFUSED ::1:6379
        at createConnectionError (node:net:1652:14)
        at afterConnectMultiple (node:net:1682:16)
        at TCPConnectWrap.callbackTrampoline (node:internal/async_hooks:130:17) {
      errno: -111,
      code: 'ECONNREFUSED',
      syscall: 'connect',
      address: '::1',
      port: 6379
    },
    Error: connect ECONNREFUSED 127.0.0.1:6379
        at createConnectionError (node:net:1652:14)
        at afterConnectMultiple (node:net:1682:16)
        at TCPConnectWrap.callbackTrampoline (node:internal/async_hooks:130:17) {
      errno: -111,
      code: 'ECONNREFUSED',
      syscall: 'connect',
      address: '127.0.0.1',
      port: 6379
    }
  ]
}
{"level":"error","message":"Redis connection error","timestamp":"2026-02-16T06:36:50.463Z","error":{"message":"","stack":"AggregateError [ECONNREFUSED]: \n    at internalConnectMultiple (node:net:1122:18)\n    at afterConnectMultiple (node:net:1689:7)\n    at TCPConnectWrap.callbackTrampoline (node:internal/async_hooks:130:17)","name":"AggregateError"}}
{"level":"warn","message":"Redis connection closed","timestamp":"2026-02-16T06:36:50.463Z","service":"RenderQueue"}
{"level":"error","message":"Redis cache error","timestamp":"2026-02-16T06:36:50.906Z","error":{"message":"","stack":"AggregateError [ECONNREFUSED]: \n    at internalConnectMultiple (node:net:1122:18)\n    at afterConnectMultiple (node:net:1689:7)\n    at TCPConnectWrap.callbackTrampoline (node:internal/async_hooks:130:17)","name":"AggregateError"}}
AggregateError [ECONNREFUSED]: 
    at internalConnectMultiple (node:net:1122:18)
    at afterConnectMultiple (node:net:1689:7)
    at TCPConnectWrap.callbackTrampoline (node:internal/async_hooks:130:17) {
  code: 'ECONNREFUSED',
  [errors]: [
    Error: connect ECONNREFUSED ::1:6379
        at createConnectionError (node:net:1652:14)
        at afterConnectMultiple (node:net:1682:16)
        at TCPConnectWrap.callbackTrampoline (node:internal/async_hooks:130:17) {
      errno: -111,
      code: 'ECONNREFUSED',
      syscall: 'connect',
      address: '::1',
      port: 6379
    },
    Error: connect ECONNREFUSED 127.0.0.1:6379
        at createConnectionError (node:net:1652:14)
        at afterConnectMultiple (node:net:1682:16)
        at TCPConnectWrap.callbackTrampoline (node:internal/async_hooks:130:17) {
      errno: -111,
      code: 'ECONNREFUSED',
      syscall: 'connect',
      address: '127.0.0.1',
      port: 6379
    }
  ]
}
AggregateError [ECONNREFUSED]: 
    at internalConnectMultiple (node:net:1122:18)
    at afterConnectMultiple (node:net:1689:7)
    at TCPConnectWrap.callbackTrampoline (node:internal/async_hooks:130:17) {
  code: 'ECONNREFUSED',
  [errors]: [
    Error: connect ECONNREFUSED ::1:6379
        at createConnectionError (node:net:1652:14)
        at afterConnectMultiple (node:net:1682:16)
        at TCPConnectWrap.callbackTrampoline (node:internal/async_hooks:130:17) {
      errno: -111,
      code: 'ECONNREFUSED',
      syscall: 'connect',
      address: '::1',
      port: 6379
    },
    Error: connect ECONNREFUSED 127.0.0.1:6379
        at createConnectionError (node:net:1652:14)
        at afterConnectMultiple (node:net:1682:16)
        at TCPConnectWrap.callbackTrampoline (node:internal/async_hooks:130:17) {
      errno: -111,
      code: 'ECONNREFUSED',
      syscall: 'connect',
      address: '127.0.0.1',
      port: 6379
    }
  ]
}
AggregateError [ECONNREFUSED]: 
    at internalConnectMultiple (node:net:1122:18)
    at afterConnectMultiple (node:net:1689:7)
    at TCPConnectWrap.callbackTrampoline (node:internal/async_hooks:130:17) {
  code: 'ECONNREFUSED',
  [errors]: [
    Error: connect ECONNREFUSED ::1:6379
        at createConnectionError (node:net:1652:14)
        at afterConnectMultiple (node:net:1682:16)
        at TCPConnectWrap.callbackTrampoline (node:internal/async_hooks:130:17) {
      errno: -111,
      code: 'ECONNREFUSED',
      syscall: 'connect',
      address: '::1',
      port: 6379
    },
    Error: connect ECONNREFUSED 127.0.0.1:6379
        at createConnectionError (node:net:1652:14)
        at afterConnectMultiple (node:net:1682:16)
        at TCPConnectWrap.callbackTrampoline (node:internal/async_hooks:130:17) {
      errno: -111,
      code: 'ECONNREFUSED',
      syscall: 'connect',
      address: '127.0.0.1',
      port: 6379
    }
  ]
}
{"level":"error","message":"Redis connection error","timestamp":"2026-02-16T06:36:51.514Z","error":{"message":"","stack":"AggregateError [ECONNREFUSED]: \n    at internalConnectMultiple (node:net:1122:18)\n    at afterConnectMultiple (node:net:1689:7)\n    at TCPConnectWrap.callbackTrampoline (node:internal/async_hooks:130:17)","name":"AggregateError"}}
{"level":"warn","message":"Redis connection closed","timestamp":"2026-02-16T06:36:51.523Z","service":"RenderQueue"}
{"level":"error","message":"Redis cache error","timestamp":"2026-02-16T06:36:52.009Z","error":{"message":"","stack":"AggregateError [ECONNREFUSED]: \n    at internalConnectMultiple (node:net:1122:18)\n    at afterConnectMultiple (node:net:1689:7)\n    at TCPConnectWrap.callbackTrampoline (node:internal/async_hooks:130:17)","name":"AggregateError"}}
{"level":"error","message":"Redis connection error","timestamp":"2026-02-16T06:36:50.063Z","error":{"message":"","stack":"AggregateError [ECONNREFUSED]: \n    at internalConnectMultiple (node:net:1122:18)\n    at afterConnectMultiple (node:net:1689:7)\n    at TCPConnectWrap.callbackTrampoline (node:internal/async_hooks:130:17)","name":"AggregateError"}}
{"level":"warn","message":"Redis connection closed","timestamp":"2026-02-16T06:36:50.063Z","service":"RenderQueue"}
AggregateError [ECONNREFUSED]: 
    at internalConnectMultiple (node:net:1122:18)
    at afterConnectMultiple (node:net:1689:7)
    at TCPConnectWrap.callbackTrampoline (node:internal/async_hooks:130:17) {
  code: 'ECONNREFUSED',
  [errors]: [
    Error: connect ECONNREFUSED ::1:6379
        at createConnectionError (node:net:1652:14)
        at afterConnectMultiple (node:net:1682:16)
        at TCPConnectWrap.callbackTrampoline (node:internal/async_hooks:130:17) {
      errno: -111,
      code: 'ECONNREFUSED',
      syscall: 'connect',
      address: '::1',
      port: 6379
    },
    Error: connect ECONNREFUSED 127.0.0.1:6379
        at createConnectionError (node:net:1652:14)
        at afterConnectMultiple (node:net:1682:16)
        at TCPConnectWrap.callbackTrampoline (node:internal/async_hooks:130:17) {
      errno: -111,
      code: 'ECONNREFUSED',
      syscall: 'connect',
      address: '127.0.0.1',
      port: 6379
    }
  ]
}
AggregateError [ECONNREFUSED]: 
    at internalConnectMultiple (node:net:1122:18)
    at afterConnectMultiple (node:net:1689:7)
    at TCPConnectWrap.callbackTrampoline (node:internal/async_hooks:130:17) {
  code: 'ECONNREFUSED',
  [errors]: [
    Error: connect ECONNREFUSED ::1:6379
        at createConnectionError (node:net:1652:14)
        at afterConnectMultiple (node:net:1682:16)
        at TCPConnectWrap.callbackTrampoline (node:internal/async_hooks:130:17) {
      errno: -111,
      code: 'ECONNREFUSED',
      syscall: 'connect',
      address: '::1',
      port: 6379
    },
    Error: connect ECONNREFUSED 127.0.0.1:6379
        at createConnectionError (node:net:1652:14)
        at afterConnectMultiple (node:net:1682:16)
        at TCPConnectWrap.callbackTrampoline (node:internal/async_hooks:130:17) {
      errno: -111,
      code: 'ECONNREFUSED',
      syscall: 'connect',
      address: '127.0.0.1',
      port: 6379
    }
  ]
}
{"level":"error","message":"Redis cache error","timestamp":"2026-02-16T06:36:50.596Z","error":{"message":"","stack":"AggregateError [ECONNREFUSED]: \n    at internalConnectMultiple (node:net:1122:18)\n    at afterConnectMultiple (node:net:1689:7)\n    at TCPConnectWrap.callbackTrampoline (node:internal/async_hooks:130:17)","name":"AggregateError"}}
AggregateError [ECONNREFUSED]: 
    at internalConnectMultiple (node:net:1122:18)
    at afterConnectMultiple (node:net:1689:7)
    at TCPConnectWrap.callbackTrampoline (node:internal/async_hooks:130:17) {
  code: 'ECONNREFUSED',
  [errors]: [
    Error: connect ECONNREFUSED ::1:6379
        at createConnectionError (node:net:1652:14)
        at afterConnectMultiple (node:net:1682:16)
        at TCPConnectWrap.callbackTrampoline (node:internal/async_hooks:130:17) {
      errno: -111,
      code: 'ECONNREFUSED',
      syscall: 'connect',
      address: '::1',
      port: 6379
    },
    Error: connect ECONNREFUSED 127.0.0.1:6379
        at createConnectionError (node:net:1652:14)
        at afterConnectMultiple (node:net:1682:16)
        at TCPConnectWrap.callbackTrampoline (node:internal/async_hooks:130:17) {
      errno: -111,
      code: 'ECONNREFUSED',
      syscall: 'connect',
      address: '127.0.0.1',
      port: 6379
    }
  ]
}
{"level":"error","message":"Redis connection error","timestamp":"2026-02-16T06:36:51.128Z","error":{"message":"","stack":"AggregateError [ECONNREFUSED]: \n    at internalConnectMultiple (node:net:1122:18)\n    at afterConnectMultiple (node:net:1689:7)\n    at TCPConnectWrap.callbackTrampoline (node:internal/async_hooks:130:17)","name":"AggregateError"}}
{"level":"warn","message":"Redis connection closed","timestamp":"2026-02-16T06:36:51.128Z","service":"RenderQueue"}
AggregateError [ECONNREFUSED]: 
    at internalConnectMultiple (node:net:1122:18)
    at afterConnectMultiple (node:net:1689:7)
    at TCPConnectWrap.callbackTrampoline (node:internal/async_hooks:130:17) {
  code: 'ECONNREFUSED',
  [errors]: [
    Error: connect ECONNREFUSED ::1:6379
        at createConnectionError (node:net:1652:14)
        at afterConnectMultiple (node:net:1682:16)
        at TCPConnectWrap.callbackTrampoline (node:internal/async_hooks:130:17) {
      errno: -111,
      code: 'ECONNREFUSED',
      syscall: 'connect',
      address: '::1',
      port: 6379
    },
    Error: connect ECONNREFUSED 127.0.0.1:6379
        at createConnectionError (node:net:1652:14)
        at afterConnectMultiple (node:net:1682:16)
        at TCPConnectWrap.callbackTrampoline (node:internal/async_hooks:130:17) {
      errno: -111,
      code: 'ECONNREFUSED',
      syscall: 'connect',
      address: '127.0.0.1',
      port: 6379
    }
  ]
}
AggregateError [ECONNREFUSED]: 
    at internalConnectMultiple (node:net:1122:18)
    at afterConnectMultiple (node:net:1689:7)
    at TCPConnectWrap.callbackTrampoline (node:internal/async_hooks:130:17) {
  code: 'ECONNREFUSED',
  [errors]: [
    Error: connect ECONNREFUSED ::1:6379
        at createConnectionError (node:net:1652:14)
        at afterConnectMultiple (node:net:1682:16)
        at TCPConnectWrap.callbackTrampoline (node:internal/async_hooks:130:17) {
      errno: -111,
      code: 'ECONNREFUSED',
      syscall: 'connect',
      address: '::1',
      port: 6379
    },
    Error: connect ECONNREFUSED 127.0.0.1:6379
        at createConnectionError (node:net:1652:14)
        at afterConnectMultiple (node:net:1682:16)
        at TCPConnectWrap.callbackTrampoline (node:internal/async_hooks:130:17) {
      errno: -111,
      code: 'ECONNREFUSED',
      syscall: 'connect',
      address: '127.0.0.1',
      port: 6379
    }
  ]
}
{"level":"error","message":"Redis cache error","timestamp":"2026-02-16T06:36:51.702Z","error":{"message":"","stack":"AggregateError [ECONNREFUSED]: \n    at internalConnectMultiple (node:net:1122:18)\n    at afterConnectMultiple (node:net:1689:7)\n    at TCPConnectWrap.callbackTrampoline (node:internal/async_hooks:130:17)","name":"AggregateError"}}
AggregateError [ECONNREFUSED]: 
    at internalConnectMultiple (node:net:1122:18)
    at afterConnectMultiple (node:net:1689:7)
    at TCPConnectWrap.callbackTrampoline (node:internal/async_hooks:130:17) {
  code: 'ECONNREFUSED',
  [errors]: [
    Error: connect ECONNREFUSED ::1:6379
        at createConnectionError (node:net:1652:14)
        at afterConnectMultiple (node:net:1682:16)
        at TCPConnectWrap.callbackTrampoline (node:internal/async_hooks:130:17) {
      errno: -111,
      code: 'ECONNREFUSED',
      syscall: 'connect',
      address: '::1',
      port: 6379
    },
    Error: connect ECONNREFUSED 127.0.0.1:6379
        at createConnectionError (node:net:1652:14)
        at afterConnectMultiple (node:net:1682:16)
        at TCPConnectWrap.callbackTrampoline (node:internal/async_hooks:130:17) {
      errno: -111,
      code: 'ECONNREFUSED',
      syscall: 'connect',
      address: '127.0.0.1',
      port: 6379
    }
  ]
}
{"level":"error","message":"Redis connection error","timestamp":"2026-02-16T06:36:52.230Z","error":{"message":"","stack":"AggregateError [ECONNREFUSED]: \n    at internalConnectMultiple (node:net:1122:18)\n    at afterConnectMultiple (node:net:1689:7)\n    at TCPConnectWrap.callbackTrampoline (node:internal/async_hooks:130:17)","name":"AggregateError"}}
{"level":"warn","message":"Redis connection closed","timestamp":"2026-02-16T06:36:52.230Z","service":"RenderQueue"}
AggregateError [ECONNREFUSED]: 
    at internalConnectMultiple (node:net:1122:18)
    at afterConnectMultiple (node:net:1689:7)
    at TCPConnectWrap.callbackTrampoline (node:internal/async_hooks:130:17) {
  code: 'ECONNREFUSED',
  [errors]: [
    Error: connect ECONNREFUSED ::1:6379
        at createConnectionError (node:net:1652:14)
        at afterConnectMultiple (node:net:1682:16)
        at TCPConnectWrap.callbackTrampoline (node:internal/async_hooks:130:17) {
      errno: -111,
      code: 'ECONNREFUSED',
      syscall: 'connect',
      address: '::1',
      port: 6379
    },
    Error: connect ECONNREFUSED 127.0.0.1:6379
        at createConnectionError (node:net:1652:14)
        at afterConnectMultiple (node:net:1682:16)
        at TCPConnectWrap.callbackTrampoline (node:internal/async_hooks:130:17) {
      errno: -111,
      code: 'ECONNREFUSED',
      syscall: 'connect',
      address: '127.0.0.1',
      port: 6379
    }
  ]
}
{"level":"error","message":"Redis connection error","timestamp":"2026-02-16T06:36:50.415Z","error":{"message":"","stack":"AggregateError [ECONNREFUSED]: \n    at internalConnectMultiple (node:net:1122:18)\n    at afterConnectMultiple (node:net:1689:7)\n    at TCPConnectWrap.callbackTrampoline (node:internal/async_hooks:130:17)","name":"AggregateError"}}
{"level":"warn","message":"Redis connection closed","timestamp":"2026-02-16T06:36:50.415Z","service":"RenderQueue"}
AggregateError [ECONNREFUSED]: 
    at internalConnectMultiple (node:net:1122:18)
    at afterConnectMultiple (node:net:1689:7)
    at TCPConnectWrap.callbackTrampoline (node:internal/async_hooks:130:17) {
  code: 'ECONNREFUSED',
  [errors]: [
    Error: connect ECONNREFUSED ::1:6379
        at createConnectionError (node:net:1652:14)
        at afterConnectMultiple (node:net:1682:16)
        at TCPConnectWrap.callbackTrampoline (node:internal/async_hooks:130:17) {
      errno: -111,
      code: 'ECONNREFUSED',
      syscall: 'connect',
      address: '::1',
      port: 6379
    },
    Error: connect ECONNREFUSED 127.0.0.1:6379
        at createConnectionError (node:net:1652:14)
        at afterConnectMultiple (node:net:1682:16)
        at TCPConnectWrap.callbackTrampoline (node:internal/async_hooks:130:17) {
      errno: -111,
      code: 'ECONNREFUSED',
      syscall: 'connect',
      address: '127.0.0.1',
      port: 6379
    }
  ]
}
AggregateError [ECONNREFUSED]: 
    at internalConnectMultiple (node:net:1122:18)
    at afterConnectMultiple (node:net:1689:7)
    at TCPConnectWrap.callbackTrampoline (node:internal/async_hooks:130:17) {
  code: 'ECONNREFUSED',
  [errors]: [
    Error: connect ECONNREFUSED ::1:6379
        at createConnectionError (node:net:1652:14)
        at afterConnectMultiple (node:net:1682:16)
        at TCPConnectWrap.callbackTrampoline (node:internal/async_hooks:130:17) {
      errno: -111,
      code: 'ECONNREFUSED',
      syscall: 'connect',
      address: '::1',
      port: 6379
    },
    Error: connect ECONNREFUSED 127.0.0.1:6379
        at createConnectionError (node:net:1652:14)
        at afterConnectMultiple (node:net:1682:16)
        at TCPConnectWrap.callbackTrampoline (node:internal/async_hooks:130:17) {
      errno: -111,
      code: 'ECONNREFUSED',
      syscall: 'connect',
      address: '127.0.0.1',
      port: 6379
    }
  ]
}
{"level":"error","message":"Redis cache error","timestamp":"2026-02-16T06:36:50.494Z","error":{"message":"","stack":"AggregateError [ECONNREFUSED]: \n    at internalConnectMultiple (node:net:1122:18)\n    at afterConnectMultiple (node:net:1689:7)\n    at TCPConnectWrap.callbackTrampoline (node:internal/async_hooks:130:17)","name":"AggregateError"}}
{"level":"error","message":"Redis connection error","timestamp":"2026-02-16T06:36:51.472Z","error":{"message":"","stack":"AggregateError [ECONNREFUSED]: \n    at internalConnectMultiple (node:net:1122:18)\n    at afterConnectMultiple (node:net:1689:7)\n    at TCPConnectWrap.callbackTrampoline (node:internal/async_hooks:130:17)","name":"AggregateError"}}
{"level":"warn","message":"Redis connection closed","timestamp":"2026-02-16T06:36:51.472Z","service":"RenderQueue"}
AggregateError [ECONNREFUSED]: 
    at internalConnectMultiple (node:net:1122:18)
    at afterConnectMultiple (node:net:1689:7)
    at TCPConnectWrap.callbackTrampoline (node:internal/async_hooks:130:17) {
  code: 'ECONNREFUSED',
  [errors]: [
    Error: connect ECONNREFUSED ::1:6379
        at createConnectionError (node:net:1652:14)
        at afterConnectMultiple (node:net:1682:16)
        at TCPConnectWrap.callbackTrampoline (node:internal/async_hooks:130:17) {
      errno: -111,
      code: 'ECONNREFUSED',
      syscall: 'connect',
      address: '::1',
      port: 6379
    },
    Error: connect ECONNREFUSED 127.0.0.1:6379
        at createConnectionError (node:net:1652:14)
        at afterConnectMultiple (node:net:1682:16)
        at TCPConnectWrap.callbackTrampoline (node:internal/async_hooks:130:17) {
      errno: -111,
      code: 'ECONNREFUSED',
      syscall: 'connect',
      address: '127.0.0.1',
      port: 6379
    }
  ]
}
AggregateError [ECONNREFUSED]: 
    at internalConnectMultiple (node:net:1122:18)
    at afterConnectMultiple (node:net:1689:7)
    at TCPConnectWrap.callbackTrampoline (node:internal/async_hooks:130:17) {
  code: 'ECONNREFUSED',
  [errors]: [
    Error: connect ECONNREFUSED ::1:6379
        at createConnectionError (node:net:1652:14)
        at afterConnectMultiple (node:net:1682:16)
        at TCPConnectWrap.callbackTrampoline (node:internal/async_hooks:130:17) {
      errno: -111,
      code: 'ECONNREFUSED',
      syscall: 'connect',
      address: '::1',
      port: 6379
    },
    Error: connect ECONNREFUSED 127.0.0.1:6379
        at createConnectionError (node:net:1652:14)
        at afterConnectMultiple (node:net:1682:16)
        at TCPConnectWrap.callbackTrampoline (node:internal/async_hooks:130:17) {
      errno: -111,
      code: 'ECONNREFUSED',
      syscall: 'connect',
      address: '127.0.0.1',
      port: 6379
    }
  ]
}
{"level":"error","message":"Redis cache error","timestamp":"2026-02-16T06:36:51.548Z","error":{"message":"","stack":"AggregateError [ECONNREFUSED]: \n    at internalConnectMultiple (node:net:1122:18)\n    at afterConnectMultiple (node:net:1689:7)\n    at TCPConnectWrap.callbackTrampoline (node:internal/async_hooks:130:17)","name":"AggregateError"}}
{"level":"error","message":"Redis connection error","timestamp":"2026-02-16T06:36:52.573Z","error":{"message":"","stack":"AggregateError [ECONNREFUSED]: \n    at internalConnectMultiple (node:net:1122:18)\n    at afterConnectMultiple (node:net:1689:7)\n    at TCPConnectWrap.callbackTrampoline (node:internal/async_hooks:130:17)","name":"AggregateError"}}
{"level":"warn","message":"Redis connection closed","timestamp":"2026-02-16T06:36:52.574Z","service":"RenderQueue"}
AggregateError [ECONNREFUSED]: 
    at internalConnectMultiple (node:net:1122:18)
    at afterConnectMultiple (node:net:1689:7)
    at TCPConnectWrap.callbackTrampoline (node:internal/async_hooks:130:17) {
  code: 'ECONNREFUSED',
  [errors]: [
    Error: connect ECONNREFUSED ::1:6379
        at createConnectionError (node:net:1652:14)
        at afterConnectMultiple (node:net:1682:16)
        at TCPConnectWrap.callbackTrampoline (node:internal/async_hooks:130:17) {
      errno: -111,
      code: 'ECONNREFUSED',
      syscall: 'connect',
      address: '::1',
      port: 6379
    },
    Error: connect ECONNREFUSED 127.0.0.1:6379
        at createConnectionError (node:net:1652:14)
        at afterConnectMultiple (node:net:1682:16)
        at TCPConnectWrap.callbackTrampoline (node:internal/async_hooks:130:17) {
      errno: -111,
      code: 'ECONNREFUSED',
      syscall: 'connect',
      address: '127.0.0.1',
      port: 6379
    }
  ]
}
{"level":"error","message":"Redis cache error","timestamp":"2026-02-16T06:36:52.653Z","error":{"message":"","stack":"AggregateError [ECONNREFUSED]: \n    at internalConnectMultiple (node:net:1122:18)\n    at afterConnectMultiple (node:net:1689:7)\n    at TCPConnectWrap.callbackTrampoline (node:internal/async_hooks:130:17)","name":"AggregateError"}}
AggregateError [ECONNREFUSED]: 
    at internalConnectMultiple (node:net:1122:18)
    at afterConnectMultiple (node:net:1689:7)
    at TCPConnectWrap.callbackTrampoline (node:internal/async_hooks:130:17) {
  code: 'ECONNREFUSED',
  [errors]: [
    Error: connect ECONNREFUSED ::1:6379
        at createConnectionError (node:net:1652:14)
        at afterConnectMultiple (node:net:1682:16)
        at TCPConnectWrap.callbackTrampoline (node:internal/async_hooks:130:17) {
      errno: -111,
      code: 'ECONNREFUSED',
      syscall: 'connect',
      address: '::1',
      port: 6379
    },
    Error: connect ECONNREFUSED 127.0.0.1:6379
        at createConnectionError (node:net:1652:14)
        at afterConnectMultiple (node:net:1682:16)
        at TCPConnectWrap.callbackTrampoline (node:internal/async_hooks:130:17) {
      errno: -111,
      code: 'ECONNREFUSED',
      syscall: 'connect',
      address: '127.0.0.1',
      port: 6379
    }
  ]
}
AggregateError [ECONNREFUSED]: 
    at internalConnectMultiple (node:net:1122:18)
    at afterConnectMultiple (node:net:1689:7)
    at TCPConnectWrap.callbackTrampoline (node:internal/async_hooks:130:17) {
  code: 'ECONNREFUSED',
  [errors]: [
    Error: connect ECONNREFUSED ::1:6379
        at createConnectionError (node:net:1652:14)
        at afterConnectMultiple (node:net:1682:16)
        at TCPConnectWrap.callbackTrampoline (node:internal/async_hooks:130:17) {
      errno: -111,
      code: 'ECONNREFUSED',
      syscall: 'connect',
      address: '::1',
      port: 6379
    },
    Error: connect ECONNREFUSED 127.0.0.1:6379
        at createConnectionError (node:net:1652:14)
        at afterConnectMultiple (node:net:1682:16)
        at TCPConnectWrap.callbackTrampoline (node:internal/async_hooks:130:17) {
      errno: -111,
      code: 'ECONNREFUSED',
      syscall: 'connect',
      address: '127.0.0.1',
      port: 6379
    }
  ]
}
AggregateError [ECONNREFUSED]: 
    at internalConnectMultiple (node:net:1122:18)
    at afterConnectMultiple (node:net:1689:7)
    at TCPConnectWrap.callbackTrampoline (node:internal/async_hooks:130:17) {
  code: 'ECONNREFUSED',
  [errors]: [
    Error: connect ECONNREFUSED ::1:6379
        at createConnectionError (node:net:1652:14)
        at afterConnectMultiple (node:net:1682:16)
        at TCPConnectWrap.callbackTrampoline (node:internal/async_hooks:130:17) {
      errno: -111,
      code: 'ECONNREFUSED',
      syscall: 'connect',
      address: '::1',
      port: 6379
    },
    Error: connect ECONNREFUSED 127.0.0.1:6379
        at createConnectionError (node:net:1652:14)
        at afterConnectMultiple (node:net:1682:16)
        at TCPConnectWrap.callbackTrampoline (node:internal/async_hooks:130:17) {
      errno: -111,
      code: 'ECONNREFUSED',
      syscall: 'connect',
      address: '127.0.0.1',
      port: 6379
    }
  ]
}
AggregateError [ECONNREFUSED]: 
    at internalConnectMultiple (node:net:1122:18)
    at afterConnectMultiple (node:net:1689:7)
    at TCPConnectWrap.callbackTrampoline (node:internal/async_hooks:130:17) {
  code: 'ECONNREFUSED',
  [errors]: [
    Error: connect ECONNREFUSED ::1:6379
        at createConnectionError (node:net:1652:14)
        at afterConnectMultiple (node:net:1682:16)
        at TCPConnectWrap.callbackTrampoline (node:internal/async_hooks:130:17) {
      errno: -111,
      code: 'ECONNREFUSED',
      syscall: 'connect',
      address: '::1',
      port: 6379
    },
    Error: connect ECONNREFUSED 127.0.0.1:6379
        at createConnectionError (node:net:1652:14)
        at afterConnectMultiple (node:net:1682:16)
        at TCPConnectWrap.callbackTrampoline (node:internal/async_hooks:130:17) {
      errno: -111,
      code: 'ECONNREFUSED',
      syscall: 'connect',
      address: '127.0.0.1',
      port: 6379
    }
  ]
}
{"level":"error","message":"Redis connection error","timestamp":"2026-02-16T06:36:52.625Z","error":{"message":"","stack":"AggregateError [ECONNREFUSED]: \n    at internalConnectMultiple (node:net:1122:18)\n    at afterConnectMultiple (node:net:1689:7)\n    at TCPConnectWrap.callbackTrampoline (node:internal/async_hooks:130:17)","name":"AggregateError"}}
{"level":"warn","message":"Redis connection closed","timestamp":"2026-02-16T06:36:52.625Z","service":"RenderQueue"}
{"level":"error","message":"Redis cache error","timestamp":"2026-02-16T06:36:53.161Z","error":{"message":"","stack":"AggregateError [ECONNREFUSED]: \n    at internalConnectMultiple (node:net:1122:18)\n    at afterConnectMultiple (node:net:1689:7)\n    at TCPConnectWrap.callbackTrampoline (node:internal/async_hooks:130:17)","name":"AggregateError"}}
AggregateError [ECONNREFUSED]: 
    at internalConnectMultiple (node:net:1122:18)
    at afterConnectMultiple (node:net:1689:7)
    at TCPConnectWrap.callbackTrampoline (node:internal/async_hooks:130:17) {
  code: 'ECONNREFUSED',
  [errors]: [
    Error: connect ECONNREFUSED ::1:6379
        at createConnectionError (node:net:1652:14)
        at afterConnectMultiple (node:net:1682:16)
        at TCPConnectWrap.callbackTrampoline (node:internal/async_hooks:130:17) {
      errno: -111,
      code: 'ECONNREFUSED',
      syscall: 'connect',
      address: '::1',
      port: 6379
    },
    Error: connect ECONNREFUSED 127.0.0.1:6379
        at createConnectionError (node:net:1652:14)
        at afterConnectMultiple (node:net:1682:16)
        at TCPConnectWrap.callbackTrampoline (node:internal/async_hooks:130:17) {
      errno: -111,
      code: 'ECONNREFUSED',
      syscall: 'connect',
      address: '127.0.0.1',
      port: 6379
    }
  ]
}
AggregateError [ECONNREFUSED]: 
    at internalConnectMultiple (node:net:1122:18)
    at afterConnectMultiple (node:net:1689:7)
    at TCPConnectWrap.callbackTrampoline (node:internal/async_hooks:130:17) {
  code: 'ECONNREFUSED',
  [errors]: [
    Error: connect ECONNREFUSED ::1:6379
        at createConnectionError (node:net:1652:14)
        at afterConnectMultiple (node:net:1682:16)
        at TCPConnectWrap.callbackTrampoline (node:internal/async_hooks:130:17) {
      errno: -111,
      code: 'ECONNREFUSED',
      syscall: 'connect',
      address: '::1',
      port: 6379
    },
    Error: connect ECONNREFUSED 127.0.0.1:6379
        at createConnectionError (node:net:1652:14)
        at afterConnectMultiple (node:net:1682:16)
        at TCPConnectWrap.callbackTrampoline (node:internal/async_hooks:130:17) {
      errno: -111,
      code: 'ECONNREFUSED',
      syscall: 'connect',
      address: '127.0.0.1',
      port: 6379
    }
  ]
}
AggregateError [ECONNREFUSED]: 
    at internalConnectMultiple (node:net:1122:18)
    at afterConnectMultiple (node:net:1689:7)
    at TCPConnectWrap.callbackTrampoline (node:internal/async_hooks:130:17) {
  code: 'ECONNREFUSED',
  [errors]: [
    Error: connect ECONNREFUSED ::1:6379
        at createConnectionError (node:net:1652:14)
        at afterConnectMultiple (node:net:1682:16)
        at TCPConnectWrap.callbackTrampoline (node:internal/async_hooks:130:17) {
      errno: -111,
      code: 'ECONNREFUSED',
      syscall: 'connect',
      address: '::1',
      port: 6379
    },
    Error: connect ECONNREFUSED 127.0.0.1:6379
        at createConnectionError (node:net:1652:14)
        at afterConnectMultiple (node:net:1682:16)
        at TCPConnectWrap.callbackTrampoline (node:internal/async_hooks:130:17) {
      errno: -111,
      code: 'ECONNREFUSED',
      syscall: 'connect',
      address: '127.0.0.1',
      port: 6379
    }
  ]
}
{"level":"error","message":"Redis connection error","timestamp":"2026-02-16T06:36:53.780Z","error":{"message":"","stack":"AggregateError [ECONNREFUSED]: \n    at internalConnectMultiple (node:net:1122:18)\n    at afterConnectMultiple (node:net:1689:7)\n    at TCPConnectWrap.callbackTrampoline (node:internal/async_hooks:130:17)","name":"AggregateError"}}
{"level":"warn","message":"Redis connection closed","timestamp":"2026-02-16T06:36:53.781Z","service":"RenderQueue"}
AggregateError [ECONNREFUSED]: 
    at internalConnectMultiple (node:net:1122:18)
    at afterConnectMultiple (node:net:1689:7)
    at TCPConnectWrap.callbackTrampoline (node:internal/async_hooks:130:17) {
  code: 'ECONNREFUSED',
  [errors]: [
    Error: connect ECONNREFUSED ::1:6379
        at createConnectionError (node:net:1652:14)
        at afterConnectMultiple (node:net:1682:16)
        at TCPConnectWrap.callbackTrampoline (node:internal/async_hooks:130:17) {
      errno: -111,
      code: 'ECONNREFUSED',
      syscall: 'connect',
      address: '::1',
      port: 6379
    },
    Error: connect ECONNREFUSED 127.0.0.1:6379
        at createConnectionError (node:net:1652:14)
        at afterConnectMultiple (node:net:1682:16)
        at TCPConnectWrap.callbackTrampoline (node:internal/async_hooks:130:17) {
      errno: -111,
      code: 'ECONNREFUSED',
      syscall: 'connect',
      address: '127.0.0.1',
      port: 6379
    }
  ]
}
AggregateError [ECONNREFUSED]: 
    at internalConnectMultiple (node:net:1122:18)
    at afterConnectMultiple (node:net:1689:7)
    at TCPConnectWrap.callbackTrampoline (node:internal/async_hooks:130:17) {
  code: 'ECONNREFUSED',
  [errors]: [
    Error: connect ECONNREFUSED ::1:6379
        at createConnectionError (node:net:1652:14)
        at afterConnectMultiple (node:net:1682:16)
        at TCPConnectWrap.callbackTrampoline (node:internal/async_hooks:130:17) {
      errno: -111,
      code: 'ECONNREFUSED',
      syscall: 'connect',
      address: '::1',
      port: 6379
    },
    Error: connect ECONNREFUSED 127.0.0.1:6379
        at createConnectionError (node:net:1652:14)
        at afterConnectMultiple (node:net:1682:16)
        at TCPConnectWrap.callbackTrampoline (node:internal/async_hooks:130:17) {
      errno: -111,
      code: 'ECONNREFUSED',
      syscall: 'connect',
      address: '127.0.0.1',
      port: 6379
    }
  ]
}
{"level":"error","message":"Redis cache error","timestamp":"2026-02-16T06:36:52.858Z","error":{"message":"","stack":"AggregateError [ECONNREFUSED]: \n    at internalConnectMultiple (node:net:1122:18)\n    at afterConnectMultiple (node:net:1689:7)\n    at TCPConnectWrap.callbackTrampoline (node:internal/async_hooks:130:17)","name":"AggregateError"}}
{"level":"error","message":"Redis connection error","timestamp":"2026-02-16T06:36:53.382Z","error":{"message":"","stack":"AggregateError [ECONNREFUSED]: \n    at internalConnectMultiple (node:net:1122:18)\n    at afterConnectMultiple (node:net:1689:7)\n    at TCPConnectWrap.callbackTrampoline (node:internal/async_hooks:130:17)","name":"AggregateError"}}
{"level":"warn","message":"Redis connection closed","timestamp":"2026-02-16T06:36:53.382Z","service":"RenderQueue"}
AggregateError [ECONNREFUSED]: 
    at internalConnectMultiple (node:net:1122:18)
    at afterConnectMultiple (node:net:1689:7)
    at TCPConnectWrap.callbackTrampoline (node:internal/async_hooks:130:17) {
  code: 'ECONNREFUSED',
  [errors]: [
    Error: connect ECONNREFUSED ::1:6379
        at createConnectionError (node:net:1652:14)
        at afterConnectMultiple (node:net:1682:16)
        at TCPConnectWrap.callbackTrampoline (node:internal/async_hooks:130:17) {
      errno: -111,
      code: 'ECONNREFUSED',
      syscall: 'connect',
      address: '::1',
      port: 6379
    },
    Error: connect ECONNREFUSED 127.0.0.1:6379
        at createConnectionError (node:net:1652:14)
        at afterConnectMultiple (node:net:1682:16)
        at TCPConnectWrap.callbackTrampoline (node:internal/async_hooks:130:17) {
      errno: -111,
      code: 'ECONNREFUSED',
      syscall: 'connect',
      address: '127.0.0.1',
      port: 6379
    }
  ]
}
{"level":"error","message":"GET /api/admin/metrics error","timestamp":"2026-02-16T06:36:53.893Z","error":{"message":"Dynamic server usage: Route /api/admin/metrics couldn't be rendered statically because it used `request.headers`. See more info here: https://nextjs.org/docs/messages/dynamic-server-error","stack":"Error: Dynamic server usage: Route /api/admin/metrics couldn't be rendered statically because it used `request.headers`. See more info here: https://nextjs.org/docs/messages/dynamic-server-error\n    at V (/root/_MVP_Video_TecnicoCursos_v7/estudio_ia_videos/node_modules/next/dist/compiled/next-server/app-route.runtime.prod.js:6:21778)\n    at Object.get (/root/_MVP_Video_TecnicoCursos_v7/estudio_ia_videos/node_modules/next/dist/compiled/next-server/app-route.runtime.prod.js:6:29465)\n    at h (/root/_MVP_Video_TecnicoCursos_v7/estudio_ia_videos/.next/server/app/api/activity/route.js:14:1992)\n    at m (/root/_MVP_Video_TecnicoCursos_v7/estudio_ia_videos/.next/server/app/api/admin/metrics/route.js:1:3943)\n    at /root/_MVP_Video_TecnicoCursos_v7/estudio_ia_videos/node_modules/next/dist/compiled/next-server/app-route.runtime.prod.js:6:38417\n    at /root/_MVP_Video_TecnicoCursos_v7/estudio_ia_videos/node_modules/next/dist/server/lib/trace/tracer.js:140:36\n    at NoopContextManager.with (/root/_MVP_Video_TecnicoCursos_v7/estudio_ia_videos/node_modules/@opentelemetry/api/build/src/context/NoopContextManager.js:25:19)\n    at ContextAPI.with (/root/_MVP_Video_TecnicoCursos_v7/estudio_ia_videos/node_modules/@opentelemetry/api/build/src/api/context.js:60:46)\n    at NoopTracer.startActiveSpan (/root/_MVP_Video_TecnicoCursos_v7/estudio_ia_videos/node_modules/@opentelemetry/api/build/src/trace/NoopTracer.js:65:31)\n    at ProxyTracer.startActiveSpan (/root/_MVP_Video_TecnicoCursos_v7/estudio_ia_videos/node_modules/@opentelemetry/api/build/src/trace/ProxyTracer.js:36:24)","name":"Error"}}
AggregateError [ECONNREFUSED]: 
    at internalConnectMultiple (node:net:1122:18)
    at afterConnectMultiple (node:net:1689:7)
    at TCPConnectWrap.callbackTrampoline (node:internal/async_hooks:130:17) {
  code: 'ECONNREFUSED',
  [errors]: [
    Error: connect ECONNREFUSED ::1:6379
        at createConnectionError (node:net:1652:14)
        at afterConnectMultiple (node:net:1682:16)
        at TCPConnectWrap.callbackTrampoline (node:internal/async_hooks:130:17) {
      errno: -111,
      code: 'ECONNREFUSED',
      syscall: 'connect',
      address: '::1',
      port: 6379
    },
    Error: connect ECONNREFUSED 127.0.0.1:6379
        at createConnectionError (node:net:1652:14)
        at afterConnectMultiple (node:net:1682:16)
        at TCPConnectWrap.callbackTrampoline (node:internal/async_hooks:130:17) {
      errno: -111,
      code: 'ECONNREFUSED',
      syscall: 'connect',
      address: '127.0.0.1',
      port: 6379
    }
  ]
}
{"level":"error","message":"Redis cache error","timestamp":"2026-02-16T06:36:54.063Z","error":{"message":"","stack":"AggregateError [ECONNREFUSED]: \n    at internalConnectMultiple (node:net:1122:18)\n    at afterConnectMultiple (node:net:1689:7)\n    at TCPConnectWrap.callbackTrampoline (node:internal/async_hooks:130:17)","name":"AggregateError"}}
AggregateError [ECONNREFUSED]: 
    at internalConnectMultiple (node:net:1122:18)
    at afterConnectMultiple (node:net:1689:7)
    at TCPConnectWrap.callbackTrampoline (node:internal/async_hooks:130:17) {
  code: 'ECONNREFUSED',
  [errors]: [
    Error: connect ECONNREFUSED ::1:6379
        at createConnectionError (node:net:1652:14)
        at afterConnectMultiple (node:net:1682:16)
        at TCPConnectWrap.callbackTrampoline (node:internal/async_hooks:130:17) {
      errno: -111,
      code: 'ECONNREFUSED',
      syscall: 'connect',
      address: '::1',
      port: 6379
    },
    Error: connect ECONNREFUSED 127.0.0.1:6379
        at createConnectionError (node:net:1652:14)
        at afterConnectMultiple (node:net:1682:16)
        at TCPConnectWrap.callbackTrampoline (node:internal/async_hooks:130:17) {
      errno: -111,
      code: 'ECONNREFUSED',
      syscall: 'connect',
      address: '127.0.0.1',
      port: 6379
    }
  ]
}
{"level":"error","message":"Redis connection error","timestamp":"2026-02-16T06:36:54.590Z","error":{"message":"","stack":"AggregateError [ECONNREFUSED]: \n    at internalConnectMultiple (node:net:1122:18)\n    at afterConnectMultiple (node:net:1689:7)\n    at TCPConnectWrap.callbackTrampoline (node:internal/async_hooks:130:17)","name":"AggregateError"}}
{"level":"warn","message":"Redis connection closed","timestamp":"2026-02-16T06:36:54.590Z","service":"RenderQueue"}
AggregateError [ECONNREFUSED]: 
    at internalConnectMultiple (node:net:1122:18)
    at afterConnectMultiple (node:net:1689:7)
    at TCPConnectWrap.callbackTrampoline (node:internal/async_hooks:130:17) {
  code: 'ECONNREFUSED',
  [errors]: [
    Error: connect ECONNREFUSED ::1:6379
        at createConnectionError (node:net:1652:14)
        at afterConnectMultiple (node:net:1682:16)
        at TCPConnectWrap.callbackTrampoline (node:internal/async_hooks:130:17) {
      errno: -111,
      code: 'ECONNREFUSED',
      syscall: 'connect',
      address: '::1',
      port: 6379
    },
    Error: connect ECONNREFUSED 127.0.0.1:6379
        at createConnectionError (node:net:1652:14)
        at afterConnectMultiple (node:net:1682:16)
        at TCPConnectWrap.callbackTrampoline (node:internal/async_hooks:130:17) {
      errno: -111,
      code: 'ECONNREFUSED',
      syscall: 'connect',
      address: '127.0.0.1',
      port: 6379
    }
  ]
}
AggregateError [ECONNREFUSED]: 
    at internalConnectMultiple (node:net:1122:18)
    at afterConnectMultiple (node:net:1689:7)
    at TCPConnectWrap.callbackTrampoline (node:internal/async_hooks:130:17) {
  code: 'ECONNREFUSED',
  [errors]: [
    Error: connect ECONNREFUSED ::1:6379
        at createConnectionError (node:net:1652:14)
        at afterConnectMultiple (node:net:1682:16)
        at TCPConnectWrap.callbackTrampoline (node:internal/async_hooks:130:17) {
      errno: -111,
      code: 'ECONNREFUSED',
      syscall: 'connect',
      address: '::1',
      port: 6379
    },
    Error: connect ECONNREFUSED 127.0.0.1:6379
        at createConnectionError (node:net:1652:14)
        at afterConnectMultiple (node:net:1682:16)
        at TCPConnectWrap.callbackTrampoline (node:internal/async_hooks:130:17) {
      errno: -111,
      code: 'ECONNREFUSED',
      syscall: 'connect',
      address: '127.0.0.1',
      port: 6379
    }
  ]
}
{"level":"error","message":"Redis cache error","timestamp":"2026-02-16T06:36:55.315Z","error":{"message":"","stack":"AggregateError [ECONNREFUSED]: \n    at internalConnectMultiple (node:net:1122:18)\n    at afterConnectMultiple (node:net:1689:7)\n    at TCPConnectWrap.callbackTrampoline (node:internal/async_hooks:130:17)","name":"AggregateError"}}
AggregateError [ECONNREFUSED]: 
    at internalConnectMultiple (node:net:1122:18)
    at afterConnectMultiple (node:net:1689:7)
    at TCPConnectWrap.callbackTrampoline (node:internal/async_hooks:130:17) {
  code: 'ECONNREFUSED',
  [errors]: [
    Error: connect ECONNREFUSED ::1:6379
        at createConnectionError (node:net:1652:14)
        at afterConnectMultiple (node:net:1682:16)
        at TCPConnectWrap.callbackTrampoline (node:internal/async_hooks:130:17) {
      errno: -111,
      code: 'ECONNREFUSED',
      syscall: 'connect',
      address: '::1',
      port: 6379
    },
    Error: connect ECONNREFUSED 127.0.0.1:6379
        at createConnectionError (node:net:1652:14)
        at afterConnectMultiple (node:net:1682:16)
        at TCPConnectWrap.callbackTrampoline (node:internal/async_hooks:130:17) {
      errno: -111,
      code: 'ECONNREFUSED',
      syscall: 'connect',
      address: '127.0.0.1',
      port: 6379
    }
  ]
}
{"level":"error","message":"Redis connection error","timestamp":"2026-02-16T06:36:53.725Z","error":{"message":"","stack":"AggregateError [ECONNREFUSED]: \n    at internalConnectMultiple (node:net:1122:18)\n    at afterConnectMultiple (node:net:1689:7)\n    at TCPConnectWrap.callbackTrampoline (node:internal/async_hooks:130:17)","name":"AggregateError"}}
{"level":"warn","message":"Redis connection closed","timestamp":"2026-02-16T06:36:53.725Z","service":"RenderQueue"}
AggregateError [ECONNREFUSED]: 
    at internalConnectMultiple (node:net:1122:18)
    at afterConnectMultiple (node:net:1689:7)
    at TCPConnectWrap.callbackTrampoline (node:internal/async_hooks:130:17) {
  code: 'ECONNREFUSED',
  [errors]: [
    Error: connect ECONNREFUSED ::1:6379
        at createConnectionError (node:net:1652:14)
        at afterConnectMultiple (node:net:1682:16)
        at TCPConnectWrap.callbackTrampoline (node:internal/async_hooks:130:17) {
      errno: -111,
      code: 'ECONNREFUSED',
      syscall: 'connect',
      address: '::1',
      port: 6379
    },
    Error: connect ECONNREFUSED 127.0.0.1:6379
        at createConnectionError (node:net:1652:14)
        at afterConnectMultiple (node:net:1682:16)
        at TCPConnectWrap.callbackTrampoline (node:internal/async_hooks:130:17) {
      errno: -111,
      code: 'ECONNREFUSED',
      syscall: 'connect',
      address: '127.0.0.1',
      port: 6379
    }
  ]
}
{"level":"error","message":"Redis cache error","timestamp":"2026-02-16T06:36:53.807Z","error":{"message":"","stack":"AggregateError [ECONNREFUSED]: \n    at internalConnectMultiple (node:net:1122:18)\n    at afterConnectMultiple (node:net:1689:7)\n    at TCPConnectWrap.callbackTrampoline (node:internal/async_hooks:130:17)","name":"AggregateError"}}
AggregateError [ECONNREFUSED]: 
    at internalConnectMultiple (node:net:1122:18)
    at afterConnectMultiple (node:net:1689:7)
    at TCPConnectWrap.callbackTrampoline (node:internal/async_hooks:130:17) {
  code: 'ECONNREFUSED',
  [errors]: [
    Error: connect ECONNREFUSED ::1:6379
        at createConnectionError (node:net:1652:14)
        at afterConnectMultiple (node:net:1682:16)
        at TCPConnectWrap.callbackTrampoline (node:internal/async_hooks:130:17) {
      errno: -111,
      code: 'ECONNREFUSED',
      syscall: 'connect',
      address: '::1',
      port: 6379
    },
    Error: connect ECONNREFUSED 127.0.0.1:6379
        at createConnectionError (node:net:1652:14)
        at afterConnectMultiple (node:net:1682:16)
        at TCPConnectWrap.callbackTrampoline (node:internal/async_hooks:130:17) {
      errno: -111,
      code: 'ECONNREFUSED',
      syscall: 'connect',
      address: '127.0.0.1',
      port: 6379
    }
  ]
}
{"level":"error","message":"Failed to fetch rate limit status","timestamp":"2026-02-16T06:36:53.893Z","error":{"message":"Dynamic server usage: Route /api/admin/rate-limits/status couldn't be rendered statically because it used `request.headers`. See more info here: https://nextjs.org/docs/messages/dynamic-server-error","stack":"Error: Dynamic server usage: Route /api/admin/rate-limits/status couldn't be rendered statically because it used `request.headers`. See more info here: https://nextjs.org/docs/messages/dynamic-server-error\n    at V (/root/_MVP_Video_TecnicoCursos_v7/estudio_ia_videos/node_modules/next/dist/compiled/next-server/app-route.runtime.prod.js:6:21778)\n    at Object.get (/root/_MVP_Video_TecnicoCursos_v7/estudio_ia_videos/node_modules/next/dist/compiled/next-server/app-route.runtime.prod.js:6:29465)\n    at m (/root/_MVP_Video_TecnicoCursos_v7/estudio_ia_videos/.next/server/chunks/55985.js:11:1992)\n    at E (/root/_MVP_Video_TecnicoCursos_v7/estudio_ia_videos/.next/server/app/api/admin/rate-limits/status/route.js:1:3265)\n    at /root/_MVP_Video_TecnicoCursos_v7/estudio_ia_videos/node_modules/next/dist/compiled/next-server/app-route.runtime.prod.js:6:38417\n    at /root/_MVP_Video_TecnicoCursos_v7/estudio_ia_videos/node_modules/next/dist/server/lib/trace/tracer.js:140:36\n    at NoopContextManager.with (/root/_MVP_Video_TecnicoCursos_v7/estudio_ia_videos/node_modules/@opentelemetry/api/build/src/context/NoopContextManager.js:25:19)\n    at ContextAPI.with (/root/_MVP_Video_TecnicoCursos_v7/estudio_ia_videos/node_modules/@opentelemetry/api/build/src/api/context.js:60:46)\n    at NoopTracer.startActiveSpan (/root/_MVP_Video_TecnicoCursos_v7/estudio_ia_videos/node_modules/@opentelemetry/api/build/src/trace/NoopTracer.js:65:31)\n    at ProxyTracer.startActiveSpan (/root/_MVP_Video_TecnicoCursos_v7/estudio_ia_videos/node_modules/@opentelemetry/api/build/src/trace/ProxyTracer.js:36:24)","name":"Error"}}
{"level":"error","message":"Redis connection error","timestamp":"2026-02-16T06:36:54.926Z","error":{"message":"","stack":"AggregateError [ECONNREFUSED]: \n    at internalConnectMultiple (node:net:1122:18)\n    at afterConnectMultiple (node:net:1689:7)\n    at TCPConnectWrap.callbackTrampoline (node:internal/async_hooks:130:17)","name":"AggregateError"}}
{"level":"warn","message":"Redis connection closed","timestamp":"2026-02-16T06:36:54.926Z","service":"RenderQueue"}
AggregateError [ECONNREFUSED]: 
    at internalConnectMultiple (node:net:1122:18)
    at afterConnectMultiple (node:net:1689:7)
    at TCPConnectWrap.callbackTrampoline (node:internal/async_hooks:130:17) {
  code: 'ECONNREFUSED',
  [errors]: [
    Error: connect ECONNREFUSED ::1:6379
        at createConnectionError (node:net:1652:14)
        at afterConnectMultiple (node:net:1682:16)
        at TCPConnectWrap.callbackTrampoline (node:internal/async_hooks:130:17) {
      errno: -111,
      code: 'ECONNREFUSED',
      syscall: 'connect',
      address: '::1',
      port: 6379
    },
    Error: connect ECONNREFUSED 127.0.0.1:6379
        at createConnectionError (node:net:1652:14)
        at afterConnectMultiple (node:net:1682:16)
        at TCPConnectWrap.callbackTrampoline (node:internal/async_hooks:130:17) {
      errno: -111,
      code: 'ECONNREFUSED',
      syscall: 'connect',
      address: '127.0.0.1',
      port: 6379
    }
  ]
}
{"level":"error","message":"Redis cache error","timestamp":"2026-02-16T06:36:55.009Z","error":{"message":"","stack":"AggregateError [ECONNREFUSED]: \n    at internalConnectMultiple (node:net:1122:18)\n    at afterConnectMultiple (node:net:1689:7)\n    at TCPConnectWrap.callbackTrampoline (node:internal/async_hooks:130:17)","name":"AggregateError"}}
AggregateError [ECONNREFUSED]: 
    at internalConnectMultiple (node:net:1122:18)
    at afterConnectMultiple (node:net:1689:7)
    at TCPConnectWrap.callbackTrampoline (node:internal/async_hooks:130:17) {
  code: 'ECONNREFUSED',
  [errors]: [
    Error: connect ECONNREFUSED ::1:6379
        at createConnectionError (node:net:1652:14)
        at afterConnectMultiple (node:net:1682:16)
        at TCPConnectWrap.callbackTrampoline (node:internal/async_hooks:130:17) {
      errno: -111,
      code: 'ECONNREFUSED',
      syscall: 'connect',
      address: '::1',
      port: 6379
    },
    Error: connect ECONNREFUSED 127.0.0.1:6379
        at createConnectionError (node:net:1652:14)
        at afterConnectMultiple (node:net:1682:16)
        at TCPConnectWrap.callbackTrampoline (node:internal/async_hooks:130:17) {
      errno: -111,
      code: 'ECONNREFUSED',
      syscall: 'connect',
      address: '127.0.0.1',
      port: 6379
    }
  ]
}
{"level":"error","message":"Redis cache error","timestamp":"2026-02-16T06:36:54.363Z","error":{"message":"","stack":"AggregateError [ECONNREFUSED]: \n    at internalConnectMultiple (node:net:1122:18)\n    at afterConnectMultiple (node:net:1689:7)\n    at TCPConnectWrap.callbackTrampoline (node:internal/async_hooks:130:17)","name":"AggregateError"}}
AggregateError [ECONNREFUSED]: 
    at internalConnectMultiple (node:net:1122:18)
    at afterConnectMultiple (node:net:1689:7)
    at TCPConnectWrap.callbackTrampoline (node:internal/async_hooks:130:17) {
  code: 'ECONNREFUSED',
  [errors]: [
    Error: connect ECONNREFUSED ::1:6379
        at createConnectionError (node:net:1652:14)
        at afterConnectMultiple (node:net:1682:16)
        at TCPConnectWrap.callbackTrampoline (node:internal/async_hooks:130:17) {
      errno: -111,
      code: 'ECONNREFUSED',
      syscall: 'connect',
      address: '::1',
      port: 6379
    },
    Error: connect ECONNREFUSED 127.0.0.1:6379
        at createConnectionError (node:net:1652:14)
        at afterConnectMultiple (node:net:1682:16)
        at TCPConnectWrap.callbackTrampoline (node:internal/async_hooks:130:17) {
      errno: -111,
      code: 'ECONNREFUSED',
      syscall: 'connect',
      address: '127.0.0.1',
      port: 6379
    }
  ]
}
AggregateError [ECONNREFUSED]: 
    at internalConnectMultiple (node:net:1122:18)
    at afterConnectMultiple (node:net:1689:7)
    at TCPConnectWrap.callbackTrampoline (node:internal/async_hooks:130:17) {
  code: 'ECONNREFUSED',
  [errors]: [
    Error: connect ECONNREFUSED ::1:6379
        at createConnectionError (node:net:1652:14)
        at afterConnectMultiple (node:net:1682:16)
        at TCPConnectWrap.callbackTrampoline (node:internal/async_hooks:130:17) {
      errno: -111,
      code: 'ECONNREFUSED',
      syscall: 'connect',
      address: '::1',
      port: 6379
    },
    Error: connect ECONNREFUSED 127.0.0.1:6379
        at createConnectionError (node:net:1652:14)
        at afterConnectMultiple (node:net:1682:16)
        at TCPConnectWrap.callbackTrampoline (node:internal/async_hooks:130:17) {
      errno: -111,
      code: 'ECONNREFUSED',
      syscall: 'connect',
      address: '127.0.0.1',
      port: 6379
    }
  ]
}
AggregateError [ECONNREFUSED]: 
    at internalConnectMultiple (node:net:1122:18)
    at afterConnectMultiple (node:net:1689:7)
    at TCPConnectWrap.callbackTrampoline (node:internal/async_hooks:130:17) {
  code: 'ECONNREFUSED',
  [errors]: [
    Error: connect ECONNREFUSED ::1:6379
        at createConnectionError (node:net:1652:14)
        at afterConnectMultiple (node:net:1682:16)
        at TCPConnectWrap.callbackTrampoline (node:internal/async_hooks:130:17) {
      errno: -111,
      code: 'ECONNREFUSED',
      syscall: 'connect',
      address: '::1',
      port: 6379
    },
    Error: connect ECONNREFUSED 127.0.0.1:6379
        at createConnectionError (node:net:1652:14)
        at afterConnectMultiple (node:net:1682:16)
        at TCPConnectWrap.callbackTrampoline (node:internal/async_hooks:130:17) {
      errno: -111,
      code: 'ECONNREFUSED',
      syscall: 'connect',
      address: '127.0.0.1',
      port: 6379
    }
  ]
}
{"level":"error","message":"Redis connection error","timestamp":"2026-02-16T06:36:54.985Z","error":{"message":"","stack":"AggregateError [ECONNREFUSED]: \n    at internalConnectMultiple (node:net:1122:18)\n    at afterConnectMultiple (node:net:1689:7)\n    at TCPConnectWrap.callbackTrampoline (node:internal/async_hooks:130:17)","name":"AggregateError"}}
{"level":"warn","message":"Redis connection closed","timestamp":"2026-02-16T06:36:54.985Z","service":"RenderQueue"}
{"level":"error","message":"Redis cache error","timestamp":"2026-02-16T06:36:55.615Z","error":{"message":"","stack":"AggregateError [ECONNREFUSED]: \n    at internalConnectMultiple (node:net:1122:18)\n    at afterConnectMultiple (node:net:1689:7)\n    at TCPConnectWrap.callbackTrampoline (node:internal/async_hooks:130:17)","name":"AggregateError"}}
AggregateError [ECONNREFUSED]: 
    at internalConnectMultiple (node:net:1122:18)
    at afterConnectMultiple (node:net:1689:7)
    at TCPConnectWrap.callbackTrampoline (node:internal/async_hooks:130:17) {
  code: 'ECONNREFUSED',
  [errors]: [
    Error: connect ECONNREFUSED ::1:6379
        at createConnectionError (node:net:1652:14)
        at afterConnectMultiple (node:net:1682:16)
        at TCPConnectWrap.callbackTrampoline (node:internal/async_hooks:130:17) {
      errno: -111,
      code: 'ECONNREFUSED',
      syscall: 'connect',
      address: '::1',
      port: 6379
    },
    Error: connect ECONNREFUSED 127.0.0.1:6379
        at createConnectionError (node:net:1652:14)
        at afterConnectMultiple (node:net:1682:16)
        at TCPConnectWrap.callbackTrampoline (node:internal/async_hooks:130:17) {
      errno: -111,
      code: 'ECONNREFUSED',
      syscall: 'connect',
      address: '127.0.0.1',
      port: 6379
    }
  ]
}
AggregateError [ECONNREFUSED]: 
    at internalConnectMultiple (node:net:1122:18)
    at afterConnectMultiple (node:net:1689:7)
    at TCPConnectWrap.callbackTrampoline (node:internal/async_hooks:130:17) {
  code: 'ECONNREFUSED',
  [errors]: [
    Error: connect ECONNREFUSED ::1:6379
        at createConnectionError (node:net:1652:14)
        at afterConnectMultiple (node:net:1682:16)
        at TCPConnectWrap.callbackTrampoline (node:internal/async_hooks:130:17) {
      errno: -111,
      code: 'ECONNREFUSED',
      syscall: 'connect',
      address: '::1',
      port: 6379
    },
    Error: connect ECONNREFUSED 127.0.0.1:6379
        at createConnectionError (node:net:1652:14)
        at afterConnectMultiple (node:net:1682:16)
        at TCPConnectWrap.callbackTrampoline (node:internal/async_hooks:130:17) {
      errno: -111,
      code: 'ECONNREFUSED',
      syscall: 'connect',
      address: '127.0.0.1',
      port: 6379
    }
  ]
}
AggregateError [ECONNREFUSED]: 
    at internalConnectMultiple (node:net:1122:18)
    at afterConnectMultiple (node:net:1689:7)
    at TCPConnectWrap.callbackTrampoline (node:internal/async_hooks:130:17) {
  code: 'ECONNREFUSED',
  [errors]: [
    Error: connect ECONNREFUSED ::1:6379
        at createConnectionError (node:net:1652:14)
        at afterConnectMultiple (node:net:1682:16)
        at TCPConnectWrap.callbackTrampoline (node:internal/async_hooks:130:17) {
      errno: -111,
      code: 'ECONNREFUSED',
      syscall: 'connect',
      address: '::1',
      port: 6379
    },
    Error: connect ECONNREFUSED 127.0.0.1:6379
        at createConnectionError (node:net:1652:14)
        at afterConnectMultiple (node:net:1682:16)
        at TCPConnectWrap.callbackTrampoline (node:internal/async_hooks:130:17) {
      errno: -111,
      code: 'ECONNREFUSED',
      syscall: 'connect',
      address: '127.0.0.1',
      port: 6379
    }
  ]
}
{"level":"error","message":"Redis connection error","timestamp":"2026-02-16T06:36:56.238Z","error":{"message":"","stack":"AggregateError [ECONNREFUSED]: \n    at internalConnectMultiple (node:net:1122:18)\n    at afterConnectMultiple (node:net:1689:7)\n    at TCPConnectWrap.callbackTrampoline (node:internal/async_hooks:130:17)","name":"AggregateError"}}
{"level":"warn","message":"Redis connection closed","timestamp":"2026-02-16T06:36:56.239Z","service":"RenderQueue"}
{"level":"error","message":"Redis cache error","timestamp":"2026-02-16T06:36:56.919Z","error":{"message":"","stack":"AggregateError [ECONNREFUSED]: \n    at internalConnectMultiple (node:net:1122:18)\n    at afterConnectMultiple (node:net:1689:7)\n    at TCPConnectWrap.callbackTrampoline (node:internal/async_hooks:130:17)","name":"AggregateError"}}
AggregateError [ECONNREFUSED]: 
    at internalConnectMultiple (node:net:1122:18)
    at afterConnectMultiple (node:net:1689:7)
    at TCPConnectWrap.callbackTrampoline (node:internal/async_hooks:130:17) {
  code: 'ECONNREFUSED',
  [errors]: [
    Error: connect ECONNREFUSED ::1:6379
        at createConnectionError (node:net:1652:14)
        at afterConnectMultiple (node:net:1682:16)
        at TCPConnectWrap.callbackTrampoline (node:internal/async_hooks:130:17) {
      errno: -111,
      code: 'ECONNREFUSED',
      syscall: 'connect',
      address: '::1',
      port: 6379
    },
    Error: connect ECONNREFUSED 127.0.0.1:6379
        at createConnectionError (node:net:1652:14)
        at afterConnectMultiple (node:net:1682:16)
        at TCPConnectWrap.callbackTrampoline (node:internal/async_hooks:130:17) {
      errno: -111,
      code: 'ECONNREFUSED',
      syscall: 'connect',
      address: '127.0.0.1',
      port: 6379
    }
  ]
}
AggregateError [ECONNREFUSED]: 
    at internalConnectMultiple (node:net:1122:18)
    at afterConnectMultiple (node:net:1689:7)
    at TCPConnectWrap.callbackTrampoline (node:internal/async_hooks:130:17) {
  code: 'ECONNREFUSED',
  [errors]: [
    Error: connect ECONNREFUSED ::1:6379
        at createConnectionError (node:net:1652:14)
        at afterConnectMultiple (node:net:1682:16)
        at TCPConnectWrap.callbackTrampoline (node:internal/async_hooks:130:17) {
      errno: -111,
      code: 'ECONNREFUSED',
      syscall: 'connect',
      address: '::1',
      port: 6379
    },
    Error: connect ECONNREFUSED 127.0.0.1:6379
        at createConnectionError (node:net:1652:14)
        at afterConnectMultiple (node:net:1682:16)
        at TCPConnectWrap.callbackTrampoline (node:internal/async_hooks:130:17) {
      errno: -111,
      code: 'ECONNREFUSED',
      syscall: 'connect',
      address: '127.0.0.1',
      port: 6379
    }
  ]
}
AggregateError [ECONNREFUSED]: 
    at internalConnectMultiple (node:net:1122:18)
    at afterConnectMultiple (node:net:1689:7)
    at TCPConnectWrap.callbackTrampoline (node:internal/async_hooks:130:17) {
  code: 'ECONNREFUSED',
  [errors]: [
    Error: connect ECONNREFUSED ::1:6379
        at createConnectionError (node:net:1652:14)
        at afterConnectMultiple (node:net:1682:16)
        at TCPConnectWrap.callbackTrampoline (node:internal/async_hooks:130:17) {
      errno: -111,
      code: 'ECONNREFUSED',
      syscall: 'connect',
      address: '::1',
      port: 6379
    },
    Error: connect ECONNREFUSED 127.0.0.1:6379
        at createConnectionError (node:net:1652:14)
        at afterConnectMultiple (node:net:1682:16)
        at TCPConnectWrap.callbackTrampoline (node:internal/async_hooks:130:17) {
      errno: -111,
      code: 'ECONNREFUSED',
      syscall: 'connect',
      address: '127.0.0.1',
      port: 6379
    }
  ]
}
AggregateError [ECONNREFUSED]: 
    at internalConnectMultiple (node:net:1122:18)
    at afterConnectMultiple (node:net:1689:7)
    at TCPConnectWrap.callbackTrampoline (node:internal/async_hooks:130:17) {
  code: 'ECONNREFUSED',
  [errors]: [
    Error: connect ECONNREFUSED ::1:6379
        at createConnectionError (node:net:1652:14)
        at afterConnectMultiple (node:net:1682:16)
        at TCPConnectWrap.callbackTrampoline (node:internal/async_hooks:130:17) {
      errno: -111,
      code: 'ECONNREFUSED',
      syscall: 'connect',
      address: '::1',
      port: 6379
    },
    Error: connect ECONNREFUSED 127.0.0.1:6379
        at createConnectionError (node:net:1652:14)
        at afterConnectMultiple (node:net:1682:16)
        at TCPConnectWrap.callbackTrampoline (node:internal/async_hooks:130:17) {
      errno: -111,
      code: 'ECONNREFUSED',
      syscall: 'connect',
      address: '127.0.0.1',
      port: 6379
    }
  ]
}
AggregateError [ECONNREFUSED]: 
    at internalConnectMultiple (node:net:1122:18)
    at afterConnectMultiple (node:net:1689:7)
    at TCPConnectWrap.callbackTrampoline (node:internal/async_hooks:130:17) {
  code: 'ECONNREFUSED',
  [errors]: [
    Error: connect ECONNREFUSED ::1:6379
        at createConnectionError (node:net:1652:14)
        at afterConnectMultiple (node:net:1682:16)
        at TCPConnectWrap.callbackTrampoline (node:internal/async_hooks:130:17) {
      errno: -111,
      code: 'ECONNREFUSED',
      syscall: 'connect',
      address: '::1',
      port: 6379
    },
    Error: connect ECONNREFUSED 127.0.0.1:6379
        at createConnectionError (node:net:1652:14)
        at afterConnectMultiple (node:net:1682:16)
        at TCPConnectWrap.callbackTrampoline (node:internal/async_hooks:130:17) {
      errno: -111,
      code: 'ECONNREFUSED',
      syscall: 'connect',
      address: '127.0.0.1',
      port: 6379
    }
  ]
}
{"level":"error","message":"Redis connection error","timestamp":"2026-02-16T06:36:57.539Z","error":{"message":"","stack":"AggregateError [ECONNREFUSED]: \n    at internalConnectMultiple (node:net:1122:18)\n    at afterConnectMultiple (node:net:1689:7)\n    at TCPConnectWrap.callbackTrampoline (node:internal/async_hooks:130:17)","name":"AggregateError"}}
{"level":"warn","message":"Redis connection closed","timestamp":"2026-02-16T06:36:57.539Z","service":"RenderQueue"}
{"level":"error","message":"Redis connection error","timestamp":"2026-02-16T06:36:55.844Z","error":{"message":"","stack":"AggregateError [ECONNREFUSED]: \n    at internalConnectMultiple (node:net:1122:18)\n    at afterConnectMultiple (node:net:1689:7)\n    at TCPConnectWrap.callbackTrampoline (node:internal/async_hooks:130:17)","name":"AggregateError"}}
{"level":"warn","message":"Redis connection closed","timestamp":"2026-02-16T06:36:55.844Z","service":"RenderQueue"}
AggregateError [ECONNREFUSED]: 
    at internalConnectMultiple (node:net:1122:18)
    at afterConnectMultiple (node:net:1689:7)
    at TCPConnectWrap.callbackTrampoline (node:internal/async_hooks:130:17) {
  code: 'ECONNREFUSED',
  [errors]: [
    Error: connect ECONNREFUSED ::1:6379
        at createConnectionError (node:net:1652:14)
        at afterConnectMultiple (node:net:1682:16)
        at TCPConnectWrap.callbackTrampoline (node:internal/async_hooks:130:17) {
      errno: -111,
      code: 'ECONNREFUSED',
      syscall: 'connect',
      address: '::1',
      port: 6379
    },
    Error: connect ECONNREFUSED 127.0.0.1:6379
        at createConnectionError (node:net:1652:14)
        at afterConnectMultiple (node:net:1682:16)
        at TCPConnectWrap.callbackTrampoline (node:internal/async_hooks:130:17) {
      errno: -111,
      code: 'ECONNREFUSED',
      syscall: 'connect',
      address: '127.0.0.1',
      port: 6379
    }
  ]
}
AggregateError [ECONNREFUSED]: 
    at internalConnectMultiple (node:net:1122:18)
    at afterConnectMultiple (node:net:1689:7)
    at TCPConnectWrap.callbackTrampoline (node:internal/async_hooks:130:17) {
  code: 'ECONNREFUSED',
  [errors]: [
    Error: connect ECONNREFUSED ::1:6379
        at createConnectionError (node:net:1652:14)
        at afterConnectMultiple (node:net:1682:16)
        at TCPConnectWrap.callbackTrampoline (node:internal/async_hooks:130:17) {
      errno: -111,
      code: 'ECONNREFUSED',
      syscall: 'connect',
      address: '::1',
      port: 6379
    },
    Error: connect ECONNREFUSED 127.0.0.1:6379
        at createConnectionError (node:net:1652:14)
        at afterConnectMultiple (node:net:1682:16)
        at TCPConnectWrap.callbackTrampoline (node:internal/async_hooks:130:17) {
      errno: -111,
      code: 'ECONNREFUSED',
      syscall: 'connect',
      address: '127.0.0.1',
      port: 6379
    }
  ]
}
{"level":"error","message":"Redis cache error","timestamp":"2026-02-16T06:36:56.620Z","error":{"message":"","stack":"AggregateError [ECONNREFUSED]: \n    at internalConnectMultiple (node:net:1122:18)\n    at afterConnectMultiple (node:net:1689:7)\n    at TCPConnectWrap.callbackTrampoline (node:internal/async_hooks:130:17)","name":"AggregateError"}}
AggregateError [ECONNREFUSED]: 
    at internalConnectMultiple (node:net:1122:18)
    at afterConnectMultiple (node:net:1689:7)
    at TCPConnectWrap.callbackTrampoline (node:internal/async_hooks:130:17) {
  code: 'ECONNREFUSED',
  [errors]: [
    Error: connect ECONNREFUSED ::1:6379
        at createConnectionError (node:net:1652:14)
        at afterConnectMultiple (node:net:1682:16)
        at TCPConnectWrap.callbackTrampoline (node:internal/async_hooks:130:17) {
      errno: -111,
      code: 'ECONNREFUSED',
      syscall: 'connect',
      address: '::1',
      port: 6379
    },
    Error: connect ECONNREFUSED 127.0.0.1:6379
        at createConnectionError (node:net:1652:14)
        at afterConnectMultiple (node:net:1682:16)
        at TCPConnectWrap.callbackTrampoline (node:internal/async_hooks:130:17) {
      errno: -111,
      code: 'ECONNREFUSED',
      syscall: 'connect',
      address: '127.0.0.1',
      port: 6379
    }
  ]
}
AggregateError [ECONNREFUSED]: 
    at internalConnectMultiple (node:net:1122:18)
    at afterConnectMultiple (node:net:1689:7)
    at TCPConnectWrap.callbackTrampoline (node:internal/async_hooks:130:17) {
  code: 'ECONNREFUSED',
  [errors]: [
    Error: connect ECONNREFUSED ::1:6379
        at createConnectionError (node:net:1652:14)
        at afterConnectMultiple (node:net:1682:16)
        at TCPConnectWrap.callbackTrampoline (node:internal/async_hooks:130:17) {
      errno: -111,
      code: 'ECONNREFUSED',
      syscall: 'connect',
      address: '::1',
      port: 6379
    },
    Error: connect ECONNREFUSED 127.0.0.1:6379
        at createConnectionError (node:net:1652:14)
        at afterConnectMultiple (node:net:1682:16)
        at TCPConnectWrap.callbackTrampoline (node:internal/async_hooks:130:17) {
      errno: -111,
      code: 'ECONNREFUSED',
      syscall: 'connect',
      address: '127.0.0.1',
      port: 6379
    }
  ]
}
AggregateError [ECONNREFUSED]: 
    at internalConnectMultiple (node:net:1122:18)
    at afterConnectMultiple (node:net:1689:7)
    at TCPConnectWrap.callbackTrampoline (node:internal/async_hooks:130:17) {
  code: 'ECONNREFUSED',
  [errors]: [
    Error: connect ECONNREFUSED ::1:6379
        at createConnectionError (node:net:1652:14)
        at afterConnectMultiple (node:net:1682:16)
        at TCPConnectWrap.callbackTrampoline (node:internal/async_hooks:130:17) {
      errno: -111,
      code: 'ECONNREFUSED',
      syscall: 'connect',
      address: '::1',
      port: 6379
    },
    Error: connect ECONNREFUSED 127.0.0.1:6379
        at createConnectionError (node:net:1652:14)
        at afterConnectMultiple (node:net:1682:16)
        at TCPConnectWrap.callbackTrampoline (node:internal/async_hooks:130:17) {
      errno: -111,
      code: 'ECONNREFUSED',
      syscall: 'connect',
      address: '127.0.0.1',
      port: 6379
    }
  ]
}
{"level":"error","message":"Redis connection error","timestamp":"2026-02-16T06:36:57.147Z","error":{"message":"","stack":"AggregateError [ECONNREFUSED]: \n    at internalConnectMultiple (node:net:1122:18)\n    at afterConnectMultiple (node:net:1689:7)\n    at TCPConnectWrap.callbackTrampoline (node:internal/async_hooks:130:17)","name":"AggregateError"}}
{"level":"warn","message":"Redis connection closed","timestamp":"2026-02-16T06:36:57.147Z","service":"RenderQueue"}
AggregateError [ECONNREFUSED]: 
    at internalConnectMultiple (node:net:1122:18)
    at afterConnectMultiple (node:net:1689:7)
    at TCPConnectWrap.callbackTrampoline (node:internal/async_hooks:130:17) {
  code: 'ECONNREFUSED',
  [errors]: [
    Error: connect ECONNREFUSED ::1:6379
        at createConnectionError (node:net:1652:14)
        at afterConnectMultiple (node:net:1682:16)
        at TCPConnectWrap.callbackTrampoline (node:internal/async_hooks:130:17) {
      errno: -111,
      code: 'ECONNREFUSED',
      syscall: 'connect',
      address: '::1',
      port: 6379
    },
    Error: connect ECONNREFUSED 127.0.0.1:6379
        at createConnectionError (node:net:1652:14)
        at afterConnectMultiple (node:net:1682:16)
        at TCPConnectWrap.callbackTrampoline (node:internal/async_hooks:130:17) {
      errno: -111,
      code: 'ECONNREFUSED',
      syscall: 'connect',
      address: '127.0.0.1',
      port: 6379
    }
  ]
}
AggregateError [ECONNREFUSED]: 
    at internalConnectMultiple (node:net:1122:18)
    at afterConnectMultiple (node:net:1689:7)
    at TCPConnectWrap.callbackTrampoline (node:internal/async_hooks:130:17) {
  code: 'ECONNREFUSED',
  [errors]: [
    Error: connect ECONNREFUSED ::1:6379
        at createConnectionError (node:net:1652:14)
        at afterConnectMultiple (node:net:1682:16)
        at TCPConnectWrap.callbackTrampoline (node:internal/async_hooks:130:17) {
      errno: -111,
      code: 'ECONNREFUSED',
      syscall: 'connect',
      address: '::1',
      port: 6379
    },
    Error: connect ECONNREFUSED 127.0.0.1:6379
        at createConnectionError (node:net:1652:14)
        at afterConnectMultiple (node:net:1682:16)
        at TCPConnectWrap.callbackTrampoline (node:internal/async_hooks:130:17) {
      errno: -111,
      code: 'ECONNREFUSED',
      syscall: 'connect',
      address: '127.0.0.1',
      port: 6379
    }
  ]
}
{"level":"error","message":"Redis cache error","timestamp":"2026-02-16T06:36:57.983Z","error":{"message":"","stack":"AggregateError [ECONNREFUSED]: \n    at internalConnectMultiple (node:net:1122:18)\n    at afterConnectMultiple (node:net:1689:7)\n    at TCPConnectWrap.callbackTrampoline (node:internal/async_hooks:130:17)","name":"AggregateError"}}
AggregateError [ECONNREFUSED]: 
    at internalConnectMultiple (node:net:1122:18)
    at afterConnectMultiple (node:net:1689:7)
    at TCPConnectWrap.callbackTrampoline (node:internal/async_hooks:130:17) {
  code: 'ECONNREFUSED',
  [errors]: [
    Error: connect ECONNREFUSED ::1:6379
        at createConnectionError (node:net:1652:14)
        at afterConnectMultiple (node:net:1682:16)
        at TCPConnectWrap.callbackTrampoline (node:internal/async_hooks:130:17) {
      errno: -111,
      code: 'ECONNREFUSED',
      syscall: 'connect',
      address: '::1',
      port: 6379
    },
    Error: connect ECONNREFUSED 127.0.0.1:6379
        at createConnectionError (node:net:1652:14)
        at afterConnectMultiple (node:net:1682:16)
        at TCPConnectWrap.callbackTrampoline (node:internal/async_hooks:130:17) {
      errno: -111,
      code: 'ECONNREFUSED',
      syscall: 'connect',
      address: '127.0.0.1',
      port: 6379
    }
  ]
}
{"level":"error","message":"Redis connection error","timestamp":"2026-02-16T06:36:58.501Z","error":{"message":"","stack":"AggregateError [ECONNREFUSED]: \n    at internalConnectMultiple (node:net:1122:18)\n    at afterConnectMultiple (node:net:1689:7)\n    at TCPConnectWrap.callbackTrampoline (node:internal/async_hooks:130:17)","name":"AggregateError"}}
{"level":"warn","message":"Redis connection closed","timestamp":"2026-02-16T06:36:58.501Z","service":"RenderQueue"}
AggregateError [ECONNREFUSED]: 
    at internalConnectMultiple (node:net:1122:18)
    at afterConnectMultiple (node:net:1689:7)
    at TCPConnectWrap.callbackTrampoline (node:internal/async_hooks:130:17) {
  code: 'ECONNREFUSED',
  [errors]: [
    Error: connect ECONNREFUSED ::1:6379
        at createConnectionError (node:net:1652:14)
        at afterConnectMultiple (node:net:1682:16)
        at TCPConnectWrap.callbackTrampoline (node:internal/async_hooks:130:17) {
      errno: -111,
      code: 'ECONNREFUSED',
      syscall: 'connect',
      address: '::1',
      port: 6379
    },
    Error: connect ECONNREFUSED 127.0.0.1:6379
        at createConnectionError (node:net:1652:14)
        at afterConnectMultiple (node:net:1682:16)
        at TCPConnectWrap.callbackTrampoline (node:internal/async_hooks:130:17) {
      errno: -111,
      code: 'ECONNREFUSED',
      syscall: 'connect',
      address: '127.0.0.1',
      port: 6379
    }
  ]
}
AggregateError [ECONNREFUSED]: 
    at internalConnectMultiple (node:net:1122:18)
    at afterConnectMultiple (node:net:1689:7)
    at TCPConnectWrap.callbackTrampoline (node:internal/async_hooks:130:17) {
  code: 'ECONNREFUSED',
  [errors]: [
    Error: connect ECONNREFUSED ::1:6379
        at createConnectionError (node:net:1652:14)
        at afterConnectMultiple (node:net:1682:16)
        at TCPConnectWrap.callbackTrampoline (node:internal/async_hooks:130:17) {
      errno: -111,
      code: 'ECONNREFUSED',
      syscall: 'connect',
      address: '::1',
      port: 6379
    },
    Error: connect ECONNREFUSED 127.0.0.1:6379
        at createConnectionError (node:net:1652:14)
        at afterConnectMultiple (node:net:1682:16)
        at TCPConnectWrap.callbackTrampoline (node:internal/async_hooks:130:17) {
      errno: -111,
      code: 'ECONNREFUSED',
      syscall: 'connect',
      address: '127.0.0.1',
      port: 6379
    }
  ]
}
{"level":"error","message":"Redis cache error","timestamp":"2026-02-16T06:36:59.396Z","error":{"message":"","stack":"AggregateError [ECONNREFUSED]: \n    at internalConnectMultiple (node:net:1122:18)\n    at afterConnectMultiple (node:net:1689:7)\n    at TCPConnectWrap.callbackTrampoline (node:internal/async_hooks:130:17)","name":"AggregateError"}}
AggregateError [ECONNREFUSED]: 
    at internalConnectMultiple (node:net:1122:18)
    at afterConnectMultiple (node:net:1689:7)
    at TCPConnectWrap.callbackTrampoline (node:internal/async_hooks:130:17) {
  code: 'ECONNREFUSED',
  [errors]: [
    Error: connect ECONNREFUSED ::1:6379
        at createConnectionError (node:net:1652:14)
        at afterConnectMultiple (node:net:1682:16)
        at TCPConnectWrap.callbackTrampoline (node:internal/async_hooks:130:17) {
      errno: -111,
      code: 'ECONNREFUSED',
      syscall: 'connect',
      address: '::1',
      port: 6379
    },
    Error: connect ECONNREFUSED 127.0.0.1:6379
        at createConnectionError (node:net:1652:14)
        at afterConnectMultiple (node:net:1682:16)
        at TCPConnectWrap.callbackTrampoline (node:internal/async_hooks:130:17) {
      errno: -111,
      code: 'ECONNREFUSED',
      syscall: 'connect',
      address: '127.0.0.1',
      port: 6379
    }
  ]
}
{"level":"error","message":"Redis connection error","timestamp":"2026-02-16T06:36:56.178Z","error":{"message":"","stack":"AggregateError [ECONNREFUSED]: \n    at internalConnectMultiple (node:net:1122:18)\n    at afterConnectMultiple (node:net:1689:7)\n    at TCPConnectWrap.callbackTrampoline (node:internal/async_hooks:130:17)","name":"AggregateError"}}
{"level":"warn","message":"Redis connection closed","timestamp":"2026-02-16T06:36:56.178Z","service":"RenderQueue"}
AggregateError [ECONNREFUSED]: 
    at internalConnectMultiple (node:net:1122:18)
    at afterConnectMultiple (node:net:1689:7)
    at TCPConnectWrap.callbackTrampoline (node:internal/async_hooks:130:17) {
  code: 'ECONNREFUSED',
  [errors]: [
    Error: connect ECONNREFUSED ::1:6379
        at createConnectionError (node:net:1652:14)
        at afterConnectMultiple (node:net:1682:16)
        at TCPConnectWrap.callbackTrampoline (node:internal/async_hooks:130:17) {
      errno: -111,
      code: 'ECONNREFUSED',
      syscall: 'connect',
      address: '::1',
      port: 6379
    },
    Error: connect ECONNREFUSED 127.0.0.1:6379
        at createConnectionError (node:net:1652:14)
        at afterConnectMultiple (node:net:1682:16)
        at TCPConnectWrap.callbackTrampoline (node:internal/async_hooks:130:17) {
      errno: -111,
      code: 'ECONNREFUSED',
      syscall: 'connect',
      address: '127.0.0.1',
      port: 6379
    }
  ]
}
{"level":"error","message":"Redis cache error","timestamp":"2026-02-16T06:36:56.262Z","error":{"message":"","stack":"AggregateError [ECONNREFUSED]: \n    at internalConnectMultiple (node:net:1122:18)\n    at afterConnectMultiple (node:net:1689:7)\n    at TCPConnectWrap.callbackTrampoline (node:internal/async_hooks:130:17)","name":"AggregateError"}}
AggregateError [ECONNREFUSED]: 
    at internalConnectMultiple (node:net:1122:18)
    at afterConnectMultiple (node:net:1689:7)
    at TCPConnectWrap.callbackTrampoline (node:internal/async_hooks:130:17) {
  code: 'ECONNREFUSED',
  [errors]: [
    Error: connect ECONNREFUSED ::1:6379
        at createConnectionError (node:net:1652:14)
        at afterConnectMultiple (node:net:1682:16)
        at TCPConnectWrap.callbackTrampoline (node:internal/async_hooks:130:17) {
      errno: -111,
      code: 'ECONNREFUSED',
      syscall: 'connect',
      address: '::1',
      port: 6379
    },
    Error: connect ECONNREFUSED 127.0.0.1:6379
        at createConnectionError (node:net:1652:14)
        at afterConnectMultiple (node:net:1682:16)
        at TCPConnectWrap.callbackTrampoline (node:internal/async_hooks:130:17) {
      errno: -111,
      code: 'ECONNREFUSED',
      syscall: 'connect',
      address: '127.0.0.1',
      port: 6379
    }
  ]
}
AggregateError [ECONNREFUSED]: 
    at internalConnectMultiple (node:net:1122:18)
    at afterConnectMultiple (node:net:1689:7)
    at TCPConnectWrap.callbackTrampoline (node:internal/async_hooks:130:17) {
  code: 'ECONNREFUSED',
  [errors]: [
    Error: connect ECONNREFUSED ::1:6379
        at createConnectionError (node:net:1652:14)
        at afterConnectMultiple (node:net:1682:16)
        at TCPConnectWrap.callbackTrampoline (node:internal/async_hooks:130:17) {
      errno: -111,
      code: 'ECONNREFUSED',
      syscall: 'connect',
      address: '::1',
      port: 6379
    },
    Error: connect ECONNREFUSED 127.0.0.1:6379
        at createConnectionError (node:net:1652:14)
        at afterConnectMultiple (node:net:1682:16)
        at TCPConnectWrap.callbackTrampoline (node:internal/async_hooks:130:17) {
      errno: -111,
      code: 'ECONNREFUSED',
      syscall: 'connect',
      address: '127.0.0.1',
      port: 6379
    }
  ]
}
AggregateError [ECONNREFUSED]: 
    at internalConnectMultiple (node:net:1122:18)
    at afterConnectMultiple (node:net:1689:7)
    at TCPConnectWrap.callbackTrampoline (node:internal/async_hooks:130:17) {
  code: 'ECONNREFUSED',
  [errors]: [
    Error: connect ECONNREFUSED ::1:6379
        at createConnectionError (node:net:1652:14)
        at afterConnectMultiple (node:net:1682:16)
        at TCPConnectWrap.callbackTrampoline (node:internal/async_hooks:130:17) {
      errno: -111,
      code: 'ECONNREFUSED',
      syscall: 'connect',
      address: '::1',
      port: 6379
    },
    Error: connect ECONNREFUSED 127.0.0.1:6379
        at createConnectionError (node:net:1652:14)
        at afterConnectMultiple (node:net:1682:16)
        at TCPConnectWrap.callbackTrampoline (node:internal/async_hooks:130:17) {
      errno: -111,
      code: 'ECONNREFUSED',
      syscall: 'connect',
      address: '127.0.0.1',
      port: 6379
    }
  ]
}
{"level":"error","message":"Redis connection error","timestamp":"2026-02-16T06:36:57.480Z","error":{"message":"","stack":"AggregateError [ECONNREFUSED]: \n    at internalConnectMultiple (node:net:1122:18)\n    at afterConnectMultiple (node:net:1689:7)\n    at TCPConnectWrap.callbackTrampoline (node:internal/async_hooks:130:17)","name":"AggregateError"}}
{"level":"warn","message":"Redis connection closed","timestamp":"2026-02-16T06:36:57.480Z","service":"RenderQueue"}
AggregateError [ECONNREFUSED]: 
    at internalConnectMultiple (node:net:1122:18)
    at afterConnectMultiple (node:net:1689:7)
    at TCPConnectWrap.callbackTrampoline (node:internal/async_hooks:130:17) {
  code: 'ECONNREFUSED',
  [errors]: [
    Error: connect ECONNREFUSED ::1:6379
        at createConnectionError (node:net:1652:14)
        at afterConnectMultiple (node:net:1682:16)
        at TCPConnectWrap.callbackTrampoline (node:internal/async_hooks:130:17) {
      errno: -111,
      code: 'ECONNREFUSED',
      syscall: 'connect',
      address: '::1',
      port: 6379
    },
    Error: connect ECONNREFUSED 127.0.0.1:6379
        at createConnectionError (node:net:1652:14)
        at afterConnectMultiple (node:net:1682:16)
        at TCPConnectWrap.callbackTrampoline (node:internal/async_hooks:130:17) {
      errno: -111,
      code: 'ECONNREFUSED',
      syscall: 'connect',
      address: '127.0.0.1',
      port: 6379
    }
  ]
}
AggregateError [ECONNREFUSED]: 
    at internalConnectMultiple (node:net:1122:18)
    at afterConnectMultiple (node:net:1689:7)
    at TCPConnectWrap.callbackTrampoline (node:internal/async_hooks:130:17) {
  code: 'ECONNREFUSED',
  [errors]: [
    Error: connect ECONNREFUSED ::1:6379
        at createConnectionError (node:net:1652:14)
        at afterConnectMultiple (node:net:1682:16)
        at TCPConnectWrap.callbackTrampoline (node:internal/async_hooks:130:17) {
      errno: -111,
      code: 'ECONNREFUSED',
      syscall: 'connect',
      address: '::1',
      port: 6379
    },
    Error: connect ECONNREFUSED 127.0.0.1:6379
        at createConnectionError (node:net:1652:14)
        at afterConnectMultiple (node:net:1682:16)
        at TCPConnectWrap.callbackTrampoline (node:internal/async_hooks:130:17) {
      errno: -111,
      code: 'ECONNREFUSED',
      syscall: 'connect',
      address: '127.0.0.1',
      port: 6379
    }
  ]
}
{"level":"error","message":"Redis cache error","timestamp":"2026-02-16T06:36:57.564Z","error":{"message":"","stack":"AggregateError [ECONNREFUSED]: \n    at internalConnectMultiple (node:net:1122:18)\n    at afterConnectMultiple (node:net:1689:7)\n    at TCPConnectWrap.callbackTrampoline (node:internal/async_hooks:130:17)","name":"AggregateError"}}
{"level":"error","message":"Redis connection error","timestamp":"2026-02-16T06:36:58.832Z","error":{"message":"","stack":"AggregateError [ECONNREFUSED]: \n    at internalConnectMultiple (node:net:1122:18)\n    at afterConnectMultiple (node:net:1689:7)\n    at TCPConnectWrap.callbackTrampoline (node:internal/async_hooks:130:17)","name":"AggregateError"}}
{"level":"warn","message":"Redis connection closed","timestamp":"2026-02-16T06:36:58.832Z","service":"RenderQueue"}
AggregateError [ECONNREFUSED]: 
    at internalConnectMultiple (node:net:1122:18)
    at afterConnectMultiple (node:net:1689:7)
    at TCPConnectWrap.callbackTrampoline (node:internal/async_hooks:130:17) {
  code: 'ECONNREFUSED',
  [errors]: [
    Error: connect ECONNREFUSED ::1:6379
        at createConnectionError (node:net:1652:14)
        at afterConnectMultiple (node:net:1682:16)
        at TCPConnectWrap.callbackTrampoline (node:internal/async_hooks:130:17) {
      errno: -111,
      code: 'ECONNREFUSED',
      syscall: 'connect',
      address: '::1',
      port: 6379
    },
    Error: connect ECONNREFUSED 127.0.0.1:6379
        at createConnectionError (node:net:1652:14)
        at afterConnectMultiple (node:net:1682:16)
        at TCPConnectWrap.callbackTrampoline (node:internal/async_hooks:130:17) {
      errno: -111,
      code: 'ECONNREFUSED',
      syscall: 'connect',
      address: '127.0.0.1',
      port: 6379
    }
  ]
}
AggregateError [ECONNREFUSED]: 
    at internalConnectMultiple (node:net:1122:18)
    at afterConnectMultiple (node:net:1689:7)
    at TCPConnectWrap.callbackTrampoline (node:internal/async_hooks:130:17) {
  code: 'ECONNREFUSED',
  [errors]: [
    Error: connect ECONNREFUSED ::1:6379
        at createConnectionError (node:net:1652:14)
        at afterConnectMultiple (node:net:1682:16)
        at TCPConnectWrap.callbackTrampoline (node:internal/async_hooks:130:17) {
      errno: -111,
      code: 'ECONNREFUSED',
      syscall: 'connect',
      address: '::1',
      port: 6379
    },
    Error: connect ECONNREFUSED 127.0.0.1:6379
        at createConnectionError (node:net:1652:14)
        at afterConnectMultiple (node:net:1682:16)
        at TCPConnectWrap.callbackTrampoline (node:internal/async_hooks:130:17) {
      errno: -111,
      code: 'ECONNREFUSED',
      syscall: 'connect',
      address: '127.0.0.1',
      port: 6379
    }
  ]
}
{"level":"error","message":"Redis cache error","timestamp":"2026-02-16T06:36:58.917Z","error":{"message":"","stack":"AggregateError [ECONNREFUSED]: \n    at internalConnectMultiple (node:net:1122:18)\n    at afterConnectMultiple (node:net:1689:7)\n    at TCPConnectWrap.callbackTrampoline (node:internal/async_hooks:130:17)","name":"AggregateError"}}
{"level":"error","message":"Failed to fetch rate limit stats","timestamp":"2026-02-16T06:36:58.202Z","error":{"message":"Dynamic server usage: Route /api/admin/rate-limits/stats couldn't be rendered statically because it used `request.headers`. See more info here: https://nextjs.org/docs/messages/dynamic-server-error","stack":"Error: Dynamic server usage: Route /api/admin/rate-limits/stats couldn't be rendered statically because it used `request.headers`. See more info here: https://nextjs.org/docs/messages/dynamic-server-error\n    at V (/root/_MVP_Video_TecnicoCursos_v7/estudio_ia_videos/node_modules/next/dist/compiled/next-server/app-route.runtime.prod.js:6:21778)\n    at Object.get (/root/_MVP_Video_TecnicoCursos_v7/estudio_ia_videos/node_modules/next/dist/compiled/next-server/app-route.runtime.prod.js:6:29465)\n    at g (/root/_MVP_Video_TecnicoCursos_v7/estudio_ia_videos/.next/server/app/api/admin/activity/route.js:14:1992)\n    at g (/root/_MVP_Video_TecnicoCursos_v7/estudio_ia_videos/.next/server/app/api/admin/rate-limits/stats/route.js:1:2990)\n    at /root/_MVP_Video_TecnicoCursos_v7/estudio_ia_videos/node_modules/next/dist/compiled/next-server/app-route.runtime.prod.js:6:38417\n    at /root/_MVP_Video_TecnicoCursos_v7/estudio_ia_videos/node_modules/next/dist/server/lib/trace/tracer.js:140:36\n    at NoopContextManager.with (/root/_MVP_Video_TecnicoCursos_v7/estudio_ia_videos/node_modules/@opentelemetry/api/build/src/context/NoopContextManager.js:25:19)\n    at ContextAPI.with (/root/_MVP_Video_TecnicoCursos_v7/estudio_ia_videos/node_modules/@opentelemetry/api/build/src/api/context.js:60:46)\n    at NoopTracer.startActiveSpan (/root/_MVP_Video_TecnicoCursos_v7/estudio_ia_videos/node_modules/@opentelemetry/api/build/src/trace/NoopTracer.js:65:31)\n    at ProxyTracer.startActiveSpan (/root/_MVP_Video_TecnicoCursos_v7/estudio_ia_videos/node_modules/@opentelemetry/api/build/src/trace/ProxyTracer.js:36:24)","name":"Error"}}
{"level":"error","message":"Redis cache error","timestamp":"2026-02-16T06:36:58.272Z","error":{"message":"","stack":"AggregateError [ECONNREFUSED]: \n    at internalConnectMultiple (node:net:1122:18)\n    at afterConnectMultiple (node:net:1689:7)\n    at TCPConnectWrap.callbackTrampoline (node:internal/async_hooks:130:17)","name":"AggregateError"}}
AggregateError [ECONNREFUSED]: 
    at internalConnectMultiple (node:net:1122:18)
    at afterConnectMultiple (node:net:1689:7)
    at TCPConnectWrap.callbackTrampoline (node:internal/async_hooks:130:17) {
  code: 'ECONNREFUSED',
  [errors]: [
    Error: connect ECONNREFUSED ::1:6379
        at createConnectionError (node:net:1652:14)
        at afterConnectMultiple (node:net:1682:16)
        at TCPConnectWrap.callbackTrampoline (node:internal/async_hooks:130:17) {
      errno: -111,
      code: 'ECONNREFUSED',
      syscall: 'connect',
      address: '::1',
      port: 6379
    },
    Error: connect ECONNREFUSED 127.0.0.1:6379
        at createConnectionError (node:net:1652:14)
        at afterConnectMultiple (node:net:1682:16)
        at TCPConnectWrap.callbackTrampoline (node:internal/async_hooks:130:17) {
      errno: -111,
      code: 'ECONNREFUSED',
      syscall: 'connect',
      address: '127.0.0.1',
      port: 6379
    }
  ]
}
AggregateError [ECONNREFUSED]: 
    at internalConnectMultiple (node:net:1122:18)
    at afterConnectMultiple (node:net:1689:7)
    at TCPConnectWrap.callbackTrampoline (node:internal/async_hooks:130:17) {
  code: 'ECONNREFUSED',
  [errors]: [
    Error: connect ECONNREFUSED ::1:6379
        at createConnectionError (node:net:1652:14)
        at afterConnectMultiple (node:net:1682:16)
        at TCPConnectWrap.callbackTrampoline (node:internal/async_hooks:130:17) {
      errno: -111,
      code: 'ECONNREFUSED',
      syscall: 'connect',
      address: '::1',
      port: 6379
    },
    Error: connect ECONNREFUSED 127.0.0.1:6379
        at createConnectionError (node:net:1652:14)
        at afterConnectMultiple (node:net:1682:16)
        at TCPConnectWrap.callbackTrampoline (node:internal/async_hooks:130:17) {
      errno: -111,
      code: 'ECONNREFUSED',
      syscall: 'connect',
      address: '127.0.0.1',
      port: 6379
    }
  ]
}
AggregateError [ECONNREFUSED]: 
    at internalConnectMultiple (node:net:1122:18)
    at afterConnectMultiple (node:net:1689:7)
    at TCPConnectWrap.callbackTrampoline (node:internal/async_hooks:130:17) {
  code: 'ECONNREFUSED',
  [errors]: [
    Error: connect ECONNREFUSED ::1:6379
        at createConnectionError (node:net:1652:14)
        at afterConnectMultiple (node:net:1682:16)
        at TCPConnectWrap.callbackTrampoline (node:internal/async_hooks:130:17) {
      errno: -111,
      code: 'ECONNREFUSED',
      syscall: 'connect',
      address: '::1',
      port: 6379
    },
    Error: connect ECONNREFUSED 127.0.0.1:6379
        at createConnectionError (node:net:1652:14)
        at afterConnectMultiple (node:net:1682:16)
        at TCPConnectWrap.callbackTrampoline (node:internal/async_hooks:130:17) {
      errno: -111,
      code: 'ECONNREFUSED',
      syscall: 'connect',
      address: '127.0.0.1',
      port: 6379
    }
  ]
}
{"level":"error","message":"Redis connection error","timestamp":"2026-02-16T06:36:58.891Z","error":{"message":"","stack":"AggregateError [ECONNREFUSED]: \n    at internalConnectMultiple (node:net:1122:18)\n    at afterConnectMultiple (node:net:1689:7)\n    at TCPConnectWrap.callbackTrampoline (node:internal/async_hooks:130:17)","name":"AggregateError"}}
{"level":"warn","message":"Redis connection closed","timestamp":"2026-02-16T06:36:58.891Z","service":"RenderQueue"}
{"level":"error","message":"Redis cache error","timestamp":"2026-02-16T06:36:59.678Z","error":{"message":"","stack":"AggregateError [ECONNREFUSED]: \n    at internalConnectMultiple (node:net:1122:18)\n    at afterConnectMultiple (node:net:1689:7)\n    at TCPConnectWrap.callbackTrampoline (node:internal/async_hooks:130:17)","name":"AggregateError"}}
{"level":"error","message":"Redis connection error","timestamp":"2026-02-16T06:36:59.902Z","error":{"message":"","stack":"AggregateError [ECONNREFUSED]: \n    at internalConnectMultiple (node:net:1122:18)\n    at afterConnectMultiple (node:net:1689:7)\n    at TCPConnectWrap.callbackTrampoline (node:internal/async_hooks:130:17)","name":"AggregateError"}}
{"level":"warn","message":"Redis connection closed","timestamp":"2026-02-16T06:36:59.903Z","service":"RenderQueue"}
AggregateError [ECONNREFUSED]: 
    at internalConnectMultiple (node:net:1122:18)
    at afterConnectMultiple (node:net:1689:7)
    at TCPConnectWrap.callbackTrampoline (node:internal/async_hooks:130:17) {
  code: 'ECONNREFUSED',
  [errors]: [
    Error: connect ECONNREFUSED ::1:6379
        at createConnectionError (node:net:1652:14)
        at afterConnectMultiple (node:net:1682:16)
        at TCPConnectWrap.callbackTrampoline (node:internal/async_hooks:130:17) {
      errno: -111,
      code: 'ECONNREFUSED',
      syscall: 'connect',
      address: '::1',
      port: 6379
    },
    Error: connect ECONNREFUSED 127.0.0.1:6379
        at createConnectionError (node:net:1652:14)
        at afterConnectMultiple (node:net:1682:16)
        at TCPConnectWrap.callbackTrampoline (node:internal/async_hooks:130:17) {
      errno: -111,
      code: 'ECONNREFUSED',
      syscall: 'connect',
      address: '127.0.0.1',
      port: 6379
    }
  ]
}
AggregateError [ECONNREFUSED]: 
    at internalConnectMultiple (node:net:1122:18)
    at afterConnectMultiple (node:net:1689:7)
    at TCPConnectWrap.callbackTrampoline (node:internal/async_hooks:130:17) {
  code: 'ECONNREFUSED',
  [errors]: [
    Error: connect ECONNREFUSED ::1:6379
        at createConnectionError (node:net:1652:14)
        at afterConnectMultiple (node:net:1682:16)
        at TCPConnectWrap.callbackTrampoline (node:internal/async_hooks:130:17) {
      errno: -111,
      code: 'ECONNREFUSED',
      syscall: 'connect',
      address: '::1',
      port: 6379
    },
    Error: connect ECONNREFUSED 127.0.0.1:6379
        at createConnectionError (node:net:1652:14)
        at afterConnectMultiple (node:net:1682:16)
        at TCPConnectWrap.callbackTrampoline (node:internal/async_hooks:130:17) {
      errno: -111,
      code: 'ECONNREFUSED',
      syscall: 'connect',
      address: '127.0.0.1',
      port: 6379
    }
  ]
}
AggregateError [ECONNREFUSED]: 
    at internalConnectMultiple (node:net:1122:18)
    at afterConnectMultiple (node:net:1689:7)
    at TCPConnectWrap.callbackTrampoline (node:internal/async_hooks:130:17) {
  code: 'ECONNREFUSED',
  [errors]: [
    Error: connect ECONNREFUSED ::1:6379
        at createConnectionError (node:net:1652:14)
        at afterConnectMultiple (node:net:1682:16)
        at TCPConnectWrap.callbackTrampoline (node:internal/async_hooks:130:17) {
      errno: -111,
      code: 'ECONNREFUSED',
      syscall: 'connect',
      address: '::1',
      port: 6379
    },
    Error: connect ECONNREFUSED 127.0.0.1:6379
        at createConnectionError (node:net:1652:14)
        at afterConnectMultiple (node:net:1682:16)
        at TCPConnectWrap.callbackTrampoline (node:internal/async_hooks:130:17) {
      errno: -111,
      code: 'ECONNREFUSED',
      syscall: 'connect',
      address: '127.0.0.1',
      port: 6379
    }
  ]
}
{"level":"error","message":"Redis cache error","timestamp":"2026-02-16T06:37:00.850Z","error":{"message":"","stack":"AggregateError [ECONNREFUSED]: \n    at internalConnectMultiple (node:net:1122:18)\n    at afterConnectMultiple (node:net:1689:7)\n    at TCPConnectWrap.callbackTrampoline (node:internal/async_hooks:130:17)","name":"AggregateError"}}
{"level":"error","message":"Redis connection error","timestamp":"2026-02-16T06:37:01.355Z","error":{"message":"","stack":"AggregateError [ECONNREFUSED]: \n    at internalConnectMultiple (node:net:1122:18)\n    at afterConnectMultiple (node:net:1689:7)\n    at TCPConnectWrap.callbackTrampoline (node:internal/async_hooks:130:17)","name":"AggregateError"}}
{"level":"warn","message":"Redis connection closed","timestamp":"2026-02-16T06:37:01.355Z","service":"RenderQueue"}
AggregateError [ECONNREFUSED]: 
    at internalConnectMultiple (node:net:1122:18)
    at afterConnectMultiple (node:net:1689:7)
    at TCPConnectWrap.callbackTrampoline (node:internal/async_hooks:130:17) {
  code: 'ECONNREFUSED',
  [errors]: [
    Error: connect ECONNREFUSED ::1:6379
        at createConnectionError (node:net:1652:14)
        at afterConnectMultiple (node:net:1682:16)
        at TCPConnectWrap.callbackTrampoline (node:internal/async_hooks:130:17) {
      errno: -111,
      code: 'ECONNREFUSED',
      syscall: 'connect',
      address: '::1',
      port: 6379
    },
    Error: connect ECONNREFUSED 127.0.0.1:6379
        at createConnectionError (node:net:1652:14)
        at afterConnectMultiple (node:net:1682:16)
        at TCPConnectWrap.callbackTrampoline (node:internal/async_hooks:130:17) {
      errno: -111,
      code: 'ECONNREFUSED',
      syscall: 'connect',
      address: '127.0.0.1',
      port: 6379
    }
  ]
}
AggregateError [ECONNREFUSED]: 
    at internalConnectMultiple (node:net:1122:18)
    at afterConnectMultiple (node:net:1689:7)
    at TCPConnectWrap.callbackTrampoline (node:internal/async_hooks:130:17) {
  code: 'ECONNREFUSED',
  [errors]: [
    Error: connect ECONNREFUSED ::1:6379
        at createConnectionError (node:net:1652:14)
        at afterConnectMultiple (node:net:1682:16)
        at TCPConnectWrap.callbackTrampoline (node:internal/async_hooks:130:17) {
      errno: -111,
      code: 'ECONNREFUSED',
      syscall: 'connect',
      address: '::1',
      port: 6379
    },
    Error: connect ECONNREFUSED 127.0.0.1:6379
        at createConnectionError (node:net:1652:14)
        at afterConnectMultiple (node:net:1682:16)
        at TCPConnectWrap.callbackTrampoline (node:internal/async_hooks:130:17) {
      errno: -111,
      code: 'ECONNREFUSED',
      syscall: 'connect',
      address: '127.0.0.1',
      port: 6379
    }
  ]
}
AggregateError [ECONNREFUSED]: 
    at internalConnectMultiple (node:net:1122:18)
    at afterConnectMultiple (node:net:1689:7)
    at TCPConnectWrap.callbackTrampoline (node:internal/async_hooks:130:17) {
  code: 'ECONNREFUSED',
  [errors]: [
    Error: connect ECONNREFUSED ::1:6379
        at createConnectionError (node:net:1652:14)
        at afterConnectMultiple (node:net:1682:16)
        at TCPConnectWrap.callbackTrampoline (node:internal/async_hooks:130:17) {
      errno: -111,
      code: 'ECONNREFUSED',
      syscall: 'connect',
      address: '::1',
      port: 6379
    },
    Error: connect ECONNREFUSED 127.0.0.1:6379
        at createConnectionError (node:net:1652:14)
        at afterConnectMultiple (node:net:1682:16)
        at TCPConnectWrap.callbackTrampoline (node:internal/async_hooks:130:17) {
      errno: -111,
      code: 'ECONNREFUSED',
      syscall: 'connect',
      address: '127.0.0.1',
      port: 6379
    }
  ]
}
{"level":"error","message":"Redis cache error","timestamp":"2026-02-16T06:37:02.353Z","error":{"message":"","stack":"AggregateError [ECONNREFUSED]: \n    at internalConnectMultiple (node:net:1122:18)\n    at afterConnectMultiple (node:net:1689:7)\n    at TCPConnectWrap.callbackTrampoline (node:internal/async_hooks:130:17)","name":"AggregateError"}}
{"level":"error","message":"Redis connection error","timestamp":"2026-02-16T06:37:02.861Z","error":{"message":"","stack":"AggregateError [ECONNREFUSED]: \n    at internalConnectMultiple (node:net:1122:18)\n    at afterConnectMultiple (node:net:1689:7)\n    at TCPConnectWrap.callbackTrampoline (node:internal/async_hooks:130:17)","name":"AggregateError"}}
{"level":"warn","message":"Redis connection closed","timestamp":"2026-02-16T06:37:02.861Z","service":"RenderQueue"}
AggregateError [ECONNREFUSED]: 
    at internalConnectMultiple (node:net:1122:18)
    at afterConnectMultiple (node:net:1689:7)
    at TCPConnectWrap.callbackTrampoline (node:internal/async_hooks:130:17) {
  code: 'ECONNREFUSED',
  [errors]: [
    Error: connect ECONNREFUSED ::1:6379
        at createConnectionError (node:net:1652:14)
        at afterConnectMultiple (node:net:1682:16)
        at TCPConnectWrap.callbackTrampoline (node:internal/async_hooks:130:17) {
      errno: -111,
      code: 'ECONNREFUSED',
      syscall: 'connect',
      address: '::1',
      port: 6379
    },
    Error: connect ECONNREFUSED 127.0.0.1:6379
        at createConnectionError (node:net:1652:14)
        at afterConnectMultiple (node:net:1682:16)
        at TCPConnectWrap.callbackTrampoline (node:internal/async_hooks:130:17) {
      errno: -111,
      code: 'ECONNREFUSED',
      syscall: 'connect',
      address: '127.0.0.1',
      port: 6379
    }
  ]
}
AggregateError [ECONNREFUSED]: 
    at internalConnectMultiple (node:net:1122:18)
    at afterConnectMultiple (node:net:1689:7)
    at TCPConnectWrap.callbackTrampoline (node:internal/async_hooks:130:17) {
  code: 'ECONNREFUSED',
  [errors]: [
    Error: connect ECONNREFUSED ::1:6379
        at createConnectionError (node:net:1652:14)
        at afterConnectMultiple (node:net:1682:16)
        at TCPConnectWrap.callbackTrampoline (node:internal/async_hooks:130:17) {
      errno: -111,
      code: 'ECONNREFUSED',
      syscall: 'connect',
      address: '::1',
      port: 6379
    },
    Error: connect ECONNREFUSED 127.0.0.1:6379
        at createConnectionError (node:net:1652:14)
        at afterConnectMultiple (node:net:1682:16)
        at TCPConnectWrap.callbackTrampoline (node:internal/async_hooks:130:17) {
      errno: -111,
      code: 'ECONNREFUSED',
      syscall: 'connect',
      address: '127.0.0.1',
      port: 6379
    }
  ]
}
{"level":"error","message":"Redis cache error","timestamp":"2026-02-16T06:37:03.906Z","error":{"message":"","stack":"AggregateError [ECONNREFUSED]: \n    at internalConnectMultiple (node:net:1122:18)\n    at afterConnectMultiple (node:net:1689:7)\n    at TCPConnectWrap.callbackTrampoline (node:internal/async_hooks:130:17)","name":"AggregateError"}}
AggregateError [ECONNREFUSED]: 
    at internalConnectMultiple (node:net:1122:18)
    at afterConnectMultiple (node:net:1689:7)
    at TCPConnectWrap.callbackTrampoline (node:internal/async_hooks:130:17) {
  code: 'ECONNREFUSED',
  [errors]: [
    Error: connect ECONNREFUSED ::1:6379
        at createConnectionError (node:net:1652:14)
        at afterConnectMultiple (node:net:1682:16)
        at TCPConnectWrap.callbackTrampoline (node:internal/async_hooks:130:17) {
      errno: -111,
      code: 'ECONNREFUSED',
      syscall: 'connect',
      address: '::1',
      port: 6379
    },
    Error: connect ECONNREFUSED 127.0.0.1:6379
        at createConnectionError (node:net:1652:14)
        at afterConnectMultiple (node:net:1682:16)
        at TCPConnectWrap.callbackTrampoline (node:internal/async_hooks:130:17) {
      errno: -111,
      code: 'ECONNREFUSED',
      syscall: 'connect',
      address: '127.0.0.1',
      port: 6379
    }
  ]
}
AggregateError [ECONNREFUSED]: 
    at internalConnectMultiple (node:net:1122:18)
    at afterConnectMultiple (node:net:1689:7)
    at TCPConnectWrap.callbackTrampoline (node:internal/async_hooks:130:17) {
  code: 'ECONNREFUSED',
  [errors]: [
    Error: connect ECONNREFUSED ::1:6379
        at createConnectionError (node:net:1652:14)
        at afterConnectMultiple (node:net:1682:16)
        at TCPConnectWrap.callbackTrampoline (node:internal/async_hooks:130:17) {
      errno: -111,
      code: 'ECONNREFUSED',
      syscall: 'connect',
      address: '::1',
      port: 6379
    },
    Error: connect ECONNREFUSED 127.0.0.1:6379
        at createConnectionError (node:net:1652:14)
        at afterConnectMultiple (node:net:1682:16)
        at TCPConnectWrap.callbackTrampoline (node:internal/async_hooks:130:17) {
      errno: -111,
      code: 'ECONNREFUSED',
      syscall: 'connect',
      address: '127.0.0.1',
      port: 6379
    }
  ]
}
AggregateError [ECONNREFUSED]: 
    at internalConnectMultiple (node:net:1122:18)
    at afterConnectMultiple (node:net:1689:7)
    at TCPConnectWrap.callbackTrampoline (node:internal/async_hooks:130:17) {
  code: 'ECONNREFUSED',
  [errors]: [
    Error: connect ECONNREFUSED ::1:6379
        at createConnectionError (node:net:1652:14)
        at afterConnectMultiple (node:net:1682:16)
        at TCPConnectWrap.callbackTrampoline (node:internal/async_hooks:130:17) {
      errno: -111,
      code: 'ECONNREFUSED',
      syscall: 'connect',
      address: '::1',
      port: 6379
    },
    Error: connect ECONNREFUSED 127.0.0.1:6379
        at createConnectionError (node:net:1652:14)
        at afterConnectMultiple (node:net:1682:16)
        at TCPConnectWrap.callbackTrampoline (node:internal/async_hooks:130:17) {
      errno: -111,
      code: 'ECONNREFUSED',
      syscall: 'connect',
      address: '127.0.0.1',
      port: 6379
    }
  ]
}
AggregateError [ECONNREFUSED]: 
    at internalConnectMultiple (node:net:1122:18)
    at afterConnectMultiple (node:net:1689:7)
    at TCPConnectWrap.callbackTrampoline (node:internal/async_hooks:130:17) {
  code: 'ECONNREFUSED',
  [errors]: [
    Error: connect ECONNREFUSED ::1:6379
        at createConnectionError (node:net:1652:14)
        at afterConnectMultiple (node:net:1682:16)
        at TCPConnectWrap.callbackTrampoline (node:internal/async_hooks:130:17) {
      errno: -111,
      code: 'ECONNREFUSED',
      syscall: 'connect',
      address: '::1',
      port: 6379
    },
    Error: connect ECONNREFUSED 127.0.0.1:6379
        at createConnectionError (node:net:1652:14)
        at afterConnectMultiple (node:net:1682:16)
        at TCPConnectWrap.callbackTrampoline (node:internal/async_hooks:130:17) {
      errno: -111,
      code: 'ECONNREFUSED',
      syscall: 'connect',
      address: '127.0.0.1',
      port: 6379
    }
  ]
}
{"level":"error","message":"Redis connection error","timestamp":"2026-02-16T06:37:00.293Z","error":{"message":"","stack":"AggregateError [ECONNREFUSED]: \n    at internalConnectMultiple (node:net:1122:18)\n    at afterConnectMultiple (node:net:1689:7)\n    at TCPConnectWrap.callbackTrampoline (node:internal/async_hooks:130:17)","name":"AggregateError"}}
{"level":"warn","message":"Redis connection closed","timestamp":"2026-02-16T06:37:00.294Z","service":"RenderQueue"}
{"level":"error","message":"Redis cache error","timestamp":"2026-02-16T06:37:01.132Z","error":{"message":"","stack":"AggregateError [ECONNREFUSED]: \n    at internalConnectMultiple (node:net:1122:18)\n    at afterConnectMultiple (node:net:1689:7)\n    at TCPConnectWrap.callbackTrampoline (node:internal/async_hooks:130:17)","name":"AggregateError"}}
AggregateError [ECONNREFUSED]: 
    at internalConnectMultiple (node:net:1122:18)
    at afterConnectMultiple (node:net:1689:7)
    at TCPConnectWrap.callbackTrampoline (node:internal/async_hooks:130:17) {
  code: 'ECONNREFUSED',
  [errors]: [
    Error: connect ECONNREFUSED ::1:6379
        at createConnectionError (node:net:1652:14)
        at afterConnectMultiple (node:net:1682:16)
        at TCPConnectWrap.callbackTrampoline (node:internal/async_hooks:130:17) {
      errno: -111,
      code: 'ECONNREFUSED',
      syscall: 'connect',
      address: '::1',
      port: 6379
    },
    Error: connect ECONNREFUSED 127.0.0.1:6379
        at createConnectionError (node:net:1652:14)
        at afterConnectMultiple (node:net:1682:16)
        at TCPConnectWrap.callbackTrampoline (node:internal/async_hooks:130:17) {
      errno: -111,
      code: 'ECONNREFUSED',
      syscall: 'connect',
      address: '127.0.0.1',
      port: 6379
    }
  ]
}
AggregateError [ECONNREFUSED]: 
    at internalConnectMultiple (node:net:1122:18)
    at afterConnectMultiple (node:net:1689:7)
    at TCPConnectWrap.callbackTrampoline (node:internal/async_hooks:130:17) {
  code: 'ECONNREFUSED',
  [errors]: [
    Error: connect ECONNREFUSED ::1:6379
        at createConnectionError (node:net:1652:14)
        at afterConnectMultiple (node:net:1682:16)
        at TCPConnectWrap.callbackTrampoline (node:internal/async_hooks:130:17) {
      errno: -111,
      code: 'ECONNREFUSED',
      syscall: 'connect',
      address: '::1',
      port: 6379
    },
    Error: connect ECONNREFUSED 127.0.0.1:6379
        at createConnectionError (node:net:1652:14)
        at afterConnectMultiple (node:net:1682:16)
        at TCPConnectWrap.callbackTrampoline (node:internal/async_hooks:130:17) {
      errno: -111,
      code: 'ECONNREFUSED',
      syscall: 'connect',
      address: '127.0.0.1',
      port: 6379
    }
  ]
}
AggregateError [ECONNREFUSED]: 
    at internalConnectMultiple (node:net:1122:18)
    at afterConnectMultiple (node:net:1689:7)
    at TCPConnectWrap.callbackTrampoline (node:internal/async_hooks:130:17) {
  code: 'ECONNREFUSED',
  [errors]: [
    Error: connect ECONNREFUSED ::1:6379
        at createConnectionError (node:net:1652:14)
        at afterConnectMultiple (node:net:1682:16)
        at TCPConnectWrap.callbackTrampoline (node:internal/async_hooks:130:17) {
      errno: -111,
      code: 'ECONNREFUSED',
      syscall: 'connect',
      address: '::1',
      port: 6379
    },
    Error: connect ECONNREFUSED 127.0.0.1:6379
        at createConnectionError (node:net:1652:14)
        at afterConnectMultiple (node:net:1682:16)
        at TCPConnectWrap.callbackTrampoline (node:internal/async_hooks:130:17) {
      errno: -111,
      code: 'ECONNREFUSED',
      syscall: 'connect',
      address: '127.0.0.1',
      port: 6379
    }
  ]
}
{"level":"error","message":"Redis connection error","timestamp":"2026-02-16T06:37:01.761Z","error":{"message":"","stack":"AggregateError [ECONNREFUSED]: \n    at internalConnectMultiple (node:net:1122:18)\n    at afterConnectMultiple (node:net:1689:7)\n    at TCPConnectWrap.callbackTrampoline (node:internal/async_hooks:130:17)","name":"AggregateError"}}
{"level":"warn","message":"Redis connection closed","timestamp":"2026-02-16T06:37:01.762Z","service":"RenderQueue"}
{"level":"error","message":"Redis cache error","timestamp":"2026-02-16T06:37:02.669Z","error":{"message":"","stack":"AggregateError [ECONNREFUSED]: \n    at internalConnectMultiple (node:net:1122:18)\n    at afterConnectMultiple (node:net:1689:7)\n    at TCPConnectWrap.callbackTrampoline (node:internal/async_hooks:130:17)","name":"AggregateError"}}
AggregateError [ECONNREFUSED]: 
    at internalConnectMultiple (node:net:1122:18)
    at afterConnectMultiple (node:net:1689:7)
    at TCPConnectWrap.callbackTrampoline (node:internal/async_hooks:130:17) {
  code: 'ECONNREFUSED',
  [errors]: [
    Error: connect ECONNREFUSED ::1:6379
        at createConnectionError (node:net:1652:14)
        at afterConnectMultiple (node:net:1682:16)
        at TCPConnectWrap.callbackTrampoline (node:internal/async_hooks:130:17) {
      errno: -111,
      code: 'ECONNREFUSED',
      syscall: 'connect',
      address: '::1',
      port: 6379
    },
    Error: connect ECONNREFUSED 127.0.0.1:6379
        at createConnectionError (node:net:1652:14)
        at afterConnectMultiple (node:net:1682:16)
        at TCPConnectWrap.callbackTrampoline (node:internal/async_hooks:130:17) {
      errno: -111,
      code: 'ECONNREFUSED',
      syscall: 'connect',
      address: '127.0.0.1',
      port: 6379
    }
  ]
}
AggregateError [ECONNREFUSED]: 
    at internalConnectMultiple (node:net:1122:18)
    at afterConnectMultiple (node:net:1689:7)
    at TCPConnectWrap.callbackTrampoline (node:internal/async_hooks:130:17) {
  code: 'ECONNREFUSED',
  [errors]: [
    Error: connect ECONNREFUSED ::1:6379
        at createConnectionError (node:net:1652:14)
        at afterConnectMultiple (node:net:1682:16)
        at TCPConnectWrap.callbackTrampoline (node:internal/async_hooks:130:17) {
      errno: -111,
      code: 'ECONNREFUSED',
      syscall: 'connect',
      address: '::1',
      port: 6379
    },
    Error: connect ECONNREFUSED 127.0.0.1:6379
        at createConnectionError (node:net:1652:14)
        at afterConnectMultiple (node:net:1682:16)
        at TCPConnectWrap.callbackTrampoline (node:internal/async_hooks:130:17) {
      errno: -111,
      code: 'ECONNREFUSED',
      syscall: 'connect',
      address: '127.0.0.1',
      port: 6379
    }
  ]
}
AggregateError [ECONNREFUSED]: 
    at internalConnectMultiple (node:net:1122:18)
    at afterConnectMultiple (node:net:1689:7)
    at TCPConnectWrap.callbackTrampoline (node:internal/async_hooks:130:17) {
  code: 'ECONNREFUSED',
  [errors]: [
    Error: connect ECONNREFUSED ::1:6379
        at createConnectionError (node:net:1652:14)
        at afterConnectMultiple (node:net:1682:16)
        at TCPConnectWrap.callbackTrampoline (node:internal/async_hooks:130:17) {
      errno: -111,
      code: 'ECONNREFUSED',
      syscall: 'connect',
      address: '::1',
      port: 6379
    },
    Error: connect ECONNREFUSED 127.0.0.1:6379
        at createConnectionError (node:net:1652:14)
        at afterConnectMultiple (node:net:1682:16)
        at TCPConnectWrap.callbackTrampoline (node:internal/async_hooks:130:17) {
      errno: -111,
      code: 'ECONNREFUSED',
      syscall: 'connect',
      address: '127.0.0.1',
      port: 6379
    }
  ]
}
{"level":"error","message":"Redis connection error","timestamp":"2026-02-16T06:37:03.272Z","error":{"message":"","stack":"AggregateError [ECONNREFUSED]: \n    at internalConnectMultiple (node:net:1122:18)\n    at afterConnectMultiple (node:net:1689:7)\n    at TCPConnectWrap.callbackTrampoline (node:internal/async_hooks:130:17)","name":"AggregateError"}}
{"level":"warn","message":"Redis connection closed","timestamp":"2026-02-16T06:37:03.272Z","service":"RenderQueue"}
{"level":"error","message":"Redis connection error","timestamp":"2026-02-16T06:37:00.235Z","error":{"message":"","stack":"AggregateError [ECONNREFUSED]: \n    at internalConnectMultiple (node:net:1122:18)\n    at afterConnectMultiple (node:net:1689:7)\n    at TCPConnectWrap.callbackTrampoline (node:internal/async_hooks:130:17)","name":"AggregateError"}}
{"level":"warn","message":"Redis connection closed","timestamp":"2026-02-16T06:37:00.235Z","service":"RenderQueue"}
AggregateError [ECONNREFUSED]: 
    at internalConnectMultiple (node:net:1122:18)
    at afterConnectMultiple (node:net:1689:7)
    at TCPConnectWrap.callbackTrampoline (node:internal/async_hooks:130:17) {
  code: 'ECONNREFUSED',
  [errors]: [
    Error: connect ECONNREFUSED ::1:6379
        at createConnectionError (node:net:1652:14)
        at afterConnectMultiple (node:net:1682:16)
        at TCPConnectWrap.callbackTrampoline (node:internal/async_hooks:130:17) {
      errno: -111,
      code: 'ECONNREFUSED',
      syscall: 'connect',
      address: '::1',
      port: 6379
    },
    Error: connect ECONNREFUSED 127.0.0.1:6379
        at createConnectionError (node:net:1652:14)
        at afterConnectMultiple (node:net:1682:16)
        at TCPConnectWrap.callbackTrampoline (node:internal/async_hooks:130:17) {
      errno: -111,
      code: 'ECONNREFUSED',
      syscall: 'connect',
      address: '127.0.0.1',
      port: 6379
    }
  ]
}
AggregateError [ECONNREFUSED]: 
    at internalConnectMultiple (node:net:1122:18)
    at afterConnectMultiple (node:net:1689:7)
    at TCPConnectWrap.callbackTrampoline (node:internal/async_hooks:130:17) {
  code: 'ECONNREFUSED',
  [errors]: [
    Error: connect ECONNREFUSED ::1:6379
        at createConnectionError (node:net:1652:14)
        at afterConnectMultiple (node:net:1682:16)
        at TCPConnectWrap.callbackTrampoline (node:internal/async_hooks:130:17) {
      errno: -111,
      code: 'ECONNREFUSED',
      syscall: 'connect',
      address: '::1',
      port: 6379
    },
    Error: connect ECONNREFUSED 127.0.0.1:6379
        at createConnectionError (node:net:1652:14)
        at afterConnectMultiple (node:net:1682:16)
        at TCPConnectWrap.callbackTrampoline (node:internal/async_hooks:130:17) {
      errno: -111,
      code: 'ECONNREFUSED',
      syscall: 'connect',
      address: '127.0.0.1',
      port: 6379
    }
  ]
}
{"level":"error","message":"Redis cache error","timestamp":"2026-02-16T06:37:00.325Z","error":{"message":"","stack":"AggregateError [ECONNREFUSED]: \n    at internalConnectMultiple (node:net:1122:18)\n    at afterConnectMultiple (node:net:1689:7)\n    at TCPConnectWrap.callbackTrampoline (node:internal/async_hooks:130:17)","name":"AggregateError"}}
{"level":"error","message":"Redis connection error","timestamp":"2026-02-16T06:37:01.688Z","error":{"message":"","stack":"AggregateError [ECONNREFUSED]: \n    at internalConnectMultiple (node:net:1122:18)\n    at afterConnectMultiple (node:net:1689:7)\n    at TCPConnectWrap.callbackTrampoline (node:internal/async_hooks:130:17)","name":"AggregateError"}}
{"level":"warn","message":"Redis connection closed","timestamp":"2026-02-16T06:37:01.688Z","service":"RenderQueue"}
AggregateError [ECONNREFUSED]: 
    at internalConnectMultiple (node:net:1122:18)
    at afterConnectMultiple (node:net:1689:7)
    at TCPConnectWrap.callbackTrampoline (node:internal/async_hooks:130:17) {
  code: 'ECONNREFUSED',
  [errors]: [
    Error: connect ECONNREFUSED ::1:6379
        at createConnectionError (node:net:1652:14)
        at afterConnectMultiple (node:net:1682:16)
        at TCPConnectWrap.callbackTrampoline (node:internal/async_hooks:130:17) {
      errno: -111,
      code: 'ECONNREFUSED',
      syscall: 'connect',
      address: '::1',
      port: 6379
    },
    Error: connect ECONNREFUSED 127.0.0.1:6379
        at createConnectionError (node:net:1652:14)
        at afterConnectMultiple (node:net:1682:16)
        at TCPConnectWrap.callbackTrampoline (node:internal/async_hooks:130:17) {
      errno: -111,
      code: 'ECONNREFUSED',
      syscall: 'connect',
      address: '127.0.0.1',
      port: 6379
    }
  ]
}
{"level":"error","message":"Redis cache error","timestamp":"2026-02-16T06:37:01.825Z","error":{"message":"","stack":"AggregateError [ECONNREFUSED]: \n    at internalConnectMultiple (node:net:1122:18)\n    at afterConnectMultiple (node:net:1689:7)\n    at TCPConnectWrap.callbackTrampoline (node:internal/async_hooks:130:17)","name":"AggregateError"}}
AggregateError [ECONNREFUSED]: 
    at internalConnectMultiple (node:net:1122:18)
    at afterConnectMultiple (node:net:1689:7)
    at TCPConnectWrap.callbackTrampoline (node:internal/async_hooks:130:17) {
  code: 'ECONNREFUSED',
  [errors]: [
    Error: connect ECONNREFUSED ::1:6379
        at createConnectionError (node:net:1652:14)
        at afterConnectMultiple (node:net:1682:16)
        at TCPConnectWrap.callbackTrampoline (node:internal/async_hooks:130:17) {
      errno: -111,
      code: 'ECONNREFUSED',
      syscall: 'connect',
      address: '::1',
      port: 6379
    },
    Error: connect ECONNREFUSED 127.0.0.1:6379
        at createConnectionError (node:net:1652:14)
        at afterConnectMultiple (node:net:1682:16)
        at TCPConnectWrap.callbackTrampoline (node:internal/async_hooks:130:17) {
      errno: -111,
      code: 'ECONNREFUSED',
      syscall: 'connect',
      address: '127.0.0.1',
      port: 6379
    }
  ]
}
{"level":"error","message":"Redis connection error","timestamp":"2026-02-16T06:37:03.193Z","error":{"message":"","stack":"AggregateError [ECONNREFUSED]: \n    at internalConnectMultiple (node:net:1122:18)\n    at afterConnectMultiple (node:net:1689:7)\n    at TCPConnectWrap.callbackTrampoline (node:internal/async_hooks:130:17)","name":"AggregateError"}}
{"level":"warn","message":"Redis connection closed","timestamp":"2026-02-16T06:37:03.193Z","service":"RenderQueue"}
AggregateError [ECONNREFUSED]: 
    at internalConnectMultiple (node:net:1122:18)
    at afterConnectMultiple (node:net:1689:7)
    at TCPConnectWrap.callbackTrampoline (node:internal/async_hooks:130:17) {
  code: 'ECONNREFUSED',
  [errors]: [
    Error: connect ECONNREFUSED ::1:6379
        at createConnectionError (node:net:1652:14)
        at afterConnectMultiple (node:net:1682:16)
        at TCPConnectWrap.callbackTrampoline (node:internal/async_hooks:130:17) {
      errno: -111,
      code: 'ECONNREFUSED',
      syscall: 'connect',
      address: '::1',
      port: 6379
    },
    Error: connect ECONNREFUSED 127.0.0.1:6379
        at createConnectionError (node:net:1652:14)
        at afterConnectMultiple (node:net:1682:16)
        at TCPConnectWrap.callbackTrampoline (node:internal/async_hooks:130:17) {
      errno: -111,
      code: 'ECONNREFUSED',
      syscall: 'connect',
      address: '127.0.0.1',
      port: 6379
    }
  ]
}
{"level":"error","message":"Redis cache error","timestamp":"2026-02-16T06:37:03.335Z","error":{"message":"","stack":"AggregateError [ECONNREFUSED]: \n    at internalConnectMultiple (node:net:1122:18)\n    at afterConnectMultiple (node:net:1689:7)\n    at TCPConnectWrap.callbackTrampoline (node:internal/async_hooks:130:17)","name":"AggregateError"}}
AggregateError [ECONNREFUSED]: 
    at internalConnectMultiple (node:net:1122:18)
    at afterConnectMultiple (node:net:1689:7)
    at TCPConnectWrap.callbackTrampoline (node:internal/async_hooks:130:17) {
  code: 'ECONNREFUSED',
  [errors]: [
    Error: connect ECONNREFUSED ::1:6379
        at createConnectionError (node:net:1652:14)
        at afterConnectMultiple (node:net:1682:16)
        at TCPConnectWrap.callbackTrampoline (node:internal/async_hooks:130:17) {
      errno: -111,
      code: 'ECONNREFUSED',
      syscall: 'connect',
      address: '::1',
      port: 6379
    },
    Error: connect ECONNREFUSED 127.0.0.1:6379
        at createConnectionError (node:net:1652:14)
        at afterConnectMultiple (node:net:1682:16)
        at TCPConnectWrap.callbackTrampoline (node:internal/async_hooks:130:17) {
      errno: -111,
      code: 'ECONNREFUSED',
      syscall: 'connect',
      address: '127.0.0.1',
      port: 6379
    }
  ]
}
{"level":"error","message":"Redis cache error","timestamp":"2026-02-16T06:37:04.222Z","error":{"message":"","stack":"AggregateError [ECONNREFUSED]: \n    at internalConnectMultiple (node:net:1122:18)\n    at afterConnectMultiple (node:net:1689:7)\n    at TCPConnectWrap.callbackTrampoline (node:internal/async_hooks:130:17)","name":"AggregateError"}}
AggregateError [ECONNREFUSED]: 
    at internalConnectMultiple (node:net:1122:18)
    at afterConnectMultiple (node:net:1689:7)
    at TCPConnectWrap.callbackTrampoline (node:internal/async_hooks:130:17) {
  code: 'ECONNREFUSED',
  [errors]: [
    Error: connect ECONNREFUSED ::1:6379
        at createConnectionError (node:net:1652:14)
        at afterConnectMultiple (node:net:1682:16)
        at TCPConnectWrap.callbackTrampoline (node:internal/async_hooks:130:17) {
      errno: -111,
      code: 'ECONNREFUSED',
      syscall: 'connect',
      address: '::1',
      port: 6379
    },
    Error: connect ECONNREFUSED 127.0.0.1:6379
        at createConnectionError (node:net:1652:14)
        at afterConnectMultiple (node:net:1682:16)
        at TCPConnectWrap.callbackTrampoline (node:internal/async_hooks:130:17) {
      errno: -111,
      code: 'ECONNREFUSED',
      syscall: 'connect',
      address: '127.0.0.1',
      port: 6379
    }
  ]
}
AggregateError [ECONNREFUSED]: 
    at internalConnectMultiple (node:net:1122:18)
    at afterConnectMultiple (node:net:1689:7)
    at TCPConnectWrap.callbackTrampoline (node:internal/async_hooks:130:17) {
  code: 'ECONNREFUSED',
  [errors]: [
    Error: connect ECONNREFUSED ::1:6379
        at createConnectionError (node:net:1652:14)
        at afterConnectMultiple (node:net:1682:16)
        at TCPConnectWrap.callbackTrampoline (node:internal/async_hooks:130:17) {
      errno: -111,
      code: 'ECONNREFUSED',
      syscall: 'connect',
      address: '::1',
      port: 6379
    },
    Error: connect ECONNREFUSED 127.0.0.1:6379
        at createConnectionError (node:net:1652:14)
        at afterConnectMultiple (node:net:1682:16)
        at TCPConnectWrap.callbackTrampoline (node:internal/async_hooks:130:17) {
      errno: -111,
      code: 'ECONNREFUSED',
      syscall: 'connect',
      address: '127.0.0.1',
      port: 6379
    }
  ]
}
AggregateError [ECONNREFUSED]: 
    at internalConnectMultiple (node:net:1122:18)
    at afterConnectMultiple (node:net:1689:7)
    at TCPConnectWrap.callbackTrampoline (node:internal/async_hooks:130:17) {
  code: 'ECONNREFUSED',
  [errors]: [
    Error: connect ECONNREFUSED ::1:6379
        at createConnectionError (node:net:1652:14)
        at afterConnectMultiple (node:net:1682:16)
        at TCPConnectWrap.callbackTrampoline (node:internal/async_hooks:130:17) {
      errno: -111,
      code: 'ECONNREFUSED',
      syscall: 'connect',
      address: '::1',
      port: 6379
    },
    Error: connect ECONNREFUSED 127.0.0.1:6379
        at createConnectionError (node:net:1652:14)
        at afterConnectMultiple (node:net:1682:16)
        at TCPConnectWrap.callbackTrampoline (node:internal/async_hooks:130:17) {
      errno: -111,
      code: 'ECONNREFUSED',
      syscall: 'connect',
      address: '127.0.0.1',
      port: 6379
    }
  ]
}
{"level":"error","message":"Redis connection error","timestamp":"2026-02-16T06:37:04.823Z","error":{"message":"","stack":"AggregateError [ECONNREFUSED]: \n    at internalConnectMultiple (node:net:1122:18)\n    at afterConnectMultiple (node:net:1689:7)\n    at TCPConnectWrap.callbackTrampoline (node:internal/async_hooks:130:17)","name":"AggregateError"}}
{"level":"warn","message":"Redis connection closed","timestamp":"2026-02-16T06:37:04.824Z","service":"RenderQueue"}
{"level":"error","message":"Redis connection error","timestamp":"2026-02-16T06:37:04.413Z","error":{"message":"","stack":"AggregateError [ECONNREFUSED]: \n    at internalConnectMultiple (node:net:1122:18)\n    at afterConnectMultiple (node:net:1689:7)\n    at TCPConnectWrap.callbackTrampoline (node:internal/async_hooks:130:17)","name":"AggregateError"}}
{"level":"warn","message":"Redis connection closed","timestamp":"2026-02-16T06:37:04.413Z","service":"RenderQueue"}
AggregateError [ECONNREFUSED]: 
    at internalConnectMultiple (node:net:1122:18)
    at afterConnectMultiple (node:net:1689:7)
    at TCPConnectWrap.callbackTrampoline (node:internal/async_hooks:130:17) {
  code: 'ECONNREFUSED',
  [errors]: [
    Error: connect ECONNREFUSED ::1:6379
        at createConnectionError (node:net:1652:14)
        at afterConnectMultiple (node:net:1682:16)
        at TCPConnectWrap.callbackTrampoline (node:internal/async_hooks:130:17) {
      errno: -111,
      code: 'ECONNREFUSED',
      syscall: 'connect',
      address: '::1',
      port: 6379
    },
    Error: connect ECONNREFUSED 127.0.0.1:6379
        at createConnectionError (node:net:1652:14)
        at afterConnectMultiple (node:net:1682:16)
        at TCPConnectWrap.callbackTrampoline (node:internal/async_hooks:130:17) {
      errno: -111,
      code: 'ECONNREFUSED',
      syscall: 'connect',
      address: '127.0.0.1',
      port: 6379
    }
  ]
}
{"level":"error","message":"Redis connection error","timestamp":"2026-02-16T06:37:04.748Z","error":{"message":"","stack":"AggregateError [ECONNREFUSED]: \n    at internalConnectMultiple (node:net:1122:18)\n    at afterConnectMultiple (node:net:1689:7)\n    at TCPConnectWrap.callbackTrampoline (node:internal/async_hooks:130:17)","name":"AggregateError"}}
{"level":"warn","message":"Redis connection closed","timestamp":"2026-02-16T06:37:04.748Z","service":"RenderQueue"}
{"level":"error","message":"Redis cache error","timestamp":"2026-02-16T06:37:04.887Z","error":{"message":"","stack":"AggregateError [ECONNREFUSED]: \n    at internalConnectMultiple (node:net:1122:18)\n    at afterConnectMultiple (node:net:1689:7)\n    at TCPConnectWrap.callbackTrampoline (node:internal/async_hooks:130:17)","name":"AggregateError"}}
AggregateError [ECONNREFUSED]: 
    at internalConnectMultiple (node:net:1122:18)
    at afterConnectMultiple (node:net:1689:7)
    at TCPConnectWrap.callbackTrampoline (node:internal/async_hooks:130:17) {
  code: 'ECONNREFUSED',
  [errors]: [
    Error: connect ECONNREFUSED ::1:6379
        at createConnectionError (node:net:1652:14)
        at afterConnectMultiple (node:net:1682:16)
        at TCPConnectWrap.callbackTrampoline (node:internal/async_hooks:130:17) {
      errno: -111,
      code: 'ECONNREFUSED',
      syscall: 'connect',
      address: '::1',
      port: 6379
    },
    Error: connect ECONNREFUSED 127.0.0.1:6379
        at createConnectionError (node:net:1652:14)
        at afterConnectMultiple (node:net:1682:16)
        at TCPConnectWrap.callbackTrampoline (node:internal/async_hooks:130:17) {
      errno: -111,
      code: 'ECONNREFUSED',
      syscall: 'connect',
      address: '127.0.0.1',
      port: 6379
    }
  ]
}
AggregateError [ECONNREFUSED]: 
    at internalConnectMultiple (node:net:1122:18)
    at afterConnectMultiple (node:net:1689:7)
    at TCPConnectWrap.callbackTrampoline (node:internal/async_hooks:130:17) {
  code: 'ECONNREFUSED',
  [errors]: [
    Error: connect ECONNREFUSED ::1:6379
        at createConnectionError (node:net:1652:14)
        at afterConnectMultiple (node:net:1682:16)
        at TCPConnectWrap.callbackTrampoline (node:internal/async_hooks:130:17) {
      errno: -111,
      code: 'ECONNREFUSED',
      syscall: 'connect',
      address: '::1',
      port: 6379
    },
    Error: connect ECONNREFUSED 127.0.0.1:6379
        at createConnectionError (node:net:1652:14)
        at afterConnectMultiple (node:net:1682:16)
        at TCPConnectWrap.callbackTrampoline (node:internal/async_hooks:130:17) {
      errno: -111,
      code: 'ECONNREFUSED',
      syscall: 'connect',
      address: '127.0.0.1',
      port: 6379
    }
  ]
}
AggregateError [ECONNREFUSED]: 
    at internalConnectMultiple (node:net:1122:18)
    at afterConnectMultiple (node:net:1689:7)
    at TCPConnectWrap.callbackTrampoline (node:internal/async_hooks:130:17) {
  code: 'ECONNREFUSED',
  [errors]: [
    Error: connect ECONNREFUSED ::1:6379
        at createConnectionError (node:net:1652:14)
        at afterConnectMultiple (node:net:1682:16)
        at TCPConnectWrap.callbackTrampoline (node:internal/async_hooks:130:17) {
      errno: -111,
      code: 'ECONNREFUSED',
      syscall: 'connect',
      address: '::1',
      port: 6379
    },
    Error: connect ECONNREFUSED 127.0.0.1:6379
        at createConnectionError (node:net:1652:14)
        at afterConnectMultiple (node:net:1682:16)
        at TCPConnectWrap.callbackTrampoline (node:internal/async_hooks:130:17) {
      errno: -111,
      code: 'ECONNREFUSED',
      syscall: 'connect',
      address: '127.0.0.1',
      port: 6379
    }
  ]
}
{"level":"error","message":"Redis cache error","timestamp":"2026-02-16T06:37:05.508Z","error":{"message":"","stack":"AggregateError [ECONNREFUSED]: \n    at internalConnectMultiple (node:net:1122:18)\n    at afterConnectMultiple (node:net:1689:7)\n    at TCPConnectWrap.callbackTrampoline (node:internal/async_hooks:130:17)","name":"AggregateError"}}
AggregateError [ECONNREFUSED]: 
    at internalConnectMultiple (node:net:1122:18)
    at afterConnectMultiple (node:net:1689:7)
    at TCPConnectWrap.callbackTrampoline (node:internal/async_hooks:130:17) {
  code: 'ECONNREFUSED',
  [errors]: [
    Error: connect ECONNREFUSED ::1:6379
        at createConnectionError (node:net:1652:14)
        at afterConnectMultiple (node:net:1682:16)
        at TCPConnectWrap.callbackTrampoline (node:internal/async_hooks:130:17) {
      errno: -111,
      code: 'ECONNREFUSED',
      syscall: 'connect',
      address: '::1',
      port: 6379
    },
    Error: connect ECONNREFUSED 127.0.0.1:6379
        at createConnectionError (node:net:1652:14)
        at afterConnectMultiple (node:net:1682:16)
        at TCPConnectWrap.callbackTrampoline (node:internal/async_hooks:130:17) {
      errno: -111,
      code: 'ECONNREFUSED',
      syscall: 'connect',
      address: '127.0.0.1',
      port: 6379
    }
  ]
}
{"level":"error","message":"Failed to list AI models","timestamp":"2026-02-16T06:37:05.614Z","component":"API: ai/models","error":{"message":"Dynamic server usage: Route /api/ai/models couldn't be rendered statically because it used `request.headers`. See more info here: https://nextjs.org/docs/messages/dynamic-server-error","stack":"Error: Dynamic server usage: Route /api/ai/models couldn't be rendered statically because it used `request.headers`. See more info here: https://nextjs.org/docs/messages/dynamic-server-error\n    at V (/root/_MVP_Video_TecnicoCursos_v7/estudio_ia_videos/node_modules/next/dist/compiled/next-server/app-route.runtime.prod.js:6:21778)\n    at Object.get (/root/_MVP_Video_TecnicoCursos_v7/estudio_ia_videos/node_modules/next/dist/compiled/next-server/app-route.runtime.prod.js:6:29465)\n    at h (/root/_MVP_Video_TecnicoCursos_v7/estudio_ia_videos/.next/server/app/api/activity/route.js:14:1992)\n    at g (/root/_MVP_Video_TecnicoCursos_v7/estudio_ia_videos/.next/server/app/api/ai/models/route.js:1:2932)\n    at /root/_MVP_Video_TecnicoCursos_v7/estudio_ia_videos/node_modules/next/dist/compiled/next-server/app-route.runtime.prod.js:6:38417\n    at /root/_MVP_Video_TecnicoCursos_v7/estudio_ia_videos/node_modules/next/dist/server/lib/trace/tracer.js:140:36\n    at NoopContextManager.with (/root/_MVP_Video_TecnicoCursos_v7/estudio_ia_videos/node_modules/@opentelemetry/api/build/src/context/NoopContextManager.js:25:19)\n    at ContextAPI.with (/root/_MVP_Video_TecnicoCursos_v7/estudio_ia_videos/node_modules/@opentelemetry/api/build/src/api/context.js:60:46)\n    at NoopTracer.startActiveSpan (/root/_MVP_Video_TecnicoCursos_v7/estudio_ia_videos/node_modules/@opentelemetry/api/build/src/trace/NoopTracer.js:65:31)\n    at ProxyTracer.startActiveSpan (/root/_MVP_Video_TecnicoCursos_v7/estudio_ia_videos/node_modules/@opentelemetry/api/build/src/trace/ProxyTracer.js:36:24)","name":"Error"}}
{"level":"error","message":"Redis cache error","timestamp":"2026-02-16T06:37:05.831Z","error":{"message":"","stack":"AggregateError [ECONNREFUSED]: \n    at internalConnectMultiple (node:net:1122:18)\n    at afterConnectMultiple (node:net:1689:7)\n    at TCPConnectWrap.callbackTrampoline (node:internal/async_hooks:130:17)","name":"AggregateError"}}
AggregateError [ECONNREFUSED]: 
    at internalConnectMultiple (node:net:1122:18)
    at afterConnectMultiple (node:net:1689:7)
    at TCPConnectWrap.callbackTrampoline (node:internal/async_hooks:130:17) {
  code: 'ECONNREFUSED',
  [errors]: [
    Error: connect ECONNREFUSED ::1:6379
        at createConnectionError (node:net:1652:14)
        at afterConnectMultiple (node:net:1682:16)
        at TCPConnectWrap.callbackTrampoline (node:internal/async_hooks:130:17) {
      errno: -111,
      code: 'ECONNREFUSED',
      syscall: 'connect',
      address: '::1',
      port: 6379
    },
    Error: connect ECONNREFUSED 127.0.0.1:6379
        at createConnectionError (node:net:1652:14)
        at afterConnectMultiple (node:net:1682:16)
        at TCPConnectWrap.callbackTrampoline (node:internal/async_hooks:130:17) {
      errno: -111,
      code: 'ECONNREFUSED',
      syscall: 'connect',
      address: '127.0.0.1',
      port: 6379
    }
  ]
}
AggregateError [ECONNREFUSED]: 
    at internalConnectMultiple (node:net:1122:18)
    at afterConnectMultiple (node:net:1689:7)
    at TCPConnectWrap.callbackTrampoline (node:internal/async_hooks:130:17) {
  code: 'ECONNREFUSED',
  [errors]: [
    Error: connect ECONNREFUSED ::1:6379
        at createConnectionError (node:net:1652:14)
        at afterConnectMultiple (node:net:1682:16)
        at TCPConnectWrap.callbackTrampoline (node:internal/async_hooks:130:17) {
      errno: -111,
      code: 'ECONNREFUSED',
      syscall: 'connect',
      address: '::1',
      port: 6379
    },
    Error: connect ECONNREFUSED 127.0.0.1:6379
        at createConnectionError (node:net:1652:14)
        at afterConnectMultiple (node:net:1682:16)
        at TCPConnectWrap.callbackTrampoline (node:internal/async_hooks:130:17) {
      errno: -111,
      code: 'ECONNREFUSED',
      syscall: 'connect',
      address: '127.0.0.1',
      port: 6379
    }
  ]
}
AggregateError [ECONNREFUSED]: 
    at internalConnectMultiple (node:net:1122:18)
    at afterConnectMultiple (node:net:1689:7)
    at TCPConnectWrap.callbackTrampoline (node:internal/async_hooks:130:17) {
  code: 'ECONNREFUSED',
  [errors]: [
    Error: connect ECONNREFUSED ::1:6379
        at createConnectionError (node:net:1652:14)
        at afterConnectMultiple (node:net:1682:16)
        at TCPConnectWrap.callbackTrampoline (node:internal/async_hooks:130:17) {
      errno: -111,
      code: 'ECONNREFUSED',
      syscall: 'connect',
      address: '::1',
      port: 6379
    },
    Error: connect ECONNREFUSED 127.0.0.1:6379
        at createConnectionError (node:net:1652:14)
        at afterConnectMultiple (node:net:1682:16)
        at TCPConnectWrap.callbackTrampoline (node:internal/async_hooks:130:17) {
      errno: -111,
      code: 'ECONNREFUSED',
      syscall: 'connect',
      address: '127.0.0.1',
      port: 6379
    }
  ]
}
{"level":"error","message":"Redis connection error","timestamp":"2026-02-16T06:37:06.016Z","error":{"message":"","stack":"AggregateError [ECONNREFUSED]: \n    at internalConnectMultiple (node:net:1122:18)\n    at afterConnectMultiple (node:net:1689:7)\n    at TCPConnectWrap.callbackTrampoline (node:internal/async_hooks:130:17)","name":"AggregateError"}}
{"level":"warn","message":"Redis connection closed","timestamp":"2026-02-16T06:37:06.016Z","service":"RenderQueue"}
AggregateError [ECONNREFUSED]: 
    at internalConnectMultiple (node:net:1122:18)
    at afterConnectMultiple (node:net:1689:7)
    at TCPConnectWrap.callbackTrampoline (node:internal/async_hooks:130:17) {
  code: 'ECONNREFUSED',
  [errors]: [
    Error: connect ECONNREFUSED ::1:6379
        at createConnectionError (node:net:1652:14)
        at afterConnectMultiple (node:net:1682:16)
        at TCPConnectWrap.callbackTrampoline (node:internal/async_hooks:130:17) {
      errno: -111,
      code: 'ECONNREFUSED',
      syscall: 'connect',
      address: '::1',
      port: 6379
    },
    Error: connect ECONNREFUSED 127.0.0.1:6379
        at createConnectionError (node:net:1652:14)
        at afterConnectMultiple (node:net:1682:16)
        at TCPConnectWrap.callbackTrampoline (node:internal/async_hooks:130:17) {
      errno: -111,
      code: 'ECONNREFUSED',
      syscall: 'connect',
      address: '127.0.0.1',
      port: 6379
    }
  ]
}
{"level":"error","message":"Failed to get AI stats","timestamp":"2026-02-16T06:37:06.050Z","component":"API: ai/stats","error":{"message":"Dynamic server usage: Route /api/ai/stats couldn't be rendered statically because it used `request.headers`. See more info here: https://nextjs.org/docs/messages/dynamic-server-error","stack":"Error: Dynamic server usage: Route /api/ai/stats couldn't be rendered statically because it used `request.headers`. See more info here: https://nextjs.org/docs/messages/dynamic-server-error\n    at V (/root/_MVP_Video_TecnicoCursos_v7/estudio_ia_videos/node_modules/next/dist/compiled/next-server/app-route.runtime.prod.js:6:21778)\n    at Object.get (/root/_MVP_Video_TecnicoCursos_v7/estudio_ia_videos/node_modules/next/dist/compiled/next-server/app-route.runtime.prod.js:6:29465)\n    at m (/root/_MVP_Video_TecnicoCursos_v7/estudio_ia_videos/.next/server/chunks/55985.js:11:1992)\n    at g (/root/_MVP_Video_TecnicoCursos_v7/estudio_ia_videos/.next/server/app/api/ai/stats/route.js:1:2942)\n    at /root/_MVP_Video_TecnicoCursos_v7/estudio_ia_videos/node_modules/next/dist/compiled/next-server/app-route.runtime.prod.js:6:38417\n    at /root/_MVP_Video_TecnicoCursos_v7/estudio_ia_videos/node_modules/next/dist/server/lib/trace/tracer.js:140:36\n    at NoopContextManager.with (/root/_MVP_Video_TecnicoCursos_v7/estudio_ia_videos/node_modules/@opentelemetry/api/build/src/context/NoopContextManager.js:25:19)\n    at ContextAPI.with (/root/_MVP_Video_TecnicoCursos_v7/estudio_ia_videos/node_modules/@opentelemetry/api/build/src/api/context.js:60:46)\n    at NoopTracer.startActiveSpan (/root/_MVP_Video_TecnicoCursos_v7/estudio_ia_videos/node_modules/@opentelemetry/api/build/src/trace/NoopTracer.js:65:31)\n    at ProxyTracer.startActiveSpan (/root/_MVP_Video_TecnicoCursos_v7/estudio_ia_videos/node_modules/@opentelemetry/api/build/src/trace/ProxyTracer.js:36:24)","name":"Error"}}
{"level":"error","message":"Redis connection error","timestamp":"2026-02-16T06:37:06.352Z","error":{"message":"","stack":"AggregateError [ECONNREFUSED]: \n    at internalConnectMultiple (node:net:1122:18)\n    at afterConnectMultiple (node:net:1689:7)\n    at TCPConnectWrap.callbackTrampoline (node:internal/async_hooks:130:17)","name":"AggregateError"}}
{"level":"warn","message":"Redis connection closed","timestamp":"2026-02-16T06:37:06.352Z","service":"RenderQueue"}
{"level":"error","message":"Redis cache error","timestamp":"2026-02-16T06:37:06.488Z","error":{"message":"","stack":"AggregateError [ECONNREFUSED]: \n    at internalConnectMultiple (node:net:1122:18)\n    at afterConnectMultiple (node:net:1689:7)\n    at TCPConnectWrap.callbackTrampoline (node:internal/async_hooks:130:17)","name":"AggregateError"}}
AggregateError [ECONNREFUSED]: 
    at internalConnectMultiple (node:net:1122:18)
    at afterConnectMultiple (node:net:1689:7)
    at TCPConnectWrap.callbackTrampoline (node:internal/async_hooks:130:17) {
  code: 'ECONNREFUSED',
  [errors]: [
    Error: connect ECONNREFUSED ::1:6379
        at createConnectionError (node:net:1652:14)
        at afterConnectMultiple (node:net:1682:16)
        at TCPConnectWrap.callbackTrampoline (node:internal/async_hooks:130:17) {
      errno: -111,
      code: 'ECONNREFUSED',
      syscall: 'connect',
      address: '::1',
      port: 6379
    },
    Error: connect ECONNREFUSED 127.0.0.1:6379
        at createConnectionError (node:net:1652:14)
        at afterConnectMultiple (node:net:1682:16)
        at TCPConnectWrap.callbackTrampoline (node:internal/async_hooks:130:17) {
      errno: -111,
      code: 'ECONNREFUSED',
      syscall: 'connect',
      address: '127.0.0.1',
      port: 6379
    }
  ]
}
AggregateError [ECONNREFUSED]: 
    at internalConnectMultiple (node:net:1122:18)
    at afterConnectMultiple (node:net:1689:7)
    at TCPConnectWrap.callbackTrampoline (node:internal/async_hooks:130:17) {
  code: 'ECONNREFUSED',
  [errors]: [
    Error: connect ECONNREFUSED ::1:6379
        at createConnectionError (node:net:1652:14)
        at afterConnectMultiple (node:net:1682:16)
        at TCPConnectWrap.callbackTrampoline (node:internal/async_hooks:130:17) {
      errno: -111,
      code: 'ECONNREFUSED',
      syscall: 'connect',
      address: '::1',
      port: 6379
    },
    Error: connect ECONNREFUSED 127.0.0.1:6379
        at createConnectionError (node:net:1652:14)
        at afterConnectMultiple (node:net:1682:16)
        at TCPConnectWrap.callbackTrampoline (node:internal/async_hooks:130:17) {
      errno: -111,
      code: 'ECONNREFUSED',
      syscall: 'connect',
      address: '127.0.0.1',
      port: 6379
    }
  ]
}
{"level":"error","message":"Redis connection error","timestamp":"2026-02-16T06:37:06.426Z","error":{"message":"","stack":"AggregateError [ECONNREFUSED]: \n    at internalConnectMultiple (node:net:1122:18)\n    at afterConnectMultiple (node:net:1689:7)\n    at TCPConnectWrap.callbackTrampoline (node:internal/async_hooks:130:17)","name":"AggregateError"}}
{"level":"warn","message":"Redis connection closed","timestamp":"2026-02-16T06:37:06.426Z","service":"RenderQueue"}
{"level":"error","message":"Analytics overview error:","timestamp":"2026-02-16T06:37:06.528Z","error":{"message":"Dynamic server usage: Route /api/analytics/overview couldn't be rendered statically because it used `request.headers`. See more info here: https://nextjs.org/docs/messages/dynamic-server-error","stack":"Error: Dynamic server usage: Route /api/analytics/overview couldn't be rendered statically because it used `request.headers`. See more info here: https://nextjs.org/docs/messages/dynamic-server-error\n    at V (/root/_MVP_Video_TecnicoCursos_v7/estudio_ia_videos/node_modules/next/dist/compiled/next-server/app-route.runtime.prod.js:6:21778)\n    at Object.get (/root/_MVP_Video_TecnicoCursos_v7/estudio_ia_videos/node_modules/next/dist/compiled/next-server/app-route.runtime.prod.js:6:29465)\n    at h (/root/_MVP_Video_TecnicoCursos_v7/estudio_ia_videos/.next/server/app/api/activity/route.js:14:1992)\n    at f (/root/_MVP_Video_TecnicoCursos_v7/estudio_ia_videos/.next/server/app/api/analytics/overview/route.js:1:3700)\n    at /root/_MVP_Video_TecnicoCursos_v7/estudio_ia_videos/node_modules/next/dist/compiled/next-server/app-route.runtime.prod.js:6:38417\n    at /root/_MVP_Video_TecnicoCursos_v7/estudio_ia_videos/node_modules/next/dist/server/lib/trace/tracer.js:140:36\n    at NoopContextManager.with (/root/_MVP_Video_TecnicoCursos_v7/estudio_ia_videos/node_modules/@opentelemetry/api/build/src/context/NoopContextManager.js:25:19)\n    at ContextAPI.with (/root/_MVP_Video_TecnicoCursos_v7/estudio_ia_videos/node_modules/@opentelemetry/api/build/src/api/context.js:60:46)\n    at NoopTracer.startActiveSpan (/root/_MVP_Video_TecnicoCursos_v7/estudio_ia_videos/node_modules/@opentelemetry/api/build/src/trace/NoopTracer.js:65:31)\n    at ProxyTracer.startActiveSpan (/root/_MVP_Video_TecnicoCursos_v7/estudio_ia_videos/node_modules/@opentelemetry/api/build/src/trace/ProxyTracer.js:36:24)","name":"Error"}}
{"level":"error","message":"Render jobs analytics error:","timestamp":"2026-02-16T06:37:07.113Z","error":{"message":"Dynamic server usage: Route /api/analytics/render-jobs couldn't be rendered statically because it used `request.headers`. See more info here: https://nextjs.org/docs/messages/dynamic-server-error","stack":"Error: Dynamic server usage: Route /api/analytics/render-jobs couldn't be rendered statically because it used `request.headers`. See more info here: https://nextjs.org/docs/messages/dynamic-server-error\n    at V (/root/_MVP_Video_TecnicoCursos_v7/estudio_ia_videos/node_modules/next/dist/compiled/next-server/app-route.runtime.prod.js:6:21778)\n    at Object.get (/root/_MVP_Video_TecnicoCursos_v7/estudio_ia_videos/node_modules/next/dist/compiled/next-server/app-route.runtime.prod.js:6:29465)\n    at m (/root/_MVP_Video_TecnicoCursos_v7/estudio_ia_videos/.next/server/chunks/55985.js:11:1992)\n    at p (/root/_MVP_Video_TecnicoCursos_v7/estudio_ia_videos/.next/server/app/api/analytics/render-jobs/route.js:1:3702)\n    at /root/_MVP_Video_TecnicoCursos_v7/estudio_ia_videos/node_modules/next/dist/compiled/next-server/app-route.runtime.prod.js:6:38417\n    at /root/_MVP_Video_TecnicoCursos_v7/estudio_ia_videos/node_modules/next/dist/server/lib/trace/tracer.js:140:36\n    at NoopContextManager.with (/root/_MVP_Video_TecnicoCursos_v7/estudio_ia_videos/node_modules/@opentelemetry/api/build/src/context/NoopContextManager.js:25:19)\n    at ContextAPI.with (/root/_MVP_Video_TecnicoCursos_v7/estudio_ia_videos/node_modules/@opentelemetry/api/build/src/api/context.js:60:46)\n    at NoopTracer.startActiveSpan (/root/_MVP_Video_TecnicoCursos_v7/estudio_ia_videos/node_modules/@opentelemetry/api/build/src/trace/NoopTracer.js:65:31)\n    at ProxyTracer.startActiveSpan (/root/_MVP_Video_TecnicoCursos_v7/estudio_ia_videos/node_modules/@opentelemetry/api/build/src/trace/ProxyTracer.js:36:24)","name":"Error"}}
AggregateError [ECONNREFUSED]: 
    at internalConnectMultiple (node:net:1122:18)
    at afterConnectMultiple (node:net:1689:7)
    at TCPConnectWrap.callbackTrampoline (node:internal/async_hooks:130:17) {
  code: 'ECONNREFUSED',
  [errors]: [
    Error: connect ECONNREFUSED ::1:6379
        at createConnectionError (node:net:1652:14)
        at afterConnectMultiple (node:net:1682:16)
        at TCPConnectWrap.callbackTrampoline (node:internal/async_hooks:130:17) {
      errno: -111,
      code: 'ECONNREFUSED',
      syscall: 'connect',
      address: '::1',
      port: 6379
    },
    Error: connect ECONNREFUSED 127.0.0.1:6379
        at createConnectionError (node:net:1652:14)
        at afterConnectMultiple (node:net:1682:16)
        at TCPConnectWrap.callbackTrampoline (node:internal/async_hooks:130:17) {
      errno: -111,
      code: 'ECONNREFUSED',
      syscall: 'connect',
      address: '127.0.0.1',
      port: 6379
    }
  ]
}
{"level":"error","message":"Redis cache error","timestamp":"2026-02-16T06:37:07.160Z","error":{"message":"","stack":"AggregateError [ECONNREFUSED]: \n    at internalConnectMultiple (node:net:1122:18)\n    at afterConnectMultiple (node:net:1689:7)\n    at TCPConnectWrap.callbackTrampoline (node:internal/async_hooks:130:17)","name":"AggregateError"}}
AggregateError [ECONNREFUSED]: 
    at internalConnectMultiple (node:net:1122:18)
    at afterConnectMultiple (node:net:1689:7)
    at TCPConnectWrap.callbackTrampoline (node:internal/async_hooks:130:17) {
  code: 'ECONNREFUSED',
  [errors]: [
    Error: connect ECONNREFUSED ::1:6379
        at createConnectionError (node:net:1652:14)
        at afterConnectMultiple (node:net:1682:16)
        at TCPConnectWrap.callbackTrampoline (node:internal/async_hooks:130:17) {
      errno: -111,
      code: 'ECONNREFUSED',
      syscall: 'connect',
      address: '::1',
      port: 6379
    },
    Error: connect ECONNREFUSED 127.0.0.1:6379
        at createConnectionError (node:net:1652:14)
        at afterConnectMultiple (node:net:1682:16)
        at TCPConnectWrap.callbackTrampoline (node:internal/async_hooks:130:17) {
      errno: -111,
      code: 'ECONNREFUSED',
      syscall: 'connect',
      address: '127.0.0.1',
      port: 6379
    }
  ]
}
{"level":"error","message":"Redis connection error","timestamp":"2026-02-16T06:37:07.679Z","error":{"message":"","stack":"AggregateError [ECONNREFUSED]: \n    at internalConnectMultiple (node:net:1122:18)\n    at afterConnectMultiple (node:net:1689:7)\n    at TCPConnectWrap.callbackTrampoline (node:internal/async_hooks:130:17)","name":"AggregateError"}}
{"level":"warn","message":"Redis connection closed","timestamp":"2026-02-16T06:37:07.679Z","service":"RenderQueue"}
{"level":"error","message":"Redis cache error","timestamp":"2026-02-16T06:37:07.477Z","error":{"message":"","stack":"AggregateError [ECONNREFUSED]: \n    at internalConnectMultiple (node:net:1122:18)\n    at afterConnectMultiple (node:net:1689:7)\n    at TCPConnectWrap.callbackTrampoline (node:internal/async_hooks:130:17)","name":"AggregateError"}}
AggregateError [ECONNREFUSED]: 
    at internalConnectMultiple (node:net:1122:18)
    at afterConnectMultiple (node:net:1689:7)
    at TCPConnectWrap.callbackTrampoline (node:internal/async_hooks:130:17) {
  code: 'ECONNREFUSED',
  [errors]: [
    Error: connect ECONNREFUSED ::1:6379
        at createConnectionError (node:net:1652:14)
        at afterConnectMultiple (node:net:1682:16)
        at TCPConnectWrap.callbackTrampoline (node:internal/async_hooks:130:17) {
      errno: -111,
      code: 'ECONNREFUSED',
      syscall: 'connect',
      address: '::1',
      port: 6379
    },
    Error: connect ECONNREFUSED 127.0.0.1:6379
        at createConnectionError (node:net:1652:14)
        at afterConnectMultiple (node:net:1682:16)
        at TCPConnectWrap.callbackTrampoline (node:internal/async_hooks:130:17) {
      errno: -111,
      code: 'ECONNREFUSED',
      syscall: 'connect',
      address: '127.0.0.1',
      port: 6379
    }
  ]
}
AggregateError [ECONNREFUSED]: 
    at internalConnectMultiple (node:net:1122:18)
    at afterConnectMultiple (node:net:1689:7)
    at TCPConnectWrap.callbackTrampoline (node:internal/async_hooks:130:17) {
  code: 'ECONNREFUSED',
  [errors]: [
    Error: connect ECONNREFUSED ::1:6379
        at createConnectionError (node:net:1652:14)
        at afterConnectMultiple (node:net:1682:16)
        at TCPConnectWrap.callbackTrampoline (node:internal/async_hooks:130:17) {
      errno: -111,
      code: 'ECONNREFUSED',
      syscall: 'connect',
      address: '::1',
      port: 6379
    },
    Error: connect ECONNREFUSED 127.0.0.1:6379
        at createConnectionError (node:net:1652:14)
        at afterConnectMultiple (node:net:1682:16)
        at TCPConnectWrap.callbackTrampoline (node:internal/async_hooks:130:17) {
      errno: -111,
      code: 'ECONNREFUSED',
      syscall: 'connect',
      address: '127.0.0.1',
      port: 6379
    }
  ]
}
AggregateError [ECONNREFUSED]: 
    at internalConnectMultiple (node:net:1122:18)
    at afterConnectMultiple (node:net:1689:7)
    at TCPConnectWrap.callbackTrampoline (node:internal/async_hooks:130:17) {
  code: 'ECONNREFUSED',
  [errors]: [
    Error: connect ECONNREFUSED ::1:6379
        at createConnectionError (node:net:1652:14)
        at afterConnectMultiple (node:net:1682:16)
        at TCPConnectWrap.callbackTrampoline (node:internal/async_hooks:130:17) {
      errno: -111,
      code: 'ECONNREFUSED',
      syscall: 'connect',
      address: '::1',
      port: 6379
    },
    Error: connect ECONNREFUSED 127.0.0.1:6379
        at createConnectionError (node:net:1652:14)
        at afterConnectMultiple (node:net:1682:16)
        at TCPConnectWrap.callbackTrampoline (node:internal/async_hooks:130:17) {
      errno: -111,
      code: 'ECONNREFUSED',
      syscall: 'connect',
      address: '127.0.0.1',
      port: 6379
    }
  ]
}
AggregateError [ECONNREFUSED]: 
    at internalConnectMultiple (node:net:1122:18)
    at afterConnectMultiple (node:net:1689:7)
    at TCPConnectWrap.callbackTrampoline (node:internal/async_hooks:130:17) {
  code: 'ECONNREFUSED',
  [errors]: [
    Error: connect ECONNREFUSED ::1:6379
        at createConnectionError (node:net:1652:14)
        at afterConnectMultiple (node:net:1682:16)
        at TCPConnectWrap.callbackTrampoline (node:internal/async_hooks:130:17) {
      errno: -111,
      code: 'ECONNREFUSED',
      syscall: 'connect',
      address: '::1',
      port: 6379
    },
    Error: connect ECONNREFUSED 127.0.0.1:6379
        at createConnectionError (node:net:1652:14)
        at afterConnectMultiple (node:net:1682:16)
        at TCPConnectWrap.callbackTrampoline (node:internal/async_hooks:130:17) {
      errno: -111,
      code: 'ECONNREFUSED',
      syscall: 'connect',
      address: '127.0.0.1',
      port: 6379
    }
  ]
}
{"level":"error","message":"Error in render-stats","timestamp":"2026-02-16T06:37:08.073Z","component":"API: analytics/render-stats","error":{"message":"Dynamic server usage: Route /api/analytics/render-stats couldn't be rendered statically because it used `request.headers`. See more info here: https://nextjs.org/docs/messages/dynamic-server-error","stack":"Error: Dynamic server usage: Route /api/analytics/render-stats couldn't be rendered statically because it used `request.headers`. See more info here: https://nextjs.org/docs/messages/dynamic-server-error\n    at V (/root/_MVP_Video_TecnicoCursos_v7/estudio_ia_videos/node_modules/next/dist/compiled/next-server/app-route.runtime.prod.js:6:21778)\n    at Object.get (/root/_MVP_Video_TecnicoCursos_v7/estudio_ia_videos/node_modules/next/dist/compiled/next-server/app-route.runtime.prod.js:6:29465)\n    at h (/root/_MVP_Video_TecnicoCursos_v7/estudio_ia_videos/.next/server/app/api/activity/route.js:14:1992)\n    at y (/root/_MVP_Video_TecnicoCursos_v7/estudio_ia_videos/.next/server/app/api/analytics/render-stats/route.js:1:3740)\n    at /root/_MVP_Video_TecnicoCursos_v7/estudio_ia_videos/node_modules/next/dist/compiled/next-server/app-route.runtime.prod.js:6:38417\n    at /root/_MVP_Video_TecnicoCursos_v7/estudio_ia_videos/node_modules/next/dist/server/lib/trace/tracer.js:140:36\n    at NoopContextManager.with (/root/_MVP_Video_TecnicoCursos_v7/estudio_ia_videos/node_modules/@opentelemetry/api/build/src/context/NoopContextManager.js:25:19)\n    at ContextAPI.with (/root/_MVP_Video_TecnicoCursos_v7/estudio_ia_videos/node_modules/@opentelemetry/api/build/src/api/context.js:60:46)\n    at NoopTracer.startActiveSpan (/root/_MVP_Video_TecnicoCursos_v7/estudio_ia_videos/node_modules/@opentelemetry/api/build/src/trace/NoopTracer.js:65:31)\n    at ProxyTracer.startActiveSpan (/root/_MVP_Video_TecnicoCursos_v7/estudio_ia_videos/node_modules/@opentelemetry/api/build/src/trace/ProxyTracer.js:36:24)","name":"Error"}}
{"level":"error","message":"Redis connection error","timestamp":"2026-02-16T06:37:08.004Z","error":{"message":"","stack":"AggregateError [ECONNREFUSED]: \n    at internalConnectMultiple (node:net:1122:18)\n    at afterConnectMultiple (node:net:1689:7)\n    at TCPConnectWrap.callbackTrampoline (node:internal/async_hooks:130:17)","name":"AggregateError"}}
{"level":"warn","message":"Redis connection closed","timestamp":"2026-02-16T06:37:08.004Z","service":"RenderQueue"}
{"level":"error","message":"Redis cache error","timestamp":"2026-02-16T06:37:08.141Z","error":{"message":"","stack":"AggregateError [ECONNREFUSED]: \n    at internalConnectMultiple (node:net:1122:18)\n    at afterConnectMultiple (node:net:1689:7)\n    at TCPConnectWrap.callbackTrampoline (node:internal/async_hooks:130:17)","name":"AggregateError"}}
AggregateError [ECONNREFUSED]: 
    at internalConnectMultiple (node:net:1122:18)
    at afterConnectMultiple (node:net:1689:7)
    at TCPConnectWrap.callbackTrampoline (node:internal/async_hooks:130:17) {
  code: 'ECONNREFUSED',
  [errors]: [
    Error: connect ECONNREFUSED ::1:6379
        at createConnectionError (node:net:1652:14)
        at afterConnectMultiple (node:net:1682:16)
        at TCPConnectWrap.callbackTrampoline (node:internal/async_hooks:130:17) {
      errno: -111,
      code: 'ECONNREFUSED',
      syscall: 'connect',
      address: '::1',
      port: 6379
    },
    Error: connect ECONNREFUSED 127.0.0.1:6379
        at createConnectionError (node:net:1652:14)
        at afterConnectMultiple (node:net:1682:16)
        at TCPConnectWrap.callbackTrampoline (node:internal/async_hooks:130:17) {
      errno: -111,
      code: 'ECONNREFUSED',
      syscall: 'connect',
      address: '127.0.0.1',
      port: 6379
    }
  ]
}
AggregateError [ECONNREFUSED]: 
    at internalConnectMultiple (node:net:1122:18)
    at afterConnectMultiple (node:net:1689:7)
    at TCPConnectWrap.callbackTrampoline (node:internal/async_hooks:130:17) {
  code: 'ECONNREFUSED',
  [errors]: [
    Error: connect ECONNREFUSED ::1:6379
        at createConnectionError (node:net:1652:14)
        at afterConnectMultiple (node:net:1682:16)
        at TCPConnectWrap.callbackTrampoline (node:internal/async_hooks:130:17) {
      errno: -111,
      code: 'ECONNREFUSED',
      syscall: 'connect',
      address: '::1',
      port: 6379
    },
    Error: connect ECONNREFUSED 127.0.0.1:6379
        at createConnectionError (node:net:1652:14)
        at afterConnectMultiple (node:net:1682:16)
        at TCPConnectWrap.callbackTrampoline (node:internal/async_hooks:130:17) {
      errno: -111,
      code: 'ECONNREFUSED',
      syscall: 'connect',
      address: '127.0.0.1',
      port: 6379
    }
  ]
}
{"level":"error","message":"Redis connection error","timestamp":"2026-02-16T06:37:08.080Z","error":{"message":"","stack":"AggregateError [ECONNREFUSED]: \n    at internalConnectMultiple (node:net:1122:18)\n    at afterConnectMultiple (node:net:1689:7)\n    at TCPConnectWrap.callbackTrampoline (node:internal/async_hooks:130:17)","name":"AggregateError"}}
{"level":"warn","message":"Redis connection closed","timestamp":"2026-02-16T06:37:08.080Z","service":"RenderQueue"}
AggregateError [ECONNREFUSED]: 
    at internalConnectMultiple (node:net:1122:18)
    at afterConnectMultiple (node:net:1689:7)
    at TCPConnectWrap.callbackTrampoline (node:internal/async_hooks:130:17) {
  code: 'ECONNREFUSED',
  [errors]: [
    Error: connect ECONNREFUSED ::1:6379
        at createConnectionError (node:net:1652:14)
        at afterConnectMultiple (node:net:1682:16)
        at TCPConnectWrap.callbackTrampoline (node:internal/async_hooks:130:17) {
      errno: -111,
      code: 'ECONNREFUSED',
      syscall: 'connect',
      address: '::1',
      port: 6379
    },
    Error: connect ECONNREFUSED 127.0.0.1:6379
        at createConnectionError (node:net:1652:14)
        at afterConnectMultiple (node:net:1682:16)
        at TCPConnectWrap.callbackTrampoline (node:internal/async_hooks:130:17) {
      errno: -111,
      code: 'ECONNREFUSED',
      syscall: 'connect',
      address: '127.0.0.1',
      port: 6379
    }
  ]
}
{"level":"error","message":"Redis cache error","timestamp":"2026-02-16T06:37:08.886Z","error":{"message":"","stack":"AggregateError [ECONNREFUSED]: \n    at internalConnectMultiple (node:net:1122:18)\n    at afterConnectMultiple (node:net:1689:7)\n    at TCPConnectWrap.callbackTrampoline (node:internal/async_hooks:130:17)","name":"AggregateError"}}
AggregateError [ECONNREFUSED]: 
    at internalConnectMultiple (node:net:1122:18)
    at afterConnectMultiple (node:net:1689:7)
    at TCPConnectWrap.callbackTrampoline (node:internal/async_hooks:130:17) {
  code: 'ECONNREFUSED',
  [errors]: [
    Error: connect ECONNREFUSED ::1:6379
        at createConnectionError (node:net:1652:14)
        at afterConnectMultiple (node:net:1682:16)
        at TCPConnectWrap.callbackTrampoline (node:internal/async_hooks:130:17) {
      errno: -111,
      code: 'ECONNREFUSED',
      syscall: 'connect',
      address: '::1',
      port: 6379
    },
    Error: connect ECONNREFUSED 127.0.0.1:6379
        at createConnectionError (node:net:1652:14)
        at afterConnectMultiple (node:net:1682:16)
        at TCPConnectWrap.callbackTrampoline (node:internal/async_hooks:130:17) {
      errno: -111,
      code: 'ECONNREFUSED',
      syscall: 'connect',
      address: '127.0.0.1',
      port: 6379
    }
  ]
}
{"level":"error","message":"Redis cache error","timestamp":"2026-02-16T06:37:09.189Z","error":{"message":"","stack":"AggregateError [ECONNREFUSED]: \n    at internalConnectMultiple (node:net:1122:18)\n    at afterConnectMultiple (node:net:1689:7)\n    at TCPConnectWrap.callbackTrampoline (node:internal/async_hooks:130:17)","name":"AggregateError"}}
AggregateError [ECONNREFUSED]: 
    at internalConnectMultiple (node:net:1122:18)
    at afterConnectMultiple (node:net:1689:7)
    at TCPConnectWrap.callbackTrampoline (node:internal/async_hooks:130:17) {
  code: 'ECONNREFUSED',
  [errors]: [
    Error: connect ECONNREFUSED ::1:6379
        at createConnectionError (node:net:1652:14)
        at afterConnectMultiple (node:net:1682:16)
        at TCPConnectWrap.callbackTrampoline (node:internal/async_hooks:130:17) {
      errno: -111,
      code: 'ECONNREFUSED',
      syscall: 'connect',
      address: '::1',
      port: 6379
    },
    Error: connect ECONNREFUSED 127.0.0.1:6379
        at createConnectionError (node:net:1652:14)
        at afterConnectMultiple (node:net:1682:16)
        at TCPConnectWrap.callbackTrampoline (node:internal/async_hooks:130:17) {
      errno: -111,
      code: 'ECONNREFUSED',
      syscall: 'connect',
      address: '127.0.0.1',
      port: 6379
    }
  ]
}
AggregateError [ECONNREFUSED]: 
    at internalConnectMultiple (node:net:1122:18)
    at afterConnectMultiple (node:net:1689:7)
    at TCPConnectWrap.callbackTrampoline (node:internal/async_hooks:130:17) {
  code: 'ECONNREFUSED',
  [errors]: [
    Error: connect ECONNREFUSED ::1:6379
        at createConnectionError (node:net:1652:14)
        at afterConnectMultiple (node:net:1682:16)
        at TCPConnectWrap.callbackTrampoline (node:internal/async_hooks:130:17) {
      errno: -111,
      code: 'ECONNREFUSED',
      syscall: 'connect',
      address: '::1',
      port: 6379
    },
    Error: connect ECONNREFUSED 127.0.0.1:6379
        at createConnectionError (node:net:1652:14)
        at afterConnectMultiple (node:net:1682:16)
        at TCPConnectWrap.callbackTrampoline (node:internal/async_hooks:130:17) {
      errno: -111,
      code: 'ECONNREFUSED',
      syscall: 'connect',
      address: '127.0.0.1',
      port: 6379
    }
  ]
}
AggregateError [ECONNREFUSED]: 
    at internalConnectMultiple (node:net:1122:18)
    at afterConnectMultiple (node:net:1689:7)
    at TCPConnectWrap.callbackTrampoline (node:internal/async_hooks:130:17) {
  code: 'ECONNREFUSED',
  [errors]: [
    Error: connect ECONNREFUSED ::1:6379
        at createConnectionError (node:net:1652:14)
        at afterConnectMultiple (node:net:1682:16)
        at TCPConnectWrap.callbackTrampoline (node:internal/async_hooks:130:17) {
      errno: -111,
      code: 'ECONNREFUSED',
      syscall: 'connect',
      address: '::1',
      port: 6379
    },
    Error: connect ECONNREFUSED 127.0.0.1:6379
        at createConnectionError (node:net:1652:14)
        at afterConnectMultiple (node:net:1682:16)
        at TCPConnectWrap.callbackTrampoline (node:internal/async_hooks:130:17) {
      errno: -111,
      code: 'ECONNREFUSED',
      syscall: 'connect',
      address: '127.0.0.1',
      port: 6379
    }
  ]
}
{"level":"error","message":"Redis connection error","timestamp":"2026-02-16T06:37:09.385Z","error":{"message":"","stack":"AggregateError [ECONNREFUSED]: \n    at internalConnectMultiple (node:net:1122:18)\n    at afterConnectMultiple (node:net:1689:7)\n    at TCPConnectWrap.callbackTrampoline (node:internal/async_hooks:130:17)","name":"AggregateError"}}
{"level":"warn","message":"Redis connection closed","timestamp":"2026-02-16T06:37:09.387Z","service":"RenderQueue"}
AggregateError [ECONNREFUSED]: 
    at internalConnectMultiple (node:net:1122:18)
    at afterConnectMultiple (node:net:1689:7)
    at TCPConnectWrap.callbackTrampoline (node:internal/async_hooks:130:17) {
  code: 'ECONNREFUSED',
  [errors]: [
    Error: connect ECONNREFUSED ::1:6379
        at createConnectionError (node:net:1652:14)
        at afterConnectMultiple (node:net:1682:16)
        at TCPConnectWrap.callbackTrampoline (node:internal/async_hooks:130:17) {
      errno: -111,
      code: 'ECONNREFUSED',
      syscall: 'connect',
      address: '::1',
      port: 6379
    },
    Error: connect ECONNREFUSED 127.0.0.1:6379
        at createConnectionError (node:net:1652:14)
        at afterConnectMultiple (node:net:1682:16)
        at TCPConnectWrap.callbackTrampoline (node:internal/async_hooks:130:17) {
      errno: -111,
      code: 'ECONNREFUSED',
      syscall: 'connect',
      address: '127.0.0.1',
      port: 6379
    }
  ]
}
{"level":"error","message":"Redis connection error","timestamp":"2026-02-16T06:37:09.712Z","error":{"message":"","stack":"AggregateError [ECONNREFUSED]: \n    at internalConnectMultiple (node:net:1122:18)\n    at afterConnectMultiple (node:net:1689:7)\n    at TCPConnectWrap.callbackTrampoline (node:internal/async_hooks:130:17)","name":"AggregateError"}}
{"level":"warn","message":"Redis connection closed","timestamp":"2026-02-16T06:37:09.713Z","service":"RenderQueue"}
{"level":"error","message":"Redis cache error","timestamp":"2026-02-16T06:37:09.846Z","error":{"message":"","stack":"AggregateError [ECONNREFUSED]: \n    at internalConnectMultiple (node:net:1122:18)\n    at afterConnectMultiple (node:net:1689:7)\n    at TCPConnectWrap.callbackTrampoline (node:internal/async_hooks:130:17)","name":"AggregateError"}}
AggregateError [ECONNREFUSED]: 
    at internalConnectMultiple (node:net:1122:18)
    at afterConnectMultiple (node:net:1689:7)
    at TCPConnectWrap.callbackTrampoline (node:internal/async_hooks:130:17) {
  code: 'ECONNREFUSED',
  [errors]: [
    Error: connect ECONNREFUSED ::1:6379
        at createConnectionError (node:net:1652:14)
        at afterConnectMultiple (node:net:1682:16)
        at TCPConnectWrap.callbackTrampoline (node:internal/async_hooks:130:17) {
      errno: -111,
      code: 'ECONNREFUSED',
      syscall: 'connect',
      address: '::1',
      port: 6379
    },
    Error: connect ECONNREFUSED 127.0.0.1:6379
        at createConnectionError (node:net:1652:14)
        at afterConnectMultiple (node:net:1682:16)
        at TCPConnectWrap.callbackTrampoline (node:internal/async_hooks:130:17) {
      errno: -111,
      code: 'ECONNREFUSED',
      syscall: 'connect',
      address: '127.0.0.1',
      port: 6379
    }
  ]
}
AggregateError [ECONNREFUSED]: 
    at internalConnectMultiple (node:net:1122:18)
    at afterConnectMultiple (node:net:1689:7)
    at TCPConnectWrap.callbackTrampoline (node:internal/async_hooks:130:17) {
  code: 'ECONNREFUSED',
  [errors]: [
    Error: connect ECONNREFUSED ::1:6379
        at createConnectionError (node:net:1652:14)
        at afterConnectMultiple (node:net:1682:16)
        at TCPConnectWrap.callbackTrampoline (node:internal/async_hooks:130:17) {
      errno: -111,
      code: 'ECONNREFUSED',
      syscall: 'connect',
      address: '::1',
      port: 6379
    },
    Error: connect ECONNREFUSED 127.0.0.1:6379
        at createConnectionError (node:net:1652:14)
        at afterConnectMultiple (node:net:1682:16)
        at TCPConnectWrap.callbackTrampoline (node:internal/async_hooks:130:17) {
      errno: -111,
      code: 'ECONNREFUSED',
      syscall: 'connect',
      address: '127.0.0.1',
      port: 6379
    }
  ]
}
{"level":"error","message":"Redis connection error","timestamp":"2026-02-16T06:37:09.786Z","error":{"message":"","stack":"AggregateError [ECONNREFUSED]: \n    at internalConnectMultiple (node:net:1122:18)\n    at afterConnectMultiple (node:net:1689:7)\n    at TCPConnectWrap.callbackTrampoline (node:internal/async_hooks:130:17)","name":"AggregateError"}}
{"level":"warn","message":"Redis connection closed","timestamp":"2026-02-16T06:37:09.786Z","service":"RenderQueue"}
AggregateError [ECONNREFUSED]: 
    at internalConnectMultiple (node:net:1122:18)
    at afterConnectMultiple (node:net:1689:7)
    at TCPConnectWrap.callbackTrampoline (node:internal/async_hooks:130:17) {
  code: 'ECONNREFUSED',
  [errors]: [
    Error: connect ECONNREFUSED ::1:6379
        at createConnectionError (node:net:1652:14)
        at afterConnectMultiple (node:net:1682:16)
        at TCPConnectWrap.callbackTrampoline (node:internal/async_hooks:130:17) {
      errno: -111,
      code: 'ECONNREFUSED',
      syscall: 'connect',
      address: '::1',
      port: 6379
    },
    Error: connect ECONNREFUSED 127.0.0.1:6379
        at createConnectionError (node:net:1652:14)
        at afterConnectMultiple (node:net:1682:16)
        at TCPConnectWrap.callbackTrampoline (node:internal/async_hooks:130:17) {
      errno: -111,
      code: 'ECONNREFUSED',
      syscall: 'connect',
      address: '127.0.0.1',
      port: 6379
    }
  ]
}
{"level":"error","message":"Redis cache error","timestamp":"2026-02-16T06:37:10.649Z","error":{"message":"","stack":"AggregateError [ECONNREFUSED]: \n    at internalConnectMultiple (node:net:1122:18)\n    at afterConnectMultiple (node:net:1689:7)\n    at TCPConnectWrap.callbackTrampoline (node:internal/async_hooks:130:17)","name":"AggregateError"}}
AggregateError [ECONNREFUSED]: 
    at internalConnectMultiple (node:net:1122:18)
    at afterConnectMultiple (node:net:1689:7)
    at TCPConnectWrap.callbackTrampoline (node:internal/async_hooks:130:17) {
  code: 'ECONNREFUSED',
  [errors]: [
    Error: connect ECONNREFUSED ::1:6379
        at createConnectionError (node:net:1652:14)
        at afterConnectMultiple (node:net:1682:16)
        at TCPConnectWrap.callbackTrampoline (node:internal/async_hooks:130:17) {
      errno: -111,
      code: 'ECONNREFUSED',
      syscall: 'connect',
      address: '::1',
      port: 6379
    },
    Error: connect ECONNREFUSED 127.0.0.1:6379
        at createConnectionError (node:net:1652:14)
        at afterConnectMultiple (node:net:1682:16)
        at TCPConnectWrap.callbackTrampoline (node:internal/async_hooks:130:17) {
      errno: -111,
      code: 'ECONNREFUSED',
      syscall: 'connect',
      address: '127.0.0.1',
      port: 6379
    }
  ]
}
{"level":"error","message":"Erro ao listar avatares","timestamp":"2026-02-16T06:37:10.646Z","component":"API: avatars/3d/list","error":{"message":"Dynamic server usage: Route /api/avatars/3d/list couldn't be rendered statically because it used `request.headers`. See more info here: https://nextjs.org/docs/messages/dynamic-server-error","stack":"Error: Dynamic server usage: Route /api/avatars/3d/list couldn't be rendered statically because it used `request.headers`. See more info here: https://nextjs.org/docs/messages/dynamic-server-error\n    at V (/root/_MVP_Video_TecnicoCursos_v7/estudio_ia_videos/node_modules/next/dist/compiled/next-server/app-route.runtime.prod.js:6:21778)\n    at Object.get (/root/_MVP_Video_TecnicoCursos_v7/estudio_ia_videos/node_modules/next/dist/compiled/next-server/app-route.runtime.prod.js:6:29465)\n    at g (/root/_MVP_Video_TecnicoCursos_v7/estudio_ia_videos/.next/server/app/api/admin/activity/route.js:14:1992)\n    at f (/root/_MVP_Video_TecnicoCursos_v7/estudio_ia_videos/.next/server/app/api/avatars/3d/list/route.js:1:3208)\n    at /root/_MVP_Video_TecnicoCursos_v7/estudio_ia_videos/node_modules/next/dist/compiled/next-server/app-route.runtime.prod.js:6:38417\n    at /root/_MVP_Video_TecnicoCursos_v7/estudio_ia_videos/node_modules/next/dist/server/lib/trace/tracer.js:140:36\n    at NoopContextManager.with (/root/_MVP_Video_TecnicoCursos_v7/estudio_ia_videos/node_modules/@opentelemetry/api/build/src/context/NoopContextManager.js:25:19)\n    at ContextAPI.with (/root/_MVP_Video_TecnicoCursos_v7/estudio_ia_videos/node_modules/@opentelemetry/api/build/src/api/context.js:60:46)\n    at NoopTracer.startActiveSpan (/root/_MVP_Video_TecnicoCursos_v7/estudio_ia_videos/node_modules/@opentelemetry/api/build/src/trace/NoopTracer.js:65:31)\n    at ProxyTracer.startActiveSpan (/root/_MVP_Video_TecnicoCursos_v7/estudio_ia_videos/node_modules/@opentelemetry/api/build/src/trace/ProxyTracer.js:36:24)","name":"Error"}}
{"level":"error","message":"Redis cache error","timestamp":"2026-02-16T06:37:10.944Z","error":{"message":"","stack":"AggregateError [ECONNREFUSED]: \n    at internalConnectMultiple (node:net:1122:18)\n    at afterConnectMultiple (node:net:1689:7)\n    at TCPConnectWrap.callbackTrampoline (node:internal/async_hooks:130:17)","name":"AggregateError"}}
{"level":"error","message":"Avatar models API error","timestamp":"2026-02-16T06:37:11.000Z","error":{"message":"Dynamic server usage: Route /api/avatars/models couldn't be rendered statically because it used `request.headers`. See more info here: https://nextjs.org/docs/messages/dynamic-server-error","stack":"Error: Dynamic server usage: Route /api/avatars/models couldn't be rendered statically because it used `request.headers`. See more info here: https://nextjs.org/docs/messages/dynamic-server-error\n    at V (/root/_MVP_Video_TecnicoCursos_v7/estudio_ia_videos/node_modules/next/dist/compiled/next-server/app-route.runtime.prod.js:6:21778)\n    at Object.get (/root/_MVP_Video_TecnicoCursos_v7/estudio_ia_videos/node_modules/next/dist/compiled/next-server/app-route.runtime.prod.js:6:29465)\n    at g (/root/_MVP_Video_TecnicoCursos_v7/estudio_ia_videos/.next/server/app/api/admin/activity/route.js:14:1992)\n    at h (/root/_MVP_Video_TecnicoCursos_v7/estudio_ia_videos/.next/server/app/api/avatars/models/route.js:1:3087)\n    at /root/_MVP_Video_TecnicoCursos_v7/estudio_ia_videos/node_modules/next/dist/compiled/next-server/app-route.runtime.prod.js:6:38417\n    at /root/_MVP_Video_TecnicoCursos_v7/estudio_ia_videos/node_modules/next/dist/server/lib/trace/tracer.js:140:36\n    at NoopContextManager.with (/root/_MVP_Video_TecnicoCursos_v7/estudio_ia_videos/node_modules/@opentelemetry/api/build/src/context/NoopContextManager.js:25:19)\n    at ContextAPI.with (/root/_MVP_Video_TecnicoCursos_v7/estudio_ia_videos/node_modules/@opentelemetry/api/build/src/api/context.js:60:46)\n    at NoopTracer.startActiveSpan (/root/_MVP_Video_TecnicoCursos_v7/estudio_ia_videos/node_modules/@opentelemetry/api/build/src/trace/NoopTracer.js:65:31)\n    at ProxyTracer.startActiveSpan (/root/_MVP_Video_TecnicoCursos_v7/estudio_ia_videos/node_modules/@opentelemetry/api/build/src/trace/ProxyTracer.js:36:24)","name":"Error"}}
AggregateError [ECONNREFUSED]: 
    at internalConnectMultiple (node:net:1122:18)
    at afterConnectMultiple (node:net:1689:7)
    at TCPConnectWrap.callbackTrampoline (node:internal/async_hooks:130:17) {
  code: 'ECONNREFUSED',
  [errors]: [
    Error: connect ECONNREFUSED ::1:6379
        at createConnectionError (node:net:1652:14)
        at afterConnectMultiple (node:net:1682:16)
        at TCPConnectWrap.callbackTrampoline (node:internal/async_hooks:130:17) {
      errno: -111,
      code: 'ECONNREFUSED',
      syscall: 'connect',
      address: '::1',
      port: 6379
    },
    Error: connect ECONNREFUSED 127.0.0.1:6379
        at createConnectionError (node:net:1652:14)
        at afterConnectMultiple (node:net:1682:16)
        at TCPConnectWrap.callbackTrampoline (node:internal/async_hooks:130:17) {
      errno: -111,
      code: 'ECONNREFUSED',
      syscall: 'connect',
      address: '127.0.0.1',
      port: 6379
    }
  ]
}
AggregateError [ECONNREFUSED]: 
    at internalConnectMultiple (node:net:1122:18)
    at afterConnectMultiple (node:net:1689:7)
    at TCPConnectWrap.callbackTrampoline (node:internal/async_hooks:130:17) {
  code: 'ECONNREFUSED',
  [errors]: [
    Error: connect ECONNREFUSED ::1:6379
        at createConnectionError (node:net:1652:14)
        at afterConnectMultiple (node:net:1682:16)
        at TCPConnectWrap.callbackTrampoline (node:internal/async_hooks:130:17) {
      errno: -111,
      code: 'ECONNREFUSED',
      syscall: 'connect',
      address: '::1',
      port: 6379
    },
    Error: connect ECONNREFUSED 127.0.0.1:6379
        at createConnectionError (node:net:1652:14)
        at afterConnectMultiple (node:net:1682:16)
        at TCPConnectWrap.callbackTrampoline (node:internal/async_hooks:130:17) {
      errno: -111,
      code: 'ECONNREFUSED',
      syscall: 'connect',
      address: '127.0.0.1',
      port: 6379
    }
  ]
}
AggregateError [ECONNREFUSED]: 
    at internalConnectMultiple (node:net:1122:18)
    at afterConnectMultiple (node:net:1689:7)
    at TCPConnectWrap.callbackTrampoline (node:internal/async_hooks:130:17) {
  code: 'ECONNREFUSED',
  [errors]: [
    Error: connect ECONNREFUSED ::1:6379
        at createConnectionError (node:net:1652:14)
        at afterConnectMultiple (node:net:1682:16)
        at TCPConnectWrap.callbackTrampoline (node:internal/async_hooks:130:17) {
      errno: -111,
      code: 'ECONNREFUSED',
      syscall: 'connect',
      address: '::1',
      port: 6379
    },
    Error: connect ECONNREFUSED 127.0.0.1:6379
        at createConnectionError (node:net:1652:14)
        at afterConnectMultiple (node:net:1682:16)
        at TCPConnectWrap.callbackTrampoline (node:internal/async_hooks:130:17) {
      errno: -111,
      code: 'ECONNREFUSED',
      syscall: 'connect',
      address: '127.0.0.1',
      port: 6379
    }
  ]
}
{"level":"error","message":"Redis connection error","timestamp":"2026-02-16T06:37:11.142Z","error":{"message":"","stack":"AggregateError [ECONNREFUSED]: \n    at internalConnectMultiple (node:net:1122:18)\n    at afterConnectMultiple (node:net:1689:7)\n    at TCPConnectWrap.callbackTrampoline (node:internal/async_hooks:130:17)","name":"AggregateError"}}
{"level":"warn","message":"Redis connection closed","timestamp":"2026-02-16T06:37:11.142Z","service":"RenderQueue"}
AggregateError [ECONNREFUSED]: 
    at internalConnectMultiple (node:net:1122:18)
    at afterConnectMultiple (node:net:1689:7)
    at TCPConnectWrap.callbackTrampoline (node:internal/async_hooks:130:17) {
  code: 'ECONNREFUSED',
  [errors]: [
    Error: connect ECONNREFUSED ::1:6379
        at createConnectionError (node:net:1652:14)
        at afterConnectMultiple (node:net:1682:16)
        at TCPConnectWrap.callbackTrampoline (node:internal/async_hooks:130:17) {
      errno: -111,
      code: 'ECONNREFUSED',
      syscall: 'connect',
      address: '::1',
      port: 6379
    },
    Error: connect ECONNREFUSED 127.0.0.1:6379
        at createConnectionError (node:net:1652:14)
        at afterConnectMultiple (node:net:1682:16)
        at TCPConnectWrap.callbackTrampoline (node:internal/async_hooks:130:17) {
      errno: -111,
      code: 'ECONNREFUSED',
      syscall: 'connect',
      address: '127.0.0.1',
      port: 6379
    }
  ]
}
{"level":"error","message":"Redis connection error","timestamp":"2026-02-16T06:37:11.464Z","error":{"message":"","stack":"AggregateError [ECONNREFUSED]: \n    at internalConnectMultiple (node:net:1122:18)\n    at afterConnectMultiple (node:net:1689:7)\n    at TCPConnectWrap.callbackTrampoline (node:internal/async_hooks:130:17)","name":"AggregateError"}}
{"level":"warn","message":"Redis connection closed","timestamp":"2026-02-16T06:37:11.464Z","service":"RenderQueue"}
{"level":"error","message":"Erro ao listar MetaHumans","timestamp":"2026-02-16T06:37:11.506Z","component":"API: avatars/ue5/metahumans","error":{"message":"Dynamic server usage: Route /api/avatars/ue5/metahumans couldn't be rendered statically because it used `request.headers`. See more info here: https://nextjs.org/docs/messages/dynamic-server-error","stack":"Error: Dynamic server usage: Route /api/avatars/ue5/metahumans couldn't be rendered statically because it used `request.headers`. See more info here: https://nextjs.org/docs/messages/dynamic-server-error\n    at V (/root/_MVP_Video_TecnicoCursos_v7/estudio_ia_videos/node_modules/next/dist/compiled/next-server/app-route.runtime.prod.js:6:21778)\n    at Object.get (/root/_MVP_Video_TecnicoCursos_v7/estudio_ia_videos/node_modules/next/dist/compiled/next-server/app-route.runtime.prod.js:6:29465)\n    at m (/root/_MVP_Video_TecnicoCursos_v7/estudio_ia_videos/.next/server/chunks/55985.js:11:1992)\n    at h (/root/_MVP_Video_TecnicoCursos_v7/estudio_ia_videos/.next/server/app/api/avatars/ue5/metahumans/route.js:1:2942)\n    at /root/_MVP_Video_TecnicoCursos_v7/estudio_ia_videos/node_modules/next/dist/compiled/next-server/app-route.runtime.prod.js:6:38417\n    at /root/_MVP_Video_TecnicoCursos_v7/estudio_ia_videos/node_modules/next/dist/server/lib/trace/tracer.js:140:36\n    at NoopContextManager.with (/root/_MVP_Video_TecnicoCursos_v7/estudio_ia_videos/node_modules/@opentelemetry/api/build/src/context/NoopContextManager.js:25:19)\n    at ContextAPI.with (/root/_MVP_Video_TecnicoCursos_v7/estudio_ia_videos/node_modules/@opentelemetry/api/build/src/api/context.js:60:46)\n    at NoopTracer.startActiveSpan (/root/_MVP_Video_TecnicoCursos_v7/estudio_ia_videos/node_modules/@opentelemetry/api/build/src/trace/NoopTracer.js:65:31)\n    at ProxyTracer.startActiveSpan (/root/_MVP_Video_TecnicoCursos_v7/estudio_ia_videos/node_modules/@opentelemetry/api/build/src/trace/ProxyTracer.js:36:24)","name":"Error"}}
{"level":"error","message":"Redis cache error","timestamp":"2026-02-16T06:37:11.599Z","error":{"message":"","stack":"AggregateError [ECONNREFUSED]: \n    at internalConnectMultiple (node:net:1122:18)\n    at afterConnectMultiple (node:net:1689:7)\n    at TCPConnectWrap.callbackTrampoline (node:internal/async_hooks:130:17)","name":"AggregateError"}}
AggregateError [ECONNREFUSED]: 
    at internalConnectMultiple (node:net:1122:18)
    at afterConnectMultiple (node:net:1689:7)
    at TCPConnectWrap.callbackTrampoline (node:internal/async_hooks:130:17) {
  code: 'ECONNREFUSED',
  [errors]: [
    Error: connect ECONNREFUSED ::1:6379
        at createConnectionError (node:net:1652:14)
        at afterConnectMultiple (node:net:1682:16)
        at TCPConnectWrap.callbackTrampoline (node:internal/async_hooks:130:17) {
      errno: -111,
      code: 'ECONNREFUSED',
      syscall: 'connect',
      address: '::1',
      port: 6379
    },
    Error: connect ECONNREFUSED 127.0.0.1:6379
        at createConnectionError (node:net:1652:14)
        at afterConnectMultiple (node:net:1682:16)
        at TCPConnectWrap.callbackTrampoline (node:internal/async_hooks:130:17) {
      errno: -111,
      code: 'ECONNREFUSED',
      syscall: 'connect',
      address: '127.0.0.1',
      port: 6379
    }
  ]
}
AggregateError [ECONNREFUSED]: 
    at internalConnectMultiple (node:net:1122:18)
    at afterConnectMultiple (node:net:1689:7)
    at TCPConnectWrap.callbackTrampoline (node:internal/async_hooks:130:17) {
  code: 'ECONNREFUSED',
  [errors]: [
    Error: connect ECONNREFUSED ::1:6379
        at createConnectionError (node:net:1652:14)
        at afterConnectMultiple (node:net:1682:16)
        at TCPConnectWrap.callbackTrampoline (node:internal/async_hooks:130:17) {
      errno: -111,
      code: 'ECONNREFUSED',
      syscall: 'connect',
      address: '::1',
      port: 6379
    },
    Error: connect ECONNREFUSED 127.0.0.1:6379
        at createConnectionError (node:net:1652:14)
        at afterConnectMultiple (node:net:1682:16)
        at TCPConnectWrap.callbackTrampoline (node:internal/async_hooks:130:17) {
      errno: -111,
      code: 'ECONNREFUSED',
      syscall: 'connect',
      address: '127.0.0.1',
      port: 6379
    }
  ]
}
{"level":"error","message":"Redis connection error","timestamp":"2026-02-16T06:37:11.540Z","error":{"message":"","stack":"AggregateError [ECONNREFUSED]: \n    at internalConnectMultiple (node:net:1122:18)\n    at afterConnectMultiple (node:net:1689:7)\n    at TCPConnectWrap.callbackTrampoline (node:internal/async_hooks:130:17)","name":"AggregateError"}}
{"level":"warn","message":"Redis connection closed","timestamp":"2026-02-16T06:37:11.540Z","service":"RenderQueue"}
AggregateError [ECONNREFUSED]: 
    at internalConnectMultiple (node:net:1122:18)
    at afterConnectMultiple (node:net:1689:7)
    at TCPConnectWrap.callbackTrampoline (node:internal/async_hooks:130:17) {
  code: 'ECONNREFUSED',
  [errors]: [
    Error: connect ECONNREFUSED ::1:6379
        at createConnectionError (node:net:1652:14)
        at afterConnectMultiple (node:net:1682:16)
        at TCPConnectWrap.callbackTrampoline (node:internal/async_hooks:130:17) {
      errno: -111,
      code: 'ECONNREFUSED',
      syscall: 'connect',
      address: '::1',
      port: 6379
    },
    Error: connect ECONNREFUSED 127.0.0.1:6379
        at createConnectionError (node:net:1652:14)
        at afterConnectMultiple (node:net:1682:16)
        at TCPConnectWrap.callbackTrampoline (node:internal/async_hooks:130:17) {
      errno: -111,
      code: 'ECONNREFUSED',
      syscall: 'connect',
      address: '127.0.0.1',
      port: 6379
    }
  ]
}
AggregateError [ECONNREFUSED]: 
    at internalConnectMultiple (node:net:1122:18)
    at afterConnectMultiple (node:net:1689:7)
    at TCPConnectWrap.callbackTrampoline (node:internal/async_hooks:130:17) {
  code: 'ECONNREFUSED',
  [errors]: [
    Error: connect ECONNREFUSED ::1:6379
        at createConnectionError (node:net:1652:14)
        at afterConnectMultiple (node:net:1682:16)
        at TCPConnectWrap.callbackTrampoline (node:internal/async_hooks:130:17) {
      errno: -111,
      code: 'ECONNREFUSED',
      syscall: 'connect',
      address: '::1',
      port: 6379
    },
    Error: connect ECONNREFUSED 127.0.0.1:6379
        at createConnectionError (node:net:1652:14)
        at afterConnectMultiple (node:net:1682:16)
        at TCPConnectWrap.callbackTrampoline (node:internal/async_hooks:130:17) {
      errno: -111,
      code: 'ECONNREFUSED',
      syscall: 'connect',
      address: '127.0.0.1',
      port: 6379
    }
  ]
}
AggregateError [ECONNREFUSED]: 
    at internalConnectMultiple (node:net:1122:18)
    at afterConnectMultiple (node:net:1689:7)
    at TCPConnectWrap.callbackTrampoline (node:internal/async_hooks:130:17) {
  code: 'ECONNREFUSED',
  [errors]: [
    Error: connect ECONNREFUSED ::1:6379
        at createConnectionError (node:net:1652:14)
        at afterConnectMultiple (node:net:1682:16)
        at TCPConnectWrap.callbackTrampoline (node:internal/async_hooks:130:17) {
      errno: -111,
      code: 'ECONNREFUSED',
      syscall: 'connect',
      address: '::1',
      port: 6379
    },
    Error: connect ECONNREFUSED 127.0.0.1:6379
        at createConnectionError (node:net:1652:14)
        at afterConnectMultiple (node:net:1682:16)
        at TCPConnectWrap.callbackTrampoline (node:internal/async_hooks:130:17) {
      errno: -111,
      code: 'ECONNREFUSED',
      syscall: 'connect',
      address: '127.0.0.1',
      port: 6379
    }
  ]
}
AggregateError [ECONNREFUSED]: 
    at internalConnectMultiple (node:net:1122:18)
    at afterConnectMultiple (node:net:1689:7)
    at TCPConnectWrap.callbackTrampoline (node:internal/async_hooks:130:17) {
  code: 'ECONNREFUSED',
  [errors]: [
    Error: connect ECONNREFUSED ::1:6379
        at createConnectionError (node:net:1652:14)
        at afterConnectMultiple (node:net:1682:16)
        at TCPConnectWrap.callbackTrampoline (node:internal/async_hooks:130:17) {
      errno: -111,
      code: 'ECONNREFUSED',
      syscall: 'connect',
      address: '::1',
      port: 6379
    },
    Error: connect ECONNREFUSED 127.0.0.1:6379
        at createConnectionError (node:net:1652:14)
        at afterConnectMultiple (node:net:1682:16)
        at TCPConnectWrap.callbackTrampoline (node:internal/async_hooks:130:17) {
      errno: -111,
      code: 'ECONNREFUSED',
      syscall: 'connect',
      address: '127.0.0.1',
      port: 6379
    }
  ]
}
AggregateError [ECONNREFUSED]: 
    at internalConnectMultiple (node:net:1122:18)
    at afterConnectMultiple (node:net:1689:7)
    at TCPConnectWrap.callbackTrampoline (node:internal/async_hooks:130:17) {
  code: 'ECONNREFUSED',
  [errors]: [
    Error: connect ECONNREFUSED ::1:6379
        at createConnectionError (node:net:1652:14)
        at afterConnectMultiple (node:net:1682:16)
        at TCPConnectWrap.callbackTrampoline (node:internal/async_hooks:130:17) {
      errno: -111,
      code: 'ECONNREFUSED',
      syscall: 'connect',
      address: '::1',
      port: 6379
    },
    Error: connect ECONNREFUSED 127.0.0.1:6379
        at createConnectionError (node:net:1652:14)
        at afterConnectMultiple (node:net:1682:16)
        at TCPConnectWrap.callbackTrampoline (node:internal/async_hooks:130:17) {
      errno: -111,
      code: 'ECONNREFUSED',
      syscall: 'connect',
      address: '127.0.0.1',
      port: 6379
    }
  ]
}
AggregateError [ECONNREFUSED]: 
    at internalConnectMultiple (node:net:1122:18)
    at afterConnectMultiple (node:net:1689:7)
    at TCPConnectWrap.callbackTrampoline (node:internal/async_hooks:130:17) {
  code: 'ECONNREFUSED',
  [errors]: [
    Error: connect ECONNREFUSED ::1:6379
        at createConnectionError (node:net:1652:14)
        at afterConnectMultiple (node:net:1682:16)
        at TCPConnectWrap.callbackTrampoline (node:internal/async_hooks:130:17) {
      errno: -111,
      code: 'ECONNREFUSED',
      syscall: 'connect',
      address: '::1',
      port: 6379
    },
    Error: connect ECONNREFUSED 127.0.0.1:6379
        at createConnectionError (node:net:1652:14)
        at afterConnectMultiple (node:net:1682:16)
        at TCPConnectWrap.callbackTrampoline (node:internal/async_hooks:130:17) {
      errno: -111,
      code: 'ECONNREFUSED',
      syscall: 'connect',
      address: '127.0.0.1',
      port: 6379
    }
  ]
}
AggregateError [ECONNREFUSED]: 
    at internalConnectMultiple (node:net:1122:18)
    at afterConnectMultiple (node:net:1689:7)
    at TCPConnectWrap.callbackTrampoline (node:internal/async_hooks:130:17) {
  code: 'ECONNREFUSED',
  [errors]: [
    Error: connect ECONNREFUSED ::1:6379
        at createConnectionError (node:net:1652:14)
        at afterConnectMultiple (node:net:1682:16)
        at TCPConnectWrap.callbackTrampoline (node:internal/async_hooks:130:17) {
      errno: -111,
      code: 'ECONNREFUSED',
      syscall: 'connect',
      address: '::1',
      port: 6379
    },
    Error: connect ECONNREFUSED 127.0.0.1:6379
        at createConnectionError (node:net:1652:14)
        at afterConnectMultiple (node:net:1682:16)
        at TCPConnectWrap.callbackTrampoline (node:internal/async_hooks:130:17) {
      errno: -111,
      code: 'ECONNREFUSED',
      syscall: 'connect',
      address: '127.0.0.1',
      port: 6379
    }
  ]
}
AggregateError [ECONNREFUSED]: 
    at internalConnectMultiple (node:net:1122:18)
    at afterConnectMultiple (node:net:1689:7)
    at TCPConnectWrap.callbackTrampoline (node:internal/async_hooks:130:17) {
  code: 'ECONNREFUSED',
  [errors]: [
    Error: connect ECONNREFUSED ::1:6379
        at createConnectionError (node:net:1652:14)
        at afterConnectMultiple (node:net:1682:16)
        at TCPConnectWrap.callbackTrampoline (node:internal/async_hooks:130:17) {
      errno: -111,
      code: 'ECONNREFUSED',
      syscall: 'connect',
      address: '::1',
      port: 6379
    },
    Error: connect ECONNREFUSED 127.0.0.1:6379
        at createConnectionError (node:net:1652:14)
        at afterConnectMultiple (node:net:1682:16)
        at TCPConnectWrap.callbackTrampoline (node:internal/async_hooks:130:17) {
      errno: -111,
      code: 'ECONNREFUSED',
      syscall: 'connect',
      address: '127.0.0.1',
      port: 6379
    }
  ]
}
AggregateError [ECONNREFUSED]: 
    at internalConnectMultiple (node:net:1122:18)
    at afterConnectMultiple (node:net:1689:7)
    at TCPConnectWrap.callbackTrampoline (node:internal/async_hooks:130:17) {
  code: 'ECONNREFUSED',
  [errors]: [
    Error: connect ECONNREFUSED ::1:6379
        at createConnectionError (node:net:1652:14)
        at afterConnectMultiple (node:net:1682:16)
        at TCPConnectWrap.callbackTrampoline (node:internal/async_hooks:130:17) {
      errno: -111,
      code: 'ECONNREFUSED',
      syscall: 'connect',
      address: '::1',
      port: 6379
    },
    Error: connect ECONNREFUSED 127.0.0.1:6379
        at createConnectionError (node:net:1652:14)
        at afterConnectMultiple (node:net:1682:16)
        at TCPConnectWrap.callbackTrampoline (node:internal/async_hooks:130:17) {
      errno: -111,
      code: 'ECONNREFUSED',
      syscall: 'connect',
      address: '127.0.0.1',
      port: 6379
    }
  ]
}
AggregateError [ECONNREFUSED]: 
    at internalConnectMultiple (node:net:1122:18)
    at afterConnectMultiple (node:net:1689:7)
    at TCPConnectWrap.callbackTrampoline (node:internal/async_hooks:130:17) {
  code: 'ECONNREFUSED',
  [errors]: [
    Error: connect ECONNREFUSED ::1:6379
        at createConnectionError (node:net:1652:14)
        at afterConnectMultiple (node:net:1682:16)
        at TCPConnectWrap.callbackTrampoline (node:internal/async_hooks:130:17) {
      errno: -111,
      code: 'ECONNREFUSED',
      syscall: 'connect',
      address: '::1',
      port: 6379
    },
    Error: connect ECONNREFUSED 127.0.0.1:6379
        at createConnectionError (node:net:1652:14)
        at afterConnectMultiple (node:net:1682:16)
        at TCPConnectWrap.callbackTrampoline (node:internal/async_hooks:130:17) {
      errno: -111,
      code: 'ECONNREFUSED',
      syscall: 'connect',
      address: '127.0.0.1',
      port: 6379
    }
  ]
}
AggregateError [ECONNREFUSED]: 
    at internalConnectMultiple (node:net:1122:18)
    at afterConnectMultiple (node:net:1689:7)
    at TCPConnectWrap.callbackTrampoline (node:internal/async_hooks:130:17) {
  code: 'ECONNREFUSED',
  [errors]: [
    Error: connect ECONNREFUSED ::1:6379
        at createConnectionError (node:net:1652:14)
        at afterConnectMultiple (node:net:1682:16)
        at TCPConnectWrap.callbackTrampoline (node:internal/async_hooks:130:17) {
      errno: -111,
      code: 'ECONNREFUSED',
      syscall: 'connect',
      address: '::1',
      port: 6379
    },
    Error: connect ECONNREFUSED 127.0.0.1:6379
        at createConnectionError (node:net:1652:14)
        at afterConnectMultiple (node:net:1682:16)
        at TCPConnectWrap.callbackTrampoline (node:internal/async_hooks:130:17) {
      errno: -111,
      code: 'ECONNREFUSED',
      syscall: 'connect',
      address: '127.0.0.1',
      port: 6379
    }
  ]
}
AggregateError [ECONNREFUSED]: 
    at internalConnectMultiple (node:net:1122:18)
    at afterConnectMultiple (node:net:1689:7)
    at TCPConnectWrap.callbackTrampoline (node:internal/async_hooks:130:17) {
  code: 'ECONNREFUSED',
  [errors]: [
    Error: connect ECONNREFUSED ::1:6379
        at createConnectionError (node:net:1652:14)
        at afterConnectMultiple (node:net:1682:16)
        at TCPConnectWrap.callbackTrampoline (node:internal/async_hooks:130:17) {
      errno: -111,
      code: 'ECONNREFUSED',
      syscall: 'connect',
      address: '::1',
      port: 6379
    },
    Error: connect ECONNREFUSED 127.0.0.1:6379
        at createConnectionError (node:net:1652:14)
        at afterConnectMultiple (node:net:1682:16)
        at TCPConnectWrap.callbackTrampoline (node:internal/async_hooks:130:17) {
      errno: -111,
      code: 'ECONNREFUSED',
      syscall: 'connect',
      address: '127.0.0.1',
      port: 6379
    }
  ]
}
AggregateError [ECONNREFUSED]: 
    at internalConnectMultiple (node:net:1122:18)
    at afterConnectMultiple (node:net:1689:7)
    at TCPConnectWrap.callbackTrampoline (node:internal/async_hooks:130:17) {
  code: 'ECONNREFUSED',
  [errors]: [
    Error: connect ECONNREFUSED ::1:6379
        at createConnectionError (node:net:1652:14)
        at afterConnectMultiple (node:net:1682:16)
        at TCPConnectWrap.callbackTrampoline (node:internal/async_hooks:130:17) {
      errno: -111,
      code: 'ECONNREFUSED',
      syscall: 'connect',
      address: '::1',
      port: 6379
    },
    Error: connect ECONNREFUSED 127.0.0.1:6379
        at createConnectionError (node:net:1652:14)
        at afterConnectMultiple (node:net:1682:16)
        at TCPConnectWrap.callbackTrampoline (node:internal/async_hooks:130:17) {
      errno: -111,
      code: 'ECONNREFUSED',
      syscall: 'connect',
      address: '127.0.0.1',
      port: 6379
    }
  ]
}
AggregateError [ECONNREFUSED]: 
    at internalConnectMultiple (node:net:1122:18)
    at afterConnectMultiple (node:net:1689:7)
    at TCPConnectWrap.callbackTrampoline (node:internal/async_hooks:130:17) {
  code: 'ECONNREFUSED',
  [errors]: [
    Error: connect ECONNREFUSED ::1:6379
        at createConnectionError (node:net:1652:14)
        at afterConnectMultiple (node:net:1682:16)
        at TCPConnectWrap.callbackTrampoline (node:internal/async_hooks:130:17) {
      errno: -111,
      code: 'ECONNREFUSED',
      syscall: 'connect',
      address: '::1',
      port: 6379
    },
    Error: connect ECONNREFUSED 127.0.0.1:6379
        at createConnectionError (node:net:1652:14)
        at afterConnectMultiple (node:net:1682:16)
        at TCPConnectWrap.callbackTrampoline (node:internal/async_hooks:130:17) {
      errno: -111,
      code: 'ECONNREFUSED',
      syscall: 'connect',
      address: '127.0.0.1',
      port: 6379
    }
  ]
}
{"level":"error","message":"Redis cache error","timestamp":"2026-02-16T06:37:12.470Z","error":{"message":"","stack":"AggregateError [ECONNREFUSED]: \n    at internalConnectMultiple (node:net:1122:18)\n    at afterConnectMultiple (node:net:1689:7)\n    at TCPConnectWrap.callbackTrampoline (node:internal/async_hooks:130:17)","name":"AggregateError"}}
AggregateError [ECONNREFUSED]: 
    at internalConnectMultiple (node:net:1122:18)
    at afterConnectMultiple (node:net:1689:7)
    at TCPConnectWrap.callbackTrampoline (node:internal/async_hooks:130:17) {
  code: 'ECONNREFUSED',
  [errors]: [
    Error: connect ECONNREFUSED ::1:6379
        at createConnectionError (node:net:1652:14)
        at afterConnectMultiple (node:net:1682:16)
        at TCPConnectWrap.callbackTrampoline (node:internal/async_hooks:130:17) {
      errno: -111,
      code: 'ECONNREFUSED',
      syscall: 'connect',
      address: '::1',
      port: 6379
    },
    Error: connect ECONNREFUSED 127.0.0.1:6379
        at createConnectionError (node:net:1652:14)
        at afterConnectMultiple (node:net:1682:16)
        at TCPConnectWrap.callbackTrampoline (node:internal/async_hooks:130:17) {
      errno: -111,
      code: 'ECONNREFUSED',
      syscall: 'connect',
      address: '127.0.0.1',
      port: 6379
    }
  ]
}
AggregateError [ECONNREFUSED]: 
    at internalConnectMultiple (node:net:1122:18)
    at afterConnectMultiple (node:net:1689:7)
    at TCPConnectWrap.callbackTrampoline (node:internal/async_hooks:130:17) {
  code: 'ECONNREFUSED',
  [errors]: [
    Error: connect ECONNREFUSED ::1:6379
        at createConnectionError (node:net:1652:14)
        at afterConnectMultiple (node:net:1682:16)
        at TCPConnectWrap.callbackTrampoline (node:internal/async_hooks:130:17) {
      errno: -111,
      code: 'ECONNREFUSED',
      syscall: 'connect',
      address: '::1',
      port: 6379
    },
    Error: connect ECONNREFUSED 127.0.0.1:6379
        at createConnectionError (node:net:1652:14)
        at afterConnectMultiple (node:net:1682:16)
        at TCPConnectWrap.callbackTrampoline (node:internal/async_hooks:130:17) {
      errno: -111,
      code: 'ECONNREFUSED',
      syscall: 'connect',
      address: '127.0.0.1',
      port: 6379
    }
  ]
}
AggregateError [ECONNREFUSED]: 
    at internalConnectMultiple (node:net:1122:18)
    at afterConnectMultiple (node:net:1689:7)
    at TCPConnectWrap.callbackTrampoline (node:internal/async_hooks:130:17) {
  code: 'ECONNREFUSED',
  [errors]: [
    Error: connect ECONNREFUSED ::1:6379
        at createConnectionError (node:net:1652:14)
        at afterConnectMultiple (node:net:1682:16)
        at TCPConnectWrap.callbackTrampoline (node:internal/async_hooks:130:17) {
      errno: -111,
      code: 'ECONNREFUSED',
      syscall: 'connect',
      address: '::1',
      port: 6379
    },
    Error: connect ECONNREFUSED 127.0.0.1:6379
        at createConnectionError (node:net:1652:14)
        at afterConnectMultiple (node:net:1682:16)
        at TCPConnectWrap.callbackTrampoline (node:internal/async_hooks:130:17) {
      errno: -111,
      code: 'ECONNREFUSED',
      syscall: 'connect',
      address: '127.0.0.1',
      port: 6379
    }
  ]
}
{"level":"error","message":"Redis cache error","timestamp":"2026-02-16T06:37:12.747Z","error":{"message":"","stack":"AggregateError [ECONNREFUSED]: \n    at internalConnectMultiple (node:net:1122:18)\n    at afterConnectMultiple (node:net:1689:7)\n    at TCPConnectWrap.callbackTrampoline (node:internal/async_hooks:130:17)","name":"AggregateError"}}
AggregateError [ECONNREFUSED]: 
    at internalConnectMultiple (node:net:1122:18)
    at afterConnectMultiple (node:net:1689:7)
    at TCPConnectWrap.callbackTrampoline (node:internal/async_hooks:130:17) {
  code: 'ECONNREFUSED',
  [errors]: [
    Error: connect ECONNREFUSED ::1:6379
        at createConnectionError (node:net:1652:14)
        at afterConnectMultiple (node:net:1682:16)
        at TCPConnectWrap.callbackTrampoline (node:internal/async_hooks:130:17) {
      errno: -111,
      code: 'ECONNREFUSED',
      syscall: 'connect',
      address: '::1',
      port: 6379
    },
    Error: connect ECONNREFUSED 127.0.0.1:6379
        at createConnectionError (node:net:1652:14)
        at afterConnectMultiple (node:net:1682:16)
        at TCPConnectWrap.callbackTrampoline (node:internal/async_hooks:130:17) {
      errno: -111,
      code: 'ECONNREFUSED',
      syscall: 'connect',
      address: '127.0.0.1',
      port: 6379
    }
  ]
}
AggregateError [ECONNREFUSED]: 
    at internalConnectMultiple (node:net:1122:18)
    at afterConnectMultiple (node:net:1689:7)
    at TCPConnectWrap.callbackTrampoline (node:internal/async_hooks:130:17) {
  code: 'ECONNREFUSED',
  [errors]: [
    Error: connect ECONNREFUSED ::1:6379
        at createConnectionError (node:net:1652:14)
        at afterConnectMultiple (node:net:1682:16)
        at TCPConnectWrap.callbackTrampoline (node:internal/async_hooks:130:17) {
      errno: -111,
      code: 'ECONNREFUSED',
      syscall: 'connect',
      address: '::1',
      port: 6379
    },
    Error: connect ECONNREFUSED 127.0.0.1:6379
        at createConnectionError (node:net:1652:14)
        at afterConnectMultiple (node:net:1682:16)
        at TCPConnectWrap.callbackTrampoline (node:internal/async_hooks:130:17) {
      errno: -111,
      code: 'ECONNREFUSED',
      syscall: 'connect',
      address: '127.0.0.1',
      port: 6379
    }
  ]
}
AggregateError [ECONNREFUSED]: 
    at internalConnectMultiple (node:net:1122:18)
    at afterConnectMultiple (node:net:1689:7)
    at TCPConnectWrap.callbackTrampoline (node:internal/async_hooks:130:17) {
  code: 'ECONNREFUSED',
  [errors]: [
    Error: connect ECONNREFUSED ::1:6379
        at createConnectionError (node:net:1652:14)
        at afterConnectMultiple (node:net:1682:16)
        at TCPConnectWrap.callbackTrampoline (node:internal/async_hooks:130:17) {
      errno: -111,
      code: 'ECONNREFUSED',
      syscall: 'connect',
      address: '::1',
      port: 6379
    },
    Error: connect ECONNREFUSED 127.0.0.1:6379
        at createConnectionError (node:net:1652:14)
        at afterConnectMultiple (node:net:1682:16)
        at TCPConnectWrap.callbackTrampoline (node:internal/async_hooks:130:17) {
      errno: -111,
      code: 'ECONNREFUSED',
      syscall: 'connect',
      address: '127.0.0.1',
      port: 6379
    }
  ]
}
{"level":"error","message":"Redis connection error","timestamp":"2026-02-16T06:37:13.341Z","error":{"message":"","stack":"AggregateError [ECONNREFUSED]: \n    at internalConnectMultiple (node:net:1122:18)\n    at afterConnectMultiple (node:net:1689:7)\n    at TCPConnectWrap.callbackTrampoline (node:internal/async_hooks:130:17)","name":"AggregateError"}}
{"level":"warn","message":"Redis connection closed","timestamp":"2026-02-16T06:37:13.341Z","service":"RenderQueue"}
{"level":"error","message":"Batch list error","timestamp":"2026-02-16T06:37:12.760Z","error":{"message":"Dynamic server usage: Route /api/batch/list couldn't be rendered statically because it used `request.headers`. See more info here: https://nextjs.org/docs/messages/dynamic-server-error","stack":"Error: Dynamic server usage: Route /api/batch/list couldn't be rendered statically because it used `request.headers`. See more info here: https://nextjs.org/docs/messages/dynamic-server-error\n    at V (/root/_MVP_Video_TecnicoCursos_v7/estudio_ia_videos/node_modules/next/dist/compiled/next-server/app-route.runtime.prod.js:6:21778)\n    at Object.get (/root/_MVP_Video_TecnicoCursos_v7/estudio_ia_videos/node_modules/next/dist/compiled/next-server/app-route.runtime.prod.js:6:29465)\n    at m (/root/_MVP_Video_TecnicoCursos_v7/estudio_ia_videos/.next/server/chunks/55985.js:11:1992)\n    at q (/root/_MVP_Video_TecnicoCursos_v7/estudio_ia_videos/.next/server/app/api/batch/list/route.js:1:3082)\n    at /root/_MVP_Video_TecnicoCursos_v7/estudio_ia_videos/node_modules/next/dist/compiled/next-server/app-route.runtime.prod.js:6:38417\n    at /root/_MVP_Video_TecnicoCursos_v7/estudio_ia_videos/node_modules/next/dist/server/lib/trace/tracer.js:140:36\n    at NoopContextManager.with (/root/_MVP_Video_TecnicoCursos_v7/estudio_ia_videos/node_modules/@opentelemetry/api/build/src/context/NoopContextManager.js:25:19)\n    at ContextAPI.with (/root/_MVP_Video_TecnicoCursos_v7/estudio_ia_videos/node_modules/@opentelemetry/api/build/src/api/context.js:60:46)\n    at NoopTracer.startActiveSpan (/root/_MVP_Video_TecnicoCursos_v7/estudio_ia_videos/node_modules/@opentelemetry/api/build/src/trace/NoopTracer.js:65:31)\n    at ProxyTracer.startActiveSpan (/root/_MVP_Video_TecnicoCursos_v7/estudio_ia_videos/node_modules/@opentelemetry/api/build/src/trace/ProxyTracer.js:36:24)","name":"Error"}}
{"level":"error","message":"Redis connection error","timestamp":"2026-02-16T06:37:13.268Z","error":{"message":"","stack":"AggregateError [ECONNREFUSED]: \n    at internalConnectMultiple (node:net:1122:18)\n    at afterConnectMultiple (node:net:1689:7)\n    at TCPConnectWrap.callbackTrampoline (node:internal/async_hooks:130:17)","name":"AggregateError"}}
{"level":"warn","message":"Redis connection closed","timestamp":"2026-02-16T06:37:13.268Z","service":"RenderQueue"}
AggregateError [ECONNREFUSED]: 
    at internalConnectMultiple (node:net:1122:18)
    at afterConnectMultiple (node:net:1689:7)
    at TCPConnectWrap.callbackTrampoline (node:internal/async_hooks:130:17) {
  code: 'ECONNREFUSED',
  [errors]: [
    Error: connect ECONNREFUSED ::1:6379
        at createConnectionError (node:net:1652:14)
        at afterConnectMultiple (node:net:1682:16)
        at TCPConnectWrap.callbackTrampoline (node:internal/async_hooks:130:17) {
      errno: -111,
      code: 'ECONNREFUSED',
      syscall: 'connect',
      address: '::1',
      port: 6379
    },
    Error: connect ECONNREFUSED 127.0.0.1:6379
        at createConnectionError (node:net:1652:14)
        at afterConnectMultiple (node:net:1682:16)
        at TCPConnectWrap.callbackTrampoline (node:internal/async_hooks:130:17) {
      errno: -111,
      code: 'ECONNREFUSED',
      syscall: 'connect',
      address: '127.0.0.1',
      port: 6379
    }
  ]
}
AggregateError [ECONNREFUSED]: 
    at internalConnectMultiple (node:net:1122:18)
    at afterConnectMultiple (node:net:1689:7)
    at TCPConnectWrap.callbackTrampoline (node:internal/async_hooks:130:17) {
  code: 'ECONNREFUSED',
  [errors]: [
    Error: connect ECONNREFUSED ::1:6379
        at createConnectionError (node:net:1652:14)
        at afterConnectMultiple (node:net:1682:16)
        at TCPConnectWrap.callbackTrampoline (node:internal/async_hooks:130:17) {
      errno: -111,
      code: 'ECONNREFUSED',
      syscall: 'connect',
      address: '::1',
      port: 6379
    },
    Error: connect ECONNREFUSED 127.0.0.1:6379
        at createConnectionError (node:net:1652:14)
        at afterConnectMultiple (node:net:1682:16)
        at TCPConnectWrap.callbackTrampoline (node:internal/async_hooks:130:17) {
      errno: -111,
      code: 'ECONNREFUSED',
      syscall: 'connect',
      address: '127.0.0.1',
      port: 6379
    }
  ]
}
AggregateError [ECONNREFUSED]: 
    at internalConnectMultiple (node:net:1122:18)
    at afterConnectMultiple (node:net:1689:7)
    at TCPConnectWrap.callbackTrampoline (node:internal/async_hooks:130:17) {
  code: 'ECONNREFUSED',
  [errors]: [
    Error: connect ECONNREFUSED ::1:6379
        at createConnectionError (node:net:1652:14)
        at afterConnectMultiple (node:net:1682:16)
        at TCPConnectWrap.callbackTrampoline (node:internal/async_hooks:130:17) {
      errno: -111,
      code: 'ECONNREFUSED',
      syscall: 'connect',
      address: '::1',
      port: 6379
    },
    Error: connect ECONNREFUSED 127.0.0.1:6379
        at createConnectionError (node:net:1652:14)
        at afterConnectMultiple (node:net:1682:16)
        at TCPConnectWrap.callbackTrampoline (node:internal/async_hooks:130:17) {
      errno: -111,
      code: 'ECONNREFUSED',
      syscall: 'connect',
      address: '127.0.0.1',
      port: 6379
    }
  ]
}
{"level":"error","message":"Redis connection error","timestamp":"2026-02-16T06:37:12.944Z","error":{"message":"","stack":"AggregateError [ECONNREFUSED]: \n    at internalConnectMultiple (node:net:1122:18)\n    at afterConnectMultiple (node:net:1689:7)\n    at TCPConnectWrap.callbackTrampoline (node:internal/async_hooks:130:17)","name":"AggregateError"}}
{"level":"warn","message":"Redis connection closed","timestamp":"2026-02-16T06:37:12.944Z","service":"RenderQueue"}
AggregateError [ECONNREFUSED]: 
    at internalConnectMultiple (node:net:1122:18)
    at afterConnectMultiple (node:net:1689:7)
    at TCPConnectWrap.callbackTrampoline (node:internal/async_hooks:130:17) {
  code: 'ECONNREFUSED',
  [errors]: [
    Error: connect ECONNREFUSED ::1:6379
        at createConnectionError (node:net:1652:14)
        at afterConnectMultiple (node:net:1682:16)
        at TCPConnectWrap.callbackTrampoline (node:internal/async_hooks:130:17) {
      errno: -111,
      code: 'ECONNREFUSED',
      syscall: 'connect',
      address: '::1',
      port: 6379
    },
    Error: connect ECONNREFUSED 127.0.0.1:6379
        at createConnectionError (node:net:1652:14)
        at afterConnectMultiple (node:net:1682:16)
        at TCPConnectWrap.callbackTrampoline (node:internal/async_hooks:130:17) {
      errno: -111,
      code: 'ECONNREFUSED',
      syscall: 'connect',
      address: '127.0.0.1',
      port: 6379
    }
  ]
}
AggregateError [ECONNREFUSED]: 
    at internalConnectMultiple (node:net:1122:18)
    at afterConnectMultiple (node:net:1689:7)
    at TCPConnectWrap.callbackTrampoline (node:internal/async_hooks:130:17) {
  code: 'ECONNREFUSED',
  [errors]: [
    Error: connect ECONNREFUSED ::1:6379
        at createConnectionError (node:net:1652:14)
        at afterConnectMultiple (node:net:1682:16)
        at TCPConnectWrap.callbackTrampoline (node:internal/async_hooks:130:17) {
      errno: -111,
      code: 'ECONNREFUSED',
      syscall: 'connect',
      address: '::1',
      port: 6379
    },
    Error: connect ECONNREFUSED 127.0.0.1:6379
        at createConnectionError (node:net:1652:14)
        at afterConnectMultiple (node:net:1682:16)
        at TCPConnectWrap.callbackTrampoline (node:internal/async_hooks:130:17) {
      errno: -111,
      code: 'ECONNREFUSED',
      syscall: 'connect',
      address: '127.0.0.1',
      port: 6379
    }
  ]
}
AggregateError [ECONNREFUSED]: 
    at internalConnectMultiple (node:net:1122:18)
    at afterConnectMultiple (node:net:1689:7)
    at TCPConnectWrap.callbackTrampoline (node:internal/async_hooks:130:17) {
  code: 'ECONNREFUSED',
  [errors]: [
    Error: connect ECONNREFUSED ::1:6379
        at createConnectionError (node:net:1652:14)
        at afterConnectMultiple (node:net:1682:16)
        at TCPConnectWrap.callbackTrampoline (node:internal/async_hooks:130:17) {
      errno: -111,
      code: 'ECONNREFUSED',
      syscall: 'connect',
      address: '::1',
      port: 6379
    },
    Error: connect ECONNREFUSED 127.0.0.1:6379
        at createConnectionError (node:net:1652:14)
        at afterConnectMultiple (node:net:1682:16)
        at TCPConnectWrap.callbackTrampoline (node:internal/async_hooks:130:17) {
      errno: -111,
      code: 'ECONNREFUSED',
      syscall: 'connect',
      address: '127.0.0.1',
      port: 6379
    }
  ]
}
AggregateError [ECONNREFUSED]: 
    at internalConnectMultiple (node:net:1122:18)
    at afterConnectMultiple (node:net:1689:7)
    at TCPConnectWrap.callbackTrampoline (node:internal/async_hooks:130:17) {
  code: 'ECONNREFUSED',
  [errors]: [
    Error: connect ECONNREFUSED ::1:6379
        at createConnectionError (node:net:1652:14)
        at afterConnectMultiple (node:net:1682:16)
        at TCPConnectWrap.callbackTrampoline (node:internal/async_hooks:130:17) {
      errno: -111,
      code: 'ECONNREFUSED',
      syscall: 'connect',
      address: '::1',
      port: 6379
    },
    Error: connect ECONNREFUSED 127.0.0.1:6379
        at createConnectionError (node:net:1652:14)
        at afterConnectMultiple (node:net:1682:16)
        at TCPConnectWrap.callbackTrampoline (node:internal/async_hooks:130:17) {
      errno: -111,
      code: 'ECONNREFUSED',
      syscall: 'connect',
      address: '127.0.0.1',
      port: 6379
    }
  ]
}
{"level":"error","message":"Redis cache error","timestamp":"2026-02-16T06:37:13.401Z","error":{"message":"","stack":"AggregateError [ECONNREFUSED]: \n    at internalConnectMultiple (node:net:1122:18)\n    at afterConnectMultiple (node:net:1689:7)\n    at TCPConnectWrap.callbackTrampoline (node:internal/async_hooks:130:17)","name":"AggregateError"}}
AggregateError [ECONNREFUSED]: 
    at internalConnectMultiple (node:net:1122:18)
    at afterConnectMultiple (node:net:1689:7)
    at TCPConnectWrap.callbackTrampoline (node:internal/async_hooks:130:17) {
  code: 'ECONNREFUSED',
  [errors]: [
    Error: connect ECONNREFUSED ::1:6379
        at createConnectionError (node:net:1652:14)
        at afterConnectMultiple (node:net:1682:16)
        at TCPConnectWrap.callbackTrampoline (node:internal/async_hooks:130:17) {
      errno: -111,
      code: 'ECONNREFUSED',
      syscall: 'connect',
      address: '::1',
      port: 6379
    },
    Error: connect ECONNREFUSED 127.0.0.1:6379
        at createConnectionError (node:net:1652:14)
        at afterConnectMultiple (node:net:1682:16)
        at TCPConnectWrap.callbackTrampoline (node:internal/async_hooks:130:17) {
      errno: -111,
      code: 'ECONNREFUSED',
      syscall: 'connect',
      address: '127.0.0.1',
      port: 6379
    }
  ]
}
AggregateError [ECONNREFUSED]: 
    at internalConnectMultiple (node:net:1122:18)
    at afterConnectMultiple (node:net:1689:7)
    at TCPConnectWrap.callbackTrampoline (node:internal/async_hooks:130:17) {
  code: 'ECONNREFUSED',
  [errors]: [
    Error: connect ECONNREFUSED ::1:6379
        at createConnectionError (node:net:1652:14)
        at afterConnectMultiple (node:net:1682:16)
        at TCPConnectWrap.callbackTrampoline (node:internal/async_hooks:130:17) {
      errno: -111,
      code: 'ECONNREFUSED',
      syscall: 'connect',
      address: '::1',
      port: 6379
    },
    Error: connect ECONNREFUSED 127.0.0.1:6379
        at createConnectionError (node:net:1652:14)
        at afterConnectMultiple (node:net:1682:16)
        at TCPConnectWrap.callbackTrampoline (node:internal/async_hooks:130:17) {
      errno: -111,
      code: 'ECONNREFUSED',
      syscall: 'connect',
      address: '127.0.0.1',
      port: 6379
    }
  ]
}
AggregateError [ECONNREFUSED]: 
    at internalConnectMultiple (node:net:1122:18)
    at afterConnectMultiple (node:net:1689:7)
    at TCPConnectWrap.callbackTrampoline (node:internal/async_hooks:130:17) {
  code: 'ECONNREFUSED',
  [errors]: [
    Error: connect ECONNREFUSED ::1:6379
        at createConnectionError (node:net:1652:14)
        at afterConnectMultiple (node:net:1682:16)
        at TCPConnectWrap.callbackTrampoline (node:internal/async_hooks:130:17) {
      errno: -111,
      code: 'ECONNREFUSED',
      syscall: 'connect',
      address: '::1',
      port: 6379
    },
    Error: connect ECONNREFUSED 127.0.0.1:6379
        at createConnectionError (node:net:1652:14)
        at afterConnectMultiple (node:net:1682:16)
        at TCPConnectWrap.callbackTrampoline (node:internal/async_hooks:130:17) {
      errno: -111,
      code: 'ECONNREFUSED',
      syscall: 'connect',
      address: '127.0.0.1',
      port: 6379
    }
  ]
}
AggregateError [ECONNREFUSED]: 
    at internalConnectMultiple (node:net:1122:18)
    at afterConnectMultiple (node:net:1689:7)
    at TCPConnectWrap.callbackTrampoline (node:internal/async_hooks:130:17) {
  code: 'ECONNREFUSED',
  [errors]: [
    Error: connect ECONNREFUSED ::1:6379
        at createConnectionError (node:net:1652:14)
        at afterConnectMultiple (node:net:1682:16)
        at TCPConnectWrap.callbackTrampoline (node:internal/async_hooks:130:17) {
      errno: -111,
      code: 'ECONNREFUSED',
      syscall: 'connect',
      address: '::1',
      port: 6379
    },
    Error: connect ECONNREFUSED 127.0.0.1:6379
        at createConnectionError (node:net:1652:14)
        at afterConnectMultiple (node:net:1682:16)
        at TCPConnectWrap.callbackTrampoline (node:internal/async_hooks:130:17) {
      errno: -111,
      code: 'ECONNREFUSED',
      syscall: 'connect',
      address: '127.0.0.1',
      port: 6379
    }
  ]
}
AggregateError [ECONNREFUSED]: 
    at internalConnectMultiple (node:net:1122:18)
    at afterConnectMultiple (node:net:1689:7)
    at TCPConnectWrap.callbackTrampoline (node:internal/async_hooks:130:17) {
  code: 'ECONNREFUSED',
  [errors]: [
    Error: connect ECONNREFUSED ::1:6379
        at createConnectionError (node:net:1652:14)
        at afterConnectMultiple (node:net:1682:16)
        at TCPConnectWrap.callbackTrampoline (node:internal/async_hooks:130:17) {
      errno: -111,
      code: 'ECONNREFUSED',
      syscall: 'connect',
      address: '::1',
      port: 6379
    },
    Error: connect ECONNREFUSED 127.0.0.1:6379
        at createConnectionError (node:net:1652:14)
        at afterConnectMultiple (node:net:1682:16)
        at TCPConnectWrap.callbackTrampoline (node:internal/async_hooks:130:17) {
      errno: -111,
      code: 'ECONNREFUSED',
      syscall: 'connect',
      address: '127.0.0.1',
      port: 6379
    }
  ]
}
AggregateError [ECONNREFUSED]: 
    at internalConnectMultiple (node:net:1122:18)
    at afterConnectMultiple (node:net:1689:7)
    at TCPConnectWrap.callbackTrampoline (node:internal/async_hooks:130:17) {
  code: 'ECONNREFUSED',
  [errors]: [
    Error: connect ECONNREFUSED ::1:6379
        at createConnectionError (node:net:1652:14)
        at afterConnectMultiple (node:net:1682:16)
        at TCPConnectWrap.callbackTrampoline (node:internal/async_hooks:130:17) {
      errno: -111,
      code: 'ECONNREFUSED',
      syscall: 'connect',
      address: '::1',
      port: 6379
    },
    Error: connect ECONNREFUSED 127.0.0.1:6379
        at createConnectionError (node:net:1652:14)
        at afterConnectMultiple (node:net:1682:16)
        at TCPConnectWrap.callbackTrampoline (node:internal/async_hooks:130:17) {
      errno: -111,
      code: 'ECONNREFUSED',
      syscall: 'connect',
      address: '127.0.0.1',
      port: 6379
    }
  ]
}
AggregateError [ECONNREFUSED]: 
    at internalConnectMultiple (node:net:1122:18)
    at afterConnectMultiple (node:net:1689:7)
    at TCPConnectWrap.callbackTrampoline (node:internal/async_hooks:130:17) {
  code: 'ECONNREFUSED',
  [errors]: [
    Error: connect ECONNREFUSED ::1:6379
        at createConnectionError (node:net:1652:14)
        at afterConnectMultiple (node:net:1682:16)
        at TCPConnectWrap.callbackTrampoline (node:internal/async_hooks:130:17) {
      errno: -111,
      code: 'ECONNREFUSED',
      syscall: 'connect',
      address: '::1',
      port: 6379
    },
    Error: connect ECONNREFUSED 127.0.0.1:6379
        at createConnectionError (node:net:1652:14)
        at afterConnectMultiple (node:net:1682:16)
        at TCPConnectWrap.callbackTrampoline (node:internal/async_hooks:130:17) {
      errno: -111,
      code: 'ECONNREFUSED',
      syscall: 'connect',
      address: '127.0.0.1',
      port: 6379
    }
  ]
}
AggregateError [ECONNREFUSED]: 
    at internalConnectMultiple (node:net:1122:18)
    at afterConnectMultiple (node:net:1689:7)
    at TCPConnectWrap.callbackTrampoline (node:internal/async_hooks:130:17) {
  code: 'ECONNREFUSED',
  [errors]: [
    Error: connect ECONNREFUSED ::1:6379
        at createConnectionError (node:net:1652:14)
        at afterConnectMultiple (node:net:1682:16)
        at TCPConnectWrap.callbackTrampoline (node:internal/async_hooks:130:17) {
      errno: -111,
      code: 'ECONNREFUSED',
      syscall: 'connect',
      address: '::1',
      port: 6379
    },
    Error: connect ECONNREFUSED 127.0.0.1:6379
        at createConnectionError (node:net:1652:14)
        at afterConnectMultiple (node:net:1682:16)
        at TCPConnectWrap.callbackTrampoline (node:internal/async_hooks:130:17) {
      errno: -111,
      code: 'ECONNREFUSED',
      syscall: 'connect',
      address: '127.0.0.1',
      port: 6379
    }
  ]
}
AggregateError [ECONNREFUSED]: 
    at internalConnectMultiple (node:net:1122:18)
    at afterConnectMultiple (node:net:1689:7)
    at TCPConnectWrap.callbackTrampoline (node:internal/async_hooks:130:17) {
  code: 'ECONNREFUSED',
  [errors]: [
    Error: connect ECONNREFUSED ::1:6379
        at createConnectionError (node:net:1652:14)
        at afterConnectMultiple (node:net:1682:16)
        at TCPConnectWrap.callbackTrampoline (node:internal/async_hooks:130:17) {
      errno: -111,
      code: 'ECONNREFUSED',
      syscall: 'connect',
      address: '::1',
      port: 6379
    },
    Error: connect ECONNREFUSED 127.0.0.1:6379
        at createConnectionError (node:net:1652:14)
        at afterConnectMultiple (node:net:1682:16)
        at TCPConnectWrap.callbackTrampoline (node:internal/async_hooks:130:17) {
      errno: -111,
      code: 'ECONNREFUSED',
      syscall: 'connect',
      address: '127.0.0.1',
      port: 6379
    }
  ]
}
AggregateError [ECONNREFUSED]: 
    at internalConnectMultiple (node:net:1122:18)
    at afterConnectMultiple (node:net:1689:7)
    at TCPConnectWrap.callbackTrampoline (node:internal/async_hooks:130:17) {
  code: 'ECONNREFUSED',
  [errors]: [
    Error: connect ECONNREFUSED ::1:6379
        at createConnectionError (node:net:1652:14)
        at afterConnectMultiple (node:net:1682:16)
        at TCPConnectWrap.callbackTrampoline (node:internal/async_hooks:130:17) {
      errno: -111,
      code: 'ECONNREFUSED',
      syscall: 'connect',
      address: '::1',
      port: 6379
    },
    Error: connect ECONNREFUSED 127.0.0.1:6379
        at createConnectionError (node:net:1652:14)
        at afterConnectMultiple (node:net:1682:16)
        at TCPConnectWrap.callbackTrampoline (node:internal/async_hooks:130:17) {
      errno: -111,
      code: 'ECONNREFUSED',
      syscall: 'connect',
      address: '127.0.0.1',
      port: 6379
    }
  ]
}
{"level":"error","message":"Redis cache error","timestamp":"2026-02-16T06:37:14.327Z","error":{"message":"","stack":"AggregateError [ECONNREFUSED]: \n    at internalConnectMultiple (node:net:1122:18)\n    at afterConnectMultiple (node:net:1689:7)\n    at TCPConnectWrap.callbackTrampoline (node:internal/async_hooks:130:17)","name":"AggregateError"}}
AggregateError [ECONNREFUSED]: 
    at internalConnectMultiple (node:net:1122:18)
    at afterConnectMultiple (node:net:1689:7)
    at TCPConnectWrap.callbackTrampoline (node:internal/async_hooks:130:17) {
  code: 'ECONNREFUSED',
  [errors]: [
    Error: connect ECONNREFUSED ::1:6379
        at createConnectionError (node:net:1652:14)
        at afterConnectMultiple (node:net:1682:16)
        at TCPConnectWrap.callbackTrampoline (node:internal/async_hooks:130:17) {
      errno: -111,
      code: 'ECONNREFUSED',
      syscall: 'connect',
      address: '::1',
      port: 6379
    },
    Error: connect ECONNREFUSED 127.0.0.1:6379
        at createConnectionError (node:net:1652:14)
        at afterConnectMultiple (node:net:1682:16)
        at TCPConnectWrap.callbackTrampoline (node:internal/async_hooks:130:17) {
      errno: -111,
      code: 'ECONNREFUSED',
      syscall: 'connect',
      address: '127.0.0.1',
      port: 6379
    }
  ]
}
AggregateError [ECONNREFUSED]: 
    at internalConnectMultiple (node:net:1122:18)
    at afterConnectMultiple (node:net:1689:7)
    at TCPConnectWrap.callbackTrampoline (node:internal/async_hooks:130:17) {
  code: 'ECONNREFUSED',
  [errors]: [
    Error: connect ECONNREFUSED ::1:6379
        at createConnectionError (node:net:1652:14)
        at afterConnectMultiple (node:net:1682:16)
        at TCPConnectWrap.callbackTrampoline (node:internal/async_hooks:130:17) {
      errno: -111,
      code: 'ECONNREFUSED',
      syscall: 'connect',
      address: '::1',
      port: 6379
    },
    Error: connect ECONNREFUSED 127.0.0.1:6379
        at createConnectionError (node:net:1652:14)
        at afterConnectMultiple (node:net:1682:16)
        at TCPConnectWrap.callbackTrampoline (node:internal/async_hooks:130:17) {
      errno: -111,
      code: 'ECONNREFUSED',
      syscall: 'connect',
      address: '127.0.0.1',
      port: 6379
    }
  ]
}
AggregateError [ECONNREFUSED]: 
    at internalConnectMultiple (node:net:1122:18)
    at afterConnectMultiple (node:net:1689:7)
    at TCPConnectWrap.callbackTrampoline (node:internal/async_hooks:130:17) {
  code: 'ECONNREFUSED',
  [errors]: [
    Error: connect ECONNREFUSED ::1:6379
        at createConnectionError (node:net:1652:14)
        at afterConnectMultiple (node:net:1682:16)
        at TCPConnectWrap.callbackTrampoline (node:internal/async_hooks:130:17) {
      errno: -111,
      code: 'ECONNREFUSED',
      syscall: 'connect',
      address: '::1',
      port: 6379
    },
    Error: connect ECONNREFUSED 127.0.0.1:6379
        at createConnectionError (node:net:1652:14)
        at afterConnectMultiple (node:net:1682:16)
        at TCPConnectWrap.callbackTrampoline (node:internal/async_hooks:130:17) {
      errno: -111,
      code: 'ECONNREFUSED',
      syscall: 'connect',
      address: '127.0.0.1',
      port: 6379
    }
  ]
}
{"level":"error","message":"Redis cache error","timestamp":"2026-02-16T06:37:14.605Z","error":{"message":"","stack":"AggregateError [ECONNREFUSED]: \n    at internalConnectMultiple (node:net:1122:18)\n    at afterConnectMultiple (node:net:1689:7)\n    at TCPConnectWrap.callbackTrampoline (node:internal/async_hooks:130:17)","name":"AggregateError"}}
{"level":"error","message":"Redis connection error","timestamp":"2026-02-16T06:37:14.798Z","error":{"message":"","stack":"AggregateError [ECONNREFUSED]: \n    at internalConnectMultiple (node:net:1122:18)\n    at afterConnectMultiple (node:net:1689:7)\n    at TCPConnectWrap.callbackTrampoline (node:internal/async_hooks:130:17)","name":"AggregateError"}}
{"level":"warn","message":"Redis connection closed","timestamp":"2026-02-16T06:37:14.798Z","service":"RenderQueue"}
AggregateError [ECONNREFUSED]: 
    at internalConnectMultiple (node:net:1122:18)
    at afterConnectMultiple (node:net:1689:7)
    at TCPConnectWrap.callbackTrampoline (node:internal/async_hooks:130:17) {
  code: 'ECONNREFUSED',
  [errors]: [
    Error: connect ECONNREFUSED ::1:6379
        at createConnectionError (node:net:1652:14)
        at afterConnectMultiple (node:net:1682:16)
        at TCPConnectWrap.callbackTrampoline (node:internal/async_hooks:130:17) {
      errno: -111,
      code: 'ECONNREFUSED',
      syscall: 'connect',
      address: '::1',
      port: 6379
    },
    Error: connect ECONNREFUSED 127.0.0.1:6379
        at createConnectionError (node:net:1652:14)
        at afterConnectMultiple (node:net:1682:16)
        at TCPConnectWrap.callbackTrampoline (node:internal/async_hooks:130:17) {
      errno: -111,
      code: 'ECONNREFUSED',
      syscall: 'connect',
      address: '127.0.0.1',
      port: 6379
    }
  ]
}
AggregateError [ECONNREFUSED]: 
    at internalConnectMultiple (node:net:1122:18)
    at afterConnectMultiple (node:net:1689:7)
    at TCPConnectWrap.callbackTrampoline (node:internal/async_hooks:130:17) {
  code: 'ECONNREFUSED',
  [errors]: [
    Error: connect ECONNREFUSED ::1:6379
        at createConnectionError (node:net:1652:14)
        at afterConnectMultiple (node:net:1682:16)
        at TCPConnectWrap.callbackTrampoline (node:internal/async_hooks:130:17) {
      errno: -111,
      code: 'ECONNREFUSED',
      syscall: 'connect',
      address: '::1',
      port: 6379
    },
    Error: connect ECONNREFUSED 127.0.0.1:6379
        at createConnectionError (node:net:1652:14)
        at afterConnectMultiple (node:net:1682:16)
        at TCPConnectWrap.callbackTrampoline (node:internal/async_hooks:130:17) {
      errno: -111,
      code: 'ECONNREFUSED',
      syscall: 'connect',
      address: '127.0.0.1',
      port: 6379
    }
  ]
}
AggregateError [ECONNREFUSED]: 
    at internalConnectMultiple (node:net:1122:18)
    at afterConnectMultiple (node:net:1689:7)
    at TCPConnectWrap.callbackTrampoline (node:internal/async_hooks:130:17) {
  code: 'ECONNREFUSED',
  [errors]: [
    Error: connect ECONNREFUSED ::1:6379
        at createConnectionError (node:net:1652:14)
        at afterConnectMultiple (node:net:1682:16)
        at TCPConnectWrap.callbackTrampoline (node:internal/async_hooks:130:17) {
      errno: -111,
      code: 'ECONNREFUSED',
      syscall: 'connect',
      address: '::1',
      port: 6379
    },
    Error: connect ECONNREFUSED 127.0.0.1:6379
        at createConnectionError (node:net:1652:14)
        at afterConnectMultiple (node:net:1682:16)
        at TCPConnectWrap.callbackTrampoline (node:internal/async_hooks:130:17) {
      errno: -111,
      code: 'ECONNREFUSED',
      syscall: 'connect',
      address: '127.0.0.1',
      port: 6379
    }
  ]
}
AggregateError [ECONNREFUSED]: 
    at internalConnectMultiple (node:net:1122:18)
    at afterConnectMultiple (node:net:1689:7)
    at TCPConnectWrap.callbackTrampoline (node:internal/async_hooks:130:17) {
  code: 'ECONNREFUSED',
  [errors]: [
    Error: connect ECONNREFUSED ::1:6379
        at createConnectionError (node:net:1652:14)
        at afterConnectMultiple (node:net:1682:16)
        at TCPConnectWrap.callbackTrampoline (node:internal/async_hooks:130:17) {
      errno: -111,
      code: 'ECONNREFUSED',
      syscall: 'connect',
      address: '::1',
      port: 6379
    },
    Error: connect ECONNREFUSED 127.0.0.1:6379
        at createConnectionError (node:net:1652:14)
        at afterConnectMultiple (node:net:1682:16)
        at TCPConnectWrap.callbackTrampoline (node:internal/async_hooks:130:17) {
      errno: -111,
      code: 'ECONNREFUSED',
      syscall: 'connect',
      address: '127.0.0.1',
      port: 6379
    }
  ]
}
AggregateError [ECONNREFUSED]: 
    at internalConnectMultiple (node:net:1122:18)
    at afterConnectMultiple (node:net:1689:7)
    at TCPConnectWrap.callbackTrampoline (node:internal/async_hooks:130:17) {
  code: 'ECONNREFUSED',
  [errors]: [
    Error: connect ECONNREFUSED ::1:6379
        at createConnectionError (node:net:1652:14)
        at afterConnectMultiple (node:net:1682:16)
        at TCPConnectWrap.callbackTrampoline (node:internal/async_hooks:130:17) {
      errno: -111,
      code: 'ECONNREFUSED',
      syscall: 'connect',
      address: '::1',
      port: 6379
    },
    Error: connect ECONNREFUSED 127.0.0.1:6379
        at createConnectionError (node:net:1652:14)
        at afterConnectMultiple (node:net:1682:16)
        at TCPConnectWrap.callbackTrampoline (node:internal/async_hooks:130:17) {
      errno: -111,
      code: 'ECONNREFUSED',
      syscall: 'connect',
      address: '127.0.0.1',
      port: 6379
    }
  ]
}
AggregateError [ECONNREFUSED]: 
    at internalConnectMultiple (node:net:1122:18)
    at afterConnectMultiple (node:net:1689:7)
    at TCPConnectWrap.callbackTrampoline (node:internal/async_hooks:130:17) {
  code: 'ECONNREFUSED',
  [errors]: [
    Error: connect ECONNREFUSED ::1:6379
        at createConnectionError (node:net:1652:14)
        at afterConnectMultiple (node:net:1682:16)
        at TCPConnectWrap.callbackTrampoline (node:internal/async_hooks:130:17) {
      errno: -111,
      code: 'ECONNREFUSED',
      syscall: 'connect',
      address: '::1',
      port: 6379
    },
    Error: connect ECONNREFUSED 127.0.0.1:6379
        at createConnectionError (node:net:1652:14)
        at afterConnectMultiple (node:net:1682:16)
        at TCPConnectWrap.callbackTrampoline (node:internal/async_hooks:130:17) {
      errno: -111,
      code: 'ECONNREFUSED',
      syscall: 'connect',
      address: '127.0.0.1',
      port: 6379
    }
  ]
}
AggregateError [ECONNREFUSED]: 
    at internalConnectMultiple (node:net:1122:18)
    at afterConnectMultiple (node:net:1689:7)
    at TCPConnectWrap.callbackTrampoline (node:internal/async_hooks:130:17) {
  code: 'ECONNREFUSED',
  [errors]: [
    Error: connect ECONNREFUSED ::1:6379
        at createConnectionError (node:net:1652:14)
        at afterConnectMultiple (node:net:1682:16)
        at TCPConnectWrap.callbackTrampoline (node:internal/async_hooks:130:17) {
      errno: -111,
      code: 'ECONNREFUSED',
      syscall: 'connect',
      address: '::1',
      port: 6379
    },
    Error: connect ECONNREFUSED 127.0.0.1:6379
        at createConnectionError (node:net:1652:14)
        at afterConnectMultiple (node:net:1682:16)
        at TCPConnectWrap.callbackTrampoline (node:internal/async_hooks:130:17) {
      errno: -111,
      code: 'ECONNREFUSED',
      syscall: 'connect',
      address: '127.0.0.1',
      port: 6379
    }
  ]
}
{"level":"error","message":"Redis connection error","timestamp":"2026-02-16T06:37:15.120Z","error":{"message":"","stack":"AggregateError [ECONNREFUSED]: \n    at internalConnectMultiple (node:net:1122:18)\n    at afterConnectMultiple (node:net:1689:7)\n    at TCPConnectWrap.callbackTrampoline (node:internal/async_hooks:130:17)","name":"AggregateError"}}
{"level":"warn","message":"Redis connection closed","timestamp":"2026-02-16T06:37:15.120Z","service":"RenderQueue"}
{"level":"error","message":"Redis cache error","timestamp":"2026-02-16T06:37:15.253Z","error":{"message":"","stack":"AggregateError [ECONNREFUSED]: \n    at internalConnectMultiple (node:net:1122:18)\n    at afterConnectMultiple (node:net:1689:7)\n    at TCPConnectWrap.callbackTrampoline (node:internal/async_hooks:130:17)","name":"AggregateError"}}
AggregateError [ECONNREFUSED]: 
    at internalConnectMultiple (node:net:1122:18)
    at afterConnectMultiple (node:net:1689:7)
    at TCPConnectWrap.callbackTrampoline (node:internal/async_hooks:130:17) {
  code: 'ECONNREFUSED',
  [errors]: [
    Error: connect ECONNREFUSED ::1:6379
        at createConnectionError (node:net:1652:14)
        at afterConnectMultiple (node:net:1682:16)
        at TCPConnectWrap.callbackTrampoline (node:internal/async_hooks:130:17) {
      errno: -111,
      code: 'ECONNREFUSED',
      syscall: 'connect',
      address: '::1',
      port: 6379
    },
    Error: connect ECONNREFUSED 127.0.0.1:6379
        at createConnectionError (node:net:1652:14)
        at afterConnectMultiple (node:net:1682:16)
        at TCPConnectWrap.callbackTrampoline (node:internal/async_hooks:130:17) {
      errno: -111,
      code: 'ECONNREFUSED',
      syscall: 'connect',
      address: '127.0.0.1',
      port: 6379
    }
  ]
}
AggregateError [ECONNREFUSED]: 
    at internalConnectMultiple (node:net:1122:18)
    at afterConnectMultiple (node:net:1689:7)
    at TCPConnectWrap.callbackTrampoline (node:internal/async_hooks:130:17) {
  code: 'ECONNREFUSED',
  [errors]: [
    Error: connect ECONNREFUSED ::1:6379
        at createConnectionError (node:net:1652:14)
        at afterConnectMultiple (node:net:1682:16)
        at TCPConnectWrap.callbackTrampoline (node:internal/async_hooks:130:17) {
      errno: -111,
      code: 'ECONNREFUSED',
      syscall: 'connect',
      address: '::1',
      port: 6379
    },
    Error: connect ECONNREFUSED 127.0.0.1:6379
        at createConnectionError (node:net:1652:14)
        at afterConnectMultiple (node:net:1682:16)
        at TCPConnectWrap.callbackTrampoline (node:internal/async_hooks:130:17) {
      errno: -111,
      code: 'ECONNREFUSED',
      syscall: 'connect',
      address: '127.0.0.1',
      port: 6379
    }
  ]
}
{"level":"error","message":"All comments fetch error","timestamp":"2026-02-16T06:37:15.124Z","error":{"message":"Dynamic server usage: Route /api/comments/all couldn't be rendered statically because it used `request.headers`. See more info here: https://nextjs.org/docs/messages/dynamic-server-error","stack":"Error: Dynamic server usage: Route /api/comments/all couldn't be rendered statically because it used `request.headers`. See more info here: https://nextjs.org/docs/messages/dynamic-server-error\n    at V (/root/_MVP_Video_TecnicoCursos_v7/estudio_ia_videos/node_modules/next/dist/compiled/next-server/app-route.runtime.prod.js:6:21778)\n    at Object.get (/root/_MVP_Video_TecnicoCursos_v7/estudio_ia_videos/node_modules/next/dist/compiled/next-server/app-route.runtime.prod.js:6:29465)\n    at g (/root/_MVP_Video_TecnicoCursos_v7/estudio_ia_videos/.next/server/app/api/admin/activity/route.js:14:1992)\n    at v (/root/_MVP_Video_TecnicoCursos_v7/estudio_ia_videos/.next/server/app/api/comments/all/route.js:1:3851)\n    at /root/_MVP_Video_TecnicoCursos_v7/estudio_ia_videos/node_modules/next/dist/compiled/next-server/app-route.runtime.prod.js:6:38417\n    at /root/_MVP_Video_TecnicoCursos_v7/estudio_ia_videos/node_modules/next/dist/server/lib/trace/tracer.js:140:36\n    at NoopContextManager.with (/root/_MVP_Video_TecnicoCursos_v7/estudio_ia_videos/node_modules/@opentelemetry/api/build/src/context/NoopContextManager.js:25:19)\n    at ContextAPI.with (/root/_MVP_Video_TecnicoCursos_v7/estudio_ia_videos/node_modules/@opentelemetry/api/build/src/api/context.js:60:46)\n    at NoopTracer.startActiveSpan (/root/_MVP_Video_TecnicoCursos_v7/estudio_ia_videos/node_modules/@opentelemetry/api/build/src/trace/NoopTracer.js:65:31)\n    at ProxyTracer.startActiveSpan (/root/_MVP_Video_TecnicoCursos_v7/estudio_ia_videos/node_modules/@opentelemetry/api/build/src/trace/ProxyTracer.js:36:24)","name":"Error"}}
{"level":"error","message":"Redis connection error","timestamp":"2026-02-16T06:37:15.192Z","error":{"message":"","stack":"AggregateError [ECONNREFUSED]: \n    at internalConnectMultiple (node:net:1122:18)\n    at afterConnectMultiple (node:net:1689:7)\n    at TCPConnectWrap.callbackTrampoline (node:internal/async_hooks:130:17)","name":"AggregateError"}}
{"level":"warn","message":"Redis connection closed","timestamp":"2026-02-16T06:37:15.193Z","service":"RenderQueue"}
   Generating static pages (88/354) 
AggregateError [ECONNREFUSED]: 
    at internalConnectMultiple (node:net:1122:18)
    at afterConnectMultiple (node:net:1689:7)
    at TCPConnectWrap.callbackTrampoline (node:internal/async_hooks:130:17) {
  code: 'ECONNREFUSED',
  [errors]: [
    Error: connect ECONNREFUSED ::1:6379
        at createConnectionError (node:net:1652:14)
        at afterConnectMultiple (node:net:1682:16)
        at TCPConnectWrap.callbackTrampoline (node:internal/async_hooks:130:17) {
      errno: -111,
      code: 'ECONNREFUSED',
      syscall: 'connect',
      address: '::1',
      port: 6379
    },
    Error: connect ECONNREFUSED 127.0.0.1:6379
        at createConnectionError (node:net:1652:14)
        at afterConnectMultiple (node:net:1682:16)
        at TCPConnectWrap.callbackTrampoline (node:internal/async_hooks:130:17) {
      errno: -111,
      code: 'ECONNREFUSED',
      syscall: 'connect',
      address: '127.0.0.1',
      port: 6379
    }
  ]
}
AggregateError [ECONNREFUSED]: 
    at internalConnectMultiple (node:net:1122:18)
    at afterConnectMultiple (node:net:1689:7)
    at TCPConnectWrap.callbackTrampoline (node:internal/async_hooks:130:17) {
  code: 'ECONNREFUSED',
  [errors]: [
    Error: connect ECONNREFUSED ::1:6379
        at createConnectionError (node:net:1652:14)
        at afterConnectMultiple (node:net:1682:16)
        at TCPConnectWrap.callbackTrampoline (node:internal/async_hooks:130:17) {
      errno: -111,
      code: 'ECONNREFUSED',
      syscall: 'connect',
      address: '::1',
      port: 6379
    },
    Error: connect ECONNREFUSED 127.0.0.1:6379
        at createConnectionError (node:net:1652:14)
        at afterConnectMultiple (node:net:1682:16)
        at TCPConnectWrap.callbackTrampoline (node:internal/async_hooks:130:17) {
      errno: -111,
      code: 'ECONNREFUSED',
      syscall: 'connect',
      address: '127.0.0.1',
      port: 6379
    }
  ]
}
AggregateError [ECONNREFUSED]: 
    at internalConnectMultiple (node:net:1122:18)
    at afterConnectMultiple (node:net:1689:7)
    at TCPConnectWrap.callbackTrampoline (node:internal/async_hooks:130:17) {
  code: 'ECONNREFUSED',
  [errors]: [
    Error: connect ECONNREFUSED ::1:6379
        at createConnectionError (node:net:1652:14)
        at afterConnectMultiple (node:net:1682:16)
        at TCPConnectWrap.callbackTrampoline (node:internal/async_hooks:130:17) {
      errno: -111,
      code: 'ECONNREFUSED',
      syscall: 'connect',
      address: '::1',
      port: 6379
    },
    Error: connect ECONNREFUSED 127.0.0.1:6379
        at createConnectionError (node:net:1652:14)
        at afterConnectMultiple (node:net:1682:16)
        at TCPConnectWrap.callbackTrampoline (node:internal/async_hooks:130:17) {
      errno: -111,
      code: 'ECONNREFUSED',
      syscall: 'connect',
      address: '127.0.0.1',
      port: 6379
    }
  ]
}
{"level":"warn","message":"Supabase session check failed, trying NextAuth","timestamp":"2026-02-16T06:37:15.855Z","error":"Dynamic server usage: Route /api/exports/list couldn't be rendered statically because it used `cookies`. See more info here: https://nextjs.org/docs/messages/dynamic-server-error","component":"unified-session"}
{"level":"warn","message":"NextAuth session check failed","timestamp":"2026-02-16T06:37:15.856Z","error":"Dynamic server usage: Route /api/exports/list couldn't be rendered statically because it used `headers`. See more info here: https://nextjs.org/docs/messages/dynamic-server-error","component":"unified-session"}
AggregateError [ECONNREFUSED]: 
    at internalConnectMultiple (node:net:1122:18)
    at afterConnectMultiple (node:net:1689:7)
    at TCPConnectWrap.callbackTrampoline (node:internal/async_hooks:130:17) {
  code: 'ECONNREFUSED',
  [errors]: [
    Error: connect ECONNREFUSED ::1:6379
        at createConnectionError (node:net:1652:14)
        at afterConnectMultiple (node:net:1682:16)
        at TCPConnectWrap.callbackTrampoline (node:internal/async_hooks:130:17) {
      errno: -111,
      code: 'ECONNREFUSED',
      syscall: 'connect',
      address: '::1',
      port: 6379
    },
    Error: connect ECONNREFUSED 127.0.0.1:6379
        at createConnectionError (node:net:1652:14)
        at afterConnectMultiple (node:net:1682:16)
        at TCPConnectWrap.callbackTrampoline (node:internal/async_hooks:130:17) {
      errno: -111,
      code: 'ECONNREFUSED',
      syscall: 'connect',
      address: '127.0.0.1',
      port: 6379
    }
  ]
}
AggregateError [ECONNREFUSED]: 
    at internalConnectMultiple (node:net:1122:18)
    at afterConnectMultiple (node:net:1689:7)
    at TCPConnectWrap.callbackTrampoline (node:internal/async_hooks:130:17) {
  code: 'ECONNREFUSED',
  [errors]: [
    Error: connect ECONNREFUSED ::1:6379
        at createConnectionError (node:net:1652:14)
        at afterConnectMultiple (node:net:1682:16)
        at TCPConnectWrap.callbackTrampoline (node:internal/async_hooks:130:17) {
      errno: -111,
      code: 'ECONNREFUSED',
      syscall: 'connect',
      address: '::1',
      port: 6379
    },
    Error: connect ECONNREFUSED 127.0.0.1:6379
        at createConnectionError (node:net:1652:14)
        at afterConnectMultiple (node:net:1682:16)
        at TCPConnectWrap.callbackTrampoline (node:internal/async_hooks:130:17) {
      errno: -111,
      code: 'ECONNREFUSED',
      syscall: 'connect',
      address: '127.0.0.1',
      port: 6379
    }
  ]
}
AggregateError [ECONNREFUSED]: 
    at internalConnectMultiple (node:net:1122:18)
    at afterConnectMultiple (node:net:1689:7)
    at TCPConnectWrap.callbackTrampoline (node:internal/async_hooks:130:17) {
  code: 'ECONNREFUSED',
  [errors]: [
    Error: connect ECONNREFUSED ::1:6379
        at createConnectionError (node:net:1652:14)
        at afterConnectMultiple (node:net:1682:16)
        at TCPConnectWrap.callbackTrampoline (node:internal/async_hooks:130:17) {
      errno: -111,
      code: 'ECONNREFUSED',
      syscall: 'connect',
      address: '::1',
      port: 6379
    },
    Error: connect ECONNREFUSED 127.0.0.1:6379
        at createConnectionError (node:net:1652:14)
        at afterConnectMultiple (node:net:1682:16)
        at TCPConnectWrap.callbackTrampoline (node:internal/async_hooks:130:17) {
      errno: -111,
      code: 'ECONNREFUSED',
      syscall: 'connect',
      address: '127.0.0.1',
      port: 6379
    }
  ]
}
{"level":"error","message":"Help data fetch error","timestamp":"2026-02-16T06:37:16.073Z","error":{"message":"Dynamic server usage: Route /api/help couldn't be rendered statically because it used `request.headers`. See more info here: https://nextjs.org/docs/messages/dynamic-server-error","stack":"Error: Dynamic server usage: Route /api/help couldn't be rendered statically because it used `request.headers`. See more info here: https://nextjs.org/docs/messages/dynamic-server-error\n    at V (/root/_MVP_Video_TecnicoCursos_v7/estudio_ia_videos/node_modules/next/dist/compiled/next-server/app-route.runtime.prod.js:6:21778)\n    at Object.get (/root/_MVP_Video_TecnicoCursos_v7/estudio_ia_videos/node_modules/next/dist/compiled/next-server/app-route.runtime.prod.js:6:29465)\n    at h (/root/_MVP_Video_TecnicoCursos_v7/estudio_ia_videos/.next/server/app/api/activity/route.js:14:1992)\n    at f (/root/_MVP_Video_TecnicoCursos_v7/estudio_ia_videos/.next/server/app/api/help/route.js:1:7234)\n    at /root/_MVP_Video_TecnicoCursos_v7/estudio_ia_videos/node_modules/next/dist/compiled/next-server/app-route.runtime.prod.js:6:38417\n    at /root/_MVP_Video_TecnicoCursos_v7/estudio_ia_videos/node_modules/next/dist/server/lib/trace/tracer.js:140:36\n    at NoopContextManager.with (/root/_MVP_Video_TecnicoCursos_v7/estudio_ia_videos/node_modules/@opentelemetry/api/build/src/context/NoopContextManager.js:25:19)\n    at ContextAPI.with (/root/_MVP_Video_TecnicoCursos_v7/estudio_ia_videos/node_modules/@opentelemetry/api/build/src/api/context.js:60:46)\n    at NoopTracer.startActiveSpan (/root/_MVP_Video_TecnicoCursos_v7/estudio_ia_videos/node_modules/@opentelemetry/api/build/src/trace/NoopTracer.js:65:31)\n    at ProxyTracer.startActiveSpan (/root/_MVP_Video_TecnicoCursos_v7/estudio_ia_videos/node_modules/@opentelemetry/api/build/src/trace/ProxyTracer.js:36:24)","name":"Error"}}
{"level":"error","message":"Error fetching HeyGen voices","timestamp":"2026-02-16T06:37:16.096Z","component":"API: heygen/voices","error":{"message":"Dynamic server usage: Route /api/heygen/voices couldn't be rendered statically because it used `request.headers`. See more info here: https://nextjs.org/docs/messages/dynamic-server-error","stack":"Error: Dynamic server usage: Route /api/heygen/voices couldn't be rendered statically because it used `request.headers`. See more info here: https://nextjs.org/docs/messages/dynamic-server-error\n    at V (/root/_MVP_Video_TecnicoCursos_v7/estudio_ia_videos/node_modules/next/dist/compiled/next-server/app-route.runtime.prod.js:6:21778)\n    at Object.get (/root/_MVP_Video_TecnicoCursos_v7/estudio_ia_videos/node_modules/next/dist/compiled/next-server/app-route.runtime.prod.js:6:29465)\n    at m (/root/_MVP_Video_TecnicoCursos_v7/estudio_ia_videos/.next/server/chunks/55985.js:11:1992)\n    at h (/root/_MVP_Video_TecnicoCursos_v7/estudio_ia_videos/.next/server/app/api/heygen/voices/route.js:1:2943)\n    at /root/_MVP_Video_TecnicoCursos_v7/estudio_ia_videos/node_modules/next/dist/compiled/next-server/app-route.runtime.prod.js:6:38417\n    at /root/_MVP_Video_TecnicoCursos_v7/estudio_ia_videos/node_modules/next/dist/server/lib/trace/tracer.js:140:36\n    at NoopContextManager.with (/root/_MVP_Video_TecnicoCursos_v7/estudio_ia_videos/node_modules/@opentelemetry/api/build/src/context/NoopContextManager.js:25:19)\n    at ContextAPI.with (/root/_MVP_Video_TecnicoCursos_v7/estudio_ia_videos/node_modules/@opentelemetry/api/build/src/api/context.js:60:46)\n    at NoopTracer.startActiveSpan (/root/_MVP_Video_TecnicoCursos_v7/estudio_ia_videos/node_modules/@opentelemetry/api/build/src/trace/NoopTracer.js:65:31)\n    at ProxyTracer.startActiveSpan (/root/_MVP_Video_TecnicoCursos_v7/estudio_ia_videos/node_modules/@opentelemetry/api/build/src/trace/ProxyTracer.js:36:24)","name":"Error"}}
AggregateError [ECONNREFUSED]: 
    at internalConnectMultiple (node:net:1122:18)
    at afterConnectMultiple (node:net:1689:7)
    at TCPConnectWrap.callbackTrampoline (node:internal/async_hooks:130:17) {
  code: 'ECONNREFUSED',
  [errors]: [
    Error: connect ECONNREFUSED ::1:6379
        at createConnectionError (node:net:1652:14)
        at afterConnectMultiple (node:net:1682:16)
        at TCPConnectWrap.callbackTrampoline (node:internal/async_hooks:130:17) {
      errno: -111,
      code: 'ECONNREFUSED',
      syscall: 'connect',
      address: '::1',
      port: 6379
    },
    Error: connect ECONNREFUSED 127.0.0.1:6379
        at createConnectionError (node:net:1652:14)
        at afterConnectMultiple (node:net:1682:16)
        at TCPConnectWrap.callbackTrampoline (node:internal/async_hooks:130:17) {
      errno: -111,
      code: 'ECONNREFUSED',
      syscall: 'connect',
      address: '127.0.0.1',
      port: 6379
    }
  ]
}
AggregateError [ECONNREFUSED]: 
    at internalConnectMultiple (node:net:1122:18)
    at afterConnectMultiple (node:net:1689:7)
    at TCPConnectWrap.callbackTrampoline (node:internal/async_hooks:130:17) {
  code: 'ECONNREFUSED',
  [errors]: [
    Error: connect ECONNREFUSED ::1:6379
        at createConnectionError (node:net:1652:14)
        at afterConnectMultiple (node:net:1682:16)
        at TCPConnectWrap.callbackTrampoline (node:internal/async_hooks:130:17) {
      errno: -111,
      code: 'ECONNREFUSED',
      syscall: 'connect',
      address: '::1',
      port: 6379
    },
    Error: connect ECONNREFUSED 127.0.0.1:6379
        at createConnectionError (node:net:1652:14)
        at afterConnectMultiple (node:net:1682:16)
        at TCPConnectWrap.callbackTrampoline (node:internal/async_hooks:130:17) {
      errno: -111,
      code: 'ECONNREFUSED',
      syscall: 'connect',
      address: '127.0.0.1',
      port: 6379
    }
  ]
}
{"level":"error","message":"Redis cache error","timestamp":"2026-02-16T06:37:16.230Z","error":{"message":"","stack":"AggregateError [ECONNREFUSED]: \n    at internalConnectMultiple (node:net:1122:18)\n    at afterConnectMultiple (node:net:1689:7)\n    at TCPConnectWrap.callbackTrampoline (node:internal/async_hooks:130:17)","name":"AggregateError"}}
AggregateError [ECONNREFUSED]: 
    at internalConnectMultiple (node:net:1122:18)
    at afterConnectMultiple (node:net:1689:7)
    at TCPConnectWrap.callbackTrampoline (node:internal/async_hooks:130:17) {
  code: 'ECONNREFUSED',
  [errors]: [
    Error: connect ECONNREFUSED ::1:6379
        at createConnectionError (node:net:1652:14)
        at afterConnectMultiple (node:net:1682:16)
        at TCPConnectWrap.callbackTrampoline (node:internal/async_hooks:130:17) {
      errno: -111,
      code: 'ECONNREFUSED',
      syscall: 'connect',
      address: '::1',
      port: 6379
    },
    Error: connect ECONNREFUSED 127.0.0.1:6379
        at createConnectionError (node:net:1652:14)
        at afterConnectMultiple (node:net:1682:16)
        at TCPConnectWrap.callbackTrampoline (node:internal/async_hooks:130:17) {
      errno: -111,
      code: 'ECONNREFUSED',
      syscall: 'connect',
      address: '127.0.0.1',
      port: 6379
    }
  ]
}
AggregateError [ECONNREFUSED]: 
    at internalConnectMultiple (node:net:1122:18)
    at afterConnectMultiple (node:net:1689:7)
    at TCPConnectWrap.callbackTrampoline (node:internal/async_hooks:130:17) {
  code: 'ECONNREFUSED',
  [errors]: [
    Error: connect ECONNREFUSED ::1:6379
        at createConnectionError (node:net:1652:14)
        at afterConnectMultiple (node:net:1682:16)
        at TCPConnectWrap.callbackTrampoline (node:internal/async_hooks:130:17) {
      errno: -111,
      code: 'ECONNREFUSED',
      syscall: 'connect',
      address: '::1',
      port: 6379
    },
    Error: connect ECONNREFUSED 127.0.0.1:6379
        at createConnectionError (node:net:1652:14)
        at afterConnectMultiple (node:net:1682:16)
        at TCPConnectWrap.callbackTrampoline (node:internal/async_hooks:130:17) {
      errno: -111,
      code: 'ECONNREFUSED',
      syscall: 'connect',
      address: '127.0.0.1',
      port: 6379
    }
  ]
}
AggregateError [ECONNREFUSED]: 
    at internalConnectMultiple (node:net:1122:18)
    at afterConnectMultiple (node:net:1689:7)
    at TCPConnectWrap.callbackTrampoline (node:internal/async_hooks:130:17) {
  code: 'ECONNREFUSED',
  [errors]: [
    Error: connect ECONNREFUSED ::1:6379
        at createConnectionError (node:net:1652:14)
        at afterConnectMultiple (node:net:1682:16)
        at TCPConnectWrap.callbackTrampoline (node:internal/async_hooks:130:17) {
      errno: -111,
      code: 'ECONNREFUSED',
      syscall: 'connect',
      address: '::1',
      port: 6379
    },
    Error: connect ECONNREFUSED 127.0.0.1:6379
        at createConnectionError (node:net:1652:14)
        at afterConnectMultiple (node:net:1682:16)
        at TCPConnectWrap.callbackTrampoline (node:internal/async_hooks:130:17) {
      errno: -111,
      code: 'ECONNREFUSED',
      syscall: 'connect',
      address: '127.0.0.1',
      port: 6379
    }
  ]
}
{"level":"error","message":"Redis connection error","timestamp":"2026-02-16T06:37:16.700Z","error":{"message":"","stack":"AggregateError [ECONNREFUSED]: \n    at internalConnectMultiple (node:net:1122:18)\n    at afterConnectMultiple (node:net:1689:7)\n    at TCPConnectWrap.callbackTrampoline (node:internal/async_hooks:130:17)","name":"AggregateError"}}
{"level":"warn","message":"Redis connection closed","timestamp":"2026-02-16T06:37:16.700Z","service":"RenderQueue"}
{"level":"error","message":"Redis cache error","timestamp":"2026-02-16T06:37:16.510Z","error":{"message":"","stack":"AggregateError [ECONNREFUSED]: \n    at internalConnectMultiple (node:net:1122:18)\n    at afterConnectMultiple (node:net:1689:7)\n    at TCPConnectWrap.callbackTrampoline (node:internal/async_hooks:130:17)","name":"AggregateError"}}
AggregateError [ECONNREFUSED]: 
    at internalConnectMultiple (node:net:1122:18)
    at afterConnectMultiple (node:net:1689:7)
    at TCPConnectWrap.callbackTrampoline (node:internal/async_hooks:130:17) {
  code: 'ECONNREFUSED',
  [errors]: [
    Error: connect ECONNREFUSED ::1:6379
        at createConnectionError (node:net:1652:14)
        at afterConnectMultiple (node:net:1682:16)
        at TCPConnectWrap.callbackTrampoline (node:internal/async_hooks:130:17) {
      errno: -111,
      code: 'ECONNREFUSED',
      syscall: 'connect',
      address: '::1',
      port: 6379
    },
    Error: connect ECONNREFUSED 127.0.0.1:6379
        at createConnectionError (node:net:1652:14)
        at afterConnectMultiple (node:net:1682:16)
        at TCPConnectWrap.callbackTrampoline (node:internal/async_hooks:130:17) {
      errno: -111,
      code: 'ECONNREFUSED',
      syscall: 'connect',
      address: '127.0.0.1',
      port: 6379
    }
  ]
}
AggregateError [ECONNREFUSED]: 
    at internalConnectMultiple (node:net:1122:18)
    at afterConnectMultiple (node:net:1689:7)
    at TCPConnectWrap.callbackTrampoline (node:internal/async_hooks:130:17) {
  code: 'ECONNREFUSED',
  [errors]: [
    Error: connect ECONNREFUSED ::1:6379
        at createConnectionError (node:net:1652:14)
        at afterConnectMultiple (node:net:1682:16)
        at TCPConnectWrap.callbackTrampoline (node:internal/async_hooks:130:17) {
      errno: -111,
      code: 'ECONNREFUSED',
      syscall: 'connect',
      address: '::1',
      port: 6379
    },
    Error: connect ECONNREFUSED 127.0.0.1:6379
        at createConnectionError (node:net:1652:14)
        at afterConnectMultiple (node:net:1682:16)
        at TCPConnectWrap.callbackTrampoline (node:internal/async_hooks:130:17) {
      errno: -111,
      code: 'ECONNREFUSED',
      syscall: 'connect',
      address: '127.0.0.1',
      port: 6379
    }
  ]
}
AggregateError [ECONNREFUSED]: 
    at internalConnectMultiple (node:net:1122:18)
    at afterConnectMultiple (node:net:1689:7)
    at TCPConnectWrap.callbackTrampoline (node:internal/async_hooks:130:17) {
  code: 'ECONNREFUSED',
  [errors]: [
    Error: connect ECONNREFUSED ::1:6379
        at createConnectionError (node:net:1652:14)
        at afterConnectMultiple (node:net:1682:16)
        at TCPConnectWrap.callbackTrampoline (node:internal/async_hooks:130:17) {
      errno: -111,
      code: 'ECONNREFUSED',
      syscall: 'connect',
      address: '::1',
      port: 6379
    },
    Error: connect ECONNREFUSED 127.0.0.1:6379
        at createConnectionError (node:net:1652:14)
        at afterConnectMultiple (node:net:1682:16)
        at TCPConnectWrap.callbackTrampoline (node:internal/async_hooks:130:17) {
      errno: -111,
      code: 'ECONNREFUSED',
      syscall: 'connect',
      address: '127.0.0.1',
      port: 6379
    }
  ]
}
{"level":"warn","message":"Supabase session check failed, trying NextAuth","timestamp":"2026-02-16T06:37:16.816Z","error":"Dynamic server usage: Route /api/integrations/status couldn't be rendered statically because it used `cookies`. See more info here: https://nextjs.org/docs/messages/dynamic-server-error","component":"unified-session"}
{"level":"warn","message":"NextAuth session check failed","timestamp":"2026-02-16T06:37:16.817Z","error":"Dynamic server usage: Route /api/integrations/status couldn't be rendered statically because it used `headers`. See more info here: https://nextjs.org/docs/messages/dynamic-server-error","component":"unified-session"}
AggregateError [ECONNREFUSED]: 
    at internalConnectMultiple (node:net:1122:18)
    at afterConnectMultiple (node:net:1689:7)
    at TCPConnectWrap.callbackTrampoline (node:internal/async_hooks:130:17) {
  code: 'ECONNREFUSED',
  [errors]: [
    Error: connect ECONNREFUSED ::1:6379
        at createConnectionError (node:net:1652:14)
        at afterConnectMultiple (node:net:1682:16)
        at TCPConnectWrap.callbackTrampoline (node:internal/async_hooks:130:17) {
      errno: -111,
      code: 'ECONNREFUSED',
      syscall: 'connect',
      address: '::1',
      port: 6379
    },
    Error: connect ECONNREFUSED 127.0.0.1:6379
        at createConnectionError (node:net:1652:14)
        at afterConnectMultiple (node:net:1682:16)
        at TCPConnectWrap.callbackTrampoline (node:internal/async_hooks:130:17) {
      errno: -111,
      code: 'ECONNREFUSED',
      syscall: 'connect',
      address: '127.0.0.1',
      port: 6379
    }
  ]
}
{"level":"warn","message":"Supabase session check failed, trying NextAuth","timestamp":"2026-02-16T06:37:16.852Z","error":"Dynamic server usage: Route /api/media/list couldn't be rendered statically because it used `cookies`. See more info here: https://nextjs.org/docs/messages/dynamic-server-error","component":"unified-session"}
{"level":"warn","message":"NextAuth session check failed","timestamp":"2026-02-16T06:37:16.857Z","error":"Dynamic server usage: Route /api/media/list couldn't be rendered statically because it used `headers`. See more info here: https://nextjs.org/docs/messages/dynamic-server-error","component":"unified-session"}
AggregateError [ECONNREFUSED]: 
    at internalConnectMultiple (node:net:1122:18)
    at afterConnectMultiple (node:net:1689:7)
    at TCPConnectWrap.callbackTrampoline (node:internal/async_hooks:130:17) {
  code: 'ECONNREFUSED',
  [errors]: [
    Error: connect ECONNREFUSED ::1:6379
        at createConnectionError (node:net:1652:14)
        at afterConnectMultiple (node:net:1682:16)
        at TCPConnectWrap.callbackTrampoline (node:internal/async_hooks:130:17) {
      errno: -111,
      code: 'ECONNREFUSED',
      syscall: 'connect',
      address: '::1',
      port: 6379
    },
    Error: connect ECONNREFUSED 127.0.0.1:6379
        at createConnectionError (node:net:1652:14)
        at afterConnectMultiple (node:net:1682:16)
        at TCPConnectWrap.callbackTrampoline (node:internal/async_hooks:130:17) {
      errno: -111,
      code: 'ECONNREFUSED',
      syscall: 'connect',
      address: '127.0.0.1',
      port: 6379
    }
  ]
}
AggregateError [ECONNREFUSED]: 
    at internalConnectMultiple (node:net:1122:18)
    at afterConnectMultiple (node:net:1689:7)
    at TCPConnectWrap.callbackTrampoline (node:internal/async_hooks:130:17) {
  code: 'ECONNREFUSED',
  [errors]: [
    Error: connect ECONNREFUSED ::1:6379
        at createConnectionError (node:net:1652:14)
        at afterConnectMultiple (node:net:1682:16)
        at TCPConnectWrap.callbackTrampoline (node:internal/async_hooks:130:17) {
      errno: -111,
      code: 'ECONNREFUSED',
      syscall: 'connect',
      address: '::1',
      port: 6379
    },
    Error: connect ECONNREFUSED 127.0.0.1:6379
        at createConnectionError (node:net:1652:14)
        at afterConnectMultiple (node:net:1682:16)
        at TCPConnectWrap.callbackTrampoline (node:internal/async_hooks:130:17) {
      errno: -111,
      code: 'ECONNREFUSED',
      syscall: 'connect',
      address: '127.0.0.1',
      port: 6379
    }
  ]
}
{"level":"error","message":"[default] Dashboard generation failed","timestamp":"2026-02-16T06:37:16.945Z","error":{"message":"Dynamic server usage: Route /api/monitoring/dashboard couldn't be rendered statically because it used `request.headers`. See more info here: https://nextjs.org/docs/messages/dynamic-server-error","stack":"Error: Dynamic server usage: Route /api/monitoring/dashboard couldn't be rendered statically because it used `request.headers`. See more info here: https://nextjs.org/docs/messages/dynamic-server-error\n    at V (/root/_MVP_Video_TecnicoCursos_v7/estudio_ia_videos/node_modules/next/dist/compiled/next-server/app-route.runtime.prod.js:6:21778)\n    at Object.get (/root/_MVP_Video_TecnicoCursos_v7/estudio_ia_videos/node_modules/next/dist/compiled/next-server/app-route.runtime.prod.js:6:29465)\n    at g (/root/_MVP_Video_TecnicoCursos_v7/estudio_ia_videos/.next/server/app/api/admin/activity/route.js:14:1992)\n    at g (/root/_MVP_Video_TecnicoCursos_v7/estudio_ia_videos/.next/server/app/api/monitoring/dashboard/route.js:1:2953)\n    at /root/_MVP_Video_TecnicoCursos_v7/estudio_ia_videos/node_modules/next/dist/compiled/next-server/app-route.runtime.prod.js:6:38417\n    at /root/_MVP_Video_TecnicoCursos_v7/estudio_ia_videos/node_modules/next/dist/server/lib/trace/tracer.js:140:36\n    at NoopContextManager.with (/root/_MVP_Video_TecnicoCursos_v7/estudio_ia_videos/node_modules/@opentelemetry/api/build/src/context/NoopContextManager.js:25:19)\n    at ContextAPI.with (/root/_MVP_Video_TecnicoCursos_v7/estudio_ia_videos/node_modules/@opentelemetry/api/build/src/api/context.js:60:46)\n    at NoopTracer.startActiveSpan (/root/_MVP_Video_TecnicoCursos_v7/estudio_ia_videos/node_modules/@opentelemetry/api/build/src/trace/NoopTracer.js:65:31)\n    at ProxyTracer.startActiveSpan (/root/_MVP_Video_TecnicoCursos_v7/estudio_ia_videos/node_modules/@opentelemetry/api/build/src/trace/ProxyTracer.js:36:24)","name":"Error"}}
{"level":"error","message":"Failed to fetch music library","timestamp":"2026-02-16T06:37:16.996Z","error":{"description":"Route /api/music/library couldn't be rendered statically because it used `request.headers`. See more info here: https://nextjs.org/docs/messages/dynamic-server-error","digest":"DYNAMIC_SERVER_USAGE"}}
{"level":"error","message":"Redis connection error","timestamp":"2026-02-16T06:37:17.023Z","error":{"message":"","stack":"AggregateError [ECONNREFUSED]: \n    at internalConnectMultiple (node:net:1122:18)\n    at afterConnectMultiple (node:net:1689:7)\n    at TCPConnectWrap.callbackTrampoline (node:internal/async_hooks:130:17)","name":"AggregateError"}}
{"level":"warn","message":"Redis connection closed","timestamp":"2026-02-16T06:37:17.024Z","service":"RenderQueue"}
{"level":"error","message":"Ops watchdog incidents read failed","timestamp":"2026-02-16T06:37:17.115Z","component":"API: ops/watchdog/incidents","error":{"message":"Dynamic server usage: Route /api/ops/watchdog/incidents couldn't be rendered statically because it used `request.headers`. See more info here: https://nextjs.org/docs/messages/dynamic-server-error","stack":"Error: Dynamic server usage: Route /api/ops/watchdog/incidents couldn't be rendered statically because it used `request.headers`. See more info here: https://nextjs.org/docs/messages/dynamic-server-error\n    at V (/root/_MVP_Video_TecnicoCursos_v7/estudio_ia_videos/node_modules/next/dist/compiled/next-server/app-route.runtime.prod.js:6:21778)\n    at Object.get (/root/_MVP_Video_TecnicoCursos_v7/estudio_ia_videos/node_modules/next/dist/compiled/next-server/app-route.runtime.prod.js:6:29465)\n    at h (/root/_MVP_Video_TecnicoCursos_v7/estudio_ia_videos/.next/server/app/api/activity/route.js:14:1992)\n    at g (/root/_MVP_Video_TecnicoCursos_v7/estudio_ia_videos/.next/server/app/api/ops/watchdog/incidents/route.js:1:3509)\n    at /root/_MVP_Video_TecnicoCursos_v7/estudio_ia_videos/node_modules/next/dist/compiled/next-server/app-route.runtime.prod.js:6:38417\n    at /root/_MVP_Video_TecnicoCursos_v7/estudio_ia_videos/node_modules/next/dist/server/lib/trace/tracer.js:140:36\n    at NoopContextManager.with (/root/_MVP_Video_TecnicoCursos_v7/estudio_ia_videos/node_modules/@opentelemetry/api/build/src/context/NoopContextManager.js:25:19)\n    at ContextAPI.with (/root/_MVP_Video_TecnicoCursos_v7/estudio_ia_videos/node_modules/@opentelemetry/api/build/src/api/context.js:60:46)\n    at NoopTracer.startActiveSpan (/root/_MVP_Video_TecnicoCursos_v7/estudio_ia_videos/node_modules/@opentelemetry/api/build/src/trace/NoopTracer.js:65:31)\n    at ProxyTracer.startActiveSpan (/root/_MVP_Video_TecnicoCursos_v7/estudio_ia_videos/node_modules/@opentelemetry/api/build/src/trace/ProxyTracer.js:36:24)","name":"Error"}}
{"level":"error","message":"Ops watchdog status read failed","timestamp":"2026-02-16T06:37:17.117Z","component":"API: ops/watchdog/status","error":{"message":"Dynamic server usage: Route /api/ops/watchdog/status couldn't be rendered statically because it used `request.headers`. See more info here: https://nextjs.org/docs/messages/dynamic-server-error","stack":"Error: Dynamic server usage: Route /api/ops/watchdog/status couldn't be rendered statically because it used `request.headers`. See more info here: https://nextjs.org/docs/messages/dynamic-server-error\n    at V (/root/_MVP_Video_TecnicoCursos_v7/estudio_ia_videos/node_modules/next/dist/compiled/next-server/app-route.runtime.prod.js:6:21778)\n    at Object.get (/root/_MVP_Video_TecnicoCursos_v7/estudio_ia_videos/node_modules/next/dist/compiled/next-server/app-route.runtime.prod.js:6:29465)\n    at m (/root/_MVP_Video_TecnicoCursos_v7/estudio_ia_videos/.next/server/chunks/55985.js:11:1992)\n    at g (/root/_MVP_Video_TecnicoCursos_v7/estudio_ia_videos/.next/server/app/api/ops/watchdog/status/route.js:1:3501)\n    at /root/_MVP_Video_TecnicoCursos_v7/estudio_ia_videos/node_modules/next/dist/compiled/next-server/app-route.runtime.prod.js:6:38417\n    at /root/_MVP_Video_TecnicoCursos_v7/estudio_ia_videos/node_modules/next/dist/server/lib/trace/tracer.js:140:36\n    at NoopContextManager.with (/root/_MVP_Video_TecnicoCursos_v7/estudio_ia_videos/node_modules/@opentelemetry/api/build/src/context/NoopContextManager.js:25:19)\n    at ContextAPI.with (/root/_MVP_Video_TecnicoCursos_v7/estudio_ia_videos/node_modules/@opentelemetry/api/build/src/api/context.js:60:46)\n    at NoopTracer.startActiveSpan (/root/_MVP_Video_TecnicoCursos_v7/estudio_ia_videos/node_modules/@opentelemetry/api/build/src/trace/NoopTracer.js:65:31)\n    at ProxyTracer.startActiveSpan (/root/_MVP_Video_TecnicoCursos_v7/estudio_ia_videos/node_modules/@opentelemetry/api/build/src/trace/ProxyTracer.js:36:24)","name":"Error"}}
{"level":"error","message":"Redis cache error","timestamp":"2026-02-16T06:37:17.160Z","error":{"message":"","stack":"AggregateError [ECONNREFUSED]: \n    at internalConnectMultiple (node:net:1122:18)\n    at afterConnectMultiple (node:net:1689:7)\n    at TCPConnectWrap.callbackTrampoline (node:internal/async_hooks:130:17)","name":"AggregateError"}}
{"level":"error","message":"Ops readiness failed","timestamp":"2026-02-16T06:37:17.126Z","component":"API: ops/readiness","error":{"message":"Dynamic server usage: Route /api/ops/readiness couldn't be rendered statically because it used `request.headers`. See more info here: https://nextjs.org/docs/messages/dynamic-server-error","stack":"Error: Dynamic server usage: Route /api/ops/readiness couldn't be rendered statically because it used `request.headers`. See more info here: https://nextjs.org/docs/messages/dynamic-server-error\n    at V (/root/_MVP_Video_TecnicoCursos_v7/estudio_ia_videos/node_modules/next/dist/compiled/next-server/app-route.runtime.prod.js:6:21778)\n    at Object.get (/root/_MVP_Video_TecnicoCursos_v7/estudio_ia_videos/node_modules/next/dist/compiled/next-server/app-route.runtime.prod.js:6:29465)\n    at g (/root/_MVP_Video_TecnicoCursos_v7/estudio_ia_videos/.next/server/app/api/admin/activity/route.js:14:1992)\n    at S (/root/_MVP_Video_TecnicoCursos_v7/estudio_ia_videos/.next/server/app/api/ops/readiness/route.js:1:5120)\n    at /root/_MVP_Video_TecnicoCursos_v7/estudio_ia_videos/node_modules/next/dist/compiled/next-server/app-route.runtime.prod.js:6:38417\n    at /root/_MVP_Video_TecnicoCursos_v7/estudio_ia_videos/node_modules/next/dist/server/lib/trace/tracer.js:140:36\n    at NoopContextManager.with (/root/_MVP_Video_TecnicoCursos_v7/estudio_ia_videos/node_modules/@opentelemetry/api/build/src/context/NoopContextManager.js:25:19)\n    at ContextAPI.with (/root/_MVP_Video_TecnicoCursos_v7/estudio_ia_videos/node_modules/@opentelemetry/api/build/src/api/context.js:60:46)\n    at NoopTracer.startActiveSpan (/root/_MVP_Video_TecnicoCursos_v7/estudio_ia_videos/node_modules/@opentelemetry/api/build/src/trace/NoopTracer.js:65:31)\n    at ProxyTracer.startActiveSpan (/root/_MVP_Video_TecnicoCursos_v7/estudio_ia_videos/node_modules/@opentelemetry/api/build/src/trace/ProxyTracer.js:36:24)","name":"Error"}}
{"level":"error","message":"Redis connection error","timestamp":"2026-02-16T06:37:17.128Z","error":{"message":"","stack":"AggregateError [ECONNREFUSED]: \n    at internalConnectMultiple (node:net:1122:18)\n    at afterConnectMultiple (node:net:1689:7)\n    at TCPConnectWrap.callbackTrampoline (node:internal/async_hooks:130:17)","name":"AggregateError"}}
{"level":"warn","message":"Redis connection closed","timestamp":"2026-02-16T06:37:17.128Z","service":"RenderQueue"}
AggregateError [ECONNREFUSED]: 
    at internalConnectMultiple (node:net:1122:18)
    at afterConnectMultiple (node:net:1689:7)
    at TCPConnectWrap.callbackTrampoline (node:internal/async_hooks:130:17) {
  code: 'ECONNREFUSED',
  [errors]: [
    Error: connect ECONNREFUSED ::1:6379
        at createConnectionError (node:net:1652:14)
        at afterConnectMultiple (node:net:1682:16)
        at TCPConnectWrap.callbackTrampoline (node:internal/async_hooks:130:17) {
      errno: -111,
      code: 'ECONNREFUSED',
      syscall: 'connect',
      address: '::1',
      port: 6379
    },
    Error: connect ECONNREFUSED 127.0.0.1:6379
        at createConnectionError (node:net:1652:14)
        at afterConnectMultiple (node:net:1682:16)
        at TCPConnectWrap.callbackTrampoline (node:internal/async_hooks:130:17) {
      errno: -111,
      code: 'ECONNREFUSED',
      syscall: 'connect',
      address: '127.0.0.1',
      port: 6379
    }
  ]
}
AggregateError [ECONNREFUSED]: 
    at internalConnectMultiple (node:net:1122:18)
    at afterConnectMultiple (node:net:1689:7)
    at TCPConnectWrap.callbackTrampoline (node:internal/async_hooks:130:17) {
  code: 'ECONNREFUSED',
  [errors]: [
    Error: connect ECONNREFUSED ::1:6379
        at createConnectionError (node:net:1652:14)
        at afterConnectMultiple (node:net:1682:16)
        at TCPConnectWrap.callbackTrampoline (node:internal/async_hooks:130:17) {
      errno: -111,
      code: 'ECONNREFUSED',
      syscall: 'connect',
      address: '::1',
      port: 6379
    },
    Error: connect ECONNREFUSED 127.0.0.1:6379
        at createConnectionError (node:net:1652:14)
        at afterConnectMultiple (node:net:1682:16)
        at TCPConnectWrap.callbackTrampoline (node:internal/async_hooks:130:17) {
      errno: -111,
      code: 'ECONNREFUSED',
      syscall: 'connect',
      address: '127.0.0.1',
      port: 6379
    }
  ]
}
AggregateError [ECONNREFUSED]: 
    at internalConnectMultiple (node:net:1122:18)
    at afterConnectMultiple (node:net:1689:7)
    at TCPConnectWrap.callbackTrampoline (node:internal/async_hooks:130:17) {
  code: 'ECONNREFUSED',
  [errors]: [
    Error: connect ECONNREFUSED ::1:6379
        at createConnectionError (node:net:1652:14)
        at afterConnectMultiple (node:net:1682:16)
        at TCPConnectWrap.callbackTrampoline (node:internal/async_hooks:130:17) {
      errno: -111,
      code: 'ECONNREFUSED',
      syscall: 'connect',
      address: '::1',
      port: 6379
    },
    Error: connect ECONNREFUSED 127.0.0.1:6379
        at createConnectionError (node:net:1652:14)
        at afterConnectMultiple (node:net:1682:16)
        at TCPConnectWrap.callbackTrampoline (node:internal/async_hooks:130:17) {
      errno: -111,
      code: 'ECONNREFUSED',
      syscall: 'connect',
      address: '127.0.0.1',
      port: 6379
    }
  ]
}
AggregateError [ECONNREFUSED]: 
    at internalConnectMultiple (node:net:1122:18)
    at afterConnectMultiple (node:net:1689:7)
    at TCPConnectWrap.callbackTrampoline (node:internal/async_hooks:130:17) {
  code: 'ECONNREFUSED',
  [errors]: [
    Error: connect ECONNREFUSED ::1:6379
        at createConnectionError (node:net:1652:14)
        at afterConnectMultiple (node:net:1682:16)
        at TCPConnectWrap.callbackTrampoline (node:internal/async_hooks:130:17) {
      errno: -111,
      code: 'ECONNREFUSED',
      syscall: 'connect',
      address: '::1',
      port: 6379
    },
    Error: connect ECONNREFUSED 127.0.0.1:6379
        at createConnectionError (node:net:1652:14)
        at afterConnectMultiple (node:net:1682:16)
        at TCPConnectWrap.callbackTrampoline (node:internal/async_hooks:130:17) {
      errno: -111,
      code: 'ECONNREFUSED',
      syscall: 'connect',
      address: '127.0.0.1',
      port: 6379
    }
  ]
}
AggregateError [ECONNREFUSED]: 
    at internalConnectMultiple (node:net:1122:18)
    at afterConnectMultiple (node:net:1689:7)
    at TCPConnectWrap.callbackTrampoline (node:internal/async_hooks:130:17) {
  code: 'ECONNREFUSED',
  [errors]: [
    Error: connect ECONNREFUSED ::1:6379
        at createConnectionError (node:net:1652:14)
        at afterConnectMultiple (node:net:1682:16)
        at TCPConnectWrap.callbackTrampoline (node:internal/async_hooks:130:17) {
      errno: -111,
      code: 'ECONNREFUSED',
      syscall: 'connect',
      address: '::1',
      port: 6379
    },
    Error: connect ECONNREFUSED 127.0.0.1:6379
        at createConnectionError (node:net:1652:14)
        at afterConnectMultiple (node:net:1682:16)
        at TCPConnectWrap.callbackTrampoline (node:internal/async_hooks:130:17) {
      errno: -111,
      code: 'ECONNREFUSED',
      syscall: 'connect',
      address: '127.0.0.1',
      port: 6379
    }
  ]
}
AggregateError [ECONNREFUSED]: 
    at internalConnectMultiple (node:net:1122:18)
    at afterConnectMultiple (node:net:1689:7)
    at TCPConnectWrap.callbackTrampoline (node:internal/async_hooks:130:17) {
  code: 'ECONNREFUSED',
  [errors]: [
    Error: connect ECONNREFUSED ::1:6379
        at createConnectionError (node:net:1652:14)
        at afterConnectMultiple (node:net:1682:16)
        at TCPConnectWrap.callbackTrampoline (node:internal/async_hooks:130:17) {
      errno: -111,
      code: 'ECONNREFUSED',
      syscall: 'connect',
      address: '::1',
      port: 6379
    },
    Error: connect ECONNREFUSED 127.0.0.1:6379
        at createConnectionError (node:net:1652:14)
        at afterConnectMultiple (node:net:1682:16)
        at TCPConnectWrap.callbackTrampoline (node:internal/async_hooks:130:17) {
      errno: -111,
      code: 'ECONNREFUSED',
      syscall: 'connect',
      address: '127.0.0.1',
      port: 6379
    }
  ]
}
AggregateError [ECONNREFUSED]: 
    at internalConnectMultiple (node:net:1122:18)
    at afterConnectMultiple (node:net:1689:7)
    at TCPConnectWrap.callbackTrampoline (node:internal/async_hooks:130:17) {
  code: 'ECONNREFUSED',
  [errors]: [
    Error: connect ECONNREFUSED ::1:6379
        at createConnectionError (node:net:1652:14)
        at afterConnectMultiple (node:net:1682:16)
        at TCPConnectWrap.callbackTrampoline (node:internal/async_hooks:130:17) {
      errno: -111,
      code: 'ECONNREFUSED',
      syscall: 'connect',
      address: '::1',
      port: 6379
    },
    Error: connect ECONNREFUSED 127.0.0.1:6379
        at createConnectionError (node:net:1652:14)
        at afterConnectMultiple (node:net:1682:16)
        at TCPConnectWrap.callbackTrampoline (node:internal/async_hooks:130:17) {
      errno: -111,
      code: 'ECONNREFUSED',
      syscall: 'connect',
      address: '127.0.0.1',
      port: 6379
    }
  ]
}
{"level":"error","message":"Redis health check error","timestamp":"2026-02-16T06:37:17.491Z","component":"API: redis/health","error":{"message":"Dynamic server usage: Route /api/redis/health couldn't be rendered statically because it used `request.headers`. See more info here: https://nextjs.org/docs/messages/dynamic-server-error","stack":"Error: Dynamic server usage: Route /api/redis/health couldn't be rendered statically because it used `request.headers`. See more info here: https://nextjs.org/docs/messages/dynamic-server-error\n    at V (/root/_MVP_Video_TecnicoCursos_v7/estudio_ia_videos/node_modules/next/dist/compiled/next-server/app-route.runtime.prod.js:6:21778)\n    at Object.get (/root/_MVP_Video_TecnicoCursos_v7/estudio_ia_videos/node_modules/next/dist/compiled/next-server/app-route.runtime.prod.js:6:29465)\n    at m (/root/_MVP_Video_TecnicoCursos_v7/estudio_ia_videos/.next/server/chunks/55985.js:11:1992)\n    at p (/root/_MVP_Video_TecnicoCursos_v7/estudio_ia_videos/.next/server/app/api/redis/health/route.js:1:3404)\n    at /root/_MVP_Video_TecnicoCursos_v7/estudio_ia_videos/node_modules/next/dist/compiled/next-server/app-route.runtime.prod.js:6:38417\n    at /root/_MVP_Video_TecnicoCursos_v7/estudio_ia_videos/node_modules/next/dist/server/lib/trace/tracer.js:140:36\n    at NoopContextManager.with (/root/_MVP_Video_TecnicoCursos_v7/estudio_ia_videos/node_modules/@opentelemetry/api/build/src/context/NoopContextManager.js:25:19)\n    at ContextAPI.with (/root/_MVP_Video_TecnicoCursos_v7/estudio_ia_videos/node_modules/@opentelemetry/api/build/src/api/context.js:60:46)\n    at NoopTracer.startActiveSpan (/root/_MVP_Video_TecnicoCursos_v7/estudio_ia_videos/node_modules/@opentelemetry/api/build/src/trace/NoopTracer.js:65:31)\n    at ProxyTracer.startActiveSpan (/root/_MVP_Video_TecnicoCursos_v7/estudio_ia_videos/node_modules/@opentelemetry/api/build/src/trace/ProxyTracer.js:36:24)","name":"Error"}}
{"level":"error","message":"Render health check failed","timestamp":"2026-02-16T06:37:17.520Z","component":"API: render/health","error":{"message":"Dynamic server usage: Route /api/render/health couldn't be rendered statically because it used `request.headers`. See more info here: https://nextjs.org/docs/messages/dynamic-server-error","stack":"Error: Dynamic server usage: Route /api/render/health couldn't be rendered statically because it used `request.headers`. See more info here: https://nextjs.org/docs/messages/dynamic-server-error\n    at V (/root/_MVP_Video_TecnicoCursos_v7/estudio_ia_videos/node_modules/next/dist/compiled/next-server/app-route.runtime.prod.js:6:21778)\n    at Object.get (/root/_MVP_Video_TecnicoCursos_v7/estudio_ia_videos/node_modules/next/dist/compiled/next-server/app-route.runtime.prod.js:6:29465)\n    at g (/root/_MVP_Video_TecnicoCursos_v7/estudio_ia_videos/.next/server/app/api/admin/activity/route.js:14:1992)\n    at g (/root/_MVP_Video_TecnicoCursos_v7/estudio_ia_videos/.next/server/app/api/render/health/route.js:1:4995)\n    at /root/_MVP_Video_TecnicoCursos_v7/estudio_ia_videos/node_modules/next/dist/compiled/next-server/app-route.runtime.prod.js:6:38417\n    at /root/_MVP_Video_TecnicoCursos_v7/estudio_ia_videos/node_modules/next/dist/server/lib/trace/tracer.js:140:36\n    at NoopContextManager.with (/root/_MVP_Video_TecnicoCursos_v7/estudio_ia_videos/node_modules/@opentelemetry/api/build/src/context/NoopContextManager.js:25:19)\n    at ContextAPI.with (/root/_MVP_Video_TecnicoCursos_v7/estudio_ia_videos/node_modules/@opentelemetry/api/build/src/api/context.js:60:46)\n    at NoopTracer.startActiveSpan (/root/_MVP_Video_TecnicoCursos_v7/estudio_ia_videos/node_modules/@opentelemetry/api/build/src/trace/NoopTracer.js:65:31)\n    at ProxyTracer.startActiveSpan (/root/_MVP_Video_TecnicoCursos_v7/estudio_ia_videos/node_modules/@opentelemetry/api/build/src/trace/ProxyTracer.js:36:24)","name":"Error"}}
{"level":"error","message":"Erro em /api/render/presets","timestamp":"2026-02-16T06:37:17.529Z","error":{"message":"Dynamic server usage: Route /api/render/presets couldn't be rendered statically because it used `request.headers`. See more info here: https://nextjs.org/docs/messages/dynamic-server-error","stack":"Error: Dynamic server usage: Route /api/render/presets couldn't be rendered statically because it used `request.headers`. See more info here: https://nextjs.org/docs/messages/dynamic-server-error\n    at V (/root/_MVP_Video_TecnicoCursos_v7/estudio_ia_videos/node_modules/next/dist/compiled/next-server/app-route.runtime.prod.js:6:21778)\n    at Object.get (/root/_MVP_Video_TecnicoCursos_v7/estudio_ia_videos/node_modules/next/dist/compiled/next-server/app-route.runtime.prod.js:6:29465)\n    at m (/root/_MVP_Video_TecnicoCursos_v7/estudio_ia_videos/.next/server/chunks/55985.js:11:1992)\n    at f (/root/_MVP_Video_TecnicoCursos_v7/estudio_ia_videos/.next/server/app/api/render/presets/route.js:1:8575)\n    at /root/_MVP_Video_TecnicoCursos_v7/estudio_ia_videos/node_modules/next/dist/compiled/next-server/app-route.runtime.prod.js:6:38417\n    at /root/_MVP_Video_TecnicoCursos_v7/estudio_ia_videos/node_modules/next/dist/server/lib/trace/tracer.js:140:36\n    at NoopContextManager.with (/root/_MVP_Video_TecnicoCursos_v7/estudio_ia_videos/node_modules/@opentelemetry/api/build/src/context/NoopContextManager.js:25:19)\n    at ContextAPI.with (/root/_MVP_Video_TecnicoCursos_v7/estudio_ia_videos/node_modules/@opentelemetry/api/build/src/api/context.js:60:46)\n    at NoopTracer.startActiveSpan (/root/_MVP_Video_TecnicoCursos_v7/estudio_ia_videos/node_modules/@opentelemetry/api/build/src/trace/NoopTracer.js:65:31)\n    at ProxyTracer.startActiveSpan (/root/_MVP_Video_TecnicoCursos_v7/estudio_ia_videos/node_modules/@opentelemetry/api/build/src/trace/ProxyTracer.js:36:24)","name":"Error"}}
AggregateError [ECONNREFUSED]: 
    at internalConnectMultiple (node:net:1122:18)
    at afterConnectMultiple (node:net:1689:7)
    at TCPConnectWrap.callbackTrampoline (node:internal/async_hooks:130:17) {
  code: 'ECONNREFUSED',
  [errors]: [
    Error: connect ECONNREFUSED ::1:6379
        at createConnectionError (node:net:1652:14)
        at afterConnectMultiple (node:net:1682:16)
        at TCPConnectWrap.callbackTrampoline (node:internal/async_hooks:130:17) {
      errno: -111,
      code: 'ECONNREFUSED',
      syscall: 'connect',
      address: '::1',
      port: 6379
    },
    Error: connect ECONNREFUSED 127.0.0.1:6379
        at createConnectionError (node:net:1652:14)
        at afterConnectMultiple (node:net:1682:16)
        at TCPConnectWrap.callbackTrampoline (node:internal/async_hooks:130:17) {
      errno: -111,
      code: 'ECONNREFUSED',
      syscall: 'connect',
      address: '127.0.0.1',
      port: 6379
    }
  ]
}
AggregateError [ECONNREFUSED]: 
    at internalConnectMultiple (node:net:1122:18)
    at afterConnectMultiple (node:net:1689:7)
    at TCPConnectWrap.callbackTrampoline (node:internal/async_hooks:130:17) {
  code: 'ECONNREFUSED',
  [errors]: [
    Error: connect ECONNREFUSED ::1:6379
        at createConnectionError (node:net:1652:14)
        at afterConnectMultiple (node:net:1682:16)
        at TCPConnectWrap.callbackTrampoline (node:internal/async_hooks:130:17) {
      errno: -111,
      code: 'ECONNREFUSED',
      syscall: 'connect',
      address: '::1',
      port: 6379
    },
    Error: connect ECONNREFUSED 127.0.0.1:6379
        at createConnectionError (node:net:1652:14)
        at afterConnectMultiple (node:net:1682:16)
        at TCPConnectWrap.callbackTrampoline (node:internal/async_hooks:130:17) {
      errno: -111,
      code: 'ECONNREFUSED',
      syscall: 'connect',
      address: '127.0.0.1',
      port: 6379
    }
  ]
}
prisma:error 
Invalid `prisma.render_jobs.findMany()` invocation:


Can't reach database server at `db.imwqhvidwunnsvyrltkb.supabase.co:5432`

Please make sure your database server is running at `db.imwqhvidwunnsvyrltkb.supabase.co:5432`.
{"level":"error","message":"Error finding stuck jobs","timestamp":"2026-02-16T06:37:17.720Z","component":"JobManager","error":{"message":"\nInvalid `prisma.render_jobs.findMany()` invocation:\n\n\nCan't reach database server at `db.imwqhvidwunnsvyrltkb.supabase.co:5432`\n\nPlease make sure your database server is running at `db.imwqhvidwunnsvyrltkb.supabase.co:5432`.","stack":"PrismaClientInitializationError: \nInvalid `prisma.render_jobs.findMany()` invocation:\n\n\nCan't reach database server at `db.imwqhvidwunnsvyrltkb.supabase.co:5432`\n\nPlease make sure your database server is running at `db.imwqhvidwunnsvyrltkb.supabase.co:5432`.\n    at $n.handleRequestError (/root/_MVP_Video_TecnicoCursos_v7/estudio_ia_videos/node_modules/@prisma/client/runtime/library.js:121:7615)\n    at $n.handleAndLogRequestError (/root/_MVP_Video_TecnicoCursos_v7/estudio_ia_videos/node_modules/@prisma/client/runtime/library.js:121:6623)\n    at $n.request (/root/_MVP_Video_TecnicoCursos_v7/estudio_ia_videos/node_modules/@prisma/client/runtime/library.js:121:6307)\n    at async l (/root/_MVP_Video_TecnicoCursos_v7/estudio_ia_videos/node_modules/@prisma/client/runtime/library.js:130:9633)\n    at async u (/root/_MVP_Video_TecnicoCursos_v7/estudio_ia_videos/.next/server/chunks/16126.js:1:5427)\n    at async i.findStuckJobs (/root/_MVP_Video_TecnicoCursos_v7/estudio_ia_videos/.next/server/chunks/23276.js:1:6635)\n    at async d.checkStuckJobs (/root/_MVP_Video_TecnicoCursos_v7/estudio_ia_videos/.next/server/app/api/render/stuck-jobs/route.js:1:4057)","name":"PrismaClientInitializationError"}}
{"level":"error","message":"Storage assets error","timestamp":"2026-02-16T06:37:17.833Z","error":{"description":"Route /api/storage/assets couldn't be rendered statically because it used `request.headers`. See more info here: https://nextjs.org/docs/messages/dynamic-server-error","digest":"DYNAMIC_SERVER_USAGE"}}
   Generating static pages (176/354) 
AggregateError [ECONNREFUSED]: 
    at internalConnectMultiple (node:net:1122:18)
    at afterConnectMultiple (node:net:1689:7)
    at TCPConnectWrap.callbackTrampoline (node:internal/async_hooks:130:17) {
  code: 'ECONNREFUSED',
  [errors]: [
    Error: connect ECONNREFUSED ::1:6379
        at createConnectionError (node:net:1652:14)
        at afterConnectMultiple (node:net:1682:16)
        at TCPConnectWrap.callbackTrampoline (node:internal/async_hooks:130:17) {
      errno: -111,
      code: 'ECONNREFUSED',
      syscall: 'connect',
      address: '::1',
      port: 6379
    },
    Error: connect ECONNREFUSED 127.0.0.1:6379
        at createConnectionError (node:net:1652:14)
        at afterConnectMultiple (node:net:1682:16)
        at TCPConnectWrap.callbackTrampoline (node:internal/async_hooks:130:17) {
      errno: -111,
      code: 'ECONNREFUSED',
      syscall: 'connect',
      address: '127.0.0.1',
      port: 6379
    }
  ]
}
AggregateError [ECONNREFUSED]: 
    at internalConnectMultiple (node:net:1122:18)
    at afterConnectMultiple (node:net:1689:7)
    at TCPConnectWrap.callbackTrampoline (node:internal/async_hooks:130:17) {
  code: 'ECONNREFUSED',
  [errors]: [
    Error: connect ECONNREFUSED ::1:6379
        at createConnectionError (node:net:1652:14)
        at afterConnectMultiple (node:net:1682:16)
        at TCPConnectWrap.callbackTrampoline (node:internal/async_hooks:130:17) {
      errno: -111,
      code: 'ECONNREFUSED',
      syscall: 'connect',
      address: '::1',
      port: 6379
    },
    Error: connect ECONNREFUSED 127.0.0.1:6379
        at createConnectionError (node:net:1652:14)
        at afterConnectMultiple (node:net:1682:16)
        at TCPConnectWrap.callbackTrampoline (node:internal/async_hooks:130:17) {
      errno: -111,
      code: 'ECONNREFUSED',
      syscall: 'connect',
      address: '127.0.0.1',
      port: 6379
    }
  ]
}
AggregateError [ECONNREFUSED]: 
    at internalConnectMultiple (node:net:1122:18)
    at afterConnectMultiple (node:net:1689:7)
    at TCPConnectWrap.callbackTrampoline (node:internal/async_hooks:130:17) {
  code: 'ECONNREFUSED',
  [errors]: [
    Error: connect ECONNREFUSED ::1:6379
        at createConnectionError (node:net:1652:14)
        at afterConnectMultiple (node:net:1682:16)
        at TCPConnectWrap.callbackTrampoline (node:internal/async_hooks:130:17) {
      errno: -111,
      code: 'ECONNREFUSED',
      syscall: 'connect',
      address: '::1',
      port: 6379
    },
    Error: connect ECONNREFUSED 127.0.0.1:6379
        at createConnectionError (node:net:1652:14)
        at afterConnectMultiple (node:net:1682:16)
        at TCPConnectWrap.callbackTrampoline (node:internal/async_hooks:130:17) {
      errno: -111,
      code: 'ECONNREFUSED',
      syscall: 'connect',
      address: '127.0.0.1',
      port: 6379
    }
  ]
}
AggregateError [ECONNREFUSED]: 
    at internalConnectMultiple (node:net:1122:18)
    at afterConnectMultiple (node:net:1689:7)
    at TCPConnectWrap.callbackTrampoline (node:internal/async_hooks:130:17) {
  code: 'ECONNREFUSED',
  [errors]: [
    Error: connect ECONNREFUSED ::1:6379
        at createConnectionError (node:net:1652:14)
        at afterConnectMultiple (node:net:1682:16)
        at TCPConnectWrap.callbackTrampoline (node:internal/async_hooks:130:17) {
      errno: -111,
      code: 'ECONNREFUSED',
      syscall: 'connect',
      address: '::1',
      port: 6379
    },
    Error: connect ECONNREFUSED 127.0.0.1:6379
        at createConnectionError (node:net:1652:14)
        at afterConnectMultiple (node:net:1682:16)
        at TCPConnectWrap.callbackTrampoline (node:internal/async_hooks:130:17) {
      errno: -111,
      code: 'ECONNREFUSED',
      syscall: 'connect',
      address: '127.0.0.1',
      port: 6379
    }
  ]
}
AggregateError [ECONNREFUSED]: 
    at internalConnectMultiple (node:net:1122:18)
    at afterConnectMultiple (node:net:1689:7)
    at TCPConnectWrap.callbackTrampoline (node:internal/async_hooks:130:17) {
  code: 'ECONNREFUSED',
  [errors]: [
    Error: connect ECONNREFUSED ::1:6379
        at createConnectionError (node:net:1652:14)
        at afterConnectMultiple (node:net:1682:16)
        at TCPConnectWrap.callbackTrampoline (node:internal/async_hooks:130:17) {
      errno: -111,
      code: 'ECONNREFUSED',
      syscall: 'connect',
      address: '::1',
      port: 6379
    },
    Error: connect ECONNREFUSED 127.0.0.1:6379
        at createConnectionError (node:net:1652:14)
        at afterConnectMultiple (node:net:1682:16)
        at TCPConnectWrap.callbackTrampoline (node:internal/async_hooks:130:17) {
      errno: -111,
      code: 'ECONNREFUSED',
      syscall: 'connect',
      address: '127.0.0.1',
      port: 6379
    }
  ]
}
{"level":"error","message":"Redis cache error","timestamp":"2026-02-16T06:37:18.182Z","error":{"message":"","stack":"AggregateError [ECONNREFUSED]: \n    at internalConnectMultiple (node:net:1122:18)\n    at afterConnectMultiple (node:net:1689:7)\n    at TCPConnectWrap.callbackTrampoline (node:internal/async_hooks:130:17)","name":"AggregateError"}}
{"level":"error","message":"Redis cache error","timestamp":"2026-02-16T06:37:18.462Z","error":{"message":"","stack":"AggregateError [ECONNREFUSED]: \n    at internalConnectMultiple (node:net:1122:18)\n    at afterConnectMultiple (node:net:1689:7)\n    at TCPConnectWrap.callbackTrampoline (node:internal/async_hooks:130:17)","name":"AggregateError"}}
{"level":"error","message":"Erro na API de subscription","timestamp":"2026-02-16T06:37:18.466Z","error":{"message":"Dynamic server usage: Route /api/subscription couldn't be rendered statically because it used `request.headers`. See more info here: https://nextjs.org/docs/messages/dynamic-server-error","stack":"Error: Dynamic server usage: Route /api/subscription couldn't be rendered statically because it used `request.headers`. See more info here: https://nextjs.org/docs/messages/dynamic-server-error\n    at V (/root/_MVP_Video_TecnicoCursos_v7/estudio_ia_videos/node_modules/next/dist/compiled/next-server/app-route.runtime.prod.js:6:21778)\n    at Object.get (/root/_MVP_Video_TecnicoCursos_v7/estudio_ia_videos/node_modules/next/dist/compiled/next-server/app-route.runtime.prod.js:6:29465)\n    at m (/root/_MVP_Video_TecnicoCursos_v7/estudio_ia_videos/.next/server/chunks/55985.js:11:1992)\n    at h (/root/_MVP_Video_TecnicoCursos_v7/estudio_ia_videos/.next/server/app/api/subscription/route.js:1:3898)\n    at /root/_MVP_Video_TecnicoCursos_v7/estudio_ia_videos/node_modules/next/dist/compiled/next-server/app-route.runtime.prod.js:6:38417\n    at /root/_MVP_Video_TecnicoCursos_v7/estudio_ia_videos/node_modules/next/dist/server/lib/trace/tracer.js:140:36\n    at NoopContextManager.with (/root/_MVP_Video_TecnicoCursos_v7/estudio_ia_videos/node_modules/@opentelemetry/api/build/src/context/NoopContextManager.js:25:19)\n    at ContextAPI.with (/root/_MVP_Video_TecnicoCursos_v7/estudio_ia_videos/node_modules/@opentelemetry/api/build/src/api/context.js:60:46)\n    at NoopTracer.startActiveSpan (/root/_MVP_Video_TecnicoCursos_v7/estudio_ia_videos/node_modules/@opentelemetry/api/build/src/trace/NoopTracer.js:65:31)\n    at ProxyTracer.startActiveSpan (/root/_MVP_Video_TecnicoCursos_v7/estudio_ia_videos/node_modules/@opentelemetry/api/build/src/trace/ProxyTracer.js:36:24)","name":"Error"}}
{"level":"error","message":"Redis connection error","timestamp":"2026-02-16T06:37:18.653Z","error":{"message":"","stack":"AggregateError [ECONNREFUSED]: \n    at internalConnectMultiple (node:net:1122:18)\n    at afterConnectMultiple (node:net:1689:7)\n    at TCPConnectWrap.callbackTrampoline (node:internal/async_hooks:130:17)","name":"AggregateError"}}
{"level":"warn","message":"Redis connection closed","timestamp":"2026-02-16T06:37:18.653Z","service":"RenderQueue"}
AggregateError [ECONNREFUSED]: 
    at internalConnectMultiple (node:net:1122:18)
    at afterConnectMultiple (node:net:1689:7)
    at TCPConnectWrap.callbackTrampoline (node:internal/async_hooks:130:17) {
  code: 'ECONNREFUSED',
  [errors]: [
    Error: connect ECONNREFUSED ::1:6379
        at createConnectionError (node:net:1652:14)
        at afterConnectMultiple (node:net:1682:16)
        at TCPConnectWrap.callbackTrampoline (node:internal/async_hooks:130:17) {
      errno: -111,
      code: 'ECONNREFUSED',
      syscall: 'connect',
      address: '::1',
      port: 6379
    },
    Error: connect ECONNREFUSED 127.0.0.1:6379
        at createConnectionError (node:net:1652:14)
        at afterConnectMultiple (node:net:1682:16)
        at TCPConnectWrap.callbackTrampoline (node:internal/async_hooks:130:17) {
      errno: -111,
      code: 'ECONNREFUSED',
      syscall: 'connect',
      address: '127.0.0.1',
      port: 6379
    }
  ]
}
AggregateError [ECONNREFUSED]: 
    at internalConnectMultiple (node:net:1122:18)
    at afterConnectMultiple (node:net:1689:7)
    at TCPConnectWrap.callbackTrampoline (node:internal/async_hooks:130:17) {
  code: 'ECONNREFUSED',
  [errors]: [
    Error: connect ECONNREFUSED ::1:6379
        at createConnectionError (node:net:1652:14)
        at afterConnectMultiple (node:net:1682:16)
        at TCPConnectWrap.callbackTrampoline (node:internal/async_hooks:130:17) {
      errno: -111,
      code: 'ECONNREFUSED',
      syscall: 'connect',
      address: '::1',
      port: 6379
    },
    Error: connect ECONNREFUSED 127.0.0.1:6379
        at createConnectionError (node:net:1652:14)
        at afterConnectMultiple (node:net:1682:16)
        at TCPConnectWrap.callbackTrampoline (node:internal/async_hooks:130:17) {
      errno: -111,
      code: 'ECONNREFUSED',
      syscall: 'connect',
      address: '127.0.0.1',
      port: 6379
    }
  ]
}
AggregateError [ECONNREFUSED]: 
    at internalConnectMultiple (node:net:1122:18)
    at afterConnectMultiple (node:net:1689:7)
    at TCPConnectWrap.callbackTrampoline (node:internal/async_hooks:130:17) {
  code: 'ECONNREFUSED',
  [errors]: [
    Error: connect ECONNREFUSED ::1:6379
        at createConnectionError (node:net:1652:14)
        at afterConnectMultiple (node:net:1682:16)
        at TCPConnectWrap.callbackTrampoline (node:internal/async_hooks:130:17) {
      errno: -111,
      code: 'ECONNREFUSED',
      syscall: 'connect',
      address: '::1',
      port: 6379
    },
    Error: connect ECONNREFUSED 127.0.0.1:6379
        at createConnectionError (node:net:1652:14)
        at afterConnectMultiple (node:net:1682:16)
        at TCPConnectWrap.callbackTrampoline (node:internal/async_hooks:130:17) {
      errno: -111,
      code: 'ECONNREFUSED',
      syscall: 'connect',
      address: '127.0.0.1',
      port: 6379
    }
  ]
}
AggregateError [ECONNREFUSED]: 
    at internalConnectMultiple (node:net:1122:18)
    at afterConnectMultiple (node:net:1689:7)
    at TCPConnectWrap.callbackTrampoline (node:internal/async_hooks:130:17) {
  code: 'ECONNREFUSED',
  [errors]: [
    Error: connect ECONNREFUSED ::1:6379
        at createConnectionError (node:net:1652:14)
        at afterConnectMultiple (node:net:1682:16)
        at TCPConnectWrap.callbackTrampoline (node:internal/async_hooks:130:17) {
      errno: -111,
      code: 'ECONNREFUSED',
      syscall: 'connect',
      address: '::1',
      port: 6379
    },
    Error: connect ECONNREFUSED 127.0.0.1:6379
        at createConnectionError (node:net:1652:14)
        at afterConnectMultiple (node:net:1682:16)
        at TCPConnectWrap.callbackTrampoline (node:internal/async_hooks:130:17) {
      errno: -111,
      code: 'ECONNREFUSED',
      syscall: 'connect',
      address: '127.0.0.1',
      port: 6379
    }
  ]
}
AggregateError [ECONNREFUSED]: 
    at internalConnectMultiple (node:net:1122:18)
    at afterConnectMultiple (node:net:1689:7)
    at TCPConnectWrap.callbackTrampoline (node:internal/async_hooks:130:17) {
  code: 'ECONNREFUSED',
  [errors]: [
    Error: connect ECONNREFUSED ::1:6379
        at createConnectionError (node:net:1652:14)
        at afterConnectMultiple (node:net:1682:16)
        at TCPConnectWrap.callbackTrampoline (node:internal/async_hooks:130:17) {
      errno: -111,
      code: 'ECONNREFUSED',
      syscall: 'connect',
      address: '::1',
      port: 6379
    },
    Error: connect ECONNREFUSED 127.0.0.1:6379
        at createConnectionError (node:net:1652:14)
        at afterConnectMultiple (node:net:1682:16)
        at TCPConnectWrap.callbackTrampoline (node:internal/async_hooks:130:17) {
      errno: -111,
      code: 'ECONNREFUSED',
      syscall: 'connect',
      address: '127.0.0.1',
      port: 6379
    }
  ]
}
AggregateError [ECONNREFUSED]: 
    at internalConnectMultiple (node:net:1122:18)
    at afterConnectMultiple (node:net:1689:7)
    at TCPConnectWrap.callbackTrampoline (node:internal/async_hooks:130:17) {
  code: 'ECONNREFUSED',
  [errors]: [
    Error: connect ECONNREFUSED ::1:6379
        at createConnectionError (node:net:1652:14)
        at afterConnectMultiple (node:net:1682:16)
        at TCPConnectWrap.callbackTrampoline (node:internal/async_hooks:130:17) {
      errno: -111,
      code: 'ECONNREFUSED',
      syscall: 'connect',
      address: '::1',
      port: 6379
    },
    Error: connect ECONNREFUSED 127.0.0.1:6379
        at createConnectionError (node:net:1652:14)
        at afterConnectMultiple (node:net:1682:16)
        at TCPConnectWrap.callbackTrampoline (node:internal/async_hooks:130:17) {
      errno: -111,
      code: 'ECONNREFUSED',
      syscall: 'connect',
      address: '127.0.0.1',
      port: 6379
    }
  ]
}
AggregateError [ECONNREFUSED]: 
    at internalConnectMultiple (node:net:1122:18)
    at afterConnectMultiple (node:net:1689:7)
    at TCPConnectWrap.callbackTrampoline (node:internal/async_hooks:130:17) {
  code: 'ECONNREFUSED',
  [errors]: [
    Error: connect ECONNREFUSED ::1:6379
        at createConnectionError (node:net:1652:14)
        at afterConnectMultiple (node:net:1682:16)
        at TCPConnectWrap.callbackTrampoline (node:internal/async_hooks:130:17) {
      errno: -111,
      code: 'ECONNREFUSED',
      syscall: 'connect',
      address: '::1',
      port: 6379
    },
    Error: connect ECONNREFUSED 127.0.0.1:6379
        at createConnectionError (node:net:1652:14)
        at afterConnectMultiple (node:net:1682:16)
        at TCPConnectWrap.callbackTrampoline (node:internal/async_hooks:130:17) {
      errno: -111,
      code: 'ECONNREFUSED',
      syscall: 'connect',
      address: '127.0.0.1',
      port: 6379
    }
  ]
}
{"level":"error","message":"Redis connection error","timestamp":"2026-02-16T06:37:18.978Z","error":{"message":"","stack":"AggregateError [ECONNREFUSED]: \n    at internalConnectMultiple (node:net:1122:18)\n    at afterConnectMultiple (node:net:1689:7)\n    at TCPConnectWrap.callbackTrampoline (node:internal/async_hooks:130:17)","name":"AggregateError"}}
{"level":"warn","message":"Redis connection closed","timestamp":"2026-02-16T06:37:18.978Z","service":"RenderQueue"}
{"level":"error","message":"Redis cache error","timestamp":"2026-02-16T06:37:19.114Z","error":{"message":"","stack":"AggregateError [ECONNREFUSED]: \n    at internalConnectMultiple (node:net:1122:18)\n    at afterConnectMultiple (node:net:1689:7)\n    at TCPConnectWrap.callbackTrampoline (node:internal/async_hooks:130:17)","name":"AggregateError"}}
AggregateError [ECONNREFUSED]: 
    at internalConnectMultiple (node:net:1122:18)
    at afterConnectMultiple (node:net:1689:7)
    at TCPConnectWrap.callbackTrampoline (node:internal/async_hooks:130:17) {
  code: 'ECONNREFUSED',
  [errors]: [
    Error: connect ECONNREFUSED ::1:6379
        at createConnectionError (node:net:1652:14)
        at afterConnectMultiple (node:net:1682:16)
        at TCPConnectWrap.callbackTrampoline (node:internal/async_hooks:130:17) {
      errno: -111,
      code: 'ECONNREFUSED',
      syscall: 'connect',
      address: '::1',
      port: 6379
    },
    Error: connect ECONNREFUSED 127.0.0.1:6379
        at createConnectionError (node:net:1652:14)
        at afterConnectMultiple (node:net:1682:16)
        at TCPConnectWrap.callbackTrampoline (node:internal/async_hooks:130:17) {
      errno: -111,
      code: 'ECONNREFUSED',
      syscall: 'connect',
      address: '127.0.0.1',
      port: 6379
    }
  ]
}
AggregateError [ECONNREFUSED]: 
    at internalConnectMultiple (node:net:1122:18)
    at afterConnectMultiple (node:net:1689:7)
    at TCPConnectWrap.callbackTrampoline (node:internal/async_hooks:130:17) {
  code: 'ECONNREFUSED',
  [errors]: [
    Error: connect ECONNREFUSED ::1:6379
        at createConnectionError (node:net:1652:14)
        at afterConnectMultiple (node:net:1682:16)
        at TCPConnectWrap.callbackTrampoline (node:internal/async_hooks:130:17) {
      errno: -111,
      code: 'ECONNREFUSED',
      syscall: 'connect',
      address: '::1',
      port: 6379
    },
    Error: connect ECONNREFUSED 127.0.0.1:6379
        at createConnectionError (node:net:1652:14)
        at afterConnectMultiple (node:net:1682:16)
        at TCPConnectWrap.callbackTrampoline (node:internal/async_hooks:130:17) {
      errno: -111,
      code: 'ECONNREFUSED',
      syscall: 'connect',
      address: '127.0.0.1',
      port: 6379
    }
  ]
}
{"level":"error","message":"Redis connection error","timestamp":"2026-02-16T06:37:19.084Z","error":{"message":"","stack":"AggregateError [ECONNREFUSED]: \n    at internalConnectMultiple (node:net:1122:18)\n    at afterConnectMultiple (node:net:1689:7)\n    at TCPConnectWrap.callbackTrampoline (node:internal/async_hooks:130:17)","name":"AggregateError"}}
{"level":"warn","message":"Redis connection closed","timestamp":"2026-02-16T06:37:19.084Z","service":"RenderQueue"}
{"level":"error","message":"Error fetching queue status","timestamp":"2026-02-16T06:37:19.674Z","component":"API: v1/export/queue/status","error":{"message":"Dynamic server usage: Route /api/v1/export/queue/status couldn't be rendered statically because it used `request.headers`. See more info here: https://nextjs.org/docs/messages/dynamic-server-error","stack":"Error: Dynamic server usage: Route /api/v1/export/queue/status couldn't be rendered statically because it used `request.headers`. See more info here: https://nextjs.org/docs/messages/dynamic-server-error\n    at V (/root/_MVP_Video_TecnicoCursos_v7/estudio_ia_videos/node_modules/next/dist/compiled/next-server/app-route.runtime.prod.js:6:21778)\n    at Object.get (/root/_MVP_Video_TecnicoCursos_v7/estudio_ia_videos/node_modules/next/dist/compiled/next-server/app-route.runtime.prod.js:6:29465)\n    at m (/root/_MVP_Video_TecnicoCursos_v7/estudio_ia_videos/.next/server/chunks/55985.js:11:1992)\n    at h (/root/_MVP_Video_TecnicoCursos_v7/estudio_ia_videos/.next/server/app/api/v1/export/queue/status/route.js:1:2943)\n    at /root/_MVP_Video_TecnicoCursos_v7/estudio_ia_videos/node_modules/next/dist/compiled/next-server/app-route.runtime.prod.js:6:38417\n    at /root/_MVP_Video_TecnicoCursos_v7/estudio_ia_videos/node_modules/next/dist/server/lib/trace/tracer.js:140:36\n    at NoopContextManager.with (/root/_MVP_Video_TecnicoCursos_v7/estudio_ia_videos/node_modules/@opentelemetry/api/build/src/context/NoopContextManager.js:25:19)\n    at ContextAPI.with (/root/_MVP_Video_TecnicoCursos_v7/estudio_ia_videos/node_modules/@opentelemetry/api/build/src/api/context.js:60:46)\n    at NoopTracer.startActiveSpan (/root/_MVP_Video_TecnicoCursos_v7/estudio_ia_videos/node_modules/@opentelemetry/api/build/src/trace/NoopTracer.js:65:31)\n    at ProxyTracer.startActiveSpan (/root/_MVP_Video_TecnicoCursos_v7/estudio_ia_videos/node_modules/@opentelemetry/api/build/src/trace/ProxyTracer.js:36:24)","name":"Error"}}
AggregateError [ECONNREFUSED]: 
    at internalConnectMultiple (node:net:1122:18)
    at afterConnectMultiple (node:net:1689:7)
    at TCPConnectWrap.callbackTrampoline (node:internal/async_hooks:130:17) {
  code: 'ECONNREFUSED',
  [errors]: [
    Error: connect ECONNREFUSED ::1:6379
        at createConnectionError (node:net:1652:14)
        at afterConnectMultiple (node:net:1682:16)
        at TCPConnectWrap.callbackTrampoline (node:internal/async_hooks:130:17) {
      errno: -111,
      code: 'ECONNREFUSED',
      syscall: 'connect',
      address: '::1',
      port: 6379
    },
    Error: connect ECONNREFUSED 127.0.0.1:6379
        at createConnectionError (node:net:1652:14)
        at afterConnectMultiple (node:net:1682:16)
        at TCPConnectWrap.callbackTrampoline (node:internal/async_hooks:130:17) {
      errno: -111,
      code: 'ECONNREFUSED',
      syscall: 'connect',
      address: '127.0.0.1',
      port: 6379
    }
  ]
}
AggregateError [ECONNREFUSED]: 
    at internalConnectMultiple (node:net:1122:18)
    at afterConnectMultiple (node:net:1689:7)
    at TCPConnectWrap.callbackTrampoline (node:internal/async_hooks:130:17) {
  code: 'ECONNREFUSED',
  [errors]: [
    Error: connect ECONNREFUSED ::1:6379
        at createConnectionError (node:net:1652:14)
        at afterConnectMultiple (node:net:1682:16)
        at TCPConnectWrap.callbackTrampoline (node:internal/async_hooks:130:17) {
      errno: -111,
      code: 'ECONNREFUSED',
      syscall: 'connect',
      address: '::1',
      port: 6379
    },
    Error: connect ECONNREFUSED 127.0.0.1:6379
        at createConnectionError (node:net:1652:14)
        at afterConnectMultiple (node:net:1682:16)
        at TCPConnectWrap.callbackTrampoline (node:internal/async_hooks:130:17) {
      errno: -111,
      code: 'ECONNREFUSED',
      syscall: 'connect',
      address: '127.0.0.1',
      port: 6379
    }
  ]
}
AggregateError [ECONNREFUSED]: 
    at internalConnectMultiple (node:net:1122:18)
    at afterConnectMultiple (node:net:1689:7)
    at TCPConnectWrap.callbackTrampoline (node:internal/async_hooks:130:17) {
  code: 'ECONNREFUSED',
  [errors]: [
    Error: connect ECONNREFUSED ::1:6379
        at createConnectionError (node:net:1652:14)
        at afterConnectMultiple (node:net:1682:16)
        at TCPConnectWrap.callbackTrampoline (node:internal/async_hooks:130:17) {
      errno: -111,
      code: 'ECONNREFUSED',
      syscall: 'connect',
      address: '::1',
      port: 6379
    },
    Error: connect ECONNREFUSED 127.0.0.1:6379
        at createConnectionError (node:net:1652:14)
        at afterConnectMultiple (node:net:1682:16)
        at TCPConnectWrap.callbackTrampoline (node:internal/async_hooks:130:17) {
      errno: -111,
      code: 'ECONNREFUSED',
      syscall: 'connect',
      address: '127.0.0.1',
      port: 6379
    }
  ]
}
{"level":"error","message":"Error fetching voices","timestamp":"2026-02-16T06:37:19.942Z","component":"API: v1/tts/elevenlabs/voices","error":{"message":"Dynamic server usage: Route /api/v1/tts/elevenlabs/voices couldn't be rendered statically because it used `request.headers`. See more info here: https://nextjs.org/docs/messages/dynamic-server-error","stack":"Error: Dynamic server usage: Route /api/v1/tts/elevenlabs/voices couldn't be rendered statically because it used `request.headers`. See more info here: https://nextjs.org/docs/messages/dynamic-server-error\n    at V (/root/_MVP_Video_TecnicoCursos_v7/estudio_ia_videos/node_modules/next/dist/compiled/next-server/app-route.runtime.prod.js:6:21778)\n    at Object.get (/root/_MVP_Video_TecnicoCursos_v7/estudio_ia_videos/node_modules/next/dist/compiled/next-server/app-route.runtime.prod.js:6:29465)\n    at g (/root/_MVP_Video_TecnicoCursos_v7/estudio_ia_videos/.next/server/app/api/admin/activity/route.js:14:1992)\n    at g (/root/_MVP_Video_TecnicoCursos_v7/estudio_ia_videos/.next/server/app/api/v1/tts/elevenlabs/voices/route.js:1:2930)\n    at /root/_MVP_Video_TecnicoCursos_v7/estudio_ia_videos/node_modules/next/dist/compiled/next-server/app-route.runtime.prod.js:6:38417\n    at /root/_MVP_Video_TecnicoCursos_v7/estudio_ia_videos/node_modules/next/dist/server/lib/trace/tracer.js:140:36\n    at NoopContextManager.with (/root/_MVP_Video_TecnicoCursos_v7/estudio_ia_videos/node_modules/@opentelemetry/api/build/src/context/NoopContextManager.js:25:19)\n    at ContextAPI.with (/root/_MVP_Video_TecnicoCursos_v7/estudio_ia_videos/node_modules/@opentelemetry/api/build/src/api/context.js:60:46)\n    at NoopTracer.startActiveSpan (/root/_MVP_Video_TecnicoCursos_v7/estudio_ia_videos/node_modules/@opentelemetry/api/build/src/trace/NoopTracer.js:65:31)\n    at ProxyTracer.startActiveSpan (/root/_MVP_Video_TecnicoCursos_v7/estudio_ia_videos/node_modules/@opentelemetry/api/build/src/trace/ProxyTracer.js:36:24)","name":"Error"}}
AggregateError [ECONNREFUSED]: 
    at internalConnectMultiple (node:net:1122:18)
    at afterConnectMultiple (node:net:1689:7)
    at TCPConnectWrap.callbackTrampoline (node:internal/async_hooks:130:17) {
  code: 'ECONNREFUSED',
  [errors]: [
    Error: connect ECONNREFUSED ::1:6379
        at createConnectionError (node:net:1652:14)
        at afterConnectMultiple (node:net:1682:16)
        at TCPConnectWrap.callbackTrampoline (node:internal/async_hooks:130:17) {
      errno: -111,
      code: 'ECONNREFUSED',
      syscall: 'connect',
      address: '::1',
      port: 6379
    },
    Error: connect ECONNREFUSED 127.0.0.1:6379
        at createConnectionError (node:net:1652:14)
        at afterConnectMultiple (node:net:1682:16)
        at TCPConnectWrap.callbackTrampoline (node:internal/async_hooks:130:17) {
      errno: -111,
      code: 'ECONNREFUSED',
      syscall: 'connect',
      address: '127.0.0.1',
      port: 6379
    }
  ]
}
AggregateError [ECONNREFUSED]: 
    at internalConnectMultiple (node:net:1122:18)
    at afterConnectMultiple (node:net:1689:7)
    at TCPConnectWrap.callbackTrampoline (node:internal/async_hooks:130:17) {
  code: 'ECONNREFUSED',
  [errors]: [
    Error: connect ECONNREFUSED ::1:6379
        at createConnectionError (node:net:1652:14)
        at afterConnectMultiple (node:net:1682:16)
        at TCPConnectWrap.callbackTrampoline (node:internal/async_hooks:130:17) {
      errno: -111,
      code: 'ECONNREFUSED',
      syscall: 'connect',
      address: '::1',
      port: 6379
    },
    Error: connect ECONNREFUSED 127.0.0.1:6379
        at createConnectionError (node:net:1652:14)
        at afterConnectMultiple (node:net:1682:16)
        at TCPConnectWrap.callbackTrampoline (node:internal/async_hooks:130:17) {
      errno: -111,
      code: 'ECONNREFUSED',
      syscall: 'connect',
      address: '127.0.0.1',
      port: 6379
    }
  ]
}
{"level":"error","message":"Redis cache error","timestamp":"2026-02-16T06:37:20.184Z","error":{"message":"","stack":"AggregateError [ECONNREFUSED]: \n    at internalConnectMultiple (node:net:1122:18)\n    at afterConnectMultiple (node:net:1689:7)\n    at TCPConnectWrap.callbackTrampoline (node:internal/async_hooks:130:17)","name":"AggregateError"}}
{"level":"error","message":"Redis cache error","timestamp":"2026-02-16T06:37:20.465Z","error":{"message":"","stack":"AggregateError [ECONNREFUSED]: \n    at internalConnectMultiple (node:net:1122:18)\n    at afterConnectMultiple (node:net:1689:7)\n    at TCPConnectWrap.callbackTrampoline (node:internal/async_hooks:130:17)","name":"AggregateError"}}
{"level":"error","message":"Failed to list voices","timestamp":"2026-02-16T06:37:20.595Z","component":"API: v1/voice-cloning/voices","error":{"message":"Dynamic server usage: Route /api/v1/voice-cloning/voices couldn't be rendered statically because it used `request.headers`. See more info here: https://nextjs.org/docs/messages/dynamic-server-error","stack":"Error: Dynamic server usage: Route /api/v1/voice-cloning/voices couldn't be rendered statically because it used `request.headers`. See more info here: https://nextjs.org/docs/messages/dynamic-server-error\n    at V (/root/_MVP_Video_TecnicoCursos_v7/estudio_ia_videos/node_modules/next/dist/compiled/next-server/app-route.runtime.prod.js:6:21778)\n    at Object.get (/root/_MVP_Video_TecnicoCursos_v7/estudio_ia_videos/node_modules/next/dist/compiled/next-server/app-route.runtime.prod.js:6:29465)\n    at h (/root/_MVP_Video_TecnicoCursos_v7/estudio_ia_videos/.next/server/app/api/activity/route.js:14:1992)\n    at g (/root/_MVP_Video_TecnicoCursos_v7/estudio_ia_videos/.next/server/app/api/v1/voice-cloning/voices/route.js:1:2932)\n    at /root/_MVP_Video_TecnicoCursos_v7/estudio_ia_videos/node_modules/next/dist/compiled/next-server/app-route.runtime.prod.js:6:38417\n    at /root/_MVP_Video_TecnicoCursos_v7/estudio_ia_videos/node_modules/next/dist/server/lib/trace/tracer.js:140:36\n    at NoopContextManager.with (/root/_MVP_Video_TecnicoCursos_v7/estudio_ia_videos/node_modules/@opentelemetry/api/build/src/context/NoopContextManager.js:25:19)\n    at ContextAPI.with (/root/_MVP_Video_TecnicoCursos_v7/estudio_ia_videos/node_modules/@opentelemetry/api/build/src/api/context.js:60:46)\n    at NoopTracer.startActiveSpan (/root/_MVP_Video_TecnicoCursos_v7/estudio_ia_videos/node_modules/@opentelemetry/api/build/src/trace/NoopTracer.js:65:31)\n    at ProxyTracer.startActiveSpan (/root/_MVP_Video_TecnicoCursos_v7/estudio_ia_videos/node_modules/@opentelemetry/api/build/src/trace/ProxyTracer.js:36:24)","name":"Error"}}
{"level":"error","message":"Redis connection error","timestamp":"2026-02-16T06:37:20.656Z","error":{"message":"","stack":"AggregateError [ECONNREFUSED]: \n    at internalConnectMultiple (node:net:1122:18)\n    at afterConnectMultiple (node:net:1689:7)\n    at TCPConnectWrap.callbackTrampoline (node:internal/async_hooks:130:17)","name":"AggregateError"}}
{"level":"warn","message":"Redis connection closed","timestamp":"2026-02-16T06:37:20.656Z","service":"RenderQueue"}
AggregateError [ECONNREFUSED]: 
    at internalConnectMultiple (node:net:1122:18)
    at afterConnectMultiple (node:net:1689:7)
    at TCPConnectWrap.callbackTrampoline (node:internal/async_hooks:130:17) {
  code: 'ECONNREFUSED',
  [errors]: [
    Error: connect ECONNREFUSED ::1:6379
        at createConnectionError (node:net:1652:14)
        at afterConnectMultiple (node:net:1682:16)
        at TCPConnectWrap.callbackTrampoline (node:internal/async_hooks:130:17) {
      errno: -111,
      code: 'ECONNREFUSED',
      syscall: 'connect',
      address: '::1',
      port: 6379
    },
    Error: connect ECONNREFUSED 127.0.0.1:6379
        at createConnectionError (node:net:1652:14)
        at afterConnectMultiple (node:net:1682:16)
        at TCPConnectWrap.callbackTrampoline (node:internal/async_hooks:130:17) {
      errno: -111,
      code: 'ECONNREFUSED',
      syscall: 'connect',
      address: '127.0.0.1',
      port: 6379
    }
  ]
}
AggregateError [ECONNREFUSED]: 
    at internalConnectMultiple (node:net:1122:18)
    at afterConnectMultiple (node:net:1689:7)
    at TCPConnectWrap.callbackTrampoline (node:internal/async_hooks:130:17) {
  code: 'ECONNREFUSED',
  [errors]: [
    Error: connect ECONNREFUSED ::1:6379
        at createConnectionError (node:net:1652:14)
        at afterConnectMultiple (node:net:1682:16)
        at TCPConnectWrap.callbackTrampoline (node:internal/async_hooks:130:17) {
      errno: -111,
      code: 'ECONNREFUSED',
      syscall: 'connect',
      address: '::1',
      port: 6379
    },
    Error: connect ECONNREFUSED 127.0.0.1:6379
        at createConnectionError (node:net:1652:14)
        at afterConnectMultiple (node:net:1682:16)
        at TCPConnectWrap.callbackTrampoline (node:internal/async_hooks:130:17) {
      errno: -111,
      code: 'ECONNREFUSED',
      syscall: 'connect',
      address: '127.0.0.1',
      port: 6379
    }
  ]
}
AggregateError [ECONNREFUSED]: 
    at internalConnectMultiple (node:net:1122:18)
    at afterConnectMultiple (node:net:1689:7)
    at TCPConnectWrap.callbackTrampoline (node:internal/async_hooks:130:17) {
  code: 'ECONNREFUSED',
  [errors]: [
    Error: connect ECONNREFUSED ::1:6379
        at createConnectionError (node:net:1652:14)
        at afterConnectMultiple (node:net:1682:16)
        at TCPConnectWrap.callbackTrampoline (node:internal/async_hooks:130:17) {
      errno: -111,
      code: 'ECONNREFUSED',
      syscall: 'connect',
      address: '::1',
      port: 6379
    },
    Error: connect ECONNREFUSED 127.0.0.1:6379
        at createConnectionError (node:net:1652:14)
        at afterConnectMultiple (node:net:1682:16)
        at TCPConnectWrap.callbackTrampoline (node:internal/async_hooks:130:17) {
      errno: -111,
      code: 'ECONNREFUSED',
      syscall: 'connect',
      address: '127.0.0.1',
      port: 6379
    }
  ]
}
AggregateError [ECONNREFUSED]: 
    at internalConnectMultiple (node:net:1122:18)
    at afterConnectMultiple (node:net:1689:7)
    at TCPConnectWrap.callbackTrampoline (node:internal/async_hooks:130:17) {
  code: 'ECONNREFUSED',
  [errors]: [
    Error: connect ECONNREFUSED ::1:6379
        at createConnectionError (node:net:1652:14)
        at afterConnectMultiple (node:net:1682:16)
        at TCPConnectWrap.callbackTrampoline (node:internal/async_hooks:130:17) {
      errno: -111,
      code: 'ECONNREFUSED',
      syscall: 'connect',
      address: '::1',
      port: 6379
    },
    Error: connect ECONNREFUSED 127.0.0.1:6379
        at createConnectionError (node:net:1652:14)
        at afterConnectMultiple (node:net:1682:16)
        at TCPConnectWrap.callbackTrampoline (node:internal/async_hooks:130:17) {
      errno: -111,
      code: 'ECONNREFUSED',
      syscall: 'connect',
      address: '127.0.0.1',
      port: 6379
    }
  ]
}
AggregateError [ECONNREFUSED]: 
    at internalConnectMultiple (node:net:1122:18)
    at afterConnectMultiple (node:net:1689:7)
    at TCPConnectWrap.callbackTrampoline (node:internal/async_hooks:130:17) {
  code: 'ECONNREFUSED',
  [errors]: [
    Error: connect ECONNREFUSED ::1:6379
        at createConnectionError (node:net:1652:14)
        at afterConnectMultiple (node:net:1682:16)
        at TCPConnectWrap.callbackTrampoline (node:internal/async_hooks:130:17) {
      errno: -111,
      code: 'ECONNREFUSED',
      syscall: 'connect',
      address: '::1',
      port: 6379
    },
    Error: connect ECONNREFUSED 127.0.0.1:6379
        at createConnectionError (node:net:1652:14)
        at afterConnectMultiple (node:net:1682:16)
        at TCPConnectWrap.callbackTrampoline (node:internal/async_hooks:130:17) {
      errno: -111,
      code: 'ECONNREFUSED',
      syscall: 'connect',
      address: '127.0.0.1',
      port: 6379
    }
  ]
}
AggregateError [ECONNREFUSED]: 
    at internalConnectMultiple (node:net:1122:18)
    at afterConnectMultiple (node:net:1689:7)
    at TCPConnectWrap.callbackTrampoline (node:internal/async_hooks:130:17) {
  code: 'ECONNREFUSED',
  [errors]: [
    Error: connect ECONNREFUSED ::1:6379
        at createConnectionError (node:net:1652:14)
        at afterConnectMultiple (node:net:1682:16)
        at TCPConnectWrap.callbackTrampoline (node:internal/async_hooks:130:17) {
      errno: -111,
      code: 'ECONNREFUSED',
      syscall: 'connect',
      address: '::1',
      port: 6379
    },
    Error: connect ECONNREFUSED 127.0.0.1:6379
        at createConnectionError (node:net:1652:14)
        at afterConnectMultiple (node:net:1682:16)
        at TCPConnectWrap.callbackTrampoline (node:internal/async_hooks:130:17) {
      errno: -111,
      code: 'ECONNREFUSED',
      syscall: 'connect',
      address: '127.0.0.1',
      port: 6379
    }
  ]
}
AggregateError [ECONNREFUSED]: 
    at internalConnectMultiple (node:net:1122:18)
    at afterConnectMultiple (node:net:1689:7)
    at TCPConnectWrap.callbackTrampoline (node:internal/async_hooks:130:17) {
  code: 'ECONNREFUSED',
  [errors]: [
    Error: connect ECONNREFUSED ::1:6379
        at createConnectionError (node:net:1652:14)
        at afterConnectMultiple (node:net:1682:16)
        at TCPConnectWrap.callbackTrampoline (node:internal/async_hooks:130:17) {
      errno: -111,
      code: 'ECONNREFUSED',
      syscall: 'connect',
      address: '::1',
      port: 6379
    },
    Error: connect ECONNREFUSED 127.0.0.1:6379
        at createConnectionError (node:net:1652:14)
        at afterConnectMultiple (node:net:1682:16)
        at TCPConnectWrap.callbackTrampoline (node:internal/async_hooks:130:17) {
      errno: -111,
      code: 'ECONNREFUSED',
      syscall: 'connect',
      address: '127.0.0.1',
      port: 6379
    }
  ]
}
{"level":"error","message":"Redis connection error","timestamp":"2026-02-16T06:37:20.980Z","error":{"message":"","stack":"AggregateError [ECONNREFUSED]: \n    at internalConnectMultiple (node:net:1122:18)\n    at afterConnectMultiple (node:net:1689:7)\n    at TCPConnectWrap.callbackTrampoline (node:internal/async_hooks:130:17)","name":"AggregateError"}}
{"level":"warn","message":"Redis connection closed","timestamp":"2026-02-16T06:37:20.980Z","service":"RenderQueue"}
{"level":"error","message":"Redis connection error","timestamp":"2026-02-16T06:37:21.086Z","error":{"message":"","stack":"AggregateError [ECONNREFUSED]: \n    at internalConnectMultiple (node:net:1122:18)\n    at afterConnectMultiple (node:net:1689:7)\n    at TCPConnectWrap.callbackTrampoline (node:internal/async_hooks:130:17)","name":"AggregateError"}}
{"level":"warn","message":"Redis connection closed","timestamp":"2026-02-16T06:37:21.087Z","service":"RenderQueue"}
{"level":"error","message":"Redis cache error","timestamp":"2026-02-16T06:37:21.120Z","error":{"message":"","stack":"AggregateError [ECONNREFUSED]: \n    at internalConnectMultiple (node:net:1122:18)\n    at afterConnectMultiple (node:net:1689:7)\n    at TCPConnectWrap.callbackTrampoline (node:internal/async_hooks:130:17)","name":"AggregateError"}}
AggregateError [ECONNREFUSED]: 
    at internalConnectMultiple (node:net:1122:18)
    at afterConnectMultiple (node:net:1689:7)
    at TCPConnectWrap.callbackTrampoline (node:internal/async_hooks:130:17) {
  code: 'ECONNREFUSED',
  [errors]: [
    Error: connect ECONNREFUSED ::1:6379
        at createConnectionError (node:net:1652:14)
        at afterConnectMultiple (node:net:1682:16)
        at TCPConnectWrap.callbackTrampoline (node:internal/async_hooks:130:17) {
      errno: -111,
      code: 'ECONNREFUSED',
      syscall: 'connect',
      address: '::1',
      port: 6379
    },
    Error: connect ECONNREFUSED 127.0.0.1:6379
        at createConnectionError (node:net:1652:14)
        at afterConnectMultiple (node:net:1682:16)
        at TCPConnectWrap.callbackTrampoline (node:internal/async_hooks:130:17) {
      errno: -111,
      code: 'ECONNREFUSED',
      syscall: 'connect',
      address: '127.0.0.1',
      port: 6379
    }
  ]
}
AggregateError [ECONNREFUSED]: 
    at internalConnectMultiple (node:net:1122:18)
    at afterConnectMultiple (node:net:1689:7)
    at TCPConnectWrap.callbackTrampoline (node:internal/async_hooks:130:17) {
  code: 'ECONNREFUSED',
  [errors]: [
    Error: connect ECONNREFUSED ::1:6379
        at createConnectionError (node:net:1652:14)
        at afterConnectMultiple (node:net:1682:16)
        at TCPConnectWrap.callbackTrampoline (node:internal/async_hooks:130:17) {
      errno: -111,
      code: 'ECONNREFUSED',
      syscall: 'connect',
      address: '::1',
      port: 6379
    },
    Error: connect ECONNREFUSED 127.0.0.1:6379
        at createConnectionError (node:net:1652:14)
        at afterConnectMultiple (node:net:1682:16)
        at TCPConnectWrap.callbackTrampoline (node:internal/async_hooks:130:17) {
      errno: -111,
      code: 'ECONNREFUSED',
      syscall: 'connect',
      address: '127.0.0.1',
      port: 6379
    }
  ]
}
{"level":"error","message":"Video pipeline test failed","timestamp":"2026-02-16T06:37:21.301Z","component":"API: video-pipeline/test","error":{"message":"Dynamic server usage: Route /api/video-pipeline/test couldn't be rendered statically because it used `request.headers`. See more info here: https://nextjs.org/docs/messages/dynamic-server-error","stack":"Error: Dynamic server usage: Route /api/video-pipeline/test couldn't be rendered statically because it used `request.headers`. See more info here: https://nextjs.org/docs/messages/dynamic-server-error\n    at V (/root/_MVP_Video_TecnicoCursos_v7/estudio_ia_videos/node_modules/next/dist/compiled/next-server/app-route.runtime.prod.js:6:21778)\n    at Object.get (/root/_MVP_Video_TecnicoCursos_v7/estudio_ia_videos/node_modules/next/dist/compiled/next-server/app-route.runtime.prod.js:6:29465)\n    at h (/root/_MVP_Video_TecnicoCursos_v7/estudio_ia_videos/.next/server/app/api/activity/route.js:14:1992)\n    at g (/root/_MVP_Video_TecnicoCursos_v7/estudio_ia_videos/.next/server/app/api/video-pipeline/test/route.js:1:2932)\n    at /root/_MVP_Video_TecnicoCursos_v7/estudio_ia_videos/node_modules/next/dist/compiled/next-server/app-route.runtime.prod.js:6:38417\n    at /root/_MVP_Video_TecnicoCursos_v7/estudio_ia_videos/node_modules/next/dist/server/lib/trace/tracer.js:140:36\n    at NoopContextManager.with (/root/_MVP_Video_TecnicoCursos_v7/estudio_ia_videos/node_modules/@opentelemetry/api/build/src/context/NoopContextManager.js:25:19)\n    at ContextAPI.with (/root/_MVP_Video_TecnicoCursos_v7/estudio_ia_videos/node_modules/@opentelemetry/api/build/src/api/context.js:60:46)\n    at NoopTracer.startActiveSpan (/root/_MVP_Video_TecnicoCursos_v7/estudio_ia_videos/node_modules/@opentelemetry/api/build/src/trace/NoopTracer.js:65:31)\n    at ProxyTracer.startActiveSpan (/root/_MVP_Video_TecnicoCursos_v7/estudio_ia_videos/node_modules/@opentelemetry/api/build/src/trace/ProxyTracer.js:36:24)","name":"Error"}}
AggregateError [ECONNREFUSED]: 
    at internalConnectMultiple (node:net:1122:18)
    at afterConnectMultiple (node:net:1689:7)
    at TCPConnectWrap.callbackTrampoline (node:internal/async_hooks:130:17) {
  code: 'ECONNREFUSED',
  [errors]: [
    Error: connect ECONNREFUSED ::1:6379
        at createConnectionError (node:net:1652:14)
        at afterConnectMultiple (node:net:1682:16)
        at TCPConnectWrap.callbackTrampoline (node:internal/async_hooks:130:17) {
      errno: -111,
      code: 'ECONNREFUSED',
      syscall: 'connect',
      address: '::1',
      port: 6379
    },
    Error: connect ECONNREFUSED 127.0.0.1:6379
        at createConnectionError (node:net:1652:14)
        at afterConnectMultiple (node:net:1682:16)
        at TCPConnectWrap.callbackTrampoline (node:internal/async_hooks:130:17) {
      errno: -111,
      code: 'ECONNREFUSED',
      syscall: 'connect',
      address: '127.0.0.1',
      port: 6379
    }
  ]
}
AggregateError [ECONNREFUSED]: 
    at internalConnectMultiple (node:net:1122:18)
    at afterConnectMultiple (node:net:1689:7)
    at TCPConnectWrap.callbackTrampoline (node:internal/async_hooks:130:17) {
  code: 'ECONNREFUSED',
  [errors]: [
    Error: connect ECONNREFUSED ::1:6379
        at createConnectionError (node:net:1652:14)
        at afterConnectMultiple (node:net:1682:16)
        at TCPConnectWrap.callbackTrampoline (node:internal/async_hooks:130:17) {
      errno: -111,
      code: 'ECONNREFUSED',
      syscall: 'connect',
      address: '::1',
      port: 6379
    },
    Error: connect ECONNREFUSED 127.0.0.1:6379
        at createConnectionError (node:net:1652:14)
        at afterConnectMultiple (node:net:1682:16)
        at TCPConnectWrap.callbackTrampoline (node:internal/async_hooks:130:17) {
      errno: -111,
      code: 'ECONNREFUSED',
      syscall: 'connect',
      address: '127.0.0.1',
      port: 6379
    }
  ]
}
AggregateError [ECONNREFUSED]: 
    at internalConnectMultiple (node:net:1122:18)
    at afterConnectMultiple (node:net:1689:7)
    at TCPConnectWrap.callbackTrampoline (node:internal/async_hooks:130:17) {
  code: 'ECONNREFUSED',
  [errors]: [
    Error: connect ECONNREFUSED ::1:6379
        at createConnectionError (node:net:1652:14)
        at afterConnectMultiple (node:net:1682:16)
        at TCPConnectWrap.callbackTrampoline (node:internal/async_hooks:130:17) {
      errno: -111,
      code: 'ECONNREFUSED',
      syscall: 'connect',
      address: '::1',
      port: 6379
    },
    Error: connect ECONNREFUSED 127.0.0.1:6379
        at createConnectionError (node:net:1652:14)
        at afterConnectMultiple (node:net:1682:16)
        at TCPConnectWrap.callbackTrampoline (node:internal/async_hooks:130:17) {
      errno: -111,
      code: 'ECONNREFUSED',
      syscall: 'connect',
      address: '127.0.0.1',
      port: 6379
    }
  ]
}
   Generating static pages (265/354) 
AggregateError [ECONNREFUSED]: 
    at internalConnectMultiple (node:net:1122:18)
    at afterConnectMultiple (node:net:1689:7)
    at TCPConnectWrap.callbackTrampoline (node:internal/async_hooks:130:17) {
  code: 'ECONNREFUSED',
  [errors]: [
    Error: connect ECONNREFUSED ::1:6379
        at createConnectionError (node:net:1652:14)
        at afterConnectMultiple (node:net:1682:16)
        at TCPConnectWrap.callbackTrampoline (node:internal/async_hooks:130:17) {
      errno: -111,
      code: 'ECONNREFUSED',
      syscall: 'connect',
      address: '::1',
      port: 6379
    },
    Error: connect ECONNREFUSED 127.0.0.1:6379
        at createConnectionError (node:net:1652:14)
        at afterConnectMultiple (node:net:1682:16)
        at TCPConnectWrap.callbackTrampoline (node:internal/async_hooks:130:17) {
      errno: -111,
      code: 'ECONNREFUSED',
      syscall: 'connect',
      address: '127.0.0.1',
      port: 6379
    }
  ]
}
AggregateError [ECONNREFUSED]: 
    at internalConnectMultiple (node:net:1122:18)
    at afterConnectMultiple (node:net:1689:7)
    at TCPConnectWrap.callbackTrampoline (node:internal/async_hooks:130:17) {
  code: 'ECONNREFUSED',
  [errors]: [
    Error: connect ECONNREFUSED ::1:6379
        at createConnectionError (node:net:1652:14)
        at afterConnectMultiple (node:net:1682:16)
        at TCPConnectWrap.callbackTrampoline (node:internal/async_hooks:130:17) {
      errno: -111,
      code: 'ECONNREFUSED',
      syscall: 'connect',
      address: '::1',
      port: 6379
    },
    Error: connect ECONNREFUSED 127.0.0.1:6379
        at createConnectionError (node:net:1652:14)
        at afterConnectMultiple (node:net:1682:16)
        at TCPConnectWrap.callbackTrampoline (node:internal/async_hooks:130:17) {
      errno: -111,
      code: 'ECONNREFUSED',
      syscall: 'connect',
      address: '127.0.0.1',
      port: 6379
    }
  ]
}
{"level":"error","message":"Redis cache error","timestamp":"2026-02-16T06:37:22.185Z","error":{"message":"","stack":"AggregateError [ECONNREFUSED]: \n    at internalConnectMultiple (node:net:1122:18)\n    at afterConnectMultiple (node:net:1689:7)\n    at TCPConnectWrap.callbackTrampoline (node:internal/async_hooks:130:17)","name":"AggregateError"}}
{"level":"error","message":"Redis cache error","timestamp":"2026-02-16T06:37:22.473Z","error":{"message":"","stack":"AggregateError [ECONNREFUSED]: \n    at internalConnectMultiple (node:net:1122:18)\n    at afterConnectMultiple (node:net:1689:7)\n    at TCPConnectWrap.callbackTrampoline (node:internal/async_hooks:130:17)","name":"AggregateError"}}
AggregateError [ECONNREFUSED]: 
    at internalConnectMultiple (node:net:1122:18)
    at afterConnectMultiple (node:net:1689:7)
    at TCPConnectWrap.callbackTrampoline (node:internal/async_hooks:130:17) {
  code: 'ECONNREFUSED',
  [errors]: [
    Error: connect ECONNREFUSED ::1:6379
        at createConnectionError (node:net:1652:14)
        at afterConnectMultiple (node:net:1682:16)
        at TCPConnectWrap.callbackTrampoline (node:internal/async_hooks:130:17) {
      errno: -111,
      code: 'ECONNREFUSED',
      syscall: 'connect',
      address: '::1',
      port: 6379
    },
    Error: connect ECONNREFUSED 127.0.0.1:6379
        at createConnectionError (node:net:1652:14)
        at afterConnectMultiple (node:net:1682:16)
        at TCPConnectWrap.callbackTrampoline (node:internal/async_hooks:130:17) {
      errno: -111,
      code: 'ECONNREFUSED',
      syscall: 'connect',
      address: '127.0.0.1',
      port: 6379
    }
  ]
}
AggregateError [ECONNREFUSED]: 
    at internalConnectMultiple (node:net:1122:18)
    at afterConnectMultiple (node:net:1689:7)
    at TCPConnectWrap.callbackTrampoline (node:internal/async_hooks:130:17) {
  code: 'ECONNREFUSED',
  [errors]: [
    Error: connect ECONNREFUSED ::1:6379
        at createConnectionError (node:net:1652:14)
        at afterConnectMultiple (node:net:1682:16)
        at TCPConnectWrap.callbackTrampoline (node:internal/async_hooks:130:17) {
      errno: -111,
      code: 'ECONNREFUSED',
      syscall: 'connect',
      address: '::1',
      port: 6379
    },
    Error: connect ECONNREFUSED 127.0.0.1:6379
        at createConnectionError (node:net:1652:14)
        at afterConnectMultiple (node:net:1682:16)
        at TCPConnectWrap.callbackTrampoline (node:internal/async_hooks:130:17) {
      errno: -111,
      code: 'ECONNREFUSED',
      syscall: 'connect',
      address: '127.0.0.1',
      port: 6379
    }
  ]
}
{"level":"error","message":"Redis connection error","timestamp":"2026-02-16T06:37:22.659Z","error":{"message":"","stack":"AggregateError [ECONNREFUSED]: \n    at internalConnectMultiple (node:net:1122:18)\n    at afterConnectMultiple (node:net:1689:7)\n    at TCPConnectWrap.callbackTrampoline (node:internal/async_hooks:130:17)","name":"AggregateError"}}
{"level":"warn","message":"Redis connection closed","timestamp":"2026-02-16T06:37:22.660Z","service":"RenderQueue"}
AggregateError [ECONNREFUSED]: 
    at internalConnectMultiple (node:net:1122:18)
    at afterConnectMultiple (node:net:1689:7)
    at TCPConnectWrap.callbackTrampoline (node:internal/async_hooks:130:17) {
  code: 'ECONNREFUSED',
  [errors]: [
    Error: connect ECONNREFUSED ::1:6379
        at createConnectionError (node:net:1652:14)
        at afterConnectMultiple (node:net:1682:16)
        at TCPConnectWrap.callbackTrampoline (node:internal/async_hooks:130:17) {
      errno: -111,
      code: 'ECONNREFUSED',
      syscall: 'connect',
      address: '::1',
      port: 6379
    },
    Error: connect ECONNREFUSED 127.0.0.1:6379
        at createConnectionError (node:net:1652:14)
        at afterConnectMultiple (node:net:1682:16)
        at TCPConnectWrap.callbackTrampoline (node:internal/async_hooks:130:17) {
      errno: -111,
      code: 'ECONNREFUSED',
      syscall: 'connect',
      address: '127.0.0.1',
      port: 6379
    }
  ]
}
AggregateError [ECONNREFUSED]: 
    at internalConnectMultiple (node:net:1122:18)
    at afterConnectMultiple (node:net:1689:7)
    at TCPConnectWrap.callbackTrampoline (node:internal/async_hooks:130:17) {
  code: 'ECONNREFUSED',
  [errors]: [
    Error: connect ECONNREFUSED ::1:6379
        at createConnectionError (node:net:1652:14)
        at afterConnectMultiple (node:net:1682:16)
        at TCPConnectWrap.callbackTrampoline (node:internal/async_hooks:130:17) {
      errno: -111,
      code: 'ECONNREFUSED',
      syscall: 'connect',
      address: '::1',
      port: 6379
    },
    Error: connect ECONNREFUSED 127.0.0.1:6379
        at createConnectionError (node:net:1652:14)
        at afterConnectMultiple (node:net:1682:16)
        at TCPConnectWrap.callbackTrampoline (node:internal/async_hooks:130:17) {
      errno: -111,
      code: 'ECONNREFUSED',
      syscall: 'connect',
      address: '127.0.0.1',
      port: 6379
    }
  ]
}
AggregateError [ECONNREFUSED]: 
    at internalConnectMultiple (node:net:1122:18)
    at afterConnectMultiple (node:net:1689:7)
    at TCPConnectWrap.callbackTrampoline (node:internal/async_hooks:130:17) {
  code: 'ECONNREFUSED',
  [errors]: [
    Error: connect ECONNREFUSED ::1:6379
        at createConnectionError (node:net:1652:14)
        at afterConnectMultiple (node:net:1682:16)
        at TCPConnectWrap.callbackTrampoline (node:internal/async_hooks:130:17) {
      errno: -111,
      code: 'ECONNREFUSED',
      syscall: 'connect',
      address: '::1',
      port: 6379
    },
    Error: connect ECONNREFUSED 127.0.0.1:6379
        at createConnectionError (node:net:1652:14)
        at afterConnectMultiple (node:net:1682:16)
        at TCPConnectWrap.callbackTrampoline (node:internal/async_hooks:130:17) {
      errno: -111,
      code: 'ECONNREFUSED',
      syscall: 'connect',
      address: '127.0.0.1',
      port: 6379
    }
  ]
}
AggregateError [ECONNREFUSED]: 
    at internalConnectMultiple (node:net:1122:18)
    at afterConnectMultiple (node:net:1689:7)
    at TCPConnectWrap.callbackTrampoline (node:internal/async_hooks:130:17) {
  code: 'ECONNREFUSED',
  [errors]: [
    Error: connect ECONNREFUSED ::1:6379
        at createConnectionError (node:net:1652:14)
        at afterConnectMultiple (node:net:1682:16)
        at TCPConnectWrap.callbackTrampoline (node:internal/async_hooks:130:17) {
      errno: -111,
      code: 'ECONNREFUSED',
      syscall: 'connect',
      address: '::1',
      port: 6379
    },
    Error: connect ECONNREFUSED 127.0.0.1:6379
        at createConnectionError (node:net:1652:14)
        at afterConnectMultiple (node:net:1682:16)
        at TCPConnectWrap.callbackTrampoline (node:internal/async_hooks:130:17) {
      errno: -111,
      code: 'ECONNREFUSED',
      syscall: 'connect',
      address: '127.0.0.1',
      port: 6379
    }
  ]
}
AggregateError [ECONNREFUSED]: 
    at internalConnectMultiple (node:net:1122:18)
    at afterConnectMultiple (node:net:1689:7)
    at TCPConnectWrap.callbackTrampoline (node:internal/async_hooks:130:17) {
  code: 'ECONNREFUSED',
  [errors]: [
    Error: connect ECONNREFUSED ::1:6379
        at createConnectionError (node:net:1652:14)
        at afterConnectMultiple (node:net:1682:16)
        at TCPConnectWrap.callbackTrampoline (node:internal/async_hooks:130:17) {
      errno: -111,
      code: 'ECONNREFUSED',
      syscall: 'connect',
      address: '::1',
      port: 6379
    },
    Error: connect ECONNREFUSED 127.0.0.1:6379
        at createConnectionError (node:net:1652:14)
        at afterConnectMultiple (node:net:1682:16)
        at TCPConnectWrap.callbackTrampoline (node:internal/async_hooks:130:17) {
      errno: -111,
      code: 'ECONNREFUSED',
      syscall: 'connect',
      address: '127.0.0.1',
      port: 6379
    }
  ]
}
{"level":"error","message":"Redis connection error","timestamp":"2026-02-16T06:37:22.987Z","error":{"message":"","stack":"AggregateError [ECONNREFUSED]: \n    at internalConnectMultiple (node:net:1122:18)\n    at afterConnectMultiple (node:net:1689:7)\n    at TCPConnectWrap.callbackTrampoline (node:internal/async_hooks:130:17)","name":"AggregateError"}}
{"level":"warn","message":"Redis connection closed","timestamp":"2026-02-16T06:37:22.987Z","service":"RenderQueue"}
{"level":"error","message":"Redis connection error","timestamp":"2026-02-16T06:37:23.092Z","error":{"message":"","stack":"AggregateError [ECONNREFUSED]: \n    at internalConnectMultiple (node:net:1122:18)\n    at afterConnectMultiple (node:net:1689:7)\n    at TCPConnectWrap.callbackTrampoline (node:internal/async_hooks:130:17)","name":"AggregateError"}}
{"level":"warn","message":"Redis connection closed","timestamp":"2026-02-16T06:37:23.092Z","service":"RenderQueue"}
{"level":"error","message":"Redis cache error","timestamp":"2026-02-16T06:37:23.123Z","error":{"message":"","stack":"AggregateError [ECONNREFUSED]: \n    at internalConnectMultiple (node:net:1122:18)\n    at afterConnectMultiple (node:net:1689:7)\n    at TCPConnectWrap.callbackTrampoline (node:internal/async_hooks:130:17)","name":"AggregateError"}}
AggregateError [ECONNREFUSED]: 
    at internalConnectMultiple (node:net:1122:18)
    at afterConnectMultiple (node:net:1689:7)
    at TCPConnectWrap.callbackTrampoline (node:internal/async_hooks:130:17) {
  code: 'ECONNREFUSED',
  [errors]: [
    Error: connect ECONNREFUSED ::1:6379
        at createConnectionError (node:net:1652:14)
        at afterConnectMultiple (node:net:1682:16)
        at TCPConnectWrap.callbackTrampoline (node:internal/async_hooks:130:17) {
      errno: -111,
      code: 'ECONNREFUSED',
      syscall: 'connect',
      address: '::1',
      port: 6379
    },
    Error: connect ECONNREFUSED 127.0.0.1:6379
        at createConnectionError (node:net:1652:14)
        at afterConnectMultiple (node:net:1682:16)
        at TCPConnectWrap.callbackTrampoline (node:internal/async_hooks:130:17) {
      errno: -111,
      code: 'ECONNREFUSED',
      syscall: 'connect',
      address: '127.0.0.1',
      port: 6379
    }
  ]
}
AggregateError [ECONNREFUSED]: 
    at internalConnectMultiple (node:net:1122:18)
    at afterConnectMultiple (node:net:1689:7)
    at TCPConnectWrap.callbackTrampoline (node:internal/async_hooks:130:17) {
  code: 'ECONNREFUSED',
  [errors]: [
    Error: connect ECONNREFUSED ::1:6379
        at createConnectionError (node:net:1652:14)
        at afterConnectMultiple (node:net:1682:16)
        at TCPConnectWrap.callbackTrampoline (node:internal/async_hooks:130:17) {
      errno: -111,
      code: 'ECONNREFUSED',
      syscall: 'connect',
      address: '::1',
      port: 6379
    },
    Error: connect ECONNREFUSED 127.0.0.1:6379
        at createConnectionError (node:net:1652:14)
        at afterConnectMultiple (node:net:1682:16)
        at TCPConnectWrap.callbackTrampoline (node:internal/async_hooks:130:17) {
      errno: -111,
      code: 'ECONNREFUSED',
      syscall: 'connect',
      address: '127.0.0.1',
      port: 6379
    }
  ]
}
AggregateError [ECONNREFUSED]: 
    at internalConnectMultiple (node:net:1122:18)
    at afterConnectMultiple (node:net:1689:7)
    at TCPConnectWrap.callbackTrampoline (node:internal/async_hooks:130:17) {
  code: 'ECONNREFUSED',
  [errors]: [
    Error: connect ECONNREFUSED ::1:6379
        at createConnectionError (node:net:1652:14)
        at afterConnectMultiple (node:net:1682:16)
        at TCPConnectWrap.callbackTrampoline (node:internal/async_hooks:130:17) {
      errno: -111,
      code: 'ECONNREFUSED',
      syscall: 'connect',
      address: '::1',
      port: 6379
    },
    Error: connect ECONNREFUSED 127.0.0.1:6379
        at createConnectionError (node:net:1652:14)
        at afterConnectMultiple (node:net:1682:16)
        at TCPConnectWrap.callbackTrampoline (node:internal/async_hooks:130:17) {
      errno: -111,
      code: 'ECONNREFUSED',
      syscall: 'connect',
      address: '127.0.0.1',
      port: 6379
    }
  ]
}
AggregateError [ECONNREFUSED]: 
    at internalConnectMultiple (node:net:1122:18)
    at afterConnectMultiple (node:net:1689:7)
    at TCPConnectWrap.callbackTrampoline (node:internal/async_hooks:130:17) {
  code: 'ECONNREFUSED',
  [errors]: [
    Error: connect ECONNREFUSED ::1:6379
        at createConnectionError (node:net:1652:14)
        at afterConnectMultiple (node:net:1682:16)
        at TCPConnectWrap.callbackTrampoline (node:internal/async_hooks:130:17) {
      errno: -111,
      code: 'ECONNREFUSED',
      syscall: 'connect',
      address: '::1',
      port: 6379
    },
    Error: connect ECONNREFUSED 127.0.0.1:6379
        at createConnectionError (node:net:1652:14)
        at afterConnectMultiple (node:net:1682:16)
        at TCPConnectWrap.callbackTrampoline (node:internal/async_hooks:130:17) {
      errno: -111,
      code: 'ECONNREFUSED',
      syscall: 'connect',
      address: '127.0.0.1',
      port: 6379
    }
  ]
}
AggregateError [ECONNREFUSED]: 
    at internalConnectMultiple (node:net:1122:18)
    at afterConnectMultiple (node:net:1689:7)
    at TCPConnectWrap.callbackTrampoline (node:internal/async_hooks:130:17) {
  code: 'ECONNREFUSED',
  [errors]: [
    Error: connect ECONNREFUSED ::1:6379
        at createConnectionError (node:net:1652:14)
        at afterConnectMultiple (node:net:1682:16)
        at TCPConnectWrap.callbackTrampoline (node:internal/async_hooks:130:17) {
      errno: -111,
      code: 'ECONNREFUSED',
      syscall: 'connect',
      address: '::1',
      port: 6379
    },
    Error: connect ECONNREFUSED 127.0.0.1:6379
        at createConnectionError (node:net:1652:14)
        at afterConnectMultiple (node:net:1682:16)
        at TCPConnectWrap.callbackTrampoline (node:internal/async_hooks:130:17) {
      errno: -111,
      code: 'ECONNREFUSED',
      syscall: 'connect',
      address: '127.0.0.1',
      port: 6379
    }
  ]
}
AggregateError [ECONNREFUSED]: 
    at internalConnectMultiple (node:net:1122:18)
    at afterConnectMultiple (node:net:1689:7)
    at TCPConnectWrap.callbackTrampoline (node:internal/async_hooks:130:17) {
  code: 'ECONNREFUSED',
  [errors]: [
    Error: connect ECONNREFUSED ::1:6379
        at createConnectionError (node:net:1652:14)
        at afterConnectMultiple (node:net:1682:16)
        at TCPConnectWrap.callbackTrampoline (node:internal/async_hooks:130:17) {
      errno: -111,
      code: 'ECONNREFUSED',
      syscall: 'connect',
      address: '::1',
      port: 6379
    },
    Error: connect ECONNREFUSED 127.0.0.1:6379
        at createConnectionError (node:net:1652:14)
        at afterConnectMultiple (node:net:1682:16)
        at TCPConnectWrap.callbackTrampoline (node:internal/async_hooks:130:17) {
      errno: -111,
      code: 'ECONNREFUSED',
      syscall: 'connect',
      address: '127.0.0.1',
      port: 6379
    }
  ]
}
{"level":"error","message":"Redis cache error","timestamp":"2026-02-16T06:37:24.187Z","error":{"message":"","stack":"AggregateError [ECONNREFUSED]: \n    at internalConnectMultiple (node:net:1122:18)\n    at afterConnectMultiple (node:net:1689:7)\n    at TCPConnectWrap.callbackTrampoline (node:internal/async_hooks:130:17)","name":"AggregateError"}}
AggregateError [ECONNREFUSED]: 
    at internalConnectMultiple (node:net:1122:18)
    at afterConnectMultiple (node:net:1689:7)
    at TCPConnectWrap.callbackTrampoline (node:internal/async_hooks:130:17) {
  code: 'ECONNREFUSED',
  [errors]: [
    Error: connect ECONNREFUSED ::1:6379
        at createConnectionError (node:net:1652:14)
        at afterConnectMultiple (node:net:1682:16)
        at TCPConnectWrap.callbackTrampoline (node:internal/async_hooks:130:17) {
      errno: -111,
      code: 'ECONNREFUSED',
      syscall: 'connect',
      address: '::1',
      port: 6379
    },
    Error: connect ECONNREFUSED 127.0.0.1:6379
        at createConnectionError (node:net:1652:14)
        at afterConnectMultiple (node:net:1682:16)
        at TCPConnectWrap.callbackTrampoline (node:internal/async_hooks:130:17) {
      errno: -111,
      code: 'ECONNREFUSED',
      syscall: 'connect',
      address: '127.0.0.1',
      port: 6379
    }
  ]
}
{"level":"error","message":"Redis cache error","timestamp":"2026-02-16T06:37:24.486Z","error":{"message":"","stack":"AggregateError [ECONNREFUSED]: \n    at internalConnectMultiple (node:net:1122:18)\n    at afterConnectMultiple (node:net:1689:7)\n    at TCPConnectWrap.callbackTrampoline (node:internal/async_hooks:130:17)","name":"AggregateError"}}
{"level":"error","message":"Redis connection error","timestamp":"2026-02-16T06:37:24.663Z","error":{"message":"","stack":"AggregateError [ECONNREFUSED]: \n    at internalConnectMultiple (node:net:1122:18)\n    at afterConnectMultiple (node:net:1689:7)\n    at TCPConnectWrap.callbackTrampoline (node:internal/async_hooks:130:17)","name":"AggregateError"}}
{"level":"warn","message":"Redis connection closed","timestamp":"2026-02-16T06:37:24.663Z","service":"RenderQueue"}
AggregateError [ECONNREFUSED]: 
    at internalConnectMultiple (node:net:1122:18)
    at afterConnectMultiple (node:net:1689:7)
    at TCPConnectWrap.callbackTrampoline (node:internal/async_hooks:130:17) {
  code: 'ECONNREFUSED',
  [errors]: [
    Error: connect ECONNREFUSED ::1:6379
        at createConnectionError (node:net:1652:14)
        at afterConnectMultiple (node:net:1682:16)
        at TCPConnectWrap.callbackTrampoline (node:internal/async_hooks:130:17) {
      errno: -111,
      code: 'ECONNREFUSED',
      syscall: 'connect',
      address: '::1',
      port: 6379
    },
    Error: connect ECONNREFUSED 127.0.0.1:6379
        at createConnectionError (node:net:1652:14)
        at afterConnectMultiple (node:net:1682:16)
        at TCPConnectWrap.callbackTrampoline (node:internal/async_hooks:130:17) {
      errno: -111,
      code: 'ECONNREFUSED',
      syscall: 'connect',
      address: '127.0.0.1',
      port: 6379
    }
  ]
}
AggregateError [ECONNREFUSED]: 
    at internalConnectMultiple (node:net:1122:18)
    at afterConnectMultiple (node:net:1689:7)
    at TCPConnectWrap.callbackTrampoline (node:internal/async_hooks:130:17) {
  code: 'ECONNREFUSED',
  [errors]: [
    Error: connect ECONNREFUSED ::1:6379
        at createConnectionError (node:net:1652:14)
        at afterConnectMultiple (node:net:1682:16)
        at TCPConnectWrap.callbackTrampoline (node:internal/async_hooks:130:17) {
      errno: -111,
      code: 'ECONNREFUSED',
      syscall: 'connect',
      address: '::1',
      port: 6379
    },
    Error: connect ECONNREFUSED 127.0.0.1:6379
        at createConnectionError (node:net:1652:14)
        at afterConnectMultiple (node:net:1682:16)
        at TCPConnectWrap.callbackTrampoline (node:internal/async_hooks:130:17) {
      errno: -111,
      code: 'ECONNREFUSED',
      syscall: 'connect',
      address: '127.0.0.1',
      port: 6379
    }
  ]
}
AggregateError [ECONNREFUSED]: 
    at internalConnectMultiple (node:net:1122:18)
    at afterConnectMultiple (node:net:1689:7)
    at TCPConnectWrap.callbackTrampoline (node:internal/async_hooks:130:17) {
  code: 'ECONNREFUSED',
  [errors]: [
    Error: connect ECONNREFUSED ::1:6379
        at createConnectionError (node:net:1652:14)
        at afterConnectMultiple (node:net:1682:16)
        at TCPConnectWrap.callbackTrampoline (node:internal/async_hooks:130:17) {
      errno: -111,
      code: 'ECONNREFUSED',
      syscall: 'connect',
      address: '::1',
      port: 6379
    },
    Error: connect ECONNREFUSED 127.0.0.1:6379
        at createConnectionError (node:net:1652:14)
        at afterConnectMultiple (node:net:1682:16)
        at TCPConnectWrap.callbackTrampoline (node:internal/async_hooks:130:17) {
      errno: -111,
      code: 'ECONNREFUSED',
      syscall: 'connect',
      address: '127.0.0.1',
      port: 6379
    }
  ]
}
 ✓ Generating static pages (354/354)
AggregateError [ECONNREFUSED]: 
    at internalConnectMultiple (node:net:1122:18)
    at afterConnectMultiple (node:net:1689:7)
    at TCPConnectWrap.callbackTrampoline (node:internal/async_hooks:130:17) {
  code: 'ECONNREFUSED',
  [errors]: [
    Error: connect ECONNREFUSED ::1:6379
        at createConnectionError (node:net:1652:14)
        at afterConnectMultiple (node:net:1682:16)
        at TCPConnectWrap.callbackTrampoline (node:internal/async_hooks:130:17) {
      errno: -111,
      code: 'ECONNREFUSED',
      syscall: 'connect',
      address: '::1',
      port: 6379
    },
    Error: connect ECONNREFUSED 127.0.0.1:6379
        at createConnectionError (node:net:1652:14)
        at afterConnectMultiple (node:net:1682:16)
        at TCPConnectWrap.callbackTrampoline (node:internal/async_hooks:130:17) {
      errno: -111,
      code: 'ECONNREFUSED',
      syscall: 'connect',
      address: '127.0.0.1',
      port: 6379
    }
  ]
}
AggregateError [ECONNREFUSED]: 
    at internalConnectMultiple (node:net:1122:18)
    at afterConnectMultiple (node:net:1689:7)
    at TCPConnectWrap.callbackTrampoline (node:internal/async_hooks:130:17) {
  code: 'ECONNREFUSED',
  [errors]: [
    Error: connect ECONNREFUSED ::1:6379
        at createConnectionError (node:net:1652:14)
        at afterConnectMultiple (node:net:1682:16)
        at TCPConnectWrap.callbackTrampoline (node:internal/async_hooks:130:17) {
      errno: -111,
      code: 'ECONNREFUSED',
      syscall: 'connect',
      address: '::1',
      port: 6379
    },
    Error: connect ECONNREFUSED 127.0.0.1:6379
        at createConnectionError (node:net:1652:14)
        at afterConnectMultiple (node:net:1682:16)
        at TCPConnectWrap.callbackTrampoline (node:internal/async_hooks:130:17) {
      errno: -111,
      code: 'ECONNREFUSED',
      syscall: 'connect',
      address: '127.0.0.1',
      port: 6379
    }
  ]
}
AggregateError [ECONNREFUSED]: 
    at internalConnectMultiple (node:net:1122:18)
    at afterConnectMultiple (node:net:1689:7)
    at TCPConnectWrap.callbackTrampoline (node:internal/async_hooks:130:17) {
  code: 'ECONNREFUSED',
  [errors]: [
    Error: connect ECONNREFUSED ::1:6379
        at createConnectionError (node:net:1652:14)
        at afterConnectMultiple (node:net:1682:16)
        at TCPConnectWrap.callbackTrampoline (node:internal/async_hooks:130:17) {
      errno: -111,
      code: 'ECONNREFUSED',
      syscall: 'connect',
      address: '::1',
      port: 6379
    },
    Error: connect ECONNREFUSED 127.0.0.1:6379
        at createConnectionError (node:net:1652:14)
        at afterConnectMultiple (node:net:1682:16)
        at TCPConnectWrap.callbackTrampoline (node:internal/async_hooks:130:17) {
      errno: -111,
      code: 'ECONNREFUSED',
      syscall: 'connect',
      address: '127.0.0.1',
      port: 6379
    }
  ]
}
AggregateError [ECONNREFUSED]: 
    at internalConnectMultiple (node:net:1122:18)
    at afterConnectMultiple (node:net:1689:7)
    at TCPConnectWrap.callbackTrampoline (node:internal/async_hooks:130:17) {
  code: 'ECONNREFUSED',
  [errors]: [
    Error: connect ECONNREFUSED ::1:6379
        at createConnectionError (node:net:1652:14)
        at afterConnectMultiple (node:net:1682:16)
        at TCPConnectWrap.callbackTrampoline (node:internal/async_hooks:130:17) {
      errno: -111,
      code: 'ECONNREFUSED',
      syscall: 'connect',
      address: '::1',
      port: 6379
    },
    Error: connect ECONNREFUSED 127.0.0.1:6379
        at createConnectionError (node:net:1652:14)
        at afterConnectMultiple (node:net:1682:16)
        at TCPConnectWrap.callbackTrampoline (node:internal/async_hooks:130:17) {
      errno: -111,
      code: 'ECONNREFUSED',
      syscall: 'connect',
      address: '127.0.0.1',
      port: 6379
    }
  ]
}
{"level":"error","message":"Redis connection error","timestamp":"2026-02-16T06:37:24.989Z","error":{"message":"","stack":"AggregateError [ECONNREFUSED]: \n    at internalConnectMultiple (node:net:1122:18)\n    at afterConnectMultiple (node:net:1689:7)\n    at TCPConnectWrap.callbackTrampoline (node:internal/async_hooks:130:17)","name":"AggregateError"}}
{"level":"warn","message":"Redis connection closed","timestamp":"2026-02-16T06:37:24.989Z","service":"RenderQueue"}
{"level":"error","message":"Redis connection error","timestamp":"2026-02-16T06:37:25.092Z","error":{"message":"","stack":"AggregateError [ECONNREFUSED]: \n    at internalConnectMultiple (node:net:1122:18)\n    at afterConnectMultiple (node:net:1689:7)\n    at TCPConnectWrap.callbackTrampoline (node:internal/async_hooks:130:17)","name":"AggregateError"}}
{"level":"warn","message":"Redis connection closed","timestamp":"2026-02-16T06:37:25.092Z","service":"RenderQueue"}
{"level":"error","message":"Redis cache error","timestamp":"2026-02-16T06:37:25.126Z","error":{"message":"","stack":"AggregateError [ECONNREFUSED]: \n    at internalConnectMultiple (node:net:1122:18)\n    at afterConnectMultiple (node:net:1689:7)\n    at TCPConnectWrap.callbackTrampoline (node:internal/async_hooks:130:17)","name":"AggregateError"}}
AggregateError [ECONNREFUSED]: 
    at internalConnectMultiple (node:net:1122:18)
    at afterConnectMultiple (node:net:1689:7)
    at TCPConnectWrap.callbackTrampoline (node:internal/async_hooks:130:17) {
  code: 'ECONNREFUSED',
  [errors]: [
    Error: connect ECONNREFUSED ::1:6379
        at createConnectionError (node:net:1652:14)
        at afterConnectMultiple (node:net:1682:16)
        at TCPConnectWrap.callbackTrampoline (node:internal/async_hooks:130:17) {
      errno: -111,
      code: 'ECONNREFUSED',
      syscall: 'connect',
      address: '::1',
      port: 6379
    },
    Error: connect ECONNREFUSED 127.0.0.1:6379
        at createConnectionError (node:net:1652:14)
        at afterConnectMultiple (node:net:1682:16)
        at TCPConnectWrap.callbackTrampoline (node:internal/async_hooks:130:17) {
      errno: -111,
      code: 'ECONNREFUSED',
      syscall: 'connect',
      address: '127.0.0.1',
      port: 6379
    }
  ]
}
AggregateError [ECONNREFUSED]: 
    at internalConnectMultiple (node:net:1122:18)
    at afterConnectMultiple (node:net:1689:7)
    at TCPConnectWrap.callbackTrampoline (node:internal/async_hooks:130:17) {
  code: 'ECONNREFUSED',
  [errors]: [
    Error: connect ECONNREFUSED ::1:6379
        at createConnectionError (node:net:1652:14)
        at afterConnectMultiple (node:net:1682:16)
        at TCPConnectWrap.callbackTrampoline (node:internal/async_hooks:130:17) {
      errno: -111,
      code: 'ECONNREFUSED',
      syscall: 'connect',
      address: '::1',
      port: 6379
    },
    Error: connect ECONNREFUSED 127.0.0.1:6379
        at createConnectionError (node:net:1652:14)
        at afterConnectMultiple (node:net:1682:16)
        at TCPConnectWrap.callbackTrampoline (node:internal/async_hooks:130:17) {
      errno: -111,
      code: 'ECONNREFUSED',
      syscall: 'connect',
      address: '127.0.0.1',
      port: 6379
    }
  ]
}
AggregateError [ECONNREFUSED]: 
    at internalConnectMultiple (node:net:1122:18)
    at afterConnectMultiple (node:net:1689:7)
    at TCPConnectWrap.callbackTrampoline (node:internal/async_hooks:130:17) {
  code: 'ECONNREFUSED',
  [errors]: [
    Error: connect ECONNREFUSED ::1:6379
        at createConnectionError (node:net:1652:14)
        at afterConnectMultiple (node:net:1682:16)
        at TCPConnectWrap.callbackTrampoline (node:internal/async_hooks:130:17) {
      errno: -111,
      code: 'ECONNREFUSED',
      syscall: 'connect',
      address: '::1',
      port: 6379
    },
    Error: connect ECONNREFUSED 127.0.0.1:6379
        at createConnectionError (node:net:1652:14)
        at afterConnectMultiple (node:net:1682:16)
        at TCPConnectWrap.callbackTrampoline (node:internal/async_hooks:130:17) {
      errno: -111,
      code: 'ECONNREFUSED',
      syscall: 'connect',
      address: '127.0.0.1',
      port: 6379
    }
  ]
}
   Finalizing page optimization ...
   Collecting build traces ...

Route (app)                                     Size     First Load JS
┌ ƒ /                                           372 B           135 kB
├ ƒ /_not-found                                 391 B           125 kB
├ ƒ /admin                                      391 B           125 kB
├ ƒ /admin/activity                             5.15 kB         141 kB
├ ƒ /admin/configuracoes                        391 B           125 kB
├ ƒ /admin/costs                                391 B           125 kB
├ ƒ /admin/dashboard                            8.73 kB         141 kB
├ ƒ /admin/growth                               390 B           125 kB
├ ƒ /admin/metrics                              2.21 kB         134 kB
├ ƒ /admin/monitoring                           11.4 kB         163 kB
├ ƒ /admin/panel                                4.45 kB         139 kB
├ ƒ /admin/panel/admin-login                    2.66 kB         128 kB
├ ƒ /admin/panel/credentials                    4.98 kB         130 kB
├ ƒ /admin/panel/environment                    5.35 kB         130 kB
├ ƒ /admin/settings                             8.82 kB         141 kB
├ ƒ /admin/users                                3.9 kB          136 kB
├ ƒ /ajuda                                      10.9 kB         149 kB
├ ƒ /api-docs                                   951 B           126 kB
├ ƒ /api-keys                                   6.69 kB         148 kB
├ ƒ /api/activity                               0 B                0 B
├ ƒ /api/admin/activity                         0 B                0 B
├ ƒ /api/admin/auth/login                       0 B                0 B
├ ƒ /api/admin/auth/logout                      0 B                0 B
├ ƒ /api/admin/auth/verify                      0 B                0 B
├ ƒ /api/admin/cache/warm                       0 B                0 B
├ ƒ /api/admin/cleanup                          0 B                0 B
├ ƒ /api/admin/credentials                      0 B                0 B
├ ƒ /api/admin/environment                      0 B                0 B
├ ƒ /api/admin/metrics                          0 B                0 B
├ ƒ /api/admin/queue/jobs                       0 B                0 B
├ ƒ /api/admin/queue/metrics                    0 B                0 B
├ ƒ /api/admin/rate-limits/stats                0 B                0 B
├ ƒ /api/admin/rate-limits/status               0 B                0 B
├ ƒ /api/admin/roles                            0 B                0 B
├ ƒ /api/admin/stats                            0 B                0 B
├ ƒ /api/admin/storage/gc                       0 B                0 B
├ ƒ /api/admin/system/stats                     0 B                0 B
├ ƒ /api/admin/system/status                    0 B                0 B
├ ƒ /api/admin/users                            0 B                0 B
├ ƒ /api/admin/users/[id]                       0 B                0 B
├ ƒ /api/admin/users/[id]/roles                 0 B                0 B
├ ƒ /api/admin/users/[id]/roles/[roleName]      0 B                0 B
├ ƒ /api/ai-intelligence/analyze                0 B                0 B
├ ƒ /api/ai-intelligence/recommendations        0 B                0 B
├ ƒ /api/ai/analyze                             0 B                0 B
├ ƒ /api/ai/chat                                0 B                0 B
├ ƒ /api/ai/detect-scenes                       0 B                0 B
├ ƒ /api/ai/enhance-video                       0 B                0 B
├ ƒ /api/ai/generate                            0 B                0 B
├ ƒ /api/ai/generate-narration                  0 B                0 B
├ ƒ /api/ai/generate-script                     0 B                0 B
├ ƒ /api/ai/insights                            0 B                0 B
├ ƒ /api/ai/models                              0 B                0 B
├ ƒ /api/ai/stats                               0 B                0 B
├ ƒ /api/ai/subtitle-generator                  0 B                0 B
├ ƒ /api/alerts                                 0 B                0 B
├ ƒ /api/analytics/[[...slug]]                  0 B                0 B
├ ƒ /api/analytics/alerts                       0 B                0 B
├ ƒ /api/analytics/alerts/evaluate              0 B                0 B
├ ƒ /api/analytics/dashboard                    0 B                0 B
├ ƒ /api/analytics/export                       0 B                0 B
├ ƒ /api/analytics/health                       0 B                0 B
├ ƒ /api/analytics/metrics                      0 B                0 B
├ ƒ /api/analytics/overview                     0 B                0 B
├ ƒ /api/analytics/performance                  0 B                0 B
├ ƒ /api/analytics/realtime                     0 B                0 B
├ ƒ /api/analytics/render-jobs                  0 B                0 B
├ ƒ /api/analytics/render-stats                 0 B                0 B
├ ƒ /api/analytics/reports                      0 B                0 B
├ ƒ /api/analytics/reports/scheduler            0 B                0 B
├ ƒ /api/analytics/system                       0 B                0 B
├ ƒ /api/analytics/system-metrics               0 B                0 B
├ ƒ /api/analytics/track                        0 B                0 B
├ ƒ /api/analytics/usage-stats                  0 B                0 B
├ ƒ /api/analytics/user                         0 B                0 B
├ ƒ /api/analytics/user-behavior                0 B                0 B
├ ƒ /api/analytics/user-metrics                 0 B                0 B
├ ƒ /api/assets                                 0 B                0 B
├ ƒ /api/assets/folders                         0 B                0 B
├ ƒ /api/assets/list                            0 B                0 B
├ ƒ /api/assets/upload                          0 B                0 B
├ ƒ /api/audio/batch-generate                   0 B                0 B
├ ƒ /api/audit/user/[userId]                    0 B                0 B
├ ƒ /api/auth/[...nextauth]                     0 B                0 B
├ ƒ /api/auth/auto-login                        0 B                0 B
├ ƒ /api/auth/change-password                   0 B                0 B
├ ƒ /api/auth/local/login                       0 B                0 B
├ ƒ /api/auth/local/me                          0 B                0 B
├ ƒ /api/auth/local/register                    0 B                0 B
├ ƒ /api/auth/login                             0 B                0 B
├ ƒ /api/auth/logout                            0 B                0 B
├ ƒ /api/auth/profile                           0 B                0 B
├ ƒ /api/auth/refresh                           0 B                0 B
├ ƒ /api/auth/session                           0 B                0 B
├ ƒ /api/avatar-3d/avatars                      0 B                0 B
├ ƒ /api/avatar-scenes                          0 B                0 B
├ ƒ /api/avatar-scenes/[sceneId]/render         0 B                0 B
├ ƒ /api/avatar/did/webhook                     0 B                0 B
├ ƒ /api/avatar/generate                        0 B                0 B
├ ƒ /api/avatar/render                          0 B                0 B
├ ƒ /api/avatar/talking-head                    0 B                0 B
├ ƒ /api/avatars                                0 B                0 B
├ ƒ /api/avatars/[id]                           0 B                0 B
├ ƒ /api/avatars/3d/list                        0 B                0 B
├ ƒ /api/avatars/3d/render                      0 B                0 B
├ ƒ /api/avatars/generate                       0 B                0 B
├ ƒ /api/avatars/generate-speech                0 B                0 B
├ ƒ /api/avatars/local-render                   0 B                0 B
├ ƒ /api/avatars/models                         0 B                0 B
├ ƒ /api/avatars/providers                      0 B                0 B
├ ƒ /api/avatars/render                         0 B                0 B
├ ƒ /api/avatars/sync                           0 B                0 B
├ ƒ /api/avatars/ue5/metahumans                 0 B                0 B
├ ƒ /api/avatars/ue5/render                     0 B                0 B
├ ƒ /api/avatars/ue5/status/[jobId]             0 B                0 B
├ ƒ /api/backup                                 0 B                0 B
├ ƒ /api/batch/control                          0 B                0 B
├ ƒ /api/batch/create                           0 B                0 B
├ ƒ /api/batch/list                             0 B                0 B
├ ƒ /api/billing/check-feature                  0 B                0 B
├ ƒ /api/billing/checkout                       0 B                0 B
├ ƒ /api/billing/init-trial                     0 B                0 B
├ ƒ /api/billing/usage                          0 B                0 B
├ ƒ /api/brand-kit                              0 B                0 B
├ ƒ /api/cache/intelligent                      0 B                0 B
├ ƒ /api/cache/invalidate/webhook               0 B                0 B
├ ƒ /api/cache/stats                            0 B                0 B
├ ƒ /api/certificate/generate                   0 B                0 B
├ ƒ /api/certificates                           0 B                0 B
├ ƒ /api/certificates/validate                  0 B                0 B
├ ƒ /api/collaboration                          0 B                0 B
├ ƒ /api/collaboration/live-room/create         0 B                0 B
├ ƒ /api/collaboration/locks                    0 B                0 B
├ ƒ /api/collaboration/realtime                 0 B                0 B
├ ƒ /api/collaboration/version/create           0 B                0 B
├ ƒ /api/comments                               0 B                0 B
├ ƒ /api/comments/[commentId]                   0 B                0 B
├ ƒ /api/comments/[commentId]/reaction          0 B                0 B
├ ƒ /api/comments/[commentId]/reply             0 B                0 B
├ ƒ /api/comments/[commentId]/resolve           0 B                0 B
├ ƒ /api/comments/all                           0 B                0 B
├ ƒ /api/comments/mention-search                0 B                0 B
├ ƒ /api/comments/stats                         0 B                0 B
├ ƒ /api/courses/generate-outline               0 B                0 B
├ ƒ /api/courses/generate-slides                0 B                0 B
├ ƒ /api/csrf                                   0 B                0 B
├ ƒ /api/dashboard/stats                        0 B                0 B
├ ƒ /api/dashboard/unified-stats                0 B                0 B
├ ○ /api/debug-image                            0 B                0 B
├ ƒ /api/docs                                   0 B                0 B
├ ƒ /api/editor/canvas/save                     0 B                0 B
├ ƒ /api/editor/unified                         0 B                0 B
├ ƒ /api/embed/generate                         0 B                0 B
├ ƒ /api/export/create                          0 B                0 B
├ ƒ /api/export/mp4                             0 B                0 B
├ ƒ /api/export/pdf                             0 B                0 B
├ ƒ /api/export/quick                           0 B                0 B
├ ƒ /api/export/scorm                           0 B                0 B
├ ƒ /api/exports/list                           0 B                0 B
├ ƒ /api/files/cache/[filename]                 0 B                0 B
├ ƒ /api/google/auth                            0 B                0 B
├ ƒ /api/google/auth/callback                   0 B                0 B
├ ƒ /api/google/import-slides                   0 B                0 B
├ ƒ /api/health                                 0 B                0 B
├ ƒ /api/health/detailed                        0 B                0 B
├ ƒ /api/health/live                            0 B                0 B
├ ƒ /api/health/ready                           0 B                0 B
├ ƒ /api/health/startup                         0 B                0 B
├ ƒ /api/help                                   0 B                0 B
├ ƒ /api/heygen/avatars                         0 B                0 B
├ ƒ /api/heygen/credits                         0 B                0 B
├ ƒ /api/heygen/voices                          0 B                0 B
├ ƒ /api/hybrid-render                          0 B                0 B
├ ƒ /api/image-proxy                            0 B                0 B
├ ƒ /api/import/pptx-to-timeline-real           0 B                0 B
├ ƒ /api/integrations/[id]/sync                 0 B                0 B
├ ƒ /api/integrations/configure                 0 B                0 B
├ ƒ /api/integrations/list                      0 B                0 B
├ ƒ /api/integrations/publications              0 B                0 B
├ ƒ /api/integrations/publish                   0 B                0 B
├ ƒ /api/integrations/stats                     0 B                0 B
├ ƒ /api/integrations/status                    0 B                0 B
├ ƒ /api/lip-sync                               0 B                0 B
├ ƒ /api/lip-sync/generate                      0 B                0 B
├ ƒ /api/lip-sync/status/[jobId]                0 B                0 B
├ ƒ /api/media/list                             0 B                0 B
├ ƒ /api/media/preprocess                       0 B                0 B
├ ƒ /api/media/upload                           0 B                0 B
├ ƒ /api/media/watermark                        0 B                0 B
├ ƒ /api/metrics                                0 B                0 B
├ ƒ /api/metrics/custom                         0 B                0 B
├ ƒ /api/metrics/dashboard                      0 B                0 B
├ ƒ /api/metrics/web-vitals                     0 B                0 B
├ ƒ /api/monitoring                             0 B                0 B
├ ƒ /api/monitoring/dashboard                   0 B                0 B
├ ƒ /api/monitoring/metrics                     0 B                0 B
├ ƒ /api/music/library                          0 B                0 B
├ ƒ /api/nr-templates                           0 B                0 B
├ ƒ /api/ops/liveness                           0 B                0 B
├ ƒ /api/ops/readiness                          0 B                0 B
├ ƒ /api/ops/watchdog/incidents                 0 B                0 B
├ ƒ /api/ops/watchdog/status                    0 B                0 B
├ ƒ /api/org/[orgId]/alerts                     0 B                0 B
├ ƒ /api/org/[orgId]/alerts/statistics          0 B                0 B
├ ƒ /api/org/[orgId]/audit-logs                 0 B                0 B
├ ƒ /api/org/[orgId]/audit-logs/export          0 B                0 B
├ ƒ /api/org/[orgId]/reports/generate           0 B                0 B
├ ƒ /api/pipeline                               0 B                0 B
├ ƒ /api/pipeline/[id]                          0 B                0 B
├ ƒ /api/pipeline/integrated                    0 B                0 B
├ ƒ /api/pipeline/pptx-to-video                 0 B                0 B
├ ƒ /api/placeholder/[...dimensions]            0 B                0 B
├ ƒ /api/pptx                                   0 B                0 B
├ ƒ /api/pptx-to-video/generate                 0 B                0 B
├ ƒ /api/pptx-to-video/status/[jobId]           0 B                0 B
├ ƒ /api/pptx/[id]                              0 B                0 B
├ ƒ /api/pptx/generate                          0 B                0 B
├ ƒ /api/pptx/generate-video                    0 B                0 B
├ ƒ /api/pptx/process                           0 B                0 B
├ ƒ /api/pptx/slides                            0 B                0 B
├ ƒ /api/pptx/slides/[id]                       0 B                0 B
├ ƒ /api/pptx/upload                            0 B                0 B
├ ƒ /api/pptx/upload-and-extract                0 B                0 B
├ ƒ /api/pptx/upload/[id]                       0 B                0 B
├ ƒ /api/preview/slides                         0 B                0 B
├ ƒ /api/projects                               0 B                0 B
├ ƒ /api/projects/[id]                          0 B                0 B
├ ƒ /api/projects/[id]/collaborators            0 B                0 B
├ ƒ /api/projects/[id]/generate-avatar          0 B                0 B
├ ƒ /api/projects/[id]/generate-tts             0 B                0 B
├ ƒ /api/projects/create-from-script            0 B                0 B
├ ƒ /api/public/stats                           0 B                0 B
├ ƒ /api/queue/metrics                          0 B                0 B
├ ƒ /api/queues                                 0 B                0 B
├ ƒ /api/quiz/generate                          0 B                0 B
├ ƒ /api/quiz/results                           0 B                0 B
├ ƒ /api/quotas                                 0 B                0 B
├ ƒ /api/recommendations/generate               0 B                0 B
├ ƒ /api/recommendations/track                  0 B                0 B
├ ƒ /api/redis/health                           0 B                0 B
├ ƒ /api/remotion/render                        0 B                0 B
├ ƒ /api/render                                 0 B                0 B
├ ƒ /api/render-status/[id]                     0 B                0 B
├ ƒ /api/render/[jobId]/progress                0 B                0 B
├ ƒ /api/render/analytics                       0 B                0 B
├ ƒ /api/render/cancel/[jobId]                  0 B                0 B
├ ƒ /api/render/estimate                        0 B                0 B
├ ƒ /api/render/export                          0 B                0 B
├ ƒ /api/render/health                          0 B                0 B
├ ƒ /api/render/jobs                            0 B                0 B
├ ƒ /api/render/jobs/[jobId]                    0 B                0 B
├ ƒ /api/render/jobs/[jobId]/cancel             0 B                0 B
├ ƒ /api/render/jobs/[jobId]/retry              0 B                0 B
├ ƒ /api/render/notifications                   0 B                0 B
├ ƒ /api/render/output/[filename]               0 B                0 B
├ ƒ /api/render/presets                         0 B                0 B
├ ƒ /api/render/progress                        0 B                0 B
├ ƒ /api/render/progress/stream                 0 B                0 B
├ ƒ /api/render/queue                           0 B                0 B
├ ƒ /api/render/settings                        0 B                0 B
├ ƒ /api/render/start                           0 B                0 B
├ ƒ /api/render/stats                           0 B                0 B
├ ƒ /api/render/status                          0 B                0 B
├ ƒ /api/render/status/[jobId]                  0 B                0 B
├ ƒ /api/render/stuck-jobs                      0 B                0 B
├ ƒ /api/render/unified                         0 B                0 B
├ ƒ /api/render/video                           0 B                0 B
├ ƒ /api/render/video-pipeline                  0 B                0 B
├ ƒ /api/review                                 0 B                0 B
├ ƒ /api/review/[reviewId]/publish              0 B                0 B
├ ƒ /api/review/[reviewId]/reopen               0 B                0 B
├ ƒ /api/review/[reviewId]/submit               0 B                0 B
├ ƒ /api/review/stats                           0 B                0 B
├ ƒ /api/review/status                          0 B                0 B
├ ƒ /api/scheduling                             0 B                0 B
├ ƒ /api/script/generate                        0 B                0 B
├ ƒ /api/security/stats                         0 B                0 B
├ ƒ /api/silence/detect                         0 B                0 B
├ ƒ /api/stock/search                           0 B                0 B
├ ƒ /api/storage/assets                         0 B                0 B
├ ƒ /api/storage/files/[key]                    0 B                0 B
├ ƒ /api/storage/quota                          0 B                0 B
├ ƒ /api/storage/upload                         0 B                0 B
├ ƒ /api/stripe/checkout                        0 B                0 B
├ ƒ /api/stripe/portal                          0 B                0 B
├ ƒ /api/stripe/webhook                         0 B                0 B
├ ƒ /api/studio/convert-pptx                    0 B                0 B
├ ƒ /api/studio/export                          0 B                0 B
├ ƒ /api/studio/load                            0 B                0 B
├ ƒ /api/studio/load/[id]                       0 B                0 B
├ ƒ /api/studio/save                            0 B                0 B
├ ƒ /api/studio/state/[projectId]               0 B                0 B
├ ƒ /api/studio/state/snapshot                  0 B                0 B
├ ƒ /api/studio/state/sync                      0 B                0 B
├ ƒ /api/subscription                           0 B                0 B
├ ƒ /api/subtitles/download/[id]                0 B                0 B
├ ƒ /api/subtitles/generate                     0 B                0 B
├ ƒ /api/subtitles/transcribe                   0 B                0 B
├ ƒ /api/system/info                            0 B                0 B
├ ƒ /api/system/metrics                         0 B                0 B
├ ƒ /api/system/version                         0 B                0 B
├ ƒ /api/templates                              0 B                0 B
├ ƒ /api/templates/[id]                         0 B                0 B
├ ƒ /api/templates/[id]/duplicate               0 B                0 B
├ ƒ /api/templates/[id]/export                  0 B                0 B
├ ƒ /api/templates/[id]/favorite                0 B                0 B
├ ƒ /api/templates/import                       0 B                0 B
├ ƒ /api/templates/list                         0 B                0 B
├ ƒ /api/templates/nr                           0 B                0 B
├ ƒ /api/templates/nr/expanded                  0 B                0 B
├ ƒ /api/timeline/elements                      0 B                0 B
├ ƒ /api/timeline/elements/[id]                 0 B                0 B
├ ƒ /api/timeline/keyframes                     0 B                0 B
├ ƒ /api/timeline/prepare-composition           0 B                0 B
├ ƒ /api/timeline/projects                      0 B                0 B
├ ƒ /api/timeline/projects/[id]                 0 B                0 B
├ ƒ /api/timeline/tracks                        0 B                0 B
├ ƒ /api/timeline/tracks/[id]                   0 B                0 B
├ ƒ /api/translate                              0 B                0 B
├ ƒ /api/tts                                    0 B                0 B
├ ƒ /api/tts/batch                              0 B                0 B
├ ƒ /api/tts/elevenlabs/clone                   0 B                0 B
├ ƒ /api/tts/elevenlabs/generate                0 B                0 B
├ ƒ /api/tts/elevenlabs/user                    0 B                0 B
├ ƒ /api/tts/elevenlabs/voices                  0 B                0 B
├ ƒ /api/tts/engine                             0 B                0 B
├ ƒ /api/tts/generate                           0 B                0 B
├ ƒ /api/tts/generate-real                      0 B                0 B
├ ƒ /api/tts/synthesize                         0 B                0 B
├ ƒ /api/tts/voices                             0 B                0 B
├ ƒ /api/unified                                0 B                0 B
├ ƒ /api/upload                                 0 B                0 B
├ ƒ /api/upload-with-notifications              0 B                0 B
├ ƒ /api/upload/chunk                           0 B                0 B
├ ƒ /api/upload/finalize                        0 B                0 B
├ ƒ /api/upload/status                          0 B                0 B
├ ƒ /api/usage/track                            0 B                0 B
├ ƒ /api/user/complete-onboarding               0 B                0 B
├ ƒ /api/user/delete-account                    0 B                0 B
├ ƒ /api/user/export-data                       0 B                0 B
├ ƒ /api/user/increment-video-usage             0 B                0 B
├ ƒ /api/user/preferences                       0 B                0 B
├ ƒ /api/user/profile                           0 B                0 B
├ ƒ /api/user/sessions                          0 B                0 B
├ ƒ /api/user/video-limit                       0 B                0 B
├ ƒ /api/v1/advanced-compliance                 0 B                0 B
├ ƒ /api/v1/ai-assistant/analyze                0 B                0 B
├ ƒ /api/v1/ai-content-generation               0 B                0 B
├ ƒ /api/v1/ai-content/generate                 0 B                0 B
├ ƒ /api/v1/analytics/advanced                  0 B                0 B
├ ƒ /api/v1/analytics/business-intelligence     0 B                0 B
├ ƒ /api/v1/analytics/content-analysis          0 B                0 B
├ ƒ /api/v1/auth/api-key                        0 B                0 B
├ ƒ /api/v1/avatar/generate                     0 B                0 B
├ ƒ /api/v1/avatars                             0 B                0 B
├ ƒ /api/v1/canvas/export-scene                 0 B                0 B
├ ƒ /api/v1/collaboration/session               0 B                0 B
├ ƒ /api/v1/enterprise-integration              0 B                0 B
├ ƒ /api/v1/export                              0 B                0 B
├ ƒ /api/v1/export/[id]                         0 B                0 B
├ ƒ /api/v1/export/queue/status                 0 B                0 B
├ ƒ /api/v1/export/video                        0 B                0 B
├ ƒ /api/v1/images/process-real                 0 B                0 B
├ ƒ /api/v1/interactive/elements                0 B                0 B
├ ƒ /api/v1/layout/auto-generate                0 B                0 B
├ ƒ /api/v1/music                               0 B                0 B
├ ƒ /api/v1/pptx-to-video                       0 B                0 B
├ ƒ /api/v1/pptx-to-video/status/[jobId]        0 B                0 B
├ ƒ /api/v1/pptx/upload                         0 B                0 B
├ ƒ /api/v1/render/video-production             0 B                0 B
├ ƒ /api/v1/render/video-production-v2          0 B                0 B
├ ƒ /api/v1/templates/nr-smart                  0 B                0 B
├ ƒ /api/v1/timeline/generate                   0 B                0 B
├ ƒ /api/v1/timeline/multi-track                0 B                0 B
├ ƒ /api/v1/timeline/multi-track/analytics      0 B                0 B
├ ƒ /api/v1/timeline/multi-track/bulk           0 B                0 B
├ ƒ /api/v1/timeline/multi-track/collaborate    0 B                0 B
├ ƒ /api/v1/timeline/multi-track/history        0 B                0 B
├ ƒ /api/v1/timeline/multi-track/restore        0 B                0 B
├ ƒ /api/v1/timeline/multi-track/snapshot       0 B                0 B
├ ƒ /api/v1/timeline/multi-track/templates      0 B                0 B
├ ƒ /api/v1/tts/elevenlabs/clone-voice          0 B                0 B
├ ƒ /api/v1/tts/elevenlabs/generate             0 B                0 B
├ ƒ /api/v1/tts/elevenlabs/voices               0 B                0 B
├ ƒ /api/v1/tts/generate                        0 B                0 B
├ ƒ /api/v1/tts/generate-real                   0 B                0 B
├ ƒ /api/v1/video-jobs                          0 B                0 B
├ ƒ /api/v1/video-jobs/[id]                     0 B                0 B
├ ƒ /api/v1/video-jobs/cancel                   0 B                0 B
├ ƒ /api/v1/video-jobs/metrics                  0 B                0 B
├ ƒ /api/v1/video-jobs/progress                 0 B                0 B
├ ƒ /api/v1/video-jobs/requeue                  0 B                0 B
├ ƒ /api/v1/video-jobs/stats                    0 B                0 B
├ ƒ /api/v1/video-pipeline/queue                0 B                0 B
├ ƒ /api/v1/video-pipeline/render               0 B                0 B
├ ƒ /api/v1/video/export-real                   0 B                0 B
├ ƒ /api/v1/voice-cloning/generate              0 B                0 B
├ ƒ /api/v1/voice-cloning/voices                0 B                0 B
├ ƒ /api/v1/voices                              0 B                0 B
├ ƒ /api/v2/avatars/gallery                     0 B                0 B
├ ƒ /api/v2/avatars/generate                    0 B                0 B
├ ƒ /api/v2/avatars/render                      0 B                0 B
├ ƒ /api/v2/avatars/render/status/[id]          0 B                0 B
├ ƒ /api/v2/avatars/status/[jobId]              0 B                0 B
├ ƒ /api/v2/test/avatars/render                 0 B                0 B
├ ƒ /api/v2/test/avatars/render/status/[jobId]  0 B                0 B
├ ƒ /api/versions                               0 B                0 B
├ ƒ /api/versions/project                       0 B                0 B
├ ƒ /api/versions/restore                       0 B                0 B
├ ƒ /api/video                                  0 B                0 B
├ ƒ /api/video-jobs/[jobId]/watermark           0 B                0 B
├ ƒ /api/video-pipeline                         0 B                0 B
├ ƒ /api/video-pipeline/health                  0 B                0 B
├ ƒ /api/video-pipeline/status/[jobId]          0 B                0 B
├ ƒ /api/video-pipeline/test                    0 B                0 B
├ ƒ /api/video/export                           0 B                0 B
├ ƒ /api/video/generate                         0 B                0 B
├ ƒ /api/video/quality-check                    0 B                0 B
├ ƒ /api/video/render                           0 B                0 B
├ ƒ /api/videos/download/[filename]             0 B                0 B
├ ƒ /api/videos/history                         0 B                0 B
├ ƒ /api/videos/render                          0 B                0 B
├ ƒ /api/videos/upload                          0 B                0 B
├ ƒ /api/voice-cloning/clone                    0 B                0 B
├ ƒ /api/voice-cloning/generate                 0 B                0 B
├ ƒ /api/voice-library                          0 B                0 B
├ ƒ /api/voice/clone                            0 B                0 B
├ ƒ /api/voice/create                           0 B                0 B
├ ƒ /api/voice/generate                         0 B                0 B
├ ƒ /api/webhooks                               0 B                0 B
├ ƒ /api/webhooks/[id]                          0 B                0 B
├ ƒ /api/webhooks/[id]/stats                    0 B                0 B
├ ƒ /api/webhooks/[id]/test                     0 B                0 B
├ ƒ /auth/callback                              0 B                0 B
├ ƒ /auth/forgot-password                       5.32 kB         226 kB
├ ƒ /auth/reset-password                        5.93 kB         227 kB
├ ƒ /avatar-lab                                 8.69 kB         183 kB
├ ƒ /batch-processing                           2.27 kB         127 kB
├ ƒ /billing                                    7.47 kB         149 kB
├ ƒ /blog                                       372 B           135 kB
├ ƒ /cache                                      8.88 kB         157 kB
├ ƒ /course-generator                           32.1 kB         160 kB
├ ƒ /create                                     11.4 kB         228 kB
├ ƒ /dashboard                                  21.9 kB         404 kB
├ ƒ /dashboard/admin/governanca                 1.68 kB         246 kB
├ ƒ /dashboard/admin/nr-templates               13 kB           153 kB
├ ƒ /dashboard/admin/queues                     4.24 kB         142 kB
├ ƒ /dashboard/admin/roles                      8.27 kB         195 kB
├ ƒ /dashboard/admin/system-health              391 B           125 kB
├ ƒ /dashboard/admin/users                      392 B           125 kB
├ ƒ /dashboard/analytics                        10.9 kB         223 kB
├ ƒ /dashboard/analytics/export                 13.4 kB         191 kB
├ ƒ /dashboard/apis                             18 kB           252 kB
├ ƒ /dashboard/browse                           1.77 kB         134 kB
├ ƒ /dashboard/motionity                        15.1 kB         183 kB
├ ƒ /dashboard/notifications                    11.1 kB         263 kB
├ ƒ /dashboard/pro                              20.2 kB         436 kB
├ ƒ /dashboard/profile                          13.9 kB         218 kB
├ ƒ /dashboard/projects                         9 kB            261 kB
├ ƒ /dashboard/render                           12.2 kB         264 kB
├ ƒ /dashboard/security-analytics               8.11 kB         315 kB
├ ƒ /dashboard/settings                         10.4 kB         158 kB
├ ƒ /dashboard/templates                        20 kB           262 kB
├ ƒ /dashboard/timeline                         8.45 kB         150 kB
├ ƒ /editor                                     390 B           125 kB
├ ƒ /embed/[videoId]                            1.6 kB          126 kB
├ ƒ /exports                                    1.96 kB         136 kB
├ ƒ /forgot-password                            943 B           126 kB
├ ƒ /help                                       8.97 kB         160 kB
├ ƒ /integrations                               2.01 kB         136 kB
├ ƒ /login                                      340 B           234 kB
├ ƒ /media                                      2.26 kB         137 kB
├ ƒ /performance                                6.66 kB         268 kB
├ ƒ /ppt-to-video                               16.8 kB         222 kB
├ ƒ /pptx                                       4.03 kB         168 kB
├ ƒ /pptx-preview                               137 kB          401 kB
├ ƒ /pptx-to-video                              9.92 kB         175 kB
├ ƒ /pricing                                    16 kB           207 kB
├ ƒ /privacy                                    372 B           135 kB
├ ƒ /projects                                   10.9 kB         316 kB
├ ƒ /realistic-avatar-pro                       249 kB          435 kB
├ ƒ /register                                   340 B           234 kB
├ ƒ /scheduling                                 2.58 kB         137 kB
├ ƒ /settings                                   3.19 kB         144 kB
├ ƒ /settings/audit-logs                        9.02 kB         232 kB
├ ƒ /settings/reports                           7.41 kB         223 kB
├ ƒ /settings/security                          20 kB           231 kB
├ ƒ /signup                                     5.47 kB         226 kB
├ ○ /sitemap.xml                                0 B                0 B
├ ƒ /studio                                     391 B           125 kB
├ ƒ /studio-pro                                 180 kB          414 kB
├ ƒ /studio/[id]                                3.93 kB         129 kB
├ ƒ /system-control                             10.8 kB         162 kB
├ ƒ /talking-photo-pro                          22.6 kB         187 kB
├ ƒ /templates                                  12.1 kB         197 kB
├ ƒ /templates/create                           11.6 kB         190 kB
└ ƒ /terms                                      372 B           135 kB
+ First Load JS shared by all                   125 kB
  ├ chunks/7703-8e3e7296b1a865dc.js             67.1 kB
  ├ chunks/fd9d1056-342452d1cd859d0d.js         53.8 kB
  └ other shared chunks (total)                 4.02 kB


ƒ Middleware                                    82.6 kB

○  (Static)   prerendered as static content
ƒ  (Dynamic)  server-rendered on demand

EXIT=0
